../Middlewares/Third_Party/FreeRTOS/Source/portable/MemMang/heap_4.c:419:13:prvInsertBlockIntoFreeList	8	static
../Middlewares/Third_Party/FreeRTOS/Source/portable/MemMang/heap_4.c:155:7:pvPortMalloc	24	static,ignoring_inline_asm
../Middlewares/Third_Party/FreeRTOS/Source/portable/MemMang/heap_4.c:305:6:vPortFree	8	static,ignoring_inline_asm
../Middlewares/Third_Party/FreeRTOS/Source/portable/MemMang/heap_4.c:353:8:xPortGetFreeHeapSize	0	static
../Middlewares/Third_Party/FreeRTOS/Source/portable/MemMang/heap_4.c:359:8:xPortGetMinimumEverFreeHeapSize	0	static
../Middlewares/Third_Party/FreeRTOS/Source/portable/MemMang/heap_4.c:365:6:vPortInitialiseBlocks	0	static
