Archive member included to satisfy reference by file (symbol)

/opt/st/stm32cubeide_1.19.0/plugins/com.st.stm32cube.ide.mcu.externaltools.gnu-tools-for-stm32.13.3.rel1.linux64_1.0.0.202410170706/tools/bin/../lib/gcc/arm-none-eabi/13.3.1/../../../../arm-none-eabi/lib/thumb/v7e-m+fp/hard/libc_nano.a(libc_a-exit.o)
                              /opt/st/stm32cubeide_1.19.0/plugins/com.st.stm32cube.ide.mcu.externaltools.gnu-tools-for-stm32.13.3.rel1.linux64_1.0.0.202410170706/tools/bin/../lib/gcc/arm-none-eabi/13.3.1/../../../../arm-none-eabi/lib/thumb/v7e-m+fp/hard/crt0.o (exit)
/opt/st/stm32cubeide_1.19.0/plugins/com.st.stm32cube.ide.mcu.externaltools.gnu-tools-for-stm32.13.3.rel1.linux64_1.0.0.202410170706/tools/bin/../lib/gcc/arm-none-eabi/13.3.1/../../../../arm-none-eabi/lib/thumb/v7e-m+fp/hard/libc_nano.a(libc_a-findfp.o)
                              ./Middlewares/Third_Party/FreeRTOS/Source/tasks.o (__sf)
/opt/st/stm32cubeide_1.19.0/plugins/com.st.stm32cube.ide.mcu.externaltools.gnu-tools-for-stm32.13.3.rel1.linux64_1.0.0.202410170706/tools/bin/../lib/gcc/arm-none-eabi/13.3.1/../../../../arm-none-eabi/lib/thumb/v7e-m+fp/hard/libc_nano.a(libc_a-fwalk.o)
                              /opt/st/stm32cubeide_1.19.0/plugins/com.st.stm32cube.ide.mcu.externaltools.gnu-tools-for-stm32.13.3.rel1.linux64_1.0.0.202410170706/tools/bin/../lib/gcc/arm-none-eabi/13.3.1/../../../../arm-none-eabi/lib/thumb/v7e-m+fp/hard/libc_nano.a(libc_a-findfp.o) (_fwalk_sglue)
/opt/st/stm32cubeide_1.19.0/plugins/com.st.stm32cube.ide.mcu.externaltools.gnu-tools-for-stm32.13.3.rel1.linux64_1.0.0.202410170706/tools/bin/../lib/gcc/arm-none-eabi/13.3.1/../../../../arm-none-eabi/lib/thumb/v7e-m+fp/hard/libc_nano.a(libc_a-printf.o)
                              ./Middlewares/ST/STM32_USB_Device_Library/Core/Src/usbd_core.o (printf)
/opt/st/stm32cubeide_1.19.0/plugins/com.st.stm32cube.ide.mcu.externaltools.gnu-tools-for-stm32.13.3.rel1.linux64_1.0.0.202410170706/tools/bin/../lib/gcc/arm-none-eabi/13.3.1/../../../../arm-none-eabi/lib/thumb/v7e-m+fp/hard/libc_nano.a(libc_a-putchar.o)
                              ./Middlewares/ST/STM32_USB_Device_Library/Core/Src/usbd_core.o (putchar)
/opt/st/stm32cubeide_1.19.0/plugins/com.st.stm32cube.ide.mcu.externaltools.gnu-tools-for-stm32.13.3.rel1.linux64_1.0.0.202410170706/tools/bin/../lib/gcc/arm-none-eabi/13.3.1/../../../../arm-none-eabi/lib/thumb/v7e-m+fp/hard/libc_nano.a(libc_a-puts.o)
                              ./Core/Src/main.o (puts)
/opt/st/stm32cubeide_1.19.0/plugins/com.st.stm32cube.ide.mcu.externaltools.gnu-tools-for-stm32.13.3.rel1.linux64_1.0.0.202410170706/tools/bin/../lib/gcc/arm-none-eabi/13.3.1/../../../../arm-none-eabi/lib/thumb/v7e-m+fp/hard/libc_nano.a(libc_a-stdio.o)
                              /opt/st/stm32cubeide_1.19.0/plugins/com.st.stm32cube.ide.mcu.externaltools.gnu-tools-for-stm32.13.3.rel1.linux64_1.0.0.202410170706/tools/bin/../lib/gcc/arm-none-eabi/13.3.1/../../../../arm-none-eabi/lib/thumb/v7e-m+fp/hard/libc_nano.a(libc_a-findfp.o) (__sread)
/opt/st/stm32cubeide_1.19.0/plugins/com.st.stm32cube.ide.mcu.externaltools.gnu-tools-for-stm32.13.3.rel1.linux64_1.0.0.202410170706/tools/bin/../lib/gcc/arm-none-eabi/13.3.1/../../../../arm-none-eabi/lib/thumb/v7e-m+fp/hard/libc_nano.a(libc_a-wbuf.o)
                              /opt/st/stm32cubeide_1.19.0/plugins/com.st.stm32cube.ide.mcu.externaltools.gnu-tools-for-stm32.13.3.rel1.linux64_1.0.0.202410170706/tools/bin/../lib/gcc/arm-none-eabi/13.3.1/../../../../arm-none-eabi/lib/thumb/v7e-m+fp/hard/libc_nano.a(libc_a-puts.o) (__swbuf_r)
/opt/st/stm32cubeide_1.19.0/plugins/com.st.stm32cube.ide.mcu.externaltools.gnu-tools-for-stm32.13.3.rel1.linux64_1.0.0.202410170706/tools/bin/../lib/gcc/arm-none-eabi/13.3.1/../../../../arm-none-eabi/lib/thumb/v7e-m+fp/hard/libc_nano.a(libc_a-wsetup.o)
                              /opt/st/stm32cubeide_1.19.0/plugins/com.st.stm32cube.ide.mcu.externaltools.gnu-tools-for-stm32.13.3.rel1.linux64_1.0.0.202410170706/tools/bin/../lib/gcc/arm-none-eabi/13.3.1/../../../../arm-none-eabi/lib/thumb/v7e-m+fp/hard/libc_nano.a(libc_a-puts.o) (__swsetup_r)
/opt/st/stm32cubeide_1.19.0/plugins/com.st.stm32cube.ide.mcu.externaltools.gnu-tools-for-stm32.13.3.rel1.linux64_1.0.0.202410170706/tools/bin/../lib/gcc/arm-none-eabi/13.3.1/../../../../arm-none-eabi/lib/thumb/v7e-m+fp/hard/libc_nano.a(libc_a-memset.o)
                              /opt/st/stm32cubeide_1.19.0/plugins/com.st.stm32cube.ide.mcu.externaltools.gnu-tools-for-stm32.13.3.rel1.linux64_1.0.0.202410170706/tools/bin/../lib/gcc/arm-none-eabi/13.3.1/../../../../arm-none-eabi/lib/thumb/v7e-m+fp/hard/crt0.o (memset)
/opt/st/stm32cubeide_1.19.0/plugins/com.st.stm32cube.ide.mcu.externaltools.gnu-tools-for-stm32.13.3.rel1.linux64_1.0.0.202410170706/tools/bin/../lib/gcc/arm-none-eabi/13.3.1/../../../../arm-none-eabi/lib/thumb/v7e-m+fp/hard/libc_nano.a(libc_a-strchr.o)
                              ./Core/Src/lcd/lcd_grid.o (strchr)
[...]
Memory Configuration

Name             Origin             Length             Attributes
CCMRAM           0x10000000         0x00010000         xrw
RAM              0x20000000         0x00030000         xrw
FLASH            0x08000000         0x00200000         xr
*default*        0x00000000         0xffffffff

Linker script and memory map

LOAD /opt/st/stm32cubeide_1.19.0/plugins/com.st.stm32cube.ide.mcu.externaltools.gnu-tools-for-stm32.13.3.rel1.linux64_1.0.0.202410170706/tools/bin/../lib/gcc/arm-none-eabi/13.3.1/thumb/v7e-m+fp/hard/crti.o
LOAD /opt/st/stm32cubeide_1.19.0/plugins/com.st.stm32cube.ide.mcu.externaltools.gnu-tools-for-stm32.13.3.rel1.linux64_1.0.0.202410170706/tools/bin/../lib/gcc/arm-none-eabi/13.3.1/thumb/v7e-m+fp/hard/crtbegin.o
LOAD /opt/st/stm32cubeide_1.19.0/plugins/com.st.stm32cube.ide.mcu.externaltools.gnu-tools-for-stm32.13.3.rel1.linux64_1.0.0.202410170706/tools/bin/../lib/gcc/arm-none-eabi/13.3.1/../../../../arm-none-eabi/lib/thumb/v7e-m+fp/hard/crt0.o
LOAD ./Core/Src/dbgu.o
LOAD ./Core/Src/freertos.o
LOAD ./Core/Src/main.o
LOAD ./Core/Src/stm32f4xx_hal_msp.o
LOAD ./Core/Src/stm32f4xx_hal_timebase_tim.o
LOAD ./Core/Src/stm32f4xx_it.o
LOAD ./Core/Src/syscalls.o
LOAD ./Core/Src/sysmem.o
LOAD ./Core/Src/system_stm32f4xx.o
LOAD ./Core/Src/term_io.o
LOAD ./Core/Src/us_delay.o
LOAD ./Core/Src/ws2812b.o
LOAD ./Core/Src/lcd/ili9341.o
LOAD ./Core/Src/lcd/lcd.o
LOAD ./Core/Src/lcd/lcd_chr.o
LOAD ./Core/Src/lcd/lcd_grid.o
LOAD ./Core/Src/lcd/lcd_plot.o
LOAD ./Core/Startup/startup_stm32f429zitx.o
LOAD ./Drivers/STM32F4xx_HAL_Driver/Src/stm32f4xx_hal.o
LOAD ./Drivers/STM32F4xx_HAL_Driver/Src/stm32f4xx_hal_adc.o
LOAD ./Drivers/STM32F4xx_HAL_Driver/Src/stm32f4xx_hal_adc_ex.o
LOAD ./Drivers/STM32F4xx_HAL_Driver/Src/stm32f4xx_hal_cortex.o
LOAD ./Drivers/STM32F4xx_HAL_Driver/Src/stm32f4xx_hal_dma.o
LOAD ./Drivers/STM32F4xx_HAL_Driver/Src/stm32f4xx_hal_dma_ex.o
LOAD ./Drivers/STM32F4xx_HAL_Driver/Src/stm32f4xx_hal_exti.o
LOAD ./Drivers/STM32F4xx_HAL_Driver/Src/stm32f4xx_hal_flash.o
LOAD ./Drivers/STM32F4xx_HAL_Driver/Src/stm32f4xx_hal_flash_ex.o
LOAD ./Drivers/STM32F4xx_HAL_Driver/Src/stm32f4xx_hal_flash_ramfunc.o
LOAD ./Drivers/STM32F4xx_HAL_Driver/Src/stm32f4xx_hal_gpio.o
LOAD ./Drivers/STM32F4xx_HAL_Driver/Src/stm32f4xx_hal_i2c.o
LOAD ./Drivers/STM32F4xx_HAL_Driver/Src/stm32f4xx_hal_i2c_ex.o
LOAD ./Drivers/STM32F4xx_HAL_Driver/Src/stm32f4xx_hal_pcd.o
LOAD ./Drivers/STM32F4xx_HAL_Driver/Src/stm32f4xx_hal_pcd_ex.o
LOAD ./Drivers/STM32F4xx_HAL_Driver/Src/stm32f4xx_hal_pwr.o
LOAD ./Drivers/STM32F4xx_HAL_Driver/Src/stm32f4xx_hal_pwr_ex.o
LOAD ./Drivers/STM32F4xx_HAL_Driver/Src/stm32f4xx_hal_rcc.o
LOAD ./Drivers/STM32F4xx_HAL_Driver/Src/stm32f4xx_hal_rcc_ex.o
LOAD ./Drivers/STM32F4xx_HAL_Driver/Src/stm32f4xx_hal_spi.o
LOAD ./Drivers/STM32F4xx_HAL_Driver/Src/stm32f4xx_hal_tim.o
LOAD ./Drivers/STM32F4xx_HAL_Driver/Src/stm32f4xx_hal_tim_ex.o
LOAD ./Drivers/STM32F4xx_HAL_Driver/Src/stm32f4xx_hal_uart.o
LOAD ./Drivers/STM32F4xx_HAL_Driver/Src/stm32f4xx_ll_adc.o
LOAD ./Drivers/STM32F4xx_HAL_Driver/Src/stm32f4xx_ll_usb.o
LOAD ./Middlewares/ST/STM32_USB_Device_Library/Class/CDC/Src/usbd_cdc.o
LOAD ./Middlewares/ST/STM32_USB_Device_Library/Core/Src/usbd_core.o
LOAD ./Middlewares/ST/STM32_USB_Device_Library/Core/Src/usbd_ctlreq.o
LOAD ./Middlewares/ST/STM32_USB_Device_Library/Core/Src/usbd_ioreq.o
LOAD ./Middlewares/Third_Party/FreeRTOS/Source/CMSIS_RTOS_V2/cmsis_os2.o
LOAD ./Middlewares/Third_Party/FreeRTOS/Source/croutine.o
LOAD ./Middlewares/Third_Party/FreeRTOS/Source/event_groups.o
LOAD ./Middlewares/Third_Party/FreeRTOS/Source/list.o
LOAD ./Middlewares/Third_Party/FreeRTOS/Source/queue.o
LOAD ./Middlewares/Third_Party/FreeRTOS/Source/stream_buffer.o
LOAD ./Middlewares/Third_Party/FreeRTOS/Source/tasks.o
LOAD ./Middlewares/Third_Party/FreeRTOS/Source/timers.o
LOAD ./Middlewares/Third_Party/FreeRTOS/Source/portable/GCC/ARM_CM4F/port.o
LOAD ./Middlewares/Third_Party/FreeRTOS/Source/portable/MemMang/heap_4.o
LOAD ./USB_DEVICE/App/usb_device.o
LOAD ./USB_DEVICE/App/usbd_cdc_if.o
LOAD ./USB_DEVICE/App/usbd_desc.o
LOAD ./USB_DEVICE/Target/usbd_conf.o
START GROUP
LOAD /opt/st/stm32cubeide_1.19.0/plugins/com.st.stm32cube.ide.mcu.externaltools.gnu-tools-for-stm32.13.3.rel1.linux64_1.0.0.202410170706/tools/bin/../lib/gcc/arm-none-eabi/13.3.1/../../../../arm-none-eabi/lib/thumb/v7e-m+fp/hard/libc_nano.a
LOAD /opt/st/stm32cubeide_1.19.0/plugins/com.st.stm32cube.ide.mcu.externaltools.gnu-tools-for-stm32.13.3.rel1.linux64_1.0.0.202410170706/tools/bin/../lib/gcc/arm-none-eabi/13.3.1/../../../../arm-none-eabi/lib/thumb/v7e-m+fp/hard/libm.a
END GROUP
START GROUP
LOAD /opt/st/stm32cubeide_1.19.0/plugins/com.st.stm32cube.ide.mcu.externaltools.gnu-tools-for-stm32.13.3.rel1.linux64_1.0.0.202410170706/tools/bin/../lib/gcc/arm-none-eabi/13.3.1/thumb/v7e-m+fp/hard/libgcc.a
LOAD /opt/st/stm32cubeide_1.19.0/plugins/com.st.stm32cube.ide.mcu.externaltools.gnu-tools-for-stm32.13.3.rel1.linux64_1.0.0.202410170706/tools/bin/../lib/gcc/arm-none-eabi/13.3.1/../../../../arm-none-eabi/lib/thumb/v7e-m+fp/hard/libc_nano.a
END GROUP
START GROUP
LOAD /opt/st/stm32cubeide_1.19.0/plugins/com.st.stm32cube.ide.mcu.externaltools.gnu-tools-for-stm32.13.3.rel1.linux64_1.0.0.202410170706/tools/bin/../lib/gcc/arm-none-eabi/13.3.1/thumb/v7e-m+fp/hard/libgcc.a
LOAD /opt/st/stm32cubeide_1.19.0/plugins/com.st.stm32cube.ide.mcu.externaltools.gnu-tools-for-stm32.13.3.rel1.linux64_1.0.0.202410170706/tools/bin/../lib/gcc/arm-none-eabi/13.3.1/../../../../arm-none-eabi/lib/thumb/v7e-m+fp/hard/libc_nano.a
LOAD /opt/st/stm32cubeide_1.19.0/plugins/com.st.stm32cube.ide.mcu.externaltools.gnu-tools-for-stm32.13.3.rel1.linux64_1.0.0.202410170706/tools/bin/../lib/gcc/arm-none-eabi/13.3.1/../../../../arm-none-eabi/lib/thumb/v7e-m+fp/hard/libnosys.a
END GROUP
START GROUP
LOAD /opt/st/stm32cubeide_1.19.0/plugins/com.st.stm32cube.ide.mcu.externaltools.gnu-tools-for-stm32.13.3.rel1.linux64_1.0.0.202410170706/tools/bin/../lib/gcc/arm-none-eabi/13.3.1/thumb/v7e-m+fp/hard/libgcc.a
LOAD /opt/st/stm32cubeide_1.19.0/plugins/com.st.stm32cube.ide.mcu.externaltools.gnu-tools-for-stm32.13.3.rel1.linux64_1.0.0.202410170706/tools/bin/../lib/gcc/arm-none-eabi/13.3.1/../../../../arm-none-eabi/lib/thumb/v7e-m+fp/hard/libc_nano.a
LOAD /opt/st/stm32cubeide_1.19.0/plugins/com.st.stm32cube.ide.mcu.externaltools.gnu-tools-for-stm32.13.3.rel1.linux64_1.0.0.202410170706/tools/bin/../lib/gcc/arm-none-eabi/13.3.1/../../../../arm-none-eabi/lib/thumb/v7e-m+fp/hard/libnosys.a
END GROUP
LOAD /opt/st/stm32cubeide_1.19.0/plugins/com.st.stm32cube.ide.mcu.externaltools.gnu-tools-for-stm32.13.3.rel1.linux64_1.0.0.202410170706/tools/bin/../lib/gcc/arm-none-eabi/13.3.1/thumb/v7e-m+fp/hard/crtend.o
LOAD /opt/st/stm32cubeide_1.19.0/plugins/com.st.stm32cube.ide.mcu.externaltools.gnu-tools-for-stm32.13.3.rel1.linux64_1.0.0.202410170706/tools/bin/../lib/gcc/arm-none-eabi/13.3.1/thumb/v7e-m+fp/hard/crtn.o
                0x20030000                        _estack = (ORIGIN (RAM) + LENGTH (RAM))
                0x00000200                        _Min_Heap_Size = 0x200
                0x00000400                        _Min_Stack_Size = 0x400

.isr_vector     0x08000000      0x1ac
                0x08000000                        . = ALIGN (0x4)
 *(.isr_vector)
 .isr_vector    0x08000000      0x1ac ./Core/Startup/startup_stm32f429zitx.o
                0x08000000                g_pfnVectors
                0x080001ac                        . = ALIGN (0x4)

.text           0x080001b0    0x11038
                0x080001b0                        . = ALIGN (0x4)
 *(.text)
 .text          0x080001b0       0x40 /opt/st/stm32cubeide_1.19.0/plugins/com.st.stm32cube.ide.mcu.externaltools.gnu-tools-for-stm32.13.3.rel1.linux64_1.0.0.202410170706/tools/bin/../lib/gcc/arm-none-eabi/13.3.1/thumb/v7e-m+fp/hard/crtbegin.o
 .text          0x080001f0       0xa0 /opt/st/stm32cubeide_1.19.0/plugins/com.st.stm32cube.ide.mcu.externaltools.gnu-tools-for-stm32.13.3.rel1.linux64_1.0.0.202410170706/tools/bin/../lib/gcc/arm-none-eabi/13.3.1/../../../../arm-none-eabi/lib/thumb/v7e-m+fp/hard/libc_nano.a(libc_a-memchr.o)
                0x080001f0                memchr
 .text          0x08000290      0x254 /opt/st/stm32cubeide_1.19.0/plugins/com.st.stm32cube.ide.mcu.externaltools.gnu-tools-for-stm32.13.3.rel1.linux64_1.0.0.202410170706/tools/bin/../lib/gcc/arm-none-eabi/13.3.1/thumb/v7e-m+fp/hard/libgcc.a(_arm_muldf3.o)
                0x08000290                __aeabi_dmul
                0x08000290                __muldf3
 .text          0x080004e4      0x378 /opt/st/stm32cubeide_1.19.0/plugins/com.st.stm32cube.ide.mcu.externaltools.gnu-tools-for-stm32.13.3.rel1.linux64_1.0.0.202410170706/tools/bin/../lib/gcc/arm-none-eabi/13.3.1/thumb/v7e-m+fp/hard/libgcc.a(_arm_addsubdf3.o)
                0x080004e4                __aeabi_drsub
                0x080004ec                __aeabi_dsub
                0x080004ec                __subdf3
                0x080004f0                __adddf3
                0x080004f0                __aeabi_dadd
                0x08000768                __aeabi_ui2d
                0x08000768                __floatunsidf
                0x08000788                __floatsidf
                0x08000788                __aeabi_i2d
                0x080007ac                __extendsfdf2
                0x080007ac                __aeabi_f2d
                0x080007f0                __aeabi_ul2d
                0x080007f0                __floatundidf
                0x08000800                __floatdidf
                0x08000800                __aeabi_l2d
 .text          0x0800085c       0x50 /opt/st/stm32cubeide_1.19.0/plugins/com.st.stm32cube.ide.mcu.externaltools.gnu-tools-for-stm32.13.3.rel1.linux64_1.0.0.202410170706/tools/bin/../lib/gcc/arm-none-eabi/13.3.1/thumb/v7e-m+fp/hard/libgcc.a(_arm_fixdfsi.o)
                0x0800085c                __fixdfsi
                0x0800085c                __aeabi_d2iz
 .text          0x080008ac       0x30 /opt/st/stm32cubeide_1.19.0/plugins/com.st.stm32cube.ide.mcu.externaltools.gnu-tools-for-stm32.13.3.rel1.linux64_1.0.0.202410170706/tools/bin/../lib/gcc/arm-none-eabi/13.3.1/thumb/v7e-m+fp/hard/libgcc.a(_aeabi_uldivmod.o)
                0x080008ac                __aeabi_uldivmod
 .text          0x080008dc      0x2f8 /opt/st/stm32cubeide_1.19.0/plugins/com.st.stm32cube.ide.mcu.externaltools.gnu-tools-for-stm32.13.3.rel1.linux64_1.0.0.202410170706/tools/bin/../lib/gcc/arm-none-eabi/13.3.1/thumb/v7e-m+fp/hard/libgcc.a(_udivmoddi4.o)
                0x080008dc                __udivmoddi4
 .text          0x08000bd4        0x4 /opt/st/stm32cubeide_1.19.0/plugins/com.st.stm32cube.ide.mcu.externaltools.gnu-tools-for-stm32.13.3.rel1.linux64_1.0.0.202410170706/tools/bin/../lib/gcc/arm-none-eabi/13.3.1/thumb/v7e-m+fp/hard/libgcc.a(_dvmd_tls.o)
                0x08000bd4                __aeabi_ldiv0
                0x08000bd4                __aeabi_idiv0
 *(.text*)
 .text.__io_putchar
                0x08000bd8       0x38 ./Core/Src/dbgu.o
                0x08000bd8                __io_putchar
 .text.inkey    0x08000c10       0x5c ./Core/Src/dbgu.o
                0x08000c10                inkey
 .text.debug_init
                0x08000c6c       0x20 ./Core/Src/dbgu.o
                0x08000c6c                debug_init
 .text.debug_chr
                0x08000c8c       0x1a ./Core/Src/dbgu.o
                0x08000c8c                debug_chr
 .text.vApplicationIdleHook
                0x08000ca6        0xe ./Core/Src/freertos.o
                0x08000ca6                vApplicationIdleHook
 .text.vApplicationTickHook
                0x08000cb4        0xe ./Core/Src/freertos.o
                0x08000cb4                vApplicationTickHook
 *fill*         0x08000cc2        0x2 
 .text.main     0x08000cc4       0x84 ./Core/Src/main.o
                0x08000cc4                main
 .text.SystemClock_Config
                0x08000d48       0xd4 ./Core/Src/main.o
                0x08000d48                SystemClock_Config
 .text.MX_ADC3_Init
                0x08000e1c       0xa4 ./Core/Src/main.o
 .text.MX_I2C1_Init
                0x08000ec0       0x80 ./Core/Src/main.o
 .text.MX_SPI1_Init
                0x08000f40       0x6c ./Core/Src/main.o
 .text.MX_TIM1_Init
                0x08000fac      0x140 ./Core/Src/main.o
 .text.MX_TIM4_Init
                0x080010ec       0xb0 ./Core/Src/main.o
 .text.MX_TIM14_Init
                0x0800119c       0x44 ./Core/Src/main.o
 .text.MX_USART3_UART_Init
                0x080011e0       0x54 ./Core/Src/main.o
 .text.MX_USART6_UART_Init
                0x08001234       0x54 ./Core/Src/main.o
 .text.MX_DMA_Init
                0x08001288       0x60 ./Core/Src/main.o
 .text.MX_GPIO_Init
                0x080012e8      0x31c ./Core/Src/main.o
 .text.terminal_iface
                0x08001604       0xb8 ./Core/Src/main.o
                0x08001604                terminal_iface
 .text.uart6_lab_irq_handler
                0x080016bc       0x28 ./Core/Src/main.o
                0x080016bc                uart6_lab_irq_handler
 .text.uart_tx_polling
                0x080016e4       0x88 ./Core/Src/main.o
 .text.uart_rx_polling
                0x0800176c       0x2c ./Core/Src/main.o
 .text.StartDefaultTask
                0x08001798       0xd8 ./Core/Src/main.o
                0x08001798                StartDefaultTask
 .text.HAL_TIM_PeriodElapsedCallback
                0x08001870       0x24 ./Core/Src/main.o
                0x08001870                HAL_TIM_PeriodElapsedCallback
 .text.Error_Handler
                0x08001894        0xc ./Core/Src/main.o
                0x08001894                Error_Handler
 .text.HAL_MspInit
                0x080018a0       0x58 ./Core/Src/stm32f4xx_hal_msp.o
                0x080018a0                HAL_MspInit
 .text.HAL_ADC_MspInit
                0x080018f8      0x100 ./Core/Src/stm32f4xx_hal_msp.o
                0x080018f8                HAL_ADC_MspInit
 .text.HAL_I2C_MspInit
                0x080019f8       0x90 ./Core/Src/stm32f4xx_hal_msp.o
                0x080019f8                HAL_I2C_MspInit
 .text.HAL_SPI_MspInit
                0x08001a88       0xf4 ./Core/Src/stm32f4xx_hal_msp.o
                0x08001a88                HAL_SPI_MspInit
 .text.HAL_TIM_Base_MspInit
                0x08001b7c       0xd4 ./Core/Src/stm32f4xx_hal_msp.o
                0x08001b7c                HAL_TIM_Base_MspInit
 .text.HAL_TIM_PWM_MspInit
                0x08001c50       0x44 ./Core/Src/stm32f4xx_hal_msp.o
                0x08001c50                HAL_TIM_PWM_MspInit
 .text.HAL_TIM_MspPostInit
                0x08001c94       0xc8 ./Core/Src/stm32f4xx_hal_msp.o
                0x08001c94                HAL_TIM_MspPostInit
 .text.HAL_UART_MspInit
                0x08001d5c      0x110 ./Core/Src/stm32f4xx_hal_msp.o
                0x08001d5c                HAL_UART_MspInit
 .text.HAL_InitTick
                0x08001e6c       0xf8 ./Core/Src/stm32f4xx_hal_timebase_tim.o
                0x08001e6c                HAL_InitTick
 .text.NMI_Handler
                0x08001f64        0x8 ./Core/Src/stm32f4xx_it.o
                0x08001f64                NMI_Handler
 .text.HardFault_Handler
                0x08001f6c        0x8 ./Core/Src/stm32f4xx_it.o
                0x08001f6c                HardFault_Handler
 .text.MemManage_Handler
                0x08001f74        0x8 ./Core/Src/stm32f4xx_it.o
                0x08001f74                MemManage_Handler
 .text.BusFault_Handler
                0x08001f7c        0x8 ./Core/Src/stm32f4xx_it.o
                0x08001f7c                BusFault_Handler
 .text.UsageFault_Handler
                0x08001f84        0x8 ./Core/Src/stm32f4xx_it.o
                0x08001f84                UsageFault_Handler
 .text.DebugMon_Handler
                0x08001f8c        0xe ./Core/Src/stm32f4xx_it.o
                0x08001f8c                DebugMon_Handler
 *fill*         0x08001f9a        0x2 
 .text.ADC_IRQHandler
                0x08001f9c       0x14 ./Core/Src/stm32f4xx_it.o
                0x08001f9c                ADC_IRQHandler
 .text.TIM6_DAC_IRQHandler
                0x08001fb0       0x14 ./Core/Src/stm32f4xx_it.o
                0x08001fb0                TIM6_DAC_IRQHandler
 .text.DMA2_Stream0_IRQHandler
                0x08001fc4       0x14 ./Core/Src/stm32f4xx_it.o
                0x08001fc4                DMA2_Stream0_IRQHandler
 .text.DMA2_Stream2_IRQHandler
                0x08001fd8       0x14 ./Core/Src/stm32f4xx_it.o
                0x08001fd8                DMA2_Stream2_IRQHandler
 .text.DMA2_Stream3_IRQHandler
                0x08001fec       0x14 ./Core/Src/stm32f4xx_it.o
                0x08001fec                DMA2_Stream3_IRQHandler
 .text.OTG_FS_IRQHandler
                0x08002000       0x14 ./Core/Src/stm32f4xx_it.o
                0x08002000                OTG_FS_IRQHandler
 .text.USART6_IRQHandler
                0x08002014        0xc ./Core/Src/stm32f4xx_it.o
                0x08002014                USART6_IRQHandler
 .text._read    0x08002020       0x3a ./Core/Src/syscalls.o
                0x08002020                _read
 .text._write   0x0800205a       0x38 ./Core/Src/syscalls.o
                0x0800205a                _write
 .text._close   0x08002092       0x18 ./Core/Src/syscalls.o
                0x08002092                _close
 .text._fstat   0x080020aa       0x20 ./Core/Src/syscalls.o
                0x080020aa                _fstat
 .text._isatty  0x080020ca       0x16 ./Core/Src/syscalls.o
                0x080020ca                _isatty
 .text._lseek   0x080020e0       0x1a ./Core/Src/syscalls.o
                0x080020e0                _lseek
 *fill*         0x080020fa        0x2 
 .text._sbrk    0x080020fc       0x6c ./Core/Src/sysmem.o
                0x080020fc                _sbrk
 .text.SystemInit
                0x08002168       0x24 ./Core/Src/system_stm32f4xx.o
                0x08002168                SystemInit
 .text.xputc    0x0800218c       0x1a ./Core/Src/term_io.o
                0x0800218c                xputc
 .text.xputs    0x080021a6       0x2a ./Core/Src/term_io.o
                0x080021a6                xputs
 .text.xitoa    0x080021d0      0x124 ./Core/Src/term_io.o
                0x080021d0                xitoa
 .text.xprintf  0x080022f4      0x178 ./Core/Src/term_io.o
                0x080022f4                xprintf
 .text.usdelay_Init
                0x0800246c       0x8c ./Core/Src/us_delay.o
                0x0800246c                usdelay_Init
 .text.usdelay  0x080024f8       0xa4 ./Core/Src/us_delay.o
                0x080024f8                usdelay
 .text.HAL_TIM_PWM_PulseFinishedCallback
                0x0800259c       0x34 ./Core/Src/ws2812b.o
                0x0800259c                HAL_TIM_PWM_PulseFinishedCallback
 .text.ili9341_get_buf_ptr
                0x080025d0       0x14 ./Core/Src/lcd/ili9341.o
                0x080025d0                ili9341_get_buf_ptr
 .text.pixel_expand
                0x080025e4       0xb6 ./Core/Src/lcd/ili9341.o
 *fill*         0x0800269a        0x2 
 .text.spi_write
                0x0800269c       0x24 ./Core/Src/lcd/ili9341.o
 .text.start_transfer
                0x080026c0       0x24 ./Core/Src/lcd/ili9341.o
 .text.end_transfer
                0x080026e4       0x24 ./Core/Src/lcd/ili9341.o
 .text.write_cmd
                0x08002708       0x48 ./Core/Src/lcd/ili9341.o
 .text.write_data
                0x08002750       0x1a ./Core/Src/lcd/ili9341.o
 *fill*         0x0800276a        0x2 
 .text.ili9341_reset
                0x0800276c       0x58 ./Core/Src/lcd/ili9341.o
                0x0800276c                ili9341_reset
 .text.ili9341_rotation
                0x080027c4       0x5c ./Core/Src/lcd/ili9341.o
                0x080027c4                ili9341_rotation
 .text.ili9341_set_address
                0x08002820       0xa0 ./Core/Src/lcd/ili9341.o
                0x08002820                ili9341_set_address
 .text.select_box
                0x080028c0       0x4c ./Core/Src/lcd/ili9341.o
 .text.ili9341_update
                0x0800290c       0x9c ./Core/Src/lcd/ili9341.o
                0x0800290c                ili9341_update
 .text.ili9341_disp_on
                0x080029a8       0x24 ./Core/Src/lcd/ili9341.o
                0x080029a8                ili9341_disp_on
 .text.reg_init
                0x080029cc      0x23c ./Core/Src/lcd/ili9341.o
 .text.ili9341_init
                0x08002c08       0xd4 ./Core/Src/lcd/ili9341.o
                0x08002c08                ili9341_init
 .text.lcdInit  0x08002cdc       0x68 ./Core/Src/lcd/lcd.o
                0x08002cdc                lcdInit
 .text.lcdClear
                0x08002d44       0x44 ./Core/Src/lcd/lcd.o
                0x08002d44                lcdClear
 .text.lcdUpdate
                0x08002d88        0xc ./Core/Src/lcd/lcd.o
                0x08002d88                lcdUpdate
 .text.lcdInvertPixel
                0x08002d94       0x7c ./Core/Src/lcd/lcd.o
                0x08002d94                lcdInvertPixel
 .text.lcdPixel
                0x08002e10       0x60 ./Core/Src/lcd/lcd.o
                0x08002e10                lcdPixel
 .text.lcdHorizontalByte
                0x08002e70      0x110 ./Core/Src/lcd/lcd.o
                0x08002e70                lcdHorizontalByte
 .text.lcdSetTransparent
                0x08002f80       0x20 ./Core/Src/lcd/lcd.o
                0x08002f80                lcdSetTransparent
 .text.lcdSetColor
                0x08002fa0       0x20 ./Core/Src/lcd/lcd.o
                0x08002fa0                lcdSetColor
 .text.lcdSetFont
                0x08002fc0       0x20 ./Core/Src/lcd/lcd.o
                0x08002fc0                lcdSetFont
 .text.lcdGetFont
                0x08002fe0       0x18 ./Core/Src/lcd/lcd.o
                0x08002fe0                lcdGetFont
 .text.lcdWidthTestStatus
                0x08002ff8       0x18 ./Core/Src/lcd/lcd.o
                0x08002ff8                lcdWidthTestStatus
 .text.lcdSetTextCursor
                0x08003010       0x2c ./Core/Src/lcd/lcd.o
                0x08003010                lcdSetTextCursor
 .text.lcd_chr_raw
                0x0800303c       0x94 ./Core/Src/lcd/lcd.o
 .text.lcd_string_raw
                0x080030d0       0x2a ./Core/Src/lcd/lcd.o
 .text.lcdxitoa
                0x080030fa      0x124 ./Core/Src/lcd/lcd.o
 .text.lcd      0x0800321e      0x178 ./Core/Src/lcd/lcd.o
                0x0800321e                lcd
 *fill*         0x08003396        0x2 
 .text.lcdSetBackgroundColor
                0x08003398       0x20 ./Core/Src/lcd/lcd.o
                0x08003398                lcdSetBackgroundColor
 .text.lcdChr   0x080033b8      0x184 ./Core/Src/lcd/lcd_chr.o
                0x080033b8                lcdChr
 .text.lcdChrWidth
                0x0800353c      0x140 ./Core/Src/lcd/lcd_chr.o
                0x0800353c                lcdChrWidth
 .text.stretchOneToTwo
                0x0800367c       0x66 ./Core/Src/lcd/lcd_chr.o
 *fill*         0x080036e2        0x2 
 .text.lcdChrLib80
                0x080036e4       0xf4 ./Core/Src/lcd/lcd_chr.o
 .text.lcdChrLib80Width
                0x080037d8       0x2c ./Core/Src/lcd/lcd_chr.o
 .text.lcdChrLib40
                0x08003804       0xa8 ./Core/Src/lcd/lcd_chr.o
 .text.lcdChrLib40Width
                0x080038ac       0x2c ./Core/Src/lcd/lcd_chr.o
 .text.lcdChrLib18
                0x080038d8       0xa4 ./Core/Src/lcd/lcd_chr.o
 .text.lcdChrLib18Width
                0x0800397c       0x28 ./Core/Src/lcd/lcd_chr.o
 .text.lcdChrLib15
                0x080039a4       0xa4 ./Core/Src/lcd/lcd_chr.o
 .text.lcdChrLib15Width
                0x08003a48       0x28 ./Core/Src/lcd/lcd_chr.o
 .text.lcdChrLib10Width
                0x08003a70       0x18 ./Core/Src/lcd/lcd_chr.o
 .text.lcdChrLib10
                0x08003a88       0x98 ./Core/Src/lcd/lcd_chr.o
 .text.lcdChrLib9Width
                0x08003b20       0x18 ./Core/Src/lcd/lcd_chr.o
 .text.lcdChrLib9
                0x08003b38       0x98 ./Core/Src/lcd/lcd_chr.o
 .text.lcdChrLib7Width
                0x08003bd0       0x28 ./Core/Src/lcd/lcd_chr.o
 .text.lcdChrLib7
                0x08003bf8       0xa4 ./Core/Src/lcd/lcd_chr.o
 .text.lcdChrLib6Width
                0x08003c9c       0x28 ./Core/Src/lcd/lcd_chr.o
 .text.lcdChrLib6
                0x08003cc4       0xa4 ./Core/Src/lcd/lcd_chr.o
 .text.lcdChrLib5Width
                0x08003d68       0x28 ./Core/Src/lcd/lcd_chr.o
 .text.lcdChrLib5
                0x08003d90       0x80 ./Core/Src/lcd/lcd_chr.o
 .text.Reset_Handler
                0x08003e10       0x50 ./Core/Startup/startup_stm32f429zitx.o
                0x08003e10                Reset_Handler
 .text.Default_Handler
                0x08003e60        0x2 ./Core/Startup/startup_stm32f429zitx.o
                0x08003e60                RTC_Alarm_IRQHandler
                0x08003e60                HASH_RNG_IRQHandler
                0x08003e60                EXTI2_IRQHandler
                0x08003e60                TIM8_CC_IRQHandler
                0x08003e60                UART8_IRQHandler
                0x08003e60                SPI4_IRQHandler
                0x08003e60                TIM1_CC_IRQHandler
                0x08003e60                DMA2_Stream5_IRQHandler
                0x08003e60                DMA1_Stream5_IRQHandler
                0x08003e60                PVD_IRQHandler
                0x08003e60                SDIO_IRQHandler
                0x08003e60                TAMP_STAMP_IRQHandler
                0x08003e60                CAN2_RX1_IRQHandler
                0x08003e60                EXTI3_IRQHandler
                0x08003e60                TIM8_TRG_COM_TIM14_IRQHandler
                0x08003e60                TIM1_UP_TIM10_IRQHandler
                0x08003e60                TIM8_UP_TIM13_IRQHandler
                0x08003e60                I2C3_ER_IRQHandler
                0x08003e60                EXTI0_IRQHandler
                0x08003e60                I2C2_EV_IRQHandler
                0x08003e60                DMA1_Stream2_IRQHandler
                0x08003e60                CAN1_RX0_IRQHandler
                0x08003e60                FPU_IRQHandler
                0x08003e60                OTG_HS_WKUP_IRQHandler
                0x08003e60                LTDC_ER_IRQHandler
                0x08003e60                CAN2_SCE_IRQHandler
                0x08003e60                SPI1_IRQHandler
                0x08003e60                TIM1_BRK_TIM9_IRQHandler
                0x08003e60                DCMI_IRQHandler
                0x08003e60                CAN2_RX0_IRQHandler
                0x08003e60                USART3_IRQHandler
                0x08003e60                CAN1_RX1_IRQHandler
                0x08003e60                UART5_IRQHandler
                0x08003e60                TIM4_IRQHandler
                0x08003e60                I2C1_EV_IRQHandler
                0x08003e60                DMA1_Stream6_IRQHandler
                0x08003e60                DMA1_Stream1_IRQHandler
                0x08003e60                UART4_IRQHandler
                0x08003e60                TIM3_IRQHandler
                0x08003e60                RCC_IRQHandler
                0x08003e60                TIM8_BRK_TIM12_IRQHandler
                0x08003e60                Default_Handler
                0x08003e60                EXTI15_10_IRQHandler
                0x08003e60                DMA1_Stream7_IRQHandler
                0x08003e60                SPI5_IRQHandler
                0x08003e60                TIM7_IRQHandler
                0x08003e60                CAN2_TX_IRQHandler
                0x08003e60                TIM5_IRQHandler
                0x08003e60                DMA2_Stream7_IRQHandler
                0x08003e60                I2C3_EV_IRQHandler
                0x08003e60                EXTI9_5_IRQHandler
                0x08003e60                RTC_WKUP_IRQHandler
                0x08003e60                LTDC_IRQHandler
                0x08003e60                ETH_WKUP_IRQHandler
                0x08003e60                SPI2_IRQHandler
                0x08003e60                OTG_HS_EP1_IN_IRQHandler
                0x08003e60                DMA1_Stream0_IRQHandler
                0x08003e60                CAN1_TX_IRQHandler
                0x08003e60                EXTI4_IRQHandler
                0x08003e60                ETH_IRQHandler
                0x08003e60                OTG_HS_EP1_OUT_IRQHandler
                0x08003e60                WWDG_IRQHandler
                0x08003e60                SPI6_IRQHandler
                0x08003e60                TIM2_IRQHandler
                0x08003e60                OTG_FS_WKUP_IRQHandler
                0x08003e60                TIM1_TRG_COM_TIM11_IRQHandler
                0x08003e60                OTG_HS_IRQHandler
                0x08003e60                DMA2D_IRQHandler
                0x08003e60                EXTI1_IRQHandler
                0x08003e60                UART7_IRQHandler
                0x08003e60                USART2_IRQHandler
                0x08003e60                I2C2_ER_IRQHandler
                0x08003e60                DMA2_Stream1_IRQHandler
                0x08003e60                CAN1_SCE_IRQHandler
                0x08003e60                FLASH_IRQHandler
                0x08003e60                DMA2_Stream4_IRQHandler
                0x08003e60                USART1_IRQHandler
                0x08003e60                SPI3_IRQHandler
                0x08003e60                DMA1_Stream4_IRQHandler
                0x08003e60                I2C1_ER_IRQHandler
                0x08003e60                FMC_IRQHandler
                0x08003e60                DMA2_Stream6_IRQHandler
                0x08003e60                SAI1_IRQHandler
                0x08003e60                DMA1_Stream3_IRQHandler
 *fill*         0x08003e62        0x2 
 .text.HAL_Init
                0x08003e64       0x44 ./Drivers/STM32F4xx_HAL_Driver/Src/stm32f4xx_hal.o
                0x08003e64                HAL_Init
 .text.HAL_IncTick
                0x08003ea8       0x28 ./Drivers/STM32F4xx_HAL_Driver/Src/stm32f4xx_hal.o
                0x08003ea8                HAL_IncTick
 .text.HAL_GetTick
                0x08003ed0       0x18 ./Drivers/STM32F4xx_HAL_Driver/Src/stm32f4xx_hal.o
                0x08003ed0                HAL_GetTick
 .text.HAL_Delay
                0x08003ee8       0x48 ./Drivers/STM32F4xx_HAL_Driver/Src/stm32f4xx_hal.o
                0x08003ee8                HAL_Delay
 .text.HAL_ADC_Init
                0x08003f30       0x86 ./Drivers/STM32F4xx_HAL_Driver/Src/stm32f4xx_hal_adc.o
                0x08003f30                HAL_ADC_Init
 .text.HAL_ADC_IRQHandler
                0x08003fb6      0x220 ./Drivers/STM32F4xx_HAL_Driver/Src/stm32f4xx_hal_adc.o
                0x08003fb6                HAL_ADC_IRQHandler
 .text.HAL_ADC_ConvCpltCallback
                0x080041d6       0x14 ./Drivers/STM32F4xx_HAL_Driver/Src/stm32f4xx_hal_adc.o
                0x080041d6                HAL_ADC_ConvCpltCallback
 .text.HAL_ADC_LevelOutOfWindowCallback
                0x080041ea       0x14 ./Drivers/STM32F4xx_HAL_Driver/Src/stm32f4xx_hal_adc.o
                0x080041ea                HAL_ADC_LevelOutOfWindowCallback
 .text.HAL_ADC_ErrorCallback
                0x080041fe       0x14 ./Drivers/STM32F4xx_HAL_Driver/Src/stm32f4xx_hal_adc.o
                0x080041fe                HAL_ADC_ErrorCallback
 *fill*         0x08004212        0x2 
 .text.HAL_ADC_ConfigChannel
                0x08004214      0x264 ./Drivers/STM32F4xx_HAL_Driver/Src/stm32f4xx_hal_adc.o
                0x08004214                HAL_ADC_ConfigChannel
 .text.ADC_Init
                0x08004478      0x1f8 ./Drivers/STM32F4xx_HAL_Driver/Src/stm32f4xx_hal_adc.o
 .text.HAL_ADCEx_InjectedConvCpltCallback
                0x08004670       0x14 ./Drivers/STM32F4xx_HAL_Driver/Src/stm32f4xx_hal_adc_ex.o
                0x08004670                HAL_ADCEx_InjectedConvCpltCallback
 .text.__NVIC_SetPriorityGrouping
                0x08004684       0x48 ./Drivers/STM32F4xx_HAL_Driver/Src/stm32f4xx_hal_cortex.o
 .text.__NVIC_GetPriorityGrouping
                0x080046cc       0x1c ./Drivers/STM32F4xx_HAL_Driver/Src/stm32f4xx_hal_cortex.o
 .text.__NVIC_EnableIRQ
                0x080046e8       0x3c ./Drivers/STM32F4xx_HAL_Driver/Src/stm32f4xx_hal_cortex.o
 .text.__NVIC_SetPriority
                0x08004724       0x54 ./Drivers/STM32F4xx_HAL_Driver/Src/stm32f4xx_hal_cortex.o
 .text.NVIC_EncodePriority
                0x08004778       0x66 ./Drivers/STM32F4xx_HAL_Driver/Src/stm32f4xx_hal_cortex.o
 .text.HAL_NVIC_SetPriorityGrouping
                0x080047de       0x16 ./Drivers/STM32F4xx_HAL_Driver/Src/stm32f4xx_hal_cortex.o
                0x080047de                HAL_NVIC_SetPriorityGrouping
 .text.HAL_NVIC_SetPriority
                0x080047f4       0x38 ./Drivers/STM32F4xx_HAL_Driver/Src/stm32f4xx_hal_cortex.o
                0x080047f4                HAL_NVIC_SetPriority
 .text.HAL_NVIC_EnableIRQ
                0x0800482c       0x1c ./Drivers/STM32F4xx_HAL_Driver/Src/stm32f4xx_hal_cortex.o
                0x0800482c                HAL_NVIC_EnableIRQ
 .text.HAL_DMA_Init
                0x08004848      0x15c ./Drivers/STM32F4xx_HAL_Driver/Src/stm32f4xx_hal_dma.o
                0x08004848                HAL_DMA_Init
 .text.HAL_DMA_Start_IT
                0x080049a4       0xb0 ./Drivers/STM32F4xx_HAL_Driver/Src/stm32f4xx_hal_dma.o
                0x080049a4                HAL_DMA_Start_IT
 .text.HAL_DMA_Abort_IT
                0x08004a54       0x44 ./Drivers/STM32F4xx_HAL_Driver/Src/stm32f4xx_hal_dma.o
                0x08004a54                HAL_DMA_Abort_IT
 .text.HAL_DMA_IRQHandler
                0x08004a98      0x314 ./Drivers/STM32F4xx_HAL_Driver/Src/stm32f4xx_hal_dma.o
                0x08004a98                HAL_DMA_IRQHandler
 .text.DMA_SetConfig
                0x08004dac       0x5c ./Drivers/STM32F4xx_HAL_Driver/Src/stm32f4xx_hal_dma.o
 .text.DMA_CalcBaseAndBitshift
                0x08004e08       0x6c ./Drivers/STM32F4xx_HAL_Driver/Src/stm32f4xx_hal_dma.o
 .text.DMA_CheckFifoParam
                0x08004e74       0xf8 ./Drivers/STM32F4xx_HAL_Driver/Src/stm32f4xx_hal_dma.o
 .text.HAL_GPIO_Init
                0x08004f6c      0x358 ./Drivers/STM32F4xx_HAL_Driver/Src/stm32f4xx_hal_gpio.o
                0x08004f6c                HAL_GPIO_Init
 .text.HAL_GPIO_WritePin
                0x080052c4       0x32 ./Drivers/STM32F4xx_HAL_Driver/Src/stm32f4xx_hal_gpio.o
                0x080052c4                HAL_GPIO_WritePin
 *fill*         0x080052f6        0x2 
 .text.HAL_I2C_Init
                0x080052f8      0x288 ./Drivers/STM32F4xx_HAL_Driver/Src/stm32f4xx_hal_i2c.o
                0x080052f8                HAL_I2C_Init
 .text.HAL_I2CEx_ConfigAnalogFilter
                0x08005580       0x78 ./Drivers/STM32F4xx_HAL_Driver/Src/stm32f4xx_hal_i2c_ex.o
                0x08005580                HAL_I2CEx_ConfigAnalogFilter
 .text.HAL_I2CEx_ConfigDigitalFilter
                0x080055f8       0x7e ./Drivers/STM32F4xx_HAL_Driver/Src/stm32f4xx_hal_i2c_ex.o
                0x080055f8                HAL_I2CEx_ConfigDigitalFilter
 .text.HAL_PCD_Init
                0x08005676      0x21e ./Drivers/STM32F4xx_HAL_Driver/Src/stm32f4xx_hal_pcd.o
                0x08005676                HAL_PCD_Init
 .text.HAL_PCD_Start
                0x08005894       0x6a ./Drivers/STM32F4xx_HAL_Driver/Src/stm32f4xx_hal_pcd.o
                0x08005894                HAL_PCD_Start
 .text.HAL_PCD_IRQHandler
                0x080058fe      0x942 ./Drivers/STM32F4xx_HAL_Driver/Src/stm32f4xx_hal_pcd.o
                0x080058fe                HAL_PCD_IRQHandler
 .text.HAL_PCD_SetAddress
                0x08006240       0x48 ./Drivers/STM32F4xx_HAL_Driver/Src/stm32f4xx_hal_pcd.o
                0x08006240                HAL_PCD_SetAddress
 .text.HAL_PCD_EP_Open
                0x08006288       0xd4 ./Drivers/STM32F4xx_HAL_Driver/Src/stm32f4xx_hal_pcd.o
                0x08006288                HAL_PCD_EP_Open
 .text.HAL_PCD_EP_Close
                0x0800635c       0x94 ./Drivers/STM32F4xx_HAL_Driver/Src/stm32f4xx_hal_pcd.o
                0x0800635c                HAL_PCD_EP_Close
 .text.HAL_PCD_EP_Receive
                0x080063f0       0x76 ./Drivers/STM32F4xx_HAL_Driver/Src/stm32f4xx_hal_pcd.o
                0x080063f0                HAL_PCD_EP_Receive
 .text.HAL_PCD_EP_GetRxCount
                0x08006466       0x30 ./Drivers/STM32F4xx_HAL_Driver/Src/stm32f4xx_hal_pcd.o
                0x08006466                HAL_PCD_EP_GetRxCount
 .text.HAL_PCD_EP_Transmit
                0x08006496       0x74 ./Drivers/STM32F4xx_HAL_Driver/Src/stm32f4xx_hal_pcd.o
                0x08006496                HAL_PCD_EP_Transmit
 .text.HAL_PCD_EP_SetStall
                0x0800650a       0xc6 ./Drivers/STM32F4xx_HAL_Driver/Src/stm32f4xx_hal_pcd.o
                0x0800650a                HAL_PCD_EP_SetStall
 .text.HAL_PCD_EP_ClrStall
                0x080065d0       0xac ./Drivers/STM32F4xx_HAL_Driver/Src/stm32f4xx_hal_pcd.o
                0x080065d0                HAL_PCD_EP_ClrStall
 .text.HAL_PCD_EP_Abort
                0x0800667c       0x62 ./Drivers/STM32F4xx_HAL_Driver/Src/stm32f4xx_hal_pcd.o
                0x0800667c                HAL_PCD_EP_Abort
 .text.PCD_WriteEmptyTxFifo
                0x080066de      0x118 ./Drivers/STM32F4xx_HAL_Driver/Src/stm32f4xx_hal_pcd.o
 *fill*         0x080067f6        0x2 
 .text.PCD_EP_OutXfrComplete_int
                0x080067f8      0x1d0 ./Drivers/STM32F4xx_HAL_Driver/Src/stm32f4xx_hal_pcd.o
 .text.PCD_EP_OutSetupPacket_int
                0x080069c8       0x8c ./Drivers/STM32F4xx_HAL_Driver/Src/stm32f4xx_hal_pcd.o
 .text.HAL_PCDEx_SetTxFiFo
                0x08006a54       0x8e ./Drivers/STM32F4xx_HAL_Driver/Src/stm32f4xx_hal_pcd_ex.o
                0x08006a54                HAL_PCDEx_SetTxFiFo
 .text.HAL_PCDEx_SetRxFiFo
                0x08006ae2       0x22 ./Drivers/STM32F4xx_HAL_Driver/Src/stm32f4xx_hal_pcd_ex.o
                0x08006ae2                HAL_PCDEx_SetRxFiFo
 .text.HAL_PCDEx_LPM_Callback
                0x08006b04       0x18 ./Drivers/STM32F4xx_HAL_Driver/Src/stm32f4xx_hal_pcd_ex.o
                0x08006b04                HAL_PCDEx_LPM_Callback
 .text.HAL_RCC_OscConfig
                0x08006b1c      0x4f0 ./Drivers/STM32F4xx_HAL_Driver/Src/stm32f4xx_hal_rcc.o
                0x08006b1c                HAL_RCC_OscConfig
 .text.HAL_RCC_ClockConfig
                0x0800700c      0x1cc ./Drivers/STM32F4xx_HAL_Driver/Src/stm32f4xx_hal_rcc.o
                0x0800700c                HAL_RCC_ClockConfig
 .text.HAL_RCC_GetSysClockFreq
                0x080071d8      0x20c ./Drivers/STM32F4xx_HAL_Driver/Src/stm32f4xx_hal_rcc.o
                0x080071d8                HAL_RCC_GetSysClockFreq
 .text.HAL_RCC_GetHCLKFreq
                0x080073e4       0x18 ./Drivers/STM32F4xx_HAL_Driver/Src/stm32f4xx_hal_rcc.o
                0x080073e4                HAL_RCC_GetHCLKFreq
 .text.HAL_RCC_GetPCLK1Freq
                0x080073fc       0x28 ./Drivers/STM32F4xx_HAL_Driver/Src/stm32f4xx_hal_rcc.o
                0x080073fc                HAL_RCC_GetPCLK1Freq
 .text.HAL_RCC_GetPCLK2Freq
                0x08007424       0x28 ./Drivers/STM32F4xx_HAL_Driver/Src/stm32f4xx_hal_rcc.o
                0x08007424                HAL_RCC_GetPCLK2Freq
 .text.HAL_RCC_GetClockConfig
                0x0800744c       0x64 ./Drivers/STM32F4xx_HAL_Driver/Src/stm32f4xx_hal_rcc.o
                0x0800744c                HAL_RCC_GetClockConfig
 .text.HAL_SPI_Init
                0x080074b0      0x112 ./Drivers/STM32F4xx_HAL_Driver/Src/stm32f4xx_hal_spi.o
                0x080074b0                HAL_SPI_Init
 .text.HAL_SPI_Transmit
                0x080075c2      0x288 ./Drivers/STM32F4xx_HAL_Driver/Src/stm32f4xx_hal_spi.o
                0x080075c2                HAL_SPI_Transmit
 *fill*         0x0800784a        0x2 
 .text.HAL_SPI_Transmit_DMA
                0x0800784c      0x164 ./Drivers/STM32F4xx_HAL_Driver/Src/stm32f4xx_hal_spi.o
                0x0800784c                HAL_SPI_Transmit_DMA
 .text.HAL_SPI_TxCpltCallback
                0x080079b0       0x14 ./Drivers/STM32F4xx_HAL_Driver/Src/stm32f4xx_hal_spi.o
                0x080079b0                HAL_SPI_TxCpltCallback
 .text.HAL_SPI_TxHalfCpltCallback
                0x080079c4       0x14 ./Drivers/STM32F4xx_HAL_Driver/Src/stm32f4xx_hal_spi.o
                0x080079c4                HAL_SPI_TxHalfCpltCallback
 .text.HAL_SPI_ErrorCallback
                0x080079d8       0x14 ./Drivers/STM32F4xx_HAL_Driver/Src/stm32f4xx_hal_spi.o
                0x080079d8                HAL_SPI_ErrorCallback
 .text.SPI_DMATransmitCplt
                0x080079ec       0xa8 ./Drivers/STM32F4xx_HAL_Driver/Src/stm32f4xx_hal_spi.o
 .text.SPI_DMAHalfTransmitCplt
                0x08007a94       0x1c ./Drivers/STM32F4xx_HAL_Driver/Src/stm32f4xx_hal_spi.o
 .text.SPI_DMAError
                0x08007ab0       0x40 ./Drivers/STM32F4xx_HAL_Driver/Src/stm32f4xx_hal_spi.o
 .text.SPI_WaitFlagStateUntilTimeout
                0x08007af0      0x110 ./Drivers/STM32F4xx_HAL_Driver/Src/stm32f4xx_hal_spi.o
 .text.SPI_EndRxTxTransaction
                0x08007c00       0xa8 ./Drivers/STM32F4xx_HAL_Driver/Src/stm32f4xx_hal_spi.o
 .text.HAL_TIM_Base_Init
                0x08007ca8       0x9e ./Drivers/STM32F4xx_HAL_Driver/Src/stm32f4xx_hal_tim.o
                0x08007ca8                HAL_TIM_Base_Init
 *fill*         0x08007d46        0x2 
 .text.HAL_TIM_Base_Start_IT
                0x08007d48       0xe0 ./Drivers/STM32F4xx_HAL_Driver/Src/stm32f4xx_hal_tim.o
                0x08007d48                HAL_TIM_Base_Start_IT
 .text.HAL_TIM_PWM_Init
                0x08007e28       0x9e ./Drivers/STM32F4xx_HAL_Driver/Src/stm32f4xx_hal_tim.o
                0x08007e28                HAL_TIM_PWM_Init
 *fill*         0x08007ec6        0x2 
 .text.HAL_TIM_PWM_Start
                0x08007ec8      0x190 ./Drivers/STM32F4xx_HAL_Driver/Src/stm32f4xx_hal_tim.o
                0x08007ec8                HAL_TIM_PWM_Start
 .text.HAL_TIM_PWM_Stop_DMA
                0x08008058      0x1a4 ./Drivers/STM32F4xx_HAL_Driver/Src/stm32f4xx_hal_tim.o
                0x08008058                HAL_TIM_PWM_Stop_DMA
 .text.HAL_TIM_IRQHandler
                0x080081fc      0x1e0 ./Drivers/STM32F4xx_HAL_Driver/Src/stm32f4xx_hal_tim.o
                0x080081fc                HAL_TIM_IRQHandler
 .text.HAL_TIM_PWM_ConfigChannel
                0x080083dc      0x184 ./Drivers/STM32F4xx_HAL_Driver/Src/stm32f4xx_hal_tim.o
                0x080083dc                HAL_TIM_PWM_ConfigChannel
 .text.HAL_TIM_ConfigClockSource
                0x08008560      0x18e ./Drivers/STM32F4xx_HAL_Driver/Src/stm32f4xx_hal_tim.o
                0x08008560                HAL_TIM_ConfigClockSource
 .text.HAL_TIM_OC_DelayElapsedCallback
                0x080086ee       0x14 ./Drivers/STM32F4xx_HAL_Driver/Src/stm32f4xx_hal_tim.o
                0x080086ee                HAL_TIM_OC_DelayElapsedCallback
 .text.HAL_TIM_IC_CaptureCallback
                0x08008702       0x14 ./Drivers/STM32F4xx_HAL_Driver/Src/stm32f4xx_hal_tim.o
                0x08008702                HAL_TIM_IC_CaptureCallback
 .text.HAL_TIM_TriggerCallback
                0x08008716       0x14 ./Drivers/STM32F4xx_HAL_Driver/Src/stm32f4xx_hal_tim.o
                0x08008716                HAL_TIM_TriggerCallback
 *fill*         0x0800872a        0x2 
 .text.TIM_Base_SetConfig
                0x0800872c      0x14c ./Drivers/STM32F4xx_HAL_Driver/Src/stm32f4xx_hal_tim.o
                0x0800872c                TIM_Base_SetConfig
 .text.TIM_OC1_SetConfig
                0x08008878       0xe0 ./Drivers/STM32F4xx_HAL_Driver/Src/stm32f4xx_hal_tim.o
 .text.TIM_OC2_SetConfig
                0x08008958       0xec ./Drivers/STM32F4xx_HAL_Driver/Src/stm32f4xx_hal_tim.o
                0x08008958                TIM_OC2_SetConfig
 .text.TIM_OC3_SetConfig
                0x08008a44       0xe8 ./Drivers/STM32F4xx_HAL_Driver/Src/stm32f4xx_hal_tim.o
 .text.TIM_OC4_SetConfig
                0x08008b2c       0xac ./Drivers/STM32F4xx_HAL_Driver/Src/stm32f4xx_hal_tim.o
 .text.TIM_TI1_ConfigInputStage
                0x08008bd8       0x5e ./Drivers/STM32F4xx_HAL_Driver/Src/stm32f4xx_hal_tim.o
 .text.TIM_TI2_ConfigInputStage
                0x08008c36       0x60 ./Drivers/STM32F4xx_HAL_Driver/Src/stm32f4xx_hal_tim.o
 .text.TIM_ITRx_SetConfig
                0x08008c96       0x36 ./Drivers/STM32F4xx_HAL_Driver/Src/stm32f4xx_hal_tim.o
 .text.TIM_ETR_SetConfig
                0x08008ccc       0x40 ./Drivers/STM32F4xx_HAL_Driver/Src/stm32f4xx_hal_tim.o
                0x08008ccc                TIM_ETR_SetConfig
 .text.TIM_CCxChannelCmd
                0x08008d0c       0x4a ./Drivers/STM32F4xx_HAL_Driver/Src/stm32f4xx_hal_tim.o
                0x08008d0c                TIM_CCxChannelCmd
 *fill*         0x08008d56        0x2 
 .text.HAL_TIMEx_MasterConfigSynchronization
                0x08008d58       0xf8 ./Drivers/STM32F4xx_HAL_Driver/Src/stm32f4xx_hal_tim_ex.o
                0x08008d58                HAL_TIMEx_MasterConfigSynchronization
 .text.HAL_TIMEx_ConfigBreakDeadTime
                0x08008e50       0xa4 ./Drivers/STM32F4xx_HAL_Driver/Src/stm32f4xx_hal_tim_ex.o
                0x08008e50                HAL_TIMEx_ConfigBreakDeadTime
 .text.HAL_TIMEx_CommutCallback
                0x08008ef4       0x14 ./Drivers/STM32F4xx_HAL_Driver/Src/stm32f4xx_hal_tim_ex.o
                0x08008ef4                HAL_TIMEx_CommutCallback
 .text.HAL_TIMEx_BreakCallback
                0x08008f08       0x14 ./Drivers/STM32F4xx_HAL_Driver/Src/stm32f4xx_hal_tim_ex.o
                0x08008f08                HAL_TIMEx_BreakCallback
 .text.HAL_UART_Init
                0x08008f1c       0xa0 ./Drivers/STM32F4xx_HAL_Driver/Src/stm32f4xx_hal_uart.o
                0x08008f1c                HAL_UART_Init
 .text.UART_SetConfig
                0x08008fbc      0x4e8 ./Drivers/STM32F4xx_HAL_Driver/Src/stm32f4xx_hal_uart.o
 .text.USB_CoreInit
                0x080094a4       0xc8 ./Drivers/STM32F4xx_HAL_Driver/Src/stm32f4xx_ll_usb.o
                0x080094a4                USB_CoreInit
 .text.USB_SetTurnaroundTime
                0x0800956c      0x144 ./Drivers/STM32F4xx_HAL_Driver/Src/stm32f4xx_ll_usb.o
                0x0800956c                USB_SetTurnaroundTime
 .text.USB_EnableGlobalInt
                0x080096b0       0x22 ./Drivers/STM32F4xx_HAL_Driver/Src/stm32f4xx_ll_usb.o
                0x080096b0                USB_EnableGlobalInt
 .text.USB_DisableGlobalInt
                0x080096d2       0x22 ./Drivers/STM32F4xx_HAL_Driver/Src/stm32f4xx_ll_usb.o
                0x080096d2                USB_DisableGlobalInt
 .text.USB_SetCurrentMode
                0x080096f4       0x98 ./Drivers/STM32F4xx_HAL_Driver/Src/stm32f4xx_ll_usb.o
                0x080096f4                USB_SetCurrentMode
 .text.USB_DevInit
                0x0800978c      0x2c8 ./Drivers/STM32F4xx_HAL_Driver/Src/stm32f4xx_ll_usb.o
                0x0800978c                USB_DevInit
 .text.USB_FlushTxFifo
                0x08009a54       0x64 ./Drivers/STM32F4xx_HAL_Driver/Src/stm32f4xx_ll_usb.o
                0x08009a54                USB_FlushTxFifo
 .text.USB_FlushRxFifo
                0x08009ab8       0x5c ./Drivers/STM32F4xx_HAL_Driver/Src/stm32f4xx_ll_usb.o
                0x08009ab8                USB_FlushRxFifo
 .text.USB_SetDevSpeed
                0x08009b14       0x32 ./Drivers/STM32F4xx_HAL_Driver/Src/stm32f4xx_ll_usb.o
                0x08009b14                USB_SetDevSpeed
 .text.USB_GetDevSpeed
                0x08009b46       0x4a ./Drivers/STM32F4xx_HAL_Driver/Src/stm32f4xx_ll_usb.o
                0x08009b46                USB_GetDevSpeed
 .text.USB_ActivateEndpoint
                0x08009b90      0x10e ./Drivers/STM32F4xx_HAL_Driver/Src/stm32f4xx_ll_usb.o
                0x08009b90                USB_ActivateEndpoint
 *fill*         0x08009c9e        0x2 
 .text.USB_DeactivateEndpoint
                0x08009ca0      0x1b8 ./Drivers/STM32F4xx_HAL_Driver/Src/stm32f4xx_ll_usb.o
                0x08009ca0                USB_DeactivateEndpoint
 .text.USB_EPStartXfer
                0x08009e58      0x53c ./Drivers/STM32F4xx_HAL_Driver/Src/stm32f4xx_ll_usb.o
                0x08009e58                USB_EPStartXfer
 .text.USB_EPStopXfer
                0x0800a394      0x154 ./Drivers/STM32F4xx_HAL_Driver/Src/stm32f4xx_ll_usb.o
                0x0800a394                USB_EPStopXfer
 .text.USB_WritePacket
                0x0800a4e8       0x7c ./Drivers/STM32F4xx_HAL_Driver/Src/stm32f4xx_ll_usb.o
                0x0800a4e8                USB_WritePacket
 .text.USB_ReadPacket
                0x0800a564       0xb0 ./Drivers/STM32F4xx_HAL_Driver/Src/stm32f4xx_ll_usb.o
                0x0800a564                USB_ReadPacket
 .text.USB_EPSetStall
                0x0800a614       0xdc ./Drivers/STM32F4xx_HAL_Driver/Src/stm32f4xx_ll_usb.o
                0x0800a614                USB_EPSetStall
 .text.USB_EPClearStall
                0x0800a6f0       0xcc ./Drivers/STM32F4xx_HAL_Driver/Src/stm32f4xx_ll_usb.o
                0x0800a6f0                USB_EPClearStall
 .text.USB_SetDevAddress
                0x0800a7bc       0x4c ./Drivers/STM32F4xx_HAL_Driver/Src/stm32f4xx_ll_usb.o
                0x0800a7bc                USB_SetDevAddress
 .text.USB_DevConnect
                0x0800a808       0x42 ./Drivers/STM32F4xx_HAL_Driver/Src/stm32f4xx_ll_usb.o
                0x0800a808                USB_DevConnect
 .text.USB_DevDisconnect
                0x0800a84a       0x42 ./Drivers/STM32F4xx_HAL_Driver/Src/stm32f4xx_ll_usb.o
                0x0800a84a                USB_DevDisconnect
 .text.USB_ReadInterrupts
                0x0800a88c       0x26 ./Drivers/STM32F4xx_HAL_Driver/Src/stm32f4xx_ll_usb.o
                0x0800a88c                USB_ReadInterrupts
 .text.USB_ReadDevAllOutEpInterrupt
                0x0800a8b2       0x34 ./Drivers/STM32F4xx_HAL_Driver/Src/stm32f4xx_ll_usb.o
                0x0800a8b2                USB_ReadDevAllOutEpInterrupt
 .text.USB_ReadDevAllInEpInterrupt
                0x0800a8e6       0x34 ./Drivers/STM32F4xx_HAL_Driver/Src/stm32f4xx_ll_usb.o
                0x0800a8e6                USB_ReadDevAllInEpInterrupt
 .text.USB_ReadDevOutEPInterrupt
                0x0800a91a       0x3c ./Drivers/STM32F4xx_HAL_Driver/Src/stm32f4xx_ll_usb.o
                0x0800a91a                USB_ReadDevOutEPInterrupt
 .text.USB_ReadDevInEPInterrupt
                0x0800a956       0x5c ./Drivers/STM32F4xx_HAL_Driver/Src/stm32f4xx_ll_usb.o
                0x0800a956                USB_ReadDevInEPInterrupt
 .text.USB_GetMode
                0x0800a9b2       0x1c ./Drivers/STM32F4xx_HAL_Driver/Src/stm32f4xx_ll_usb.o
                0x0800a9b2                USB_GetMode
 .text.USB_ActivateSetup
                0x0800a9ce       0x46 ./Drivers/STM32F4xx_HAL_Driver/Src/stm32f4xx_ll_usb.o
                0x0800a9ce                USB_ActivateSetup
 .text.USB_EP0_OutStart
                0x0800aa14       0xbc ./Drivers/STM32F4xx_HAL_Driver/Src/stm32f4xx_ll_usb.o
                0x0800aa14                USB_EP0_OutStart
 .text.USB_CoreReset
                0x0800aad0       0x70 ./Drivers/STM32F4xx_HAL_Driver/Src/stm32f4xx_ll_usb.o
 .text.USBD_CDC_Init
                0x0800ab40      0x1f0 ./Middlewares/ST/STM32_USB_Device_Library/Class/CDC/Src/usbd_cdc.o
 .text.USBD_CDC_DeInit
                0x0800ad30      0x104 ./Middlewares/ST/STM32_USB_Device_Library/Class/CDC/Src/usbd_cdc.o
 .text.USBD_CDC_Setup
                0x0800ae34      0x1b8 ./Middlewares/ST/STM32_USB_Device_Library/Class/CDC/Src/usbd_cdc.o
 .text.USBD_CDC_DataIn
                0x0800afec       0xfe ./Middlewares/ST/STM32_USB_Device_Library/Class/CDC/Src/usbd_cdc.o
 .text.USBD_CDC_DataOut
                0x0800b0ea       0x70 ./Middlewares/ST/STM32_USB_Device_Library/Class/CDC/Src/usbd_cdc.o
 .text.USBD_CDC_EP0_RxReady
                0x0800b15a       0x74 ./Middlewares/ST/STM32_USB_Device_Library/Class/CDC/Src/usbd_cdc.o
 *fill*         0x0800b1ce        0x2 
 .text.USBD_CDC_GetFSCfgDesc
                0x0800b1d0       0x70 ./Middlewares/ST/STM32_USB_Device_Library/Class/CDC/Src/usbd_cdc.o
 .text.USBD_CDC_GetHSCfgDesc
                0x0800b240       0x70 ./Middlewares/ST/STM32_USB_Device_Library/Class/CDC/Src/usbd_cdc.o
 .text.USBD_CDC_GetOtherSpeedCfgDesc
                0x0800b2b0       0x70 ./Middlewares/ST/STM32_USB_Device_Library/Class/CDC/Src/usbd_cdc.o
 .text.USBD_CDC_GetDeviceQualifierDescriptor
                0x0800b320       0x20 ./Middlewares/ST/STM32_USB_Device_Library/Class/CDC/Src/usbd_cdc.o
                0x0800b320                USBD_CDC_GetDeviceQualifierDescriptor
 .text.USBD_CDC_RegisterInterface
                0x0800b340       0x34 ./Middlewares/ST/STM32_USB_Device_Library/Class/CDC/Src/usbd_cdc.o
                0x0800b340                USBD_CDC_RegisterInterface
 .text.USBD_CDC_SetTxBuffer
                0x0800b374       0x44 ./Middlewares/ST/STM32_USB_Device_Library/Class/CDC/Src/usbd_cdc.o
                0x0800b374                USBD_CDC_SetTxBuffer
 .text.USBD_CDC_SetRxBuffer
                0x0800b3b8       0x3a ./Middlewares/ST/STM32_USB_Device_Library/Class/CDC/Src/usbd_cdc.o
                0x0800b3b8                USBD_CDC_SetRxBuffer
 *fill*         0x0800b3f2        0x2 
 .text.USBD_CDC_TransmitPacket
                0x0800b3f4       0x80 ./Middlewares/ST/STM32_USB_Device_Library/Class/CDC/Src/usbd_cdc.o
                0x0800b3f4                USBD_CDC_TransmitPacket
 .text.USBD_CDC_ReceivePacket
                0x0800b474       0x6c ./Middlewares/ST/STM32_USB_Device_Library/Class/CDC/Src/usbd_cdc.o
                0x0800b474                USBD_CDC_ReceivePacket
 .text.USBD_Init
                0x0800b4e0       0x7c ./Middlewares/ST/STM32_USB_Device_Library/Core/Src/usbd_core.o
                0x0800b4e0                USBD_Init
 .text.USBD_RegisterClass
                0x0800b55c       0x88 ./Middlewares/ST/STM32_USB_Device_Library/Core/Src/usbd_core.o
                0x0800b55c                USBD_RegisterClass
 .text.USBD_Start
                0x0800b5e4       0x18 ./Middlewares/ST/STM32_USB_Device_Library/Core/Src/usbd_core.o
                0x0800b5e4                USBD_Start
 .text.USBD_RunTestMode
                0x0800b5fc       0x16 ./Middlewares/ST/STM32_USB_Device_Library/Core/Src/usbd_core.o
                0x0800b5fc                USBD_RunTestMode
 .text.USBD_SetClassConfig
                0x0800b612       0x38 ./Middlewares/ST/STM32_USB_Device_Library/Core/Src/usbd_core.o
                0x0800b612                USBD_SetClassConfig
 .text.USBD_ClrClassConfig
                0x0800b64a       0x34 ./Middlewares/ST/STM32_USB_Device_Library/Core/Src/usbd_core.o
                0x0800b64a                USBD_ClrClassConfig
 .text.USBD_LL_SetupStage
                0x0800b67e       0xaa ./Middlewares/ST/STM32_USB_Device_Library/Core/Src/usbd_core.o
                0x0800b67e                USBD_LL_SetupStage
 .text.USBD_LL_DataOutStage
                0x0800b728      0x178 ./Middlewares/ST/STM32_USB_Device_Library/Core/Src/usbd_core.o
                0x0800b728                USBD_LL_DataOutStage
 .text.USBD_LL_DataInStage
                0x0800b8a0      0x176 ./Middlewares/ST/STM32_USB_Device_Library/Core/Src/usbd_core.o
                0x0800b8a0                USBD_LL_DataInStage
 .text.USBD_LL_Reset
                0x0800ba16       0xa6 ./Middlewares/ST/STM32_USB_Device_Library/Core/Src/usbd_core.o
                0x0800ba16                USBD_LL_Reset
 .text.USBD_LL_SetSpeed
                0x0800babc       0x20 ./Middlewares/ST/STM32_USB_Device_Library/Core/Src/usbd_core.o
                0x0800babc                USBD_LL_SetSpeed
 .text.USBD_LL_Suspend
                0x0800badc       0x38 ./Middlewares/ST/STM32_USB_Device_Library/Core/Src/usbd_core.o
                0x0800badc                USBD_LL_Suspend
 .text.USBD_LL_Resume
                0x0800bb14       0x30 ./Middlewares/ST/STM32_USB_Device_Library/Core/Src/usbd_core.o
                0x0800bb14                USBD_LL_Resume
 .text.USBD_LL_SOF
                0x0800bb44       0x40 ./Middlewares/ST/STM32_USB_Device_Library/Core/Src/usbd_core.o
                0x0800bb44                USBD_LL_SOF
 .text.USBD_LL_IsoINIncomplete
                0x0800bb84       0x64 ./Middlewares/ST/STM32_USB_Device_Library/Core/Src/usbd_core.o
                0x0800bb84                USBD_LL_IsoINIncomplete
 .text.USBD_LL_IsoOUTIncomplete
                0x0800bbe8       0x64 ./Middlewares/ST/STM32_USB_Device_Library/Core/Src/usbd_core.o
                0x0800bbe8                USBD_LL_IsoOUTIncomplete
 .text.USBD_LL_DevConnected
                0x0800bc4c       0x16 ./Middlewares/ST/STM32_USB_Device_Library/Core/Src/usbd_core.o
                0x0800bc4c                USBD_LL_DevConnected
 .text.USBD_LL_DevDisconnected
                0x0800bc62       0x46 ./Middlewares/ST/STM32_USB_Device_Library/Core/Src/usbd_core.o
                0x0800bc62                USBD_LL_DevDisconnected
 .text.USBD_CoreFindIF
                0x0800bca8       0x1a ./Middlewares/ST/STM32_USB_Device_Library/Core/Src/usbd_core.o
                0x0800bca8                USBD_CoreFindIF
 .text.USBD_CoreFindEP
                0x0800bcc2       0x1a ./Middlewares/ST/STM32_USB_Device_Library/Core/Src/usbd_core.o
                0x0800bcc2                USBD_CoreFindEP
 .text.USBD_GetEpDesc
                0x0800bcdc       0x70 ./Middlewares/ST/STM32_USB_Device_Library/Core/Src/usbd_core.o
                0x0800bcdc                USBD_GetEpDesc
 .text.USBD_GetNextDesc
                0x0800bd4c       0x38 ./Middlewares/ST/STM32_USB_Device_Library/Core/Src/usbd_core.o
                0x0800bd4c                USBD_GetNextDesc
 .text.SWAPBYTE
                0x0800bd84       0x3e ./Middlewares/ST/STM32_USB_Device_Library/Core/Src/usbd_ctlreq.o
 *fill*         0x0800bdc2        0x2 
 .text.USBD_StdDevReq
                0x0800bdc4       0xe4 ./Middlewares/ST/STM32_USB_Device_Library/Core/Src/usbd_ctlreq.o
                0x0800bdc4                USBD_StdDevReq
 .text.USBD_StdItfReq
                0x0800bea8       0xd8 ./Middlewares/ST/STM32_USB_Device_Library/Core/Src/usbd_ctlreq.o
                0x0800bea8                USBD_StdItfReq
 .text.USBD_StdEPReq
                0x0800bf80      0x33e ./Middlewares/ST/STM32_USB_Device_Library/Core/Src/usbd_ctlreq.o
                0x0800bf80                USBD_StdEPReq
 *fill*         0x0800c2be        0x2 
 .text.USBD_GetDescriptor
                0x0800c2c0      0x2d4 ./Middlewares/ST/STM32_USB_Device_Library/Core/Src/usbd_ctlreq.o
 .text.USBD_SetAddress
                0x0800c594       0x88 ./Middlewares/ST/STM32_USB_Device_Library/Core/Src/usbd_ctlreq.o
 .text.USBD_SetConfig
                0x0800c61c      0x154 ./Middlewares/ST/STM32_USB_Device_Library/Core/Src/usbd_ctlreq.o
 .text.USBD_GetConfig
                0x0800c770       0x6c ./Middlewares/ST/STM32_USB_Device_Library/Core/Src/usbd_ctlreq.o
 .text.USBD_GetStatus
                0x0800c7dc       0x68 ./Middlewares/ST/STM32_USB_Device_Library/Core/Src/usbd_ctlreq.o
 .text.USBD_SetFeature
                0x0800c844       0x52 ./Middlewares/ST/STM32_USB_Device_Library/Core/Src/usbd_ctlreq.o
 .text.USBD_ClrFeature
                0x0800c896       0x44 ./Middlewares/ST/STM32_USB_Device_Library/Core/Src/usbd_ctlreq.o
 .text.USBD_ParseSetupRequest
                0x0800c8da       0x74 ./Middlewares/ST/STM32_USB_Device_Library/Core/Src/usbd_ctlreq.o
                0x0800c8da                USBD_ParseSetupRequest
 .text.USBD_CtlError
                0x0800c94e       0x22 ./Middlewares/ST/STM32_USB_Device_Library/Core/Src/usbd_ctlreq.o
                0x0800c94e                USBD_CtlError
 .text.USBD_GetString
                0x0800c970       0xa4 ./Middlewares/ST/STM32_USB_Device_Library/Core/Src/usbd_ctlreq.o
                0x0800c970                USBD_GetString
 .text.USBD_GetLen
                0x0800ca14       0x34 ./Middlewares/ST/STM32_USB_Device_Library/Core/Src/usbd_ctlreq.o
 .text.USBD_CtlSendData
                0x0800ca48       0x3c ./Middlewares/ST/STM32_USB_Device_Library/Core/Src/usbd_ioreq.o
                0x0800ca48                USBD_CtlSendData
 .text.USBD_CtlContinueSendData
                0x0800ca84       0x22 ./Middlewares/ST/STM32_USB_Device_Library/Core/Src/usbd_ioreq.o
                0x0800ca84                USBD_CtlContinueSendData
 .text.USBD_CtlPrepareRx
                0x0800caa6       0x42 ./Middlewares/ST/STM32_USB_Device_Library/Core/Src/usbd_ioreq.o
                0x0800caa6                USBD_CtlPrepareRx
 .text.USBD_CtlContinueRx
                0x0800cae8       0x22 ./Middlewares/ST/STM32_USB_Device_Library/Core/Src/usbd_ioreq.o
                0x0800cae8                USBD_CtlContinueRx
 .text.USBD_CtlSendStatus
                0x0800cb0a       0x26 ./Middlewares/ST/STM32_USB_Device_Library/Core/Src/usbd_ioreq.o
                0x0800cb0a                USBD_CtlSendStatus
 .text.USBD_CtlReceiveStatus
                0x0800cb30       0x26 ./Middlewares/ST/STM32_USB_Device_Library/Core/Src/usbd_ioreq.o
                0x0800cb30                USBD_CtlReceiveStatus
 *fill*         0x0800cb56        0x2 
 .text.__NVIC_SetPriority
                0x0800cb58       0x54 ./Middlewares/Third_Party/FreeRTOS/Source/CMSIS_RTOS_V2/cmsis_os2.o
 .text.SysTick_Handler
                0x0800cbac       0x20 ./Middlewares/Third_Party/FreeRTOS/Source/CMSIS_RTOS_V2/cmsis_os2.o
                0x0800cbac                SysTick_Handler
 .text.SVC_Setup
                0x0800cbcc       0x12 ./Middlewares/Third_Party/FreeRTOS/Source/CMSIS_RTOS_V2/cmsis_os2.o
 *fill*         0x0800cbde        0x2 
 .text.osKernelInitialize
                0x0800cbe0       0x48 ./Middlewares/Third_Party/FreeRTOS/Source/CMSIS_RTOS_V2/cmsis_os2.o
                0x0800cbe0                osKernelInitialize
 .text.osKernelStart
                0x0800cc28       0x4c ./Middlewares/Third_Party/FreeRTOS/Source/CMSIS_RTOS_V2/cmsis_os2.o
                0x0800cc28                osKernelStart
 .text.osThreadNew
                0x0800cc74      0x124 ./Middlewares/Third_Party/FreeRTOS/Source/CMSIS_RTOS_V2/cmsis_os2.o
                0x0800cc74                osThreadNew
 .text.vApplicationGetIdleTaskMemory
                0x0800cd98       0x34 ./Middlewares/Third_Party/FreeRTOS/Source/CMSIS_RTOS_V2/cmsis_os2.o
                0x0800cd98                vApplicationGetIdleTaskMemory
 .text.vApplicationGetTimerTaskMemory
                0x0800cdcc       0x34 ./Middlewares/Third_Party/FreeRTOS/Source/CMSIS_RTOS_V2/cmsis_os2.o
                0x0800cdcc                vApplicationGetTimerTaskMemory
 .text.vListInitialise
                0x0800ce00       0x40 ./Middlewares/Third_Party/FreeRTOS/Source/list.o
                0x0800ce00                vListInitialise
 .text.vListInitialiseItem
                0x0800ce40       0x1a ./Middlewares/Third_Party/FreeRTOS/Source/list.o
                0x0800ce40                vListInitialiseItem
 .text.vListInsertEnd
                0x0800ce5a       0x48 ./Middlewares/Third_Party/FreeRTOS/Source/list.o
                0x0800ce5a                vListInsertEnd
 .text.vListInsert
                0x0800cea2       0x72 ./Middlewares/Third_Party/FreeRTOS/Source/list.o
                0x0800cea2                vListInsert
 .text.uxListRemove
                0x0800cf14       0x54 ./Middlewares/Third_Party/FreeRTOS/Source/list.o
                0x0800cf14                uxListRemove
 .text.xQueueGenericReset
                0x0800cf68       0xd4 ./Middlewares/Third_Party/FreeRTOS/Source/queue.o
                0x0800cf68                xQueueGenericReset
 .text.xQueueGenericCreateStatic
                0x0800d03c       0xfa ./Middlewares/Third_Party/FreeRTOS/Source/queue.o
                0x0800d03c                xQueueGenericCreateStatic
 .text.prvInitialiseNewQueue
                0x0800d136       0x46 ./Middlewares/Third_Party/FreeRTOS/Source/queue.o
 .text.xQueueGenericSend
                0x0800d17c      0x204 ./Middlewares/Third_Party/FreeRTOS/Source/queue.o
                0x0800d17c                xQueueGenericSend
 .text.xQueueGenericSendFromISR
                0x0800d380      0x13c ./Middlewares/Third_Party/FreeRTOS/Source/queue.o
                0x0800d380                xQueueGenericSendFromISR
 .text.xQueueReceive
                0x0800d4bc      0x1c4 ./Middlewares/Third_Party/FreeRTOS/Source/queue.o
                0x0800d4bc                xQueueReceive
 .text.prvCopyDataToQueue
                0x0800d680       0xd4 ./Middlewares/Third_Party/FreeRTOS/Source/queue.o
 .text.prvCopyDataFromQueue
                0x0800d754       0x4c ./Middlewares/Third_Party/FreeRTOS/Source/queue.o
 .text.prvUnlockQueue
                0x0800d7a0       0xa4 ./Middlewares/Third_Party/FreeRTOS/Source/queue.o
 .text.prvIsQueueEmpty
                0x0800d844       0x2c ./Middlewares/Third_Party/FreeRTOS/Source/queue.o
 .text.prvIsQueueFull
                0x0800d870       0x30 ./Middlewares/Third_Party/FreeRTOS/Source/queue.o
 .text.vQueueAddToRegistry
                0x0800d8a0       0x54 ./Middlewares/Third_Party/FreeRTOS/Source/queue.o
                0x0800d8a0                vQueueAddToRegistry
 .text.vQueueWaitForMessageRestricted
                0x0800d8f4       0x68 ./Middlewares/Third_Party/FreeRTOS/Source/queue.o
                0x0800d8f4                vQueueWaitForMessageRestricted
 .text.xTaskCreateStatic
                0x0800d95c       0xc0 ./Middlewares/Third_Party/FreeRTOS/Source/tasks.o
                0x0800d95c                xTaskCreateStatic
 .text.xTaskCreate
                0x0800da1c       0x8a ./Middlewares/Third_Party/FreeRTOS/Source/tasks.o
                0x0800da1c                xTaskCreate
 *fill*         0x0800daa6        0x2 
 .text.prvInitialiseNewTask
                0x0800daa8      0x150 ./Middlewares/Third_Party/FreeRTOS/Source/tasks.o
 .text.prvAddNewTaskToReadyList
                0x0800dbf8       0xe0 ./Middlewares/Third_Party/FreeRTOS/Source/tasks.o
 .text.vTaskDelay
                0x0800dcd8       0x6c ./Middlewares/Third_Party/FreeRTOS/Source/tasks.o
                0x0800dcd8                vTaskDelay
 .text.vTaskStartScheduler
                0x0800dd44       0xe0 ./Middlewares/Third_Party/FreeRTOS/Source/tasks.o
                0x0800dd44                vTaskStartScheduler
 .text.vTaskSuspendAll
                0x0800de24       0x1c ./Middlewares/Third_Party/FreeRTOS/Source/tasks.o
                0x0800de24                vTaskSuspendAll
 .text.xTaskResumeAll
                0x0800de40      0x13c ./Middlewares/Third_Party/FreeRTOS/Source/tasks.o
                0x0800de40                xTaskResumeAll
 .text.xTaskGetTickCount
                0x0800df7c       0x20 ./Middlewares/Third_Party/FreeRTOS/Source/tasks.o
                0x0800df7c                xTaskGetTickCount
 .text.xTaskIncrementTick
                0x0800df9c      0x184 ./Middlewares/Third_Party/FreeRTOS/Source/tasks.o
                0x0800df9c                xTaskIncrementTick
 .text.vTaskSwitchContext
                0x0800e120       0xcc ./Middlewares/Third_Party/FreeRTOS/Source/tasks.o
                0x0800e120                vTaskSwitchContext
 .text.vTaskPlaceOnEventList
                0x0800e1ec       0x4c ./Middlewares/Third_Party/FreeRTOS/Source/tasks.o
                0x0800e1ec                vTaskPlaceOnEventList
 .text.vTaskPlaceOnEventListRestricted
                0x0800e238       0x58 ./Middlewares/Third_Party/FreeRTOS/Source/tasks.o
                0x0800e238                vTaskPlaceOnEventListRestricted
 .text.xTaskRemoveFromEventList
                0x0800e290       0xc8 ./Middlewares/Third_Party/FreeRTOS/Source/tasks.o
                0x0800e290                xTaskRemoveFromEventList
 .text.vTaskInternalSetTimeOutState
                0x0800e358       0x2c ./Middlewares/Third_Party/FreeRTOS/Source/tasks.o
                0x0800e358                vTaskInternalSetTimeOutState
 .text.xTaskCheckForTimeOut
                0x0800e384       0xc8 ./Middlewares/Third_Party/FreeRTOS/Source/tasks.o
                0x0800e384                xTaskCheckForTimeOut
 .text.vTaskMissedYield
                0x0800e44c       0x18 ./Middlewares/Third_Party/FreeRTOS/Source/tasks.o
                0x0800e44c                vTaskMissedYield
 .text.prvIdleTask
                0x0800e464       0x34 ./Middlewares/Third_Party/FreeRTOS/Source/tasks.o
 .text.prvInitialiseTaskLists
                0x0800e498       0x80 ./Middlewares/Third_Party/FreeRTOS/Source/tasks.o
 .text.prvCheckTasksWaitingTermination
                0x0800e518       0x5c ./Middlewares/Third_Party/FreeRTOS/Source/tasks.o
 .text.prvDeleteTCB
                0x0800e574       0x6a ./Middlewares/Third_Party/FreeRTOS/Source/tasks.o
 *fill*         0x0800e5de        0x2 
 .text.prvResetNextTaskUnblockTime
                0x0800e5e0       0x40 ./Middlewares/Third_Party/FreeRTOS/Source/tasks.o
 .text.xTaskGetSchedulerState
                0x0800e620       0x3c ./Middlewares/Third_Party/FreeRTOS/Source/tasks.o
                0x0800e620                xTaskGetSchedulerState
 .text.xTaskPriorityDisinherit
                0x0800e65c       0xe0 ./Middlewares/Third_Party/FreeRTOS/Source/tasks.o
                0x0800e65c                xTaskPriorityDisinherit
 .text.prvAddCurrentTaskToDelayedList
                0x0800e73c       0xa8 ./Middlewares/Third_Party/FreeRTOS/Source/tasks.o
 .text.xTimerCreateTimerTask
                0x0800e7e4       0x94 ./Middlewares/Third_Party/FreeRTOS/Source/timers.o
                0x0800e7e4                xTimerCreateTimerTask
 .text.xTimerGenericCommand
                0x0800e878       0x9c ./Middlewares/Third_Party/FreeRTOS/Source/timers.o
                0x0800e878                xTimerGenericCommand
 .text.prvProcessExpiredTimer
                0x0800e914       0x9c ./Middlewares/Third_Party/FreeRTOS/Source/timers.o
 .text.prvTimerTask
                0x0800e9b0       0x26 ./Middlewares/Third_Party/FreeRTOS/Source/timers.o
 *fill*         0x0800e9d6        0x2 
 .text.prvProcessTimerOrBlockTask
                0x0800e9d8       0x9c ./Middlewares/Third_Party/FreeRTOS/Source/timers.o
 .text.prvGetNextExpireTime
                0x0800ea74       0x48 ./Middlewares/Third_Party/FreeRTOS/Source/timers.o
 .text.prvSampleTimeNow
                0x0800eabc       0x40 ./Middlewares/Third_Party/FreeRTOS/Source/timers.o
 .text.prvInsertTimerInActiveList
                0x0800eafc       0x84 ./Middlewares/Third_Party/FreeRTOS/Source/timers.o
 .text.prvProcessReceivedCommands
                0x0800eb80      0x1cc ./Middlewares/Third_Party/FreeRTOS/Source/timers.o
 .text.prvSwitchTimerLists
                0x0800ed4c       0xcc ./Middlewares/Third_Party/FreeRTOS/Source/timers.o
 .text.prvCheckForValidListAndQueue
                0x0800ee18       0x80 ./Middlewares/Third_Party/FreeRTOS/Source/timers.o
 .text.pxPortInitialiseStack
                0x0800ee98       0x68 ./Middlewares/Third_Party/FreeRTOS/Source/portable/GCC/ARM_CM4F/port.o
                0x0800ee98                pxPortInitialiseStack
 .text.prvTaskExitError
                0x0800ef00       0x5c ./Middlewares/Third_Party/FreeRTOS/Source/portable/GCC/ARM_CM4F/port.o
 *fill*         0x0800ef5c        0x4 
 .text.SVC_Handler
                0x0800ef60       0x28 ./Middlewares/Third_Party/FreeRTOS/Source/portable/GCC/ARM_CM4F/port.o
                0x0800ef60                SVC_Handler
 .text.prvPortStartFirstTask
                0x0800ef88       0x28 ./Middlewares/Third_Party/FreeRTOS/Source/portable/GCC/ARM_CM4F/port.o
 .text.xPortStartScheduler
                0x0800efb0      0x148 ./Middlewares/Third_Party/FreeRTOS/Source/portable/GCC/ARM_CM4F/port.o
                0x0800efb0                xPortStartScheduler
 .text.vPortEnterCritical
                0x0800f0f8       0x64 ./Middlewares/Third_Party/FreeRTOS/Source/portable/GCC/ARM_CM4F/port.o
                0x0800f0f8                vPortEnterCritical
 .text.vPortExitCritical
                0x0800f15c       0x54 ./Middlewares/Third_Party/FreeRTOS/Source/portable/GCC/ARM_CM4F/port.o
                0x0800f15c                vPortExitCritical
 .text.PendSV_Handler
                0x0800f1b0       0x68 ./Middlewares/Third_Party/FreeRTOS/Source/portable/GCC/ARM_CM4F/port.o
                0x0800f1b0                PendSV_Handler
 .text.xPortSysTickHandler
                0x0800f218       0x44 ./Middlewares/Third_Party/FreeRTOS/Source/portable/GCC/ARM_CM4F/port.o
                0x0800f218                xPortSysTickHandler
 .text.vPortSetupTimerInterrupt
                0x0800f25c       0x48 ./Middlewares/Third_Party/FreeRTOS/Source/portable/GCC/ARM_CM4F/port.o
                0x0800f25c                vPortSetupTimerInterrupt
 .text.vPortEnableVFP
                0x0800f2a4       0x14 ./Middlewares/Third_Party/FreeRTOS/Source/portable/GCC/ARM_CM4F/port.o
 .text.vPortValidateInterruptPriority
                0x0800f2b8       0x84 ./Middlewares/Third_Party/FreeRTOS/Source/portable/GCC/ARM_CM4F/port.o
                0x0800f2b8                vPortValidateInterruptPriority
 .text.pvPortMalloc
                0x0800f33c      0x19c ./Middlewares/Third_Party/FreeRTOS/Source/portable/MemMang/heap_4.o
                0x0800f33c                pvPortMalloc
 .text.vPortFree
                0x0800f4d8       0xc8 ./Middlewares/Third_Party/FreeRTOS/Source/portable/MemMang/heap_4.o
                0x0800f4d8                vPortFree
 .text.prvHeapInit
                0x0800f5a0       0xc4 ./Middlewares/Third_Party/FreeRTOS/Source/portable/MemMang/heap_4.o
 .text.prvInsertBlockIntoFreeList
                0x0800f664       0xb4 ./Middlewares/Third_Party/FreeRTOS/Source/portable/MemMang/heap_4.o
 .text.MX_USB_DEVICE_Init
                0x0800f718       0x60 ./USB_DEVICE/App/usb_device.o
                0x0800f718                MX_USB_DEVICE_Init
 .text.CDC_Init_FS
                0x0800f778       0x28 ./USB_DEVICE/App/usbd_cdc_if.o
 .text.CDC_DeInit_FS
                0x0800f7a0       0x10 ./USB_DEVICE/App/usbd_cdc_if.o
 .text.CDC_Control_FS
                0x0800f7b0       0xbc ./USB_DEVICE/App/usbd_cdc_if.o
 .text.CDC_Receive_FS
                0x0800f86c       0x28 ./USB_DEVICE/App/usbd_cdc_if.o
 .text.CDC_Transmit_FS
                0x0800f894       0x4c ./USB_DEVICE/App/usbd_cdc_if.o
                0x0800f894                CDC_Transmit_FS
 .text.CDC_TransmitCplt_FS
                0x0800f8e0       0x22 ./USB_DEVICE/App/usbd_cdc_if.o
 *fill*         0x0800f902        0x2 
 .text.USBD_FS_DeviceDescriptor
                0x0800f904       0x24 ./USB_DEVICE/App/usbd_desc.o
                0x0800f904                USBD_FS_DeviceDescriptor
 .text.USBD_FS_LangIDStrDescriptor
                0x0800f928       0x24 ./USB_DEVICE/App/usbd_desc.o
                0x0800f928                USBD_FS_LangIDStrDescriptor
 .text.USBD_FS_ProductStrDescriptor
                0x0800f94c       0x3c ./USB_DEVICE/App/usbd_desc.o
                0x0800f94c                USBD_FS_ProductStrDescriptor
 .text.USBD_FS_ManufacturerStrDescriptor
                0x0800f988       0x28 ./USB_DEVICE/App/usbd_desc.o
                0x0800f988                USBD_FS_ManufacturerStrDescriptor
 .text.USBD_FS_SerialStrDescriptor
                0x0800f9b0       0x24 ./USB_DEVICE/App/usbd_desc.o
                0x0800f9b0                USBD_FS_SerialStrDescriptor
 .text.USBD_FS_ConfigStrDescriptor
                0x0800f9d4       0x3c ./USB_DEVICE/App/usbd_desc.o
                0x0800f9d4                USBD_FS_ConfigStrDescriptor
 .text.USBD_FS_InterfaceStrDescriptor
                0x0800fa10       0x3c ./USB_DEVICE/App/usbd_desc.o
                0x0800fa10                USBD_FS_InterfaceStrDescriptor
 .text.Get_SerialNum
                0x0800fa4c       0x58 ./USB_DEVICE/App/usbd_desc.o
 .text.IntToUnicode
                0x0800faa4       0x7e ./USB_DEVICE/App/usbd_desc.o
 *fill*         0x0800fb22        0x2 
 .text.HAL_PCD_MspInit
                0x0800fb24       0xc4 ./USB_DEVICE/Target/usbd_conf.o
                0x0800fb24                HAL_PCD_MspInit
 .text.HAL_PCD_SetupStageCallback
                0x0800fbe8       0x24 ./USB_DEVICE/Target/usbd_conf.o
                0x0800fbe8                HAL_PCD_SetupStageCallback
 .text.HAL_PCD_DataOutStageCallback
                0x0800fc0c       0x36 ./USB_DEVICE/Target/usbd_conf.o
                0x0800fc0c                HAL_PCD_DataOutStageCallback
 .text.HAL_PCD_DataInStageCallback
                0x0800fc42       0x34 ./USB_DEVICE/Target/usbd_conf.o
                0x0800fc42                HAL_PCD_DataInStageCallback
 .text.HAL_PCD_SOFCallback
                0x0800fc76       0x1c ./USB_DEVICE/Target/usbd_conf.o
                0x0800fc76                HAL_PCD_SOFCallback
 .text.HAL_PCD_ResetCallback
                0x0800fc92       0x50 ./USB_DEVICE/Target/usbd_conf.o
                0x0800fc92                HAL_PCD_ResetCallback
 *fill*         0x0800fce2        0x2 
 .text.HAL_PCD_SuspendCallback
                0x0800fce4       0x4c ./USB_DEVICE/Target/usbd_conf.o
                0x0800fce4                HAL_PCD_SuspendCallback
 .text.HAL_PCD_ResumeCallback
                0x0800fd30       0x1c ./USB_DEVICE/Target/usbd_conf.o
                0x0800fd30                HAL_PCD_ResumeCallback
 .text.HAL_PCD_ISOOUTIncompleteCallback
                0x0800fd4c       0x24 ./USB_DEVICE/Target/usbd_conf.o
                0x0800fd4c                HAL_PCD_ISOOUTIncompleteCallback
 .text.HAL_PCD_ISOINIncompleteCallback
                0x0800fd70       0x24 ./USB_DEVICE/Target/usbd_conf.o
                0x0800fd70                HAL_PCD_ISOINIncompleteCallback
 .text.HAL_PCD_ConnectCallback
                0x0800fd94       0x1c ./USB_DEVICE/Target/usbd_conf.o
                0x0800fd94                HAL_PCD_ConnectCallback
 .text.HAL_PCD_DisconnectCallback
                0x0800fdb0       0x1c ./USB_DEVICE/Target/usbd_conf.o
                0x0800fdb0                HAL_PCD_DisconnectCallback
 .text.USBD_LL_Init
                0x0800fdcc       0x98 ./USB_DEVICE/Target/usbd_conf.o
                0x0800fdcc                USBD_LL_Init
 .text.USBD_LL_Start
                0x0800fe64       0x36 ./USB_DEVICE/Target/usbd_conf.o
                0x0800fe64                USBD_LL_Start
 .text.USBD_LL_OpenEP
                0x0800fe9a       0x4c ./USB_DEVICE/Target/usbd_conf.o
                0x0800fe9a                USBD_LL_OpenEP
 .text.USBD_LL_CloseEP
                0x0800fee6       0x3e ./USB_DEVICE/Target/usbd_conf.o
                0x0800fee6                USBD_LL_CloseEP
 .text.USBD_LL_StallEP
                0x0800ff24       0x3e ./USB_DEVICE/Target/usbd_conf.o
                0x0800ff24                USBD_LL_StallEP
 .text.USBD_LL_ClearStallEP
                0x0800ff62       0x3e ./USB_DEVICE/Target/usbd_conf.o
                0x0800ff62                USBD_LL_ClearStallEP
 .text.USBD_LL_IsStallEP
                0x0800ffa0       0x58 ./USB_DEVICE/Target/usbd_conf.o
                0x0800ffa0                USBD_LL_IsStallEP
 .text.USBD_LL_SetUSBAddress
                0x0800fff8       0x3e ./USB_DEVICE/Target/usbd_conf.o
                0x0800fff8                USBD_LL_SetUSBAddress
 .text.USBD_LL_Transmit
                0x08010036       0x42 ./USB_DEVICE/Target/usbd_conf.o
                0x08010036                USBD_LL_Transmit
 .text.USBD_LL_PrepareReceive
                0x08010078       0x42 ./USB_DEVICE/Target/usbd_conf.o
                0x08010078                USBD_LL_PrepareReceive
 .text.USBD_LL_GetRxDataSize
                0x080100ba       0x26 ./USB_DEVICE/Target/usbd_conf.o
                0x080100ba                USBD_LL_GetRxDataSize
 .text.USBD_static_malloc
                0x080100e0       0x1c ./USB_DEVICE/Target/usbd_conf.o
                0x080100e0                USBD_static_malloc
 .text.USBD_static_free
                0x080100fc       0x14 ./USB_DEVICE/Target/usbd_conf.o
                0x080100fc                USBD_static_free
 .text.USBD_Get_USB_Status
                0x08010110       0x58 ./USB_DEVICE/Target/usbd_conf.o
                0x08010110                USBD_Get_USB_Status
 .text.std      0x08010168       0x6c /opt/st/stm32cubeide_1.19.0/plugins/com.st.stm32cube.ide.mcu.externaltools.gnu-tools-for-stm32.13.3.rel1.linux64_1.0.0.202410170706/tools/bin/../lib/gcc/arm-none-eabi/13.3.1/../../../../arm-none-eabi/lib/thumb/v7e-m+fp/hard/libc_nano.a(libc_a-findfp.o)
 .text.stdio_exit_handler
                0x080101d4       0x18 /opt/st/stm32cubeide_1.19.0/plugins/com.st.stm32cube.ide.mcu.externaltools.gnu-tools-for-stm32.13.3.rel1.linux64_1.0.0.202410170706/tools/bin/../lib/gcc/arm-none-eabi/13.3.1/../../../../arm-none-eabi/lib/thumb/v7e-m+fp/hard/libc_nano.a(libc_a-findfp.o)
 .text.cleanup_stdio
                0x080101ec       0x40 /opt/st/stm32cubeide_1.19.0/plugins/com.st.stm32cube.ide.mcu.externaltools.gnu-tools-for-stm32.13.3.rel1.linux64_1.0.0.202410170706/tools/bin/../lib/gcc/arm-none-eabi/13.3.1/../../../../arm-none-eabi/lib/thumb/v7e-m+fp/hard/libc_nano.a(libc_a-findfp.o)
 .text.global_stdio_init.part.0
                0x0801022c       0x3c /opt/st/stm32cubeide_1.19.0/plugins/com.st.stm32cube.ide.mcu.externaltools.gnu-tools-for-stm32.13.3.rel1.linux64_1.0.0.202410170706/tools/bin/../lib/gcc/arm-none-eabi/13.3.1/../../../../arm-none-eabi/lib/thumb/v7e-m+fp/hard/libc_nano.a(libc_a-findfp.o)
 .text.__sfp_lock_acquire
                0x08010268        0xc /opt/st/stm32cubeide_1.19.0/plugins/com.st.stm32cube.ide.mcu.externaltools.gnu-tools-for-stm32.13.3.rel1.linux64_1.0.0.202410170706/tools/bin/../lib/gcc/arm-none-eabi/13.3.1/../../../../arm-none-eabi/lib/thumb/v7e-m+fp/hard/libc_nano.a(libc_a-findfp.o)
                0x08010268                __sfp_lock_acquire
 .text.__sfp_lock_release
                0x08010274        0xc /opt/st/stm32cubeide_1.19.0/plugins/com.st.stm32cube.ide.mcu.externaltools.gnu-tools-for-stm32.13.3.rel1.linux64_1.0.0.202410170706/tools/bin/../lib/gcc/arm-none-eabi/13.3.1/../../../../arm-none-eabi/lib/thumb/v7e-m+fp/hard/libc_nano.a(libc_a-findfp.o)
                0x08010274                __sfp_lock_release
 .text.__sinit  0x08010280       0x30 /opt/st/stm32cubeide_1.19.0/plugins/com.st.stm32cube.ide.mcu.externaltools.gnu-tools-for-stm32.13.3.rel1.linux64_1.0.0.202410170706/tools/bin/../lib/gcc/arm-none-eabi/13.3.1/../../../../arm-none-eabi/lib/thumb/v7e-m+fp/hard/libc_nano.a(libc_a-findfp.o)
                0x08010280                __sinit
 .text._fwalk_sglue
                0x080102b0       0x3c /opt/st/stm32cubeide_1.19.0/plugins/com.st.stm32cube.ide.mcu.externaltools.gnu-tools-for-stm32.13.3.rel1.linux64_1.0.0.202410170706/tools/bin/../lib/gcc/arm-none-eabi/13.3.1/../../../../arm-none-eabi/lib/thumb/v7e-m+fp/hard/libc_nano.a(libc_a-fwalk.o)
                0x080102b0                _fwalk_sglue
 .text.printf   0x080102ec       0x24 /opt/st/stm32cubeide_1.19.0/plugins/com.st.stm32cube.ide.mcu.externaltools.gnu-tools-for-stm32.13.3.rel1.linux64_1.0.0.202410170706/tools/bin/../lib/gcc/arm-none-eabi/13.3.1/../../../../arm-none-eabi/lib/thumb/v7e-m+fp/hard/libc_nano.a(libc_a-printf.o)
                0x080102ec                printf
                0x080102ec                iprintf
 .text.putchar  0x08010310       0x10 /opt/st/stm32cubeide_1.19.0/plugins/com.st.stm32cube.ide.mcu.externaltools.gnu-tools-for-stm32.13.3.rel1.linux64_1.0.0.202410170706/tools/bin/../lib/gcc/arm-none-eabi/13.3.1/../../../../arm-none-eabi/lib/thumb/v7e-m+fp/hard/libc_nano.a(libc_a-putchar.o)
                0x08010310                putchar
 .text._puts_r  0x08010320       0xaa /opt/st/stm32cubeide_1.19.0/plugins/com.st.stm32cube.ide.mcu.externaltools.gnu-tools-for-stm32.13.3.rel1.linux64_1.0.0.202410170706/tools/bin/../lib/gcc/arm-none-eabi/13.3.1/../../../../arm-none-eabi/lib/thumb/v7e-m+fp/hard/libc_nano.a(libc_a-puts.o)
                0x08010320                _puts_r
 *fill*         0x080103ca        0x2 
 .text.puts     0x080103cc       0x10 /opt/st/stm32cubeide_1.19.0/plugins/com.st.stm32cube.ide.mcu.externaltools.gnu-tools-for-stm32.13.3.rel1.linux64_1.0.0.202410170706/tools/bin/../lib/gcc/arm-none-eabi/13.3.1/../../../../arm-none-eabi/lib/thumb/v7e-m+fp/hard/libc_nano.a(libc_a-puts.o)
                0x080103cc                puts
 .text.__sread  0x080103dc       0x22 /opt/st/stm32cubeide_1.19.0/plugins/com.st.stm32cube.ide.mcu.externaltools.gnu-tools-for-stm32.13.3.rel1.linux64_1.0.0.202410170706/tools/bin/../lib/gcc/arm-none-eabi/13.3.1/../../../../arm-none-eabi/lib/thumb/v7e-m+fp/hard/libc_nano.a(libc_a-stdio.o)
                0x080103dc                __sread
 .text.__swrite
                0x080103fe       0x38 /opt/st/stm32cubeide_1.19.0/plugins/com.st.stm32cube.ide.mcu.externaltools.gnu-tools-for-stm32.13.3.rel1.linux64_1.0.0.202410170706/tools/bin/../lib/gcc/arm-none-eabi/13.3.1/../../../../arm-none-eabi/lib/thumb/v7e-m+fp/hard/libc_nano.a(libc_a-stdio.o)
                0x080103fe                __swrite
 .text.__sseek  0x08010436       0x24 /opt/st/stm32cubeide_1.19.0/plugins/com.st.stm32cube.ide.mcu.externaltools.gnu-tools-for-stm32.13.3.rel1.linux64_1.0.0.202410170706/tools/bin/../lib/gcc/arm-none-eabi/13.3.1/../../../../arm-none-eabi/lib/thumb/v7e-m+fp/hard/libc_nano.a(libc_a-stdio.o)
                0x08010436                __sseek
 .text.__sclose
                0x0801045a        0x8 /opt/st/stm32cubeide_1.19.0/plugins/com.st.stm32cube.ide.mcu.externaltools.gnu-tools-for-stm32.13.3.rel1.linux64_1.0.0.202410170706/tools/bin/../lib/gcc/arm-none-eabi/13.3.1/../../../../arm-none-eabi/lib/thumb/v7e-m+fp/hard/libc_nano.a(libc_a-stdio.o)
                0x0801045a                __sclose
 .text.__swbuf_r
                0x08010462       0x7c /opt/st/stm32cubeide_1.19.0/plugins/com.st.stm32cube.ide.mcu.externaltools.gnu-tools-for-stm32.13.3.rel1.linux64_1.0.0.202410170706/tools/bin/../lib/gcc/arm-none-eabi/13.3.1/../../../../arm-none-eabi/lib/thumb/v7e-m+fp/hard/libc_nano.a(libc_a-wbuf.o)
                0x08010462                __swbuf_r
 *fill*         0x080104de        0x2 
 .text.__swsetup_r
                0x080104e0       0xac /opt/st/stm32cubeide_1.19.0/plugins/com.st.stm32cube.ide.mcu.externaltools.gnu-tools-for-stm32.13.3.rel1.linux64_1.0.0.202410170706/tools/bin/../lib/gcc/arm-none-eabi/13.3.1/../../../../arm-none-eabi/lib/thumb/v7e-m+fp/hard/libc_nano.a(libc_a-wsetup.o)
                0x080104e0                __swsetup_r
 .text.memset   0x0801058c       0x10 /opt/st/stm32cubeide_1.19.0/plugins/com.st.stm32cube.ide.mcu.externaltools.gnu-tools-for-stm32.13.3.rel1.linux64_1.0.0.202410170706/tools/bin/../lib/gcc/arm-none-eabi/13.3.1/../../../../arm-none-eabi/lib/thumb/v7e-m+fp/hard/libc_nano.a(libc_a-memset.o)
                0x0801058c                memset
 .text._close_r
                0x0801059c       0x20 /opt/st/stm32cubeide_1.19.0/plugins/com.st.stm32cube.ide.mcu.externaltools.gnu-tools-for-stm32.13.3.rel1.linux64_1.0.0.202410170706/tools/bin/../lib/gcc/arm-none-eabi/13.3.1/../../../../arm-none-eabi/lib/thumb/v7e-m+fp/hard/libc_nano.a(libc_a-closer.o)
                0x0801059c                _close_r
 .text._reclaim_reent
                0x080105bc       0xbc /opt/st/stm32cubeide_1.19.0/plugins/com.st.stm32cube.ide.mcu.externaltools.gnu-tools-for-stm32.13.3.rel1.linux64_1.0.0.202410170706/tools/bin/../lib/gcc/arm-none-eabi/13.3.1/../../../../arm-none-eabi/lib/thumb/v7e-m+fp/hard/libc_nano.a(libc_a-reent.o)
                0x080105bc                _reclaim_reent
 .text._lseek_r
                0x08010678       0x24 /opt/st/stm32cubeide_1.19.0/plugins/com.st.stm32cube.ide.mcu.externaltools.gnu-tools-for-stm32.13.3.rel1.linux64_1.0.0.202410170706/tools/bin/../lib/gcc/arm-none-eabi/13.3.1/../../../../arm-none-eabi/lib/thumb/v7e-m+fp/hard/libc_nano.a(libc_a-lseekr.o)
                0x08010678                _lseek_r
 .text._read_r  0x0801069c       0x24 /opt/st/stm32cubeide_1.19.0/plugins/com.st.stm32cube.ide.mcu.externaltools.gnu-tools-for-stm32.13.3.rel1.linux64_1.0.0.202410170706/tools/bin/../lib/gcc/arm-none-eabi/13.3.1/../../../../arm-none-eabi/lib/thumb/v7e-m+fp/hard/libc_nano.a(libc_a-readr.o)
                0x0801069c                _read_r
 .text._write_r
                0x080106c0       0x24 /opt/st/stm32cubeide_1.19.0/plugins/com.st.stm32cube.ide.mcu.externaltools.gnu-tools-for-stm32.13.3.rel1.linux64_1.0.0.202410170706/tools/bin/../lib/gcc/arm-none-eabi/13.3.1/../../../../arm-none-eabi/lib/thumb/v7e-m+fp/hard/libc_nano.a(libc_a-writer.o)
                0x080106c0                _write_r
 .text.__errno  0x080106e4        0xc /opt/st/stm32cubeide_1.19.0/plugins/com.st.stm32cube.ide.mcu.externaltools.gnu-tools-for-stm32.13.3.rel1.linux64_1.0.0.202410170706/tools/bin/../lib/gcc/arm-none-eabi/13.3.1/../../../../arm-none-eabi/lib/thumb/v7e-m+fp/hard/libc_nano.a(libc_a-errno.o)
                0x080106e4                __errno
 .text.__libc_init_array
                0x080106f0       0x48 /opt/st/stm32cubeide_1.19.0/plugins/com.st.stm32cube.ide.mcu.externaltools.gnu-tools-for-stm32.13.3.rel1.linux64_1.0.0.202410170706/tools/bin/../lib/gcc/arm-none-eabi/13.3.1/../../../../arm-none-eabi/lib/thumb/v7e-m+fp/hard/libc_nano.a(libc_a-init.o)
                0x080106f0                __libc_init_array
 .text.__retarget_lock_init_recursive
                0x08010738        0x2 /opt/st/stm32cubeide_1.19.0/plugins/com.st.stm32cube.ide.mcu.externaltools.gnu-tools-for-stm32.13.3.rel1.linux64_1.0.0.202410170706/tools/bin/../lib/gcc/arm-none-eabi/13.3.1/../../../../arm-none-eabi/lib/thumb/v7e-m+fp/hard/libc_nano.a(libc_a-lock.o)
                0x08010738                __retarget_lock_init_recursive
 .text.__retarget_lock_acquire_recursive
                0x0801073a        0x2 /opt/st/stm32cubeide_1.19.0/plugins/com.st.stm32cube.ide.mcu.externaltools.gnu-tools-for-stm32.13.3.rel1.linux64_1.0.0.202410170706/tools/bin/../lib/gcc/arm-none-eabi/13.3.1/../../../../arm-none-eabi/lib/thumb/v7e-m+fp/hard/libc_nano.a(libc_a-lock.o)
                0x0801073a                __retarget_lock_acquire_recursive
 .text.__retarget_lock_release_recursive
                0x0801073c        0x2 /opt/st/stm32cubeide_1.19.0/plugins/com.st.stm32cube.ide.mcu.externaltools.gnu-tools-for-stm32.13.3.rel1.linux64_1.0.0.202410170706/tools/bin/../lib/gcc/arm-none-eabi/13.3.1/../../../../arm-none-eabi/lib/thumb/v7e-m+fp/hard/libc_nano.a(libc_a-lock.o)
                0x0801073c                __retarget_lock_release_recursive
 .text.memcpy   0x0801073e       0x1c /opt/st/stm32cubeide_1.19.0/plugins/com.st.stm32cube.ide.mcu.externaltools.gnu-tools-for-stm32.13.3.rel1.linux64_1.0.0.202410170706/tools/bin/../lib/gcc/arm-none-eabi/13.3.1/../../../../arm-none-eabi/lib/thumb/v7e-m+fp/hard/libc_nano.a(libc_a-memcpy-stub.o)
                0x0801073e                memcpy
 *fill*         0x0801075a        0x2 
 .text._free_r  0x0801075c       0x94 /opt/st/stm32cubeide_1.19.0/plugins/com.st.stm32cube.ide.mcu.externaltools.gnu-tools-for-stm32.13.3.rel1.linux64_1.0.0.202410170706/tools/bin/../lib/gcc/arm-none-eabi/13.3.1/../../../../arm-none-eabi/lib/thumb/v7e-m+fp/hard/libc_nano.a(libc_a-freer.o)
                0x0801075c                _free_r
 .text.sbrk_aligned
                0x080107f0       0x44 /opt/st/stm32cubeide_1.19.0/plugins/com.st.stm32cube.ide.mcu.externaltools.gnu-tools-for-stm32.13.3.rel1.linux64_1.0.0.202410170706/tools/bin/../lib/gcc/arm-none-eabi/13.3.1/../../../../arm-none-eabi/lib/thumb/v7e-m+fp/hard/libc_nano.a(libc_a-mallocr.o)
 .text._malloc_r
                0x08010834      0x100 /opt/st/stm32cubeide_1.19.0/plugins/com.st.stm32cube.ide.mcu.externaltools.gnu-tools-for-stm32.13.3.rel1.linux64_1.0.0.202410170706/tools/bin/../lib/gcc/arm-none-eabi/13.3.1/../../../../arm-none-eabi/lib/thumb/v7e-m+fp/hard/libc_nano.a(libc_a-mallocr.o)
                0x08010834                _malloc_r
 .text.__malloc_lock
                0x08010934        0xc /opt/st/stm32cubeide_1.19.0/plugins/com.st.stm32cube.ide.mcu.externaltools.gnu-tools-for-stm32.13.3.rel1.linux64_1.0.0.202410170706/tools/bin/../lib/gcc/arm-none-eabi/13.3.1/../../../../arm-none-eabi/lib/thumb/v7e-m+fp/hard/libc_nano.a(libc_a-mlock.o)
                0x08010934                __malloc_lock
 .text.__malloc_unlock
                0x08010940        0xc /opt/st/stm32cubeide_1.19.0/plugins/com.st.stm32cube.ide.mcu.externaltools.gnu-tools-for-stm32.13.3.rel1.linux64_1.0.0.202410170706/tools/bin/../lib/gcc/arm-none-eabi/13.3.1/../../../../arm-none-eabi/lib/thumb/v7e-m+fp/hard/libc_nano.a(libc_a-mlock.o)
                0x08010940                __malloc_unlock
 .text.__sfputc_r
                0x0801094c       0x2e /opt/st/stm32cubeide_1.19.0/plugins/com.st.stm32cube.ide.mcu.externaltools.gnu-tools-for-stm32.13.3.rel1.linux64_1.0.0.202410170706/tools/bin/../lib/gcc/arm-none-eabi/13.3.1/../../../../arm-none-eabi/lib/thumb/v7e-m+fp/hard/libc_nano.a(libc_a-nano-vfprintf.o)
 .text.__sfputs_r
                0x0801097a       0x24 /opt/st/stm32cubeide_1.19.0/plugins/com.st.stm32cube.ide.mcu.externaltools.gnu-tools-for-stm32.13.3.rel1.linux64_1.0.0.202410170706/tools/bin/../lib/gcc/arm-none-eabi/13.3.1/../../../../arm-none-eabi/lib/thumb/v7e-m+fp/hard/libc_nano.a(libc_a-nano-vfprintf.o)
                0x0801097a                __sfputs_r
 *fill*         0x0801099e        0x2 
 .text._vfprintf_r
                0x080109a0      0x230 /opt/st/stm32cubeide_1.19.0/plugins/com.st.stm32cube.ide.mcu.externaltools.gnu-tools-for-stm32.13.3.rel1.linux64_1.0.0.202410170706/tools/bin/../lib/gcc/arm-none-eabi/13.3.1/../../../../arm-none-eabi/lib/thumb/v7e-m+fp/hard/libc_nano.a(libc_a-nano-vfprintf.o)
                0x080109a0                _vfiprintf_r
                0x080109a0                _vfprintf_r
 .text._printf_common
                0x08010bd0       0xda /opt/st/stm32cubeide_1.19.0/plugins/com.st.stm32cube.ide.mcu.externaltools.gnu-tools-for-stm32.13.3.rel1.linux64_1.0.0.202410170706/tools/bin/../lib/gcc/arm-none-eabi/13.3.1/../../../../arm-none-eabi/lib/thumb/v7e-m+fp/hard/libc_nano.a(libc_a-nano-vfprintf_i.o)
                0x08010bd0                _printf_common
 *fill*         0x08010caa        0x2 
 .text._printf_i