../Core/Src/dbgu.c:32:6:__io_putchar	16	static
../Core/Src/dbgu.c:40:7:inkey	16	static
../Core/Src/dbgu.c:79:6:debug_init	16	static
../Core/Src/dbgu.c:87:6:debug_chr	16	static
../Core/Src/dbgu.c:96:6:debug_inkey	8	static
../Core/Src/dbgu.c:103:6:debug_waitkey	16	static
../Core/Src/dbgu.c:122:6:debug_msg	16	static
../Core/Src/dbgu.c:130:6:debug_txt	16	static
../Core/Src/dbgu.c:137:6:debug_txt_limit	16	static
../Core/Src/dbgu.c:149:6:debug_ascii	16	static
../Core/Src/dbgu.c:176:6:debug_hexbuf	24	static
../Core/Src/dbgu.c:186:6:debug_dump	32	static
