../Core/Src/main.c:79:6:semTaskA	16	static
../Core/Src/main.c:92:6:semTaskB	16	static
../Core/Src/main.c:133:5:main	8	static
../Core/Src/main.c:227:6:SystemClock_Config	88	static
../Core/Src/main.c:273:13:MX_ADC3_Init	24	static
../Core/Src/main.c:325:13:MX_I2C1_Init	8	static
../Core/Src/main.c:373:13:MX_RNG_Init	8	static
../Core/Src/main.c:399:13:MX_SPI1_Init	8	static
../Core/Src/main.c:437:13:MX_TIM1_Init	96	static
../Core/Src/main.c:512:13:MX_TIM4_Init	48	static
../Core/Src/main.c:561:13:MX_USART3_UART_Init	8	static
../Core/Src/main.c:594:13:MX_USART6_UART_Init	8	static
../Core/Src/main.c:625:13:MX_DMA_Init	16	static
../Core/Src/main.c:649:13:MX_GPIO_Init	64	static
../Core/Src/main.c:799:6:cdc_tx_complete_cb	4	static
../Core/Src/main.c:803:6:cdc_rxed_cb	16	static
../Core/Src/main.c:807:6:cdc_start_rx	8	static
../Core/Src/main.c:811:6:cdc_transmit	16	static
../Core/Src/main.c:815:6:cdc_chr	16	static
../Core/Src/main.c:819:6:terminal_iface	16	static
../Core/Src/main.c:845:6:StartDefaultTask	24	static
../Core/Src/main.c:878:6:HAL_TIM_PeriodElapsedCallback	16	static
../Core/Src/main.c:896:6:Error_Handler	4	static,ignoring_inline_asm
