../Core/Src/main.c:79:6:semTaskA	2
../Core/Src/main.c:92:6:semTaskB	2
../Core/Src/main.c:133:5:main	1
../Core/Src/main.c:227:6:SystemClock_Config	3
../Core/Src/main.c:273:13:MX_ADC3_Init	3
../Core/Src/main.c:325:13:MX_I2C1_Init	4
../Core/Src/main.c:373:13:MX_RNG_Init	2
../Core/Src/main.c:399:13:MX_SPI1_Init	2
../Core/Src/main.c:437:13:MX_TIM1_Init	7
../Core/Src/main.c:512:13:MX_TIM4_Init	4
../Core/Src/main.c:561:13:MX_USART3_UART_Init	2
../Core/Src/main.c:594:13:MX_USART6_UART_Init	2
../Core/Src/main.c:625:13:MX_DMA_Init	1
../Core/Src/main.c:649:13:MX_GPIO_Init	1
../Core/Src/main.c:799:6:cdc_tx_complete_cb	1
../Core/Src/main.c:803:6:cdc_rxed_cb	1
../Core/Src/main.c:807:6:cdc_start_rx	1
../Core/Src/main.c:811:6:cdc_transmit	1
../Core/Src/main.c:815:6:cdc_chr	1
../Core/Src/main.c:819:6:terminal_iface	4
../Core/Src/main.c:845:6:StartDefaultTask	1
../Core/Src/main.c:878:6:HAL_TIM_PeriodElapsedCallback	2
../Core/Src/main.c:896:6:Error_Handler	1
