../Core/Src/main.c:105:5:main	1
../Core/Src/main.c:200:6:SystemClock_Config	3
../Core/Src/main.c:246:13:MX_ADC3_Init	3
../Core/Src/main.c:298:13:MX_I2C1_Init	4
../Core/Src/main.c:346:13:MX_SPI1_Init	2
../Core/Src/main.c:384:13:MX_TIM1_Init	7
../Core/Src/main.c:459:13:MX_TIM4_Init	4
../Core/Src/main.c:508:13:MX_TIM14_Init	2
../Core/Src/main.c:539:13:MX_USART3_UART_Init	2
../Core/Src/main.c:572:13:MX_USART6_UART_Init	2
../Core/Src/main.c:603:13:MX_DMA_Init	1
../Core/Src/main.c:627:13:MX_GPIO_Init	1
../Core/Src/main.c:774:6:terminal_iface	10
../Core/Src/main.c:807:6:uart6_lab_irq_handler	1
../Core/Src/main.c:820:13:uart_tx_polling	3
../Core/Src/main.c:857:13:uart_rx_polling	2
../Core/Src/main.c:877:6:StartDefaultTask	1
../Core/Src/main.c:933:6:HAL_TIM_PeriodElapsedCallback	2
../Core/Src/main.c:951:6:Error_Handler	1
