../Middlewares/ST/STM32_USB_Host_Library/Core/Src/usbh_ctlreq.c:509:21:USBH_GetNextDesc	0	static
../Middlewares/ST/STM32_USB_Host_Library/Core/Src/usbh_ctlreq.c:531:20:USBH_CtlReq	24	static
../Middlewares/ST/STM32_USB_Host_Library/Core/Src/usbh_ctlreq.c:204:20:USBH_GetDescriptor	8	static
../Middlewares/ST/STM32_USB_Host_Library/Core/Src/usbh_ctlreq.c:112:20:USBH_Get_DevDesc	24	static
../Middlewares/ST/STM32_USB_Host_Library/Core/Src/usbh_ctlreq.c:137:20:USBH_Get_CfgDesc	40	static
../Middlewares/ST/STM32_USB_Host_Library/Core/Src/usbh_ctlreq.c:175:20:USBH_Get_StringDesc	32	static
../Middlewares/ST/STM32_USB_Host_Library/Core/Src/usbh_ctlreq.c:236:20:USBH_SetAddress	0	static
../Middlewares/ST/STM32_USB_Host_Library/Core/Src/usbh_ctlreq.c:260:20:USBH_SetCfg	0	static
../Middlewares/ST/STM32_USB_Host_Library/Core/Src/usbh_ctlreq.c:283:20:USBH_SetInterface	0	static
../Middlewares/ST/STM32_USB_Host_Library/Core/Src/usbh_ctlreq.c:308:20:USBH_ClrFeature	0	static
