2026-01-27 14:01:11,613 [INFO] Activator:176 - 


2026-01-27 14:01:11,614 [INFO] Activator:177 - !SESSION log4j initialized
2026-01-27 14:01:12,945 [INFO] LogOutputStream:77 - [STDOUT_REDIRECT] 
2026-01-27 14:01:14,306 [INFO] ApplicationProperties:184 - Using Application install path: /opt/st/stm32cubeide_1.19.0/plugins/com.st.stm32cube.common.mx_6.15.0.202507011659
2026-01-27 14:01:14,316 [INFO] DbMcusXml:78 - Set database path to: /opt/st/stm32cubeide_1.19.0/plugins/com.st.stm32cube.common.mx_6.15.0.202507011659//db//mcu/
2026-01-27 14:01:14,316 [INFO] ApiDb:274 - Set plugin database path to: /opt/st/stm32cubeide_1.19.0/plugins/com.st.stm32cube.common.mx_6.15.0.202507011659//db//plugins/boardmanager/
2026-01-27 14:01:14,317 [WARN] ApiDb:259 - Overriding images path with different value:  => /opt/st/stm32cubeide_1.19.0/plugins/com.st.stm32cube.common.mx_6.15.0.202507011659//db//plugins/mcufinder/images/
2026-01-27 14:01:14,319 [INFO] ApiDb:250 - Set database path to: /home/student/.stmcufinder/plugins/mcufinder//mcu/
2026-01-27 14:01:14,319 [INFO] DbMcusAds:125 - Set database path to: /home/student/.stmcufinder/plugins/mcufinder//mcu/
2026-01-27 14:01:14,320 [INFO] CrossReferenceDbSqlite:203 - Set database path to: /home/student/.stmcufinder/plugins/mcufinder//mcu/cs/
2026-01-27 14:01:14,397 [INFO] RulesReader:64 - Compatibility file has been processed (317 Rules)
2026-01-27 14:01:14,433 [INFO] DbMcusXml:78 - Set database path to: /opt/st/stm32cubeide_1.19.0/plugins/com.st.stm32cube.common.mx_6.15.0.202507011659//db//mcu/
2026-01-27 14:01:14,433 [INFO] ApiDb:274 - Set plugin database path to: /opt/st/stm32cubeide_1.19.0/plugins/com.st.stm32cube.common.mx_6.15.0.202507011659//db//plugins/boardmanager/
2026-01-27 14:01:14,433 [INFO] ApiDb:261 - Set plugin images path to: /opt/st/stm32cubeide_1.19.0/plugins/com.st.stm32cube.common.mx_6.15.0.202507011659//db//plugins/mcufinder/images/
2026-01-27 14:01:14,433 [WARN] DbFile:41 - Overriding database path with different value: /home/student/.stmcufinder/plugins/mcufinder/ => /home/student/.stmcufinder/plugins/mcufinder
2026-01-27 14:01:14,433 [INFO] ApiDb:250 - Set database path to: /home/student/.stmcufinder/plugins/mcufinder//mcu/
2026-01-27 14:01:14,433 [WARN] DbFile:41 - Overriding database path with different value: /home/student/.stmcufinder/plugins/mcufinder/ => /home/student/.stmcufinder/plugins/mcufinder
2026-01-27 14:01:14,433 [INFO] DbMcusAds:125 - Set database path to: /home/student/.stmcufinder/plugins/mcufinder//mcu/
2026-01-27 14:01:14,434 [WARN] DbFile:41 - Overriding database path with different value: /home/student/.stmcufinder/plugins/mcufinder/ => /home/student/.stmcufinder/plugins/mcufinder
2026-01-27 14:01:14,434 [WARN] DbFile:41 - Overriding database path with different value: /home/student/.stmcufinder/plugins/mcufinder/ => /home/student/.stmcufinder/plugins/mcufinder
2026-01-27 14:01:14,434 [INFO] CrossReferenceDbSqlite:203 - Set database path to: /home/student/.stmcufinder/plugins/mcufinder//mcu/cs/
2026-01-27 14:01:14,470 [INFO] MainPanel:274 - HeapMemory: 268435456
2026-01-27 14:01:14,534 [INFO] DbMcusXml:78 - Set database path to: /opt/st/stm32cubeide_1.19.0/plugins/com.st.stm32cube.common.mx_6.15.0.202507011659//db//mcu/
2026-01-27 14:01:14,534 [INFO] ApiDb:274 - Set plugin database path to: /opt/st/stm32cubeide_1.19.0/plugins/com.st.stm32cube.common.mx_6.15.0.202507011659//db//plugins/boardmanager/
2026-01-27 14:01:14,534 [INFO] ApiDb:261 - Set plugin images path to: /opt/st/stm32cubeide_1.19.0/plugins/com.st.stm32cube.common.mx_6.15.0.202507011659//db//plugins/mcufinder/images/
2026-01-27 14:01:14,535 [WARN] DbFile:41 - Overriding database path with different value: /home/student/.stmcufinder/plugins/mcufinder/ => /home/student/.stmcufinder/plugins/mcufinder
2026-01-27 14:01:14,535 [INFO] ApiDb:250 - Set database path to: /home/student/.stmcufinder/plugins/mcufinder//mcu/
2026-01-27 14:01:14,535 [WARN] DbFile:41 - Overriding database path with different value: /home/student/.stmcufinder/plugins/mcufinder/ => /home/student/.stmcufinder/plugins/mcufinder
2026-01-27 14:01:14,535 [INFO] DbMcusAds:125 - Set database path to: /home/student/.stmcufinder/plugins/mcufinder//mcu/
2026-01-27 14:01:14,535 [WARN] DbFile:41 - Overriding database path with different value: /home/student/.stmcufinder/plugins/mcufinder/ => /home/student/.stmcufinder/plugins/mcufinder
2026-01-27 14:01:14,535 [WARN] DbFile:41 - Overriding database path with different value: /home/student/.stmcufinder/plugins/mcufinder/ => /home/student/.stmcufinder/plugins/mcufinder
2026-01-27 14:01:14,535 [INFO] CrossReferenceDbSqlite:203 - Set database path to: /home/student/.stmcufinder/plugins/mcufinder//mcu/cs/
2026-01-27 14:01:14,545 [INFO] ApplicationProperties:184 - Using Application install path: /opt/st/stm32cubeide_1.19.0/plugins/com.st.stm32cube.common.mx_6.15.0.202507011659
2026-01-27 14:01:14,546 [INFO] PluginManage:196 - Search for loadable plugins [exclusion list=, ]
2026-01-27 14:01:14,546 [INFO] PluginManage:310 - Check plugin analytics
2026-01-27 14:01:14,658 [INFO] AnalyticsPlugin:253 - Accepted Software Licenses: 
2026-01-27 14:01:14,658 [INFO] AnalyticsPlugin:255 - Accepted CMSIS Pack Licenses: 
2026-01-27 14:01:14,658 [INFO] AnalyticsPlugin:257 - Accepted Firmware Licenses: 
2026-01-27 14:01:14,660 [INFO] PluginManage:359 - Loaded plugin analytics (category:tool,tabindex:-1)
2026-01-27 14:01:14,660 [INFO] PluginManage:310 - Check plugin cadmodel
2026-01-27 14:01:14,663 [INFO] CADModel:105 - Init CAD model plugin
2026-01-27 14:01:14,663 [INFO] PluginManage:359 - Loaded plugin cadmodel (category:power,tabindex:5)
2026-01-27 14:01:14,663 [INFO] PluginManage:310 - Check plugin clock
2026-01-27 14:01:14,669 [INFO] PluginManage:359 - Loaded plugin clock (category:base,tabindex:2)
2026-01-27 14:01:14,669 [INFO] PluginManage:310 - Check plugin ddr
2026-01-27 14:01:14,670 [INFO] PluginManage:359 - Loaded plugin ddr (category:tool,tabindex:6)
2026-01-27 14:01:14,670 [INFO] PluginManage:310 - Check plugin filemanager
2026-01-27 14:01:14,774 [INFO] PluginManage:359 - Loaded plugin filemanager (category:base,tabindex:10)
2026-01-27 14:01:14,774 [INFO] PluginManage:310 - Check plugin ipmanager
2026-01-27 14:01:14,778 [INFO] PluginManage:359 - Loaded plugin ipmanager (category:base,tabindex:5)
2026-01-27 14:01:14,778 [INFO] PluginManage:310 - Check plugin lpbam
2026-01-27 14:01:14,806 [INFO] PluginManage:359 - Loaded plugin lpbam (category:base,tabindex:0)
2026-01-27 14:01:14,806 [INFO] PluginManage:310 - Check plugin memorymap
2026-01-27 14:01:14,814 [INFO] PluginManage:359 - Loaded plugin memorymap (category:base,tabindex:4)
2026-01-27 14:01:14,814 [INFO] PluginManage:310 - Check plugin pinoutandconfiguration
2026-01-27 14:01:14,833 [INFO] PluginManage:359 - Loaded plugin pinoutandconfiguration (category:base,tabindex:1)
2026-01-27 14:01:14,833 [INFO] PluginManage:310 - Check plugin pinoutconfig
2026-01-27 14:01:14,909 [WARN] SupportedApi:132 - Cannot load RTOS API schema: s4s-elt-must-match.1: The content of 'definitions' must match (annotation?, (simpleType | complexType)?, (unique | key | keyref)*)). A problem was found starting at: attribute.
2026-01-27 14:01:14,993 [INFO] PluginManage:359 - Loaded plugin pinoutconfig (category:base,tabindex:0)
2026-01-27 14:01:14,993 [INFO] PluginManage:310 - Check plugin power
2026-01-27 14:01:14,998 [INFO] PluginManage:359 - Loaded plugin power (category:power,tabindex:4)
2026-01-27 14:01:14,998 [INFO] PluginManage:310 - Check plugin projectmanager
2026-01-27 14:01:15,008 [INFO] PluginManage:359 - Loaded plugin projectmanager (category:projectmanager,tabindex:4)
2026-01-27 14:01:15,008 [INFO] PluginManage:310 - Check plugin rif
2026-01-27 14:01:15,013 [INFO] PluginManage:359 - Loaded plugin rif (category:base,tabindex:3)
2026-01-27 14:01:15,013 [INFO] PluginManage:310 - Check plugin thirdparty
2026-01-27 14:01:15,083 [INFO] PluginManage:359 - Loaded plugin thirdparty (category:base,tabindex:-1)
2026-01-27 14:01:15,083 [INFO] PluginManage:310 - Check plugin tools
2026-01-27 14:01:15,083 [WARN] IntegrityCheckThread:84 - waiting for thirdparty lock release [integrity check]
2026-01-27 14:01:15,083 [INFO] IntegrityCheckThread:86 - entering critical section [integrity check]
2026-01-27 14:01:15,084 [INFO] ThirdPartyUpdaterWithRetryManager:70 - Updater plugin not ready yet. [1/15]
2026-01-27 14:01:15,085 [INFO] PluginManage:359 - Loaded plugin tools (category:base,tabindex:7)
2026-01-27 14:01:15,085 [INFO] PluginManage:310 - Check plugin tutovideos
2026-01-27 14:01:15,198 [INFO] PluginManage:359 - Loaded plugin tutovideos (category:base,tabindex:-1)
2026-01-27 14:01:15,198 [INFO] PluginManage:310 - Check plugin updater
2026-01-27 14:01:15,212 [INFO] PluginManage:359 - Loaded plugin updater (category:base,tabindex:12)
2026-01-27 14:01:15,212 [INFO] PluginManage:310 - Check plugin userauth
2026-01-27 14:01:15,214 [INFO] UserAuth:118 - Init User Auth plugin
2026-01-27 14:01:15,214 [INFO] PluginManage:359 - Loaded plugin userauth (category:base,tabindex:14)
2026-01-27 14:01:15,215 [INFO] PluginManage:283 - PluginManage : Loaded plugins [18]
2026-01-27 14:01:15,316 [INFO] PinOutPanel:1589 - setPackage(No Configuration,No Configuration)
2026-01-27 14:01:15,356 [INFO] CADModel:165 - CPN selected for project level
2026-01-27 14:01:15,356 [INFO] CADModel:114 - Register for checkConnection events
2026-01-27 14:01:15,362 [INFO] IPUIPlugin:80 - create IPUIPlugin
2026-01-27 14:01:15,363 [INFO] PluginManager:220 - loadIPPluginJar : add resmgrutility
2026-01-27 14:01:15,365 [INFO] IPUIPlugin:80 - create IPUIPlugin
2026-01-27 14:01:15,365 [INFO] PluginManager:220 - loadIPPluginJar : add extmemmanager
2026-01-27 14:01:15,366 [INFO] IPUIPlugin:80 - create IPUIPlugin
2026-01-27 14:01:15,366 [INFO] PluginManager:220 - loadIPPluginJar : add hash
2026-01-27 14:01:15,367 [INFO] IPUIPlugin:80 - create IPUIPlugin
2026-01-27 14:01:15,367 [INFO] PluginManager:220 - loadIPPluginJar : add can
2026-01-27 14:01:15,370 [INFO] IPUIPlugin:80 - create IPUIPlugin
2026-01-27 14:01:15,370 [INFO] PluginManager:220 - loadIPPluginJar : add gic
2026-01-27 14:01:15,371 [INFO] IPUIPlugin:80 - create IPUIPlugin
2026-01-27 14:01:15,371 [INFO] PluginManager:220 - loadIPPluginJar : add pdm2pcm
2026-01-27 14:01:15,372 [INFO] IPUIPlugin:80 - create IPUIPlugin
2026-01-27 14:01:15,372 [INFO] PluginManager:220 - loadIPPluginJar : add genericplugin
2026-01-27 14:01:15,374 [INFO] IPUIPlugin:80 - create IPUIPlugin
2026-01-27 14:01:15,374 [INFO] PluginManager:220 - loadIPPluginJar : add i3c
2026-01-27 14:01:15,375 [INFO] IPUIPlugin:80 - create IPUIPlugin
2026-01-27 14:01:15,375 [INFO] PluginManager:220 - loadIPPluginJar : add comp
2026-01-27 14:01:15,378 [INFO] IPUIPlugin:80 - create IPUIPlugin
2026-01-27 14:01:15,378 [INFO] PluginManager:220 - loadIPPluginJar : add dma
2026-01-27 14:01:15,379 [INFO] IPUIPlugin:80 - create IPUIPlugin
2026-01-27 14:01:15,379 [INFO] PluginManager:220 - loadIPPluginJar : add opamp
2026-01-27 14:01:15,380 [INFO] IPUIPlugin:80 - create IPUIPlugin
2026-01-27 14:01:15,381 [INFO] PluginManager:220 - loadIPPluginJar : add lorawan
2026-01-27 14:01:15,382 [INFO] IPUIPlugin:80 - create IPUIPlugin
2026-01-27 14:01:15,382 [INFO] PluginManager:220 - loadIPPluginJar : add cryp
2026-01-27 14:01:15,383 [INFO] IPUIPlugin:80 - create IPUIPlugin
2026-01-27 14:01:15,383 [INFO] PluginManager:220 - loadIPPluginJar : add i2c
2026-01-27 14:01:15,384 [INFO] IPUIPlugin:80 - create IPUIPlugin
2026-01-27 14:01:15,384 [INFO] PluginManager:220 - loadIPPluginJar : add radio
2026-01-27 14:01:15,386 [INFO] IPUIPlugin:80 - create IPUIPlugin
2026-01-27 14:01:15,386 [INFO] PluginManager:220 - loadIPPluginJar : add gpio
2026-01-27 14:01:15,387 [INFO] IPUIPlugin:80 - create IPUIPlugin
2026-01-27 14:01:15,387 [INFO] PluginManager:220 - loadIPPluginJar : add ddr_ctrl_phy
2026-01-27 14:01:15,389 [INFO] IPUIPlugin:80 - create IPUIPlugin
2026-01-27 14:01:15,389 [INFO] PluginManager:220 - loadIPPluginJar : add usart
2026-01-27 14:01:15,390 [INFO] IPUIPlugin:80 - create IPUIPlugin
2026-01-27 14:01:15,390 [INFO] PluginManager:220 - loadIPPluginJar : add tracer_emb
2026-01-27 14:01:15,391 [INFO] IPUIPlugin:80 - create IPUIPlugin
2026-01-27 14:01:15,391 [INFO] PluginManager:220 - loadIPPluginJar : add i2s
2026-01-27 14:01:15,392 [INFO] IPUIPlugin:80 - create IPUIPlugin
2026-01-27 14:01:15,392 [INFO] PluginManager:220 - loadIPPluginJar : add gtzc
2026-01-27 14:01:15,395 [INFO] IPUIPlugin:80 - create IPUIPlugin
2026-01-27 14:01:15,395 [INFO] PluginManager:220 - loadIPPluginJar : add freertos
2026-01-27 14:01:15,397 [INFO] IPUIPlugin:80 - create IPUIPlugin
2026-01-27 14:01:15,397 [INFO] PluginManager:220 - loadIPPluginJar : add nvic
2026-01-27 14:01:15,398 [INFO] IPUIPlugin:80 - create IPUIPlugin
2026-01-27 14:01:15,398 [INFO] PluginManager:220 - loadIPPluginJar : add fatfs
2026-01-27 14:01:15,399 [INFO] IPUIPlugin:80 - create IPUIPlugin
2026-01-27 14:01:15,399 [INFO] PluginManager:220 - loadIPPluginJar : add aes
2026-01-27 14:01:15,400 [INFO] IPUIPlugin:80 - create IPUIPlugin
2026-01-27 14:01:15,400 [INFO] PluginManager:220 - loadIPPluginJar : add tsc
2026-01-27 14:01:15,401 [INFO] IPUIPlugin:80 - create IPUIPlugin
2026-01-27 14:01:15,401 [INFO] PluginManager:220 - loadIPPluginJar : add dfsdm
2026-01-27 14:01:15,402 [INFO] IPUIPlugin:80 - create IPUIPlugin
2026-01-27 14:01:15,402 [INFO] PluginManager:220 - loadIPPluginJar : add sai
2026-01-27 14:01:15,404 [INFO] IPUIPlugin:80 - create IPUIPlugin
2026-01-27 14:01:15,404 [INFO] PluginManager:220 - loadIPPluginJar : add usbx
2026-01-27 14:01:15,407 [INFO] IPUIPlugin:80 - create IPUIPlugin
2026-01-27 14:01:15,408 [INFO] PluginManager:220 - loadIPPluginJar : add stm32_wpan
2026-01-27 14:01:15,408 [INFO] IPUIPlugin:80 - create IPUIPlugin
2026-01-27 14:01:15,408 [INFO] PluginManager:220 - loadIPPluginJar : add quadspi
2026-01-27 14:01:15,409 [INFO] IPUIPlugin:80 - create IPUIPlugin
2026-01-27 14:01:15,409 [INFO] PluginManager:220 - loadIPPluginJar : add ucpd
2026-01-27 14:01:15,411 [INFO] IPUIPlugin:80 - create IPUIPlugin
2026-01-27 14:01:15,411 [INFO] PluginManager:220 - loadIPPluginJar : add fmc
2026-01-27 14:01:15,413 [INFO] IPUIPlugin:80 - create IPUIPlugin
2026-01-27 14:01:15,413 [INFO] PluginManager:220 - loadIPPluginJar : add spi
2026-01-27 14:01:15,413 [INFO] IPUIPlugin:80 - create IPUIPlugin
2026-01-27 14:01:15,414 [INFO] PluginManager:220 - loadIPPluginJar : add tim
2026-01-27 14:01:15,416 [INFO] IPUIPlugin:80 - create IPUIPlugin
2026-01-27 14:01:15,417 [INFO] PluginManager:220 - loadIPPluginJar : add mdma
2026-01-27 14:01:15,420 [INFO] IPUIPlugin:80 - create IPUIPlugin
2026-01-27 14:01:15,420 [INFO] PluginManager:220 - loadIPPluginJar : add adc
2026-01-27 14:01:15,421 [INFO] IPUIPlugin:80 - create IPUIPlugin
2026-01-27 14:01:15,421 [INFO] PluginManager:220 - loadIPPluginJar : add dma3
2026-01-27 14:01:15,424 [INFO] IPUIPlugin:80 - create IPUIPlugin
2026-01-27 14:01:15,425 [INFO] PluginManager:220 - loadIPPluginJar : add plateformsettings
2026-01-27 14:01:15,427 [INFO] IPUIPlugin:80 - create IPUIPlugin
2026-01-27 14:01:15,427 [INFO] PluginManager:220 - loadIPPluginJar : add openamp
2026-01-27 14:01:15,428 [INFO] IPUIPlugin:80 - create IPUIPlugin
2026-01-27 14:01:15,428 [INFO] PluginManager:220 - loadIPPluginJar : add ts
2026-01-27 14:01:15,430 [INFO] IPUIPlugin:80 - create IPUIPlugin
2026-01-27 14:01:15,430 [INFO] PluginManager:220 - loadIPPluginJar : add touchsensing
2026-01-27 14:01:15,431 [INFO] IPUIPlugin:80 - create IPUIPlugin
2026-01-27 14:01:15,431 [INFO] PluginManager:220 - loadIPPluginJar : add ltdc
2026-01-27 14:01:15,435 [INFO] IPUIPlugin:80 - create IPUIPlugin
2026-01-27 14:01:15,435 [INFO] PluginManager:220 - loadIPPluginJar : add linkedlist
2026-01-27 14:01:15,436 [INFO] IPUIPlugin:80 - create IPUIPlugin
2026-01-27 14:01:15,436 [INFO] PluginManager:220 - loadIPPluginJar : add ipddr
2026-01-27 14:01:15,437 [INFO] IPUIPlugin:80 - create IPUIPlugin
2026-01-27 14:01:15,438 [INFO] PluginManager:220 - loadIPPluginJar : add gfxmmu
2026-01-27 14:01:15,527 [FATAL] Updater:351 - Updater called before beeing initialized
2026-01-27 14:01:15,543 [INFO] RulesReader:64 - Compatibility file has been processed (317 Rules)
2026-01-27 14:01:15,551 [INFO] RulesReader:64 - Compatibility file has been processed (317 Rules)
2026-01-27 14:01:15,555 [INFO] CADModel:165 - CPN selected for project level
2026-01-27 14:01:15,555 [INFO] CADModel:114 - Register for checkConnection events
2026-01-27 14:01:15,556 [FATAL] Updater:351 - Updater called before beeing initialized
2026-01-27 14:01:15,556 [ERROR] CADModel:125 - Updater not yet initialized, retry later 
2026-01-27 14:01:15,624 [FATAL] Updater:351 - Updater called before beeing initialized
2026-01-27 14:01:15,624 [INFO] CADModel:165 - CPN selected for project level
2026-01-27 14:01:15,624 [INFO] CADModel:114 - Register for checkConnection events
2026-01-27 14:01:15,625 [FATAL] Updater:351 - Updater called before beeing initialized
2026-01-27 14:01:15,625 [ERROR] CADModel:125 - Updater not yet initialized, retry later 
2026-01-27 14:01:15,627 [FATAL] Updater:351 - Updater called before beeing initialized
2026-01-27 14:01:15,676 [FATAL] Updater:351 - Updater called before beeing initialized
2026-01-27 14:01:15,678 [INFO] DbMcusAds:53 - JSON generation date=Tue Dec 16 00:11:46 CET 2025 (1765840306612)
2026-01-27 14:01:15,678 [FATAL] Updater:351 - Updater called before beeing initialized
2026-01-27 14:01:15,700 [WARN] DetailPanel:346 - Failed to get advertising image, set to default
2026-01-27 14:01:15,754 [FATAL] Updater:351 - Updater called before beeing initialized
2026-01-27 14:01:15,755 [FATAL] Updater:351 - Updater called before beeing initialized
2026-01-27 14:01:15,755 [FATAL] Updater:351 - Updater called before beeing initialized
2026-01-27 14:01:15,755 [WARN] DetailPanel:346 - Failed to get advertising image, set to default
2026-01-27 14:01:15,756 [FATAL] Updater:351 - Updater called before beeing initialized
2026-01-27 14:01:15,776 [ERROR] Updater:1198 - MainUpdater not yet initialized. External WinMGr cannot be set.
2026-01-27 14:01:15,777 [INFO] Updater:1134 - Updater Version found : 6.15.0
2026-01-27 14:01:15,787 [INFO] ApplicationProperties:184 - Using Application install path: /opt/st/stm32cubeide_1.19.0/plugins/com.st.stm32cube.common.mx_6.15.0.202507011659
2026-01-27 14:01:16,009 [INFO] MainUpdater:2872 - connection check result : 10
2026-01-27 14:01:16,010 [INFO] MainUpdater:289 - Updater Check For Update Now.
2026-01-27 14:01:16,010 [INFO] MicroXplorer:498 - Change Database Version : DB.6.0.150
2026-01-27 14:01:16,015 [INFO] McuFinderGlobals:63 - Set McuFinder mode to 2 (CubeIDE integrated)
2026-01-27 14:01:16,016 [INFO] UserAuth:171 - activating auth plugin
2026-01-27 14:01:16,018 [INFO] UserAuth:487 - Internet connection configuration mode: 1
2026-01-27 14:01:16,031 [INFO] JxBrowserEngine:152 - Initiate JxBrowser Engine with user profile folder
2026-01-27 14:01:16,178 [INFO] CheckServerUpdateThread:120 - End of CheckServer Thread
2026-01-27 14:01:16,399 [INFO] WebApp:169 - Instantiating new browser for Auth
2026-01-27 14:01:16,801 [INFO] WebApp:463 - Apply proxy settings
2026-01-27 14:01:16,802 [INFO] WebApp:548 - Chromium requires no authentication
2026-01-27 14:01:16,806 [INFO] WebApp:491 - Direct internet connection detected
2026-01-27 14:01:16,818 [INFO] WebApp:900 - Register for checkConnection events
2026-01-27 14:01:16,818 [INFO] WebApp:463 - Apply proxy settings
2026-01-27 14:01:16,818 [INFO] WebApp:548 - Chromium requires no authentication
2026-01-27 14:01:16,819 [INFO] WebApp:491 - Direct internet connection detected
2026-01-27 14:01:16,900 [INFO] WebApp:225 - Starting web application
2026-01-27 14:01:16,900 [INFO] WebApp:593 - Web application path used /opt/st/stm32cubeide_1.19.0/plugins/com.st.stm32cube.common.mx_6.15.0.202507011659/db/plugins/mcufinder/reactClient1/index.html
2026-01-27 14:01:17,123 [INFO] WebApp:191 - Connection restablished
2026-01-27 14:01:18,167 [WARN] PackLoader:240 - Cannot read IP mode file for STMicroelectronics.FP-SNS-MOTENVWB1.1.4.0
2026-01-27 14:01:18,172 [WARN] PackLoader:240 - Cannot read IP mode file for STMicroelectronics.FP-ATR-ASTRA1.2.0.2
2026-01-27 14:01:18,175 [WARN] PackLoader:240 - Cannot read IP mode file for STMicroelectronics.FP-ATR-ASTRA1.2.0.1
2026-01-27 14:01:18,179 [WARN] PackLoader:240 - Cannot read IP mode file for STMicroelectronics.X-CUBE-SMBUS.2.1.0
2026-01-27 14:01:18,184 [WARN] PackLoader:240 - Cannot read IP mode file for STMicroelectronics.X-CUBE-WB05N.1.1.0
2026-01-27 14:01:18,186 [WARN] PackLoader:240 - Cannot read IP mode file for STMicroelectronics.X-CUBE-TOUCHGFX.4.23.0
2026-01-27 14:01:18,207 [WARN] PackLoader:240 - Cannot read IP mode file for STMicroelectronics.X-CUBE-AZRTOS-F7.1.1.0
2026-01-27 14:01:18,214 [WARN] PackLoader:240 - Cannot read IP mode file for STMicroelectronics.FP-SNS-MOTENV1.4.3.2
2026-01-27 14:01:18,258 [WARN] PackLoader:240 - Cannot read IP mode file for STMicroelectronics.X-CUBE-MEMS1.11.0.0
2026-01-27 14:01:18,390 [WARN] PackLoader:240 - Cannot read IP mode file for STMicroelectronics.FP-SNS-MOTENV1.5.1.0
2026-01-27 14:01:18,392 [WARN] PackLoader:240 - Cannot read IP mode file for STMicroelectronics.FP-SNS-FLIGHT1.5.0.2
2026-01-27 14:01:18,407 [WARN] PackLoader:240 - Cannot read IP mode file for STMicroelectronics.X-CUBE-AZRTOS-H7.3.4.0
2026-01-27 14:01:18,414 [WARN] PackLoader:240 - Cannot read IP mode file for STMicroelectronics.X-CUBE-DISPLAY.3.0.0
2026-01-27 14:01:18,420 [WARN] PackLoader:240 - Cannot read IP mode file for STMicroelectronics.X-CUBE-BLE1.7.0.0
2026-01-27 14:01:18,424 [WARN] PackLoader:240 - Cannot read IP mode file for STMicroelectronics.X-CUBE-NFC10.1.0.0
2026-01-27 14:01:18,431 [WARN] PackLoader:240 - Cannot read IP mode file for STMicroelectronics.X-CUBE-BLEMGR.4.0.0
2026-01-27 14:01:18,436 [WARN] PackLoader:240 - Cannot read IP mode file for STMicroelectronics.X-CUBE-ST60.1.1.0
2026-01-27 14:01:18,438 [WARN] PackLoader:240 - Cannot read IP mode file for emotas.I-CUBE-CANOPEN.1.3.0
2026-01-27 14:01:18,442 [WARN] PackLoader:240 - Cannot read IP mode file for STMicroelectronics.X-CUBE-GNSS1.7.1.0
2026-01-27 14:01:18,447 [WARN] PackLoader:240 - Cannot read IP mode file for STMicroelectronics.X-CUBE-BLEMGR.3.1.0
2026-01-27 14:01:18,453 [WARN] PackLoader:240 - Cannot read IP mode file for STMicroelectronics.FP-SNS-STBOX1.2.1.0
2026-01-27 14:01:18,457 [WARN] PackLoader:240 - Cannot read IP mode file for STMicroelectronics.FP-SNS-SMARTAG2.1.2.0
2026-01-27 14:01:18,459 [WARN] PackLoader:240 - Cannot read IP mode file for STMicroelectronics.FP-SNS-FLIGHT1.5.1.0
2026-01-27 14:01:18,508 [WARN] PackLoader:240 - Cannot read IP mode file for STMicroelectronics.X-CUBE-MEMS1.11.1.0
2026-01-27 14:01:18,619 [INFO] LogOutputStream:77 - [STDOUT_REDIRECT] 1 : Invalid condition id : UX_CORESTACK_Condition cause : null
2026-01-27 14:01:18,620 [INFO] LogOutputStream:77 - [STDOUT_REDIRECT] 1 : Invalid condition id : UX_CORESTACK_Condition cause : null
2026-01-27 14:01:18,620 [INFO] LogOutputStream:77 - [STDOUT_REDIRECT] 1 : Invalid condition id : UX_CORESTACK_Condition cause : null
2026-01-27 14:01:18,620 [INFO] LogOutputStream:77 - [STDOUT_REDIRECT] 1 : Invalid condition id : UX_CORESTACK_Condition cause : null
2026-01-27 14:01:18,620 [INFO] LogOutputStream:77 - [STDOUT_REDIRECT] 1 : Invalid condition id : UX_CORESTACK_Condition cause : null
2026-01-27 14:01:18,622 [WARN] PackLoader:240 - Cannot read IP mode file for STMicroelectronics.X-CUBE-AZRTOS-WL.2.0.0
2026-01-27 14:01:18,625 [WARN] PackLoader:240 - Cannot read IP mode file for STMicroelectronics.FP-SNS-MOTENV1.5.0.0
2026-01-27 14:01:18,638 [WARN] PackLoader:240 - Cannot read IP mode file for STMicroelectronics.X-CUBE-AZRTOS-H7RS.1.2.0
2026-01-27 14:01:18,641 [WARN] PackLoader:240 - Cannot read IP mode file for wolfSSL.I-CUBE-wolfMQTT.1.19.0
2026-01-27 14:01:18,644 [WARN] PackLoader:240 - Cannot read IP mode file for WES.I-CUBE-Cesium.1.3.0
2026-01-27 14:01:18,647 [WARN] PackLoader:240 - Cannot read IP mode file for STMicroelectronics.X-CUBE-BLE2.3.3.0
2026-01-27 14:01:18,659 [WARN] PackLoader:240 - Cannot read IP mode file for STMicroelectronics.X-CUBE-NFC9.1.0.0
2026-01-27 14:01:18,662 [WARN] PackLoader:240 - Cannot read IP mode file for STMicroelectronics.X-CUBE-BLE1.7.1.0
2026-01-27 14:01:18,664 [WARN] PackLoader:240 - Cannot read IP mode file for STMicroelectronics.X-CUBE-TCPP.4.1.0
2026-01-27 14:01:18,671 [WARN] PackLoader:240 - Cannot read IP mode file for STMicroelectronics.X-CUBE-FREERTOS.1.4.0
2026-01-27 14:01:18,676 [WARN] PackLoader:240 - Cannot read IP mode file for STMicroelectronics.X-CUBE-EEPRMA1.5.2.0
2026-01-27 14:01:18,680 [WARN] PackLoader:240 - Cannot read IP mode file for STMicroelectronics.X-CUBE-ST67W61.1.1.0
2026-01-27 14:01:18,709 [WARN] PackLoader:240 - Cannot read IP mode file for STMicroelectronics.X-CUBE-MEMS1.12.0.0
2026-01-27 14:01:18,759 [WARN] PackLoader:240 - Cannot read IP mode file for STMicroelectronics.X-CUBE-ALGOBUILD.1.3.0
2026-01-27 14:01:18,767 [WARN] PackLoader:240 - Cannot read IP mode file for STMicroelectronics.X-CUBE-AZRTOS-G0.1.1.0
2026-01-27 14:01:18,772 [WARN] PackLoader:240 - Cannot read IP mode file for STMicroelectronics.X-CUBE-SAFEA1.1.2.2
2026-01-27 14:01:18,775 [WARN] PackLoader:240 - Cannot read IP mode file for STMicroelectronics.X-CUBE-NFC4.3.0.0
2026-01-27 14:01:18,780 [WARN] PackLoader:240 - Cannot read IP mode file for EmbeddedOffice.I-CUBE-FS-RTOS.1.0.1
2026-01-27 14:01:18,783 [WARN] PackLoader:240 - Cannot read IP mode file for STMicroelectronics.X-CUBE-WB05N.2.0.0
2026-01-27 14:01:18,787 [WARN] PackLoader:240 - Cannot read IP mode file for STMicroelectronics.X-CUBE-BLEMGR.3.0.0
2026-01-27 14:01:18,791 [WARN] PackLoader:240 - Cannot read IP mode file for STMicroelectronics.X-CUBE-TCPP.4.2.0
2026-01-27 14:01:18,794 [WARN] PackLoader:240 - Cannot read IP mode file for RealThread.X-CUBE-RT-Thread_Nano.4.1.1
2026-01-27 14:01:18,796 [WARN] PackLoader:240 - Cannot read IP mode file for STMicroelectronics.FP-ATR-SIGFOX1.3.2.0
2026-01-27 14:01:18,798 [WARN] ConditionMgr:438 - getConditionDescription Invalid condition id : Cortex-A Device cause : null
2026-01-27 14:01:18,801 [WARN] ConditionMgr:1044 - genDependencies : Invalid condition id : Cortex-A Device cause : null
2026-01-27 14:01:18,801 [WARN] ConditionMgr:1044 - genDependencies : Invalid condition id : Cortex-A Device cause : null
2026-01-27 14:01:18,801 [WARN] ConditionMgr:1044 - genDependencies : Invalid condition id : Cortex-A Device cause : null
2026-01-27 14:01:18,804 [WARN] PackLoader:240 - Cannot read IP mode file for STMicroelectronics.X-CUBE-EEPRMA1.5.1.0
2026-01-27 14:01:18,809 [WARN] PackLoader:240 - Cannot read IP mode file for STMicroelectronics.X-CUBE-NFC6.3.2.0
2026-01-27 14:01:18,818 [WARN] PackLoader:240 - Cannot read IP mode file for STMicroelectronics.X-CUBE-AI.10.2.0
2026-01-27 14:01:18,836 [WARN] PackLoader:240 - Cannot read IP mode file for SEGGER.I-CUBE-embOS.1.3.1
2026-01-27 14:01:18,856 [WARN] PackLoader:240 - Cannot read IP mode file for STMicroelectronics.X-CUBE-ALGOBUILD.1.4.0
2026-01-27 14:01:18,884 [WARN] PackLoader:240 - Cannot read IP mode file for STMicroelectronics.X-CUBE-MEMS1.11.3.0
2026-01-27 14:01:18,951 [WARN] PackLoader:240 - Cannot read IP mode file for STMicroelectronics.X-CUBE-AI.9.1.0
2026-01-27 14:01:18,953 [WARN] PackLoader:240 - Cannot read IP mode file for STMicroelectronics.X-CUBE-PM33A1.1.0.0
2026-01-27 14:01:18,956 [WARN] PackLoader:240 - Cannot read IP mode file for STMicroelectronics.X-CUBE-GNSS1.6.0.0
2026-01-27 14:01:18,966 [WARN] PackLoader:240 - Cannot read IP mode file for STMicroelectronics.X-CUBE-AZRTOS-F4.1.1.0
2026-01-27 14:01:18,970 [WARN] PackLoader:240 - Cannot read IP mode file for wolfSSL.I-CUBE-wolfSSL.5.6.4
2026-01-27 14:01:18,972 [WARN] PackLoader:240 - Cannot read IP mode file for STMicroelectronics.X-CUBE-ISPU.2.1.0
2026-01-27 14:01:18,980 [WARN] PackLoader:240 - Cannot read IP mode file for STMicroelectronics.X-CUBE-IPS.3.2.0
2026-01-27 14:01:18,985 [WARN] PackLoader:240 - Cannot read IP mode file for STMicroelectronics.X-CUBE-FREERTOS.1.2.0
2026-01-27 14:01:18,989 [WARN] PackLoader:240 - Cannot read IP mode file for STMicroelectronics.X-CUBE-NFC12.1.0.0
2026-01-27 14:01:19,009 [WARN] PackLoader:240 - Cannot read IP mode file for STMicroelectronics.X-CUBE-AZRTOS-L5.2.0.0
2026-01-27 14:01:19,018 [WARN] PackLoader:240 - Cannot read IP mode file for STMicroelectronics.X-CUBE-EEPRMA1.4.2.0
2026-01-27 14:01:19,025 [WARN] PackLoader:240 - Cannot read IP mode file for STMicroelectronics.X-CUBE-NFC6.3.1.0
2026-01-27 14:01:19,029 [WARN] PackLoader:240 - Cannot read IP mode file for ITTIA_DB.I-CUBE-ITTIADB.8.8.0
2026-01-27 14:01:19,036 [WARN] PackLoader:240 - Cannot read IP mode file for STMicroelectronics.X-CUBE-DPower.1.2.0
2026-01-27 14:01:19,039 [WARN] PackLoader:240 - Cannot read IP mode file for STMicroelectronics.X-CUBE-FREERTOS.1.3.1
2026-01-27 14:01:19,043 [WARN] PackLoader:240 - Cannot read IP mode file for STMicroelectronics.X-CUBE-FREERTOS.1.3.0
2026-01-27 14:01:19,046 [WARN] PackLoader:240 - Cannot read IP mode file for STMicroelectronics.X-CUBE-NFC7.1.0.1
2026-01-27 14:01:19,048 [WARN] PackLoader:240 - Cannot read IP mode file for STMicroelectronics.X-CUBE-TOUCHGFX.4.26.0
2026-01-27 14:01:19,053 [WARN] PackLoader:240 - Cannot read IP mode file for STMicroelectronics.X-CUBE-NFC6.3.0.0
2026-01-27 14:01:19,058 [WARN] PackLoader:240 - Cannot read IP mode file for STMicroelectronics.FP-SNS-STAIOTCFT.1.0.0
2026-01-27 14:01:19,062 [WARN] PackLoader:240 - Cannot read IP mode file for STMicroelectronics.X-CUBE-DPower.1.3.0
2026-01-27 14:01:19,063 [WARN] PackLoader:240 - Cannot read IP mode file for STMicroelectronics.X-CUBE-AI.8.1.0
2026-01-27 14:01:19,076 [WARN] ConditionMgr:438 - getConditionDescription Invalid condition id : LAN8742 Phy interface Condition cause : null
2026-01-27 14:01:19,077 [WARN] PackLoader:240 - Cannot read IP mode file for STMicroelectronics.X-CUBE-AZRTOS-L4.2.0.0
2026-01-27 14:01:19,078 [WARN] ConditionMgr:1044 - genDependencies : Invalid condition id : LAN8742 Phy interface Condition cause : null
2026-01-27 14:01:19,078 [WARN] ConditionMgr:1044 - genDependencies : Invalid condition id : LAN8742 Phy interface Condition cause : null
2026-01-27 14:01:19,079 [WARN] ConditionMgr:1044 - genDependencies : Invalid condition id : LAN8742 Phy interface Condition cause : null
2026-01-27 14:01:19,083 [WARN] PackLoader:240 - Cannot read IP mode file for STMicroelectronics.X-CUBE-SFXS2LP1.4.0.0
2026-01-27 14:01:19,086 [WARN] PackLoader:240 - Cannot read IP mode file for STMicroelectronics.X-CUBE-ST67W61.1.2.0
2026-01-27 14:01:19,102 [WARN] PackLoader:240 - Cannot read IP mode file for STMicroelectronics.X-CUBE-AZRTOS-H7.3.3.0
2026-01-27 14:01:19,109 [WARN] PackLoader:240 - Cannot read IP mode file for STMicroelectronics.X-CUBE-BLEMGR.4.1.0
2026-01-27 14:01:19,115 [WARN] PackLoader:240 - Cannot read IP mode file for STMicroelectronics.X-CUBE-IPS.3.0.0
2026-01-27 14:01:19,123 [WARN] ConditionMgr:438 - getConditionDescription Invalid condition id : UX DEVICE CLASS RTOS Condition cause : null
2026-01-27 14:01:19,123 [WARN] ConditionMgr:438 - getConditionDescription Invalid condition id : UX DEVICE CLASS RTOS Condition cause : null
2026-01-27 14:01:19,124 [WARN] PackLoader:240 - Cannot read IP mode file for STMicroelectronics.X-CUBE-AZRTOS-WB.2.0.0
2026-01-27 14:01:19,125 [WARN] ConditionMgr:1044 - genDependencies : Invalid condition id : UX DEVICE CLASS RTOS Condition cause : null
2026-01-27 14:01:19,125 [WARN] ConditionMgr:1044 - genDependencies : Invalid condition id : UX DEVICE CLASS RTOS Condition cause : null
2026-01-27 14:01:19,125 [WARN] ConditionMgr:1044 - genDependencies : Invalid condition id : UX DEVICE CLASS RTOS Condition cause : null
2026-01-27 14:01:19,125 [WARN] ConditionMgr:1044 - genDependencies : Invalid condition id : UX DEVICE CLASS RTOS Condition cause : null
2026-01-27 14:01:19,125 [WARN] ConditionMgr:1044 - genDependencies : Invalid condition id : UX DEVICE CLASS RTOS Condition cause : null
2026-01-27 14:01:19,128 [WARN] PackLoader:240 - Cannot read IP mode file for STMicroelectronics.X-CUBE-GNSS1.7.0.0
2026-01-27 14:01:19,130 [WARN] PackLoader:240 - Cannot read IP mode file for STMicroelectronics.X-CUBE-GNSS1.7.0.1
2026-01-27 14:01:19,133 [WARN] PackLoader:240 - Cannot read IP mode file for STMicroelectronics.FP-SNS-STBOX1.2.0.0
2026-01-27 14:01:19,137 [WARN] PackLoader:240 - Cannot read IP mode file for STMicroelectronics.X-CUBE-STSE01.2.0.0
2026-01-27 14:01:19,142 [WARN] PackLoader:240 - Cannot read IP mode file for STMicroelectronics.X-CUBE-SUBG2.5.0.0
2026-01-27 14:01:19,153 [WARN] PackLoader:240 - Cannot read IP mode file for STMicroelectronics.X-CUBE-AZRTOS-H7RS.1.1.0
2026-01-27 14:01:19,155 [WARN] PackLoader:240 - Cannot read IP mode file for Cesanta.I-CUBE-Mongoose.7.13.0
2026-01-27 14:01:19,162 [WARN] PackLoader:240 - Cannot read IP mode file for STMicroelectronics.X-CUBE-AZRTOS-G4.2.0.0
2026-01-27 14:01:19,168 [WARN] PackLoader:240 - Cannot read IP mode file for Infineon.AIROC-Wi-Fi-Bluetooth-STM32.1.5.1
2026-01-27 14:01:19,171 [WARN] PackLoader:240 - Cannot read IP mode file for STMicroelectronics.X-CUBE-NFC7.2.0.0
2026-01-27 14:01:19,174 [WARN] PackLoader:240 - Cannot read IP mode file for STMicroelectronics.FP-SNS-MOTENVWB1.1.3.1
2026-01-27 14:01:19,176 [WARN] PackLoader:240 - Cannot read IP mode file for STMicroelectronics.X-CUBE-ISPU.2.0.0
2026-01-27 14:01:19,181 [WARN] PackLoader:240 - Cannot read IP mode file for STMicroelectronics.X-CUBE-IPS.3.1.0
2026-01-27 14:01:19,185 [WARN] PackLoader:240 - Cannot read IP mode file for STMicroelectronics.X-CUBE-ALS.1.0.2
2026-01-27 14:01:19,203 [WARN] PackLoader:240 - Cannot read IP mode file for STMicroelectronics.X-CUBE-MEMS1.10.0.0
2026-01-27 14:01:19,260 [WARN] PackLoader:240 - Cannot read IP mode file for STMicroelectronics.X-CUBE-FREERTOS.1.1.0
2026-01-27 14:01:19,262 [WARN] PackLoader:240 - Cannot read IP mode file for STMicroelectronics.X-CUBE-TOUCHGFX.4.24.2
2026-01-27 14:01:19,263 [WARN] PackLoader:240 - Cannot read IP mode file for STMicroelectronics.X-CUBE-TOUCHGFX.4.24.1
2026-01-27 14:01:19,265 [WARN] PackLoader:240 - Cannot read IP mode file for STMicroelectronics.X-CUBE-STSE01.1.0.0
2026-01-27 14:01:19,267 [WARN] PackLoader:240 - Cannot read IP mode file for wolfSSL.I-CUBE-wolfTPM.3.4.0
2026-01-27 14:01:19,269 [WARN] PackLoader:240 - Cannot read IP mode file for portGmbH.I-Cube-SoM-uGOAL.1.1.0
2026-01-27 14:01:19,270 [WARN] PackLoader:240 - Cannot read IP mode file for STMicroelectronics.X-CUBE-ALS.1.0.1
2026-01-27 14:01:19,279 [WARN] PackLoader:240 - Cannot read IP mode file for STMicroelectronics.X-CUBE-AZRTOS-H7RS.1.0.0
2026-01-27 14:01:19,282 [WARN] PackLoader:240 - Cannot read IP mode file for STMicroelectronics.FP-ATR-ASTRA1.2.0.0
2026-01-27 14:01:19,286 [WARN] PackLoader:240 - Cannot read IP mode file for STMicroelectronics.X-CUBE-TOF1.3.4.2
2026-01-27 14:01:19,296 [WARN] PackLoader:240 - Cannot read IP mode file for STMicroelectronics.X-CUBE-TOF1.3.4.3
2026-01-27 14:01:19,305 [WARN] PackLoader:240 - Cannot read IP mode file for STMicroelectronics.X-CUBE-TOF1.3.4.0
2026-01-27 14:01:19,318 [WARN] PackLoader:240 - Cannot read IP mode file for STMicroelectronics.X-CUBE-AZRTOS-H7.3.2.0
2026-01-27 14:01:19,321 [WARN] PackLoader:240 - Cannot read IP mode file for wolfSSL.I-CUBE-wolfSSH.1.4.17
2026-01-27 14:01:19,321 [INFO] ThirdParty:978 - Integrity check success = true
2026-01-27 14:01:19,321 [INFO] IntegrityCheckThread:100 - exiting critical section [integrity check]
2026-01-27 14:01:19,321 [INFO] IntegrityCheckThread:103 - End integrity checks thread
