2025-12-09 13:18:45,252 [INFO] Activator:176 - 


2025-12-09 13:18:45,255 [INFO] Activator:177 - !SESSION log4j initialized
2025-12-09 13:18:48,682 [INFO] LogOutputStream:77 - [STDOUT_REDIRECT] 
2025-12-09 13:18:49,098 [INFO] ApplicationProperties:184 - Using Application install path: /opt/st/stm32cubeide_1.19.0/plugins/com.st.stm32cube.common.mx_6.15.0.202507011659
2025-12-09 13:18:49,111 [INFO] DbMcusXml:78 - Set database path to: /opt/st/stm32cubeide_1.19.0/plugins/com.st.stm32cube.common.mx_6.15.0.202507011659//db//mcu/
2025-12-09 13:18:49,112 [INFO] ApiDb:274 - Set plugin database path to: /opt/st/stm32cubeide_1.19.0/plugins/com.st.stm32cube.common.mx_6.15.0.202507011659//db//plugins/boardmanager/
2025-12-09 13:18:49,112 [WARN] ApiDb:259 - Overriding images path with different value:  => /opt/st/stm32cubeide_1.19.0/plugins/com.st.stm32cube.common.mx_6.15.0.202507011659//db//plugins/mcufinder/images/
2025-12-09 13:18:49,116 [INFO] ApiDb:250 - Set database path to: /home/student/.stmcufinder/plugins/mcufinder//mcu/
2025-12-09 13:18:49,117 [INFO] DbMcusAds:125 - Set database path to: /home/student/.stmcufinder/plugins/mcufinder//mcu/
2025-12-09 13:18:49,120 [INFO] CrossReferenceDbSqlite:203 - Set database path to: /home/student/.stmcufinder/plugins/mcufinder//mcu/cs/
2025-12-09 13:18:49,201 [INFO] RulesReader:64 - Compatibility file has been processed (317 Rules)
2025-12-09 13:18:49,240 [INFO] DbMcusXml:78 - Set database path to: /opt/st/stm32cubeide_1.19.0/plugins/com.st.stm32cube.common.mx_6.15.0.202507011659//db//mcu/
2025-12-09 13:18:49,240 [INFO] ApiDb:274 - Set plugin database path to: /opt/st/stm32cubeide_1.19.0/plugins/com.st.stm32cube.common.mx_6.15.0.202507011659//db//plugins/boardmanager/
2025-12-09 13:18:49,240 [INFO] ApiDb:261 - Set plugin images path to: /opt/st/stm32cubeide_1.19.0/plugins/com.st.stm32cube.common.mx_6.15.0.202507011659//db//plugins/mcufinder/images/
2025-12-09 13:18:49,240 [WARN] DbFile:41 - Overriding database path with different value: /home/student/.stmcufinder/plugins/mcufinder/ => /home/student/.stmcufinder/plugins/mcufinder
2025-12-09 13:18:49,240 [INFO] ApiDb:250 - Set database path to: /home/student/.stmcufinder/plugins/mcufinder//mcu/
2025-12-09 13:18:49,241 [WARN] DbFile:41 - Overriding database path with different value: /home/student/.stmcufinder/plugins/mcufinder/ => /home/student/.stmcufinder/plugins/mcufinder
2025-12-09 13:18:49,241 [INFO] DbMcusAds:125 - Set database path to: /home/student/.stmcufinder/plugins/mcufinder//mcu/
2025-12-09 13:18:49,241 [WARN] DbFile:41 - Overriding database path with different value: /home/student/.stmcufinder/plugins/mcufinder/ => /home/student/.stmcufinder/plugins/mcufinder
2025-12-09 13:18:49,241 [WARN] DbFile:41 - Overriding database path with different value: /home/student/.stmcufinder/plugins/mcufinder/ => /home/student/.stmcufinder/plugins/mcufinder
2025-12-09 13:18:49,241 [INFO] CrossReferenceDbSqlite:203 - Set database path to: /home/student/.stmcufinder/plugins/mcufinder//mcu/cs/
2025-12-09 13:18:49,284 [INFO] MainPanel:274 - HeapMemory: 268435456
2025-12-09 13:18:49,367 [INFO] DbMcusXml:78 - Set database path to: /opt/st/stm32cubeide_1.19.0/plugins/com.st.stm32cube.common.mx_6.15.0.202507011659//db//mcu/
2025-12-09 13:18:49,367 [INFO] ApiDb:274 - Set plugin database path to: /opt/st/stm32cubeide_1.19.0/plugins/com.st.stm32cube.common.mx_6.15.0.202507011659//db//plugins/boardmanager/
2025-12-09 13:18:49,367 [INFO] ApiDb:261 - Set plugin images path to: /opt/st/stm32cubeide_1.19.0/plugins/com.st.stm32cube.common.mx_6.15.0.202507011659//db//plugins/mcufinder/images/
2025-12-09 13:18:49,367 [WARN] DbFile:41 - Overriding database path with different value: /home/student/.stmcufinder/plugins/mcufinder/ => /home/student/.stmcufinder/plugins/mcufinder
2025-12-09 13:18:49,367 [INFO] ApiDb:250 - Set database path to: /home/student/.stmcufinder/plugins/mcufinder//mcu/
2025-12-09 13:18:49,367 [WARN] DbFile:41 - Overriding database path with different value: /home/student/.stmcufinder/plugins/mcufinder/ => /home/student/.stmcufinder/plugins/mcufinder
2025-12-09 13:18:49,367 [INFO] DbMcusAds:125 - Set database path to: /home/student/.stmcufinder/plugins/mcufinder//mcu/
2025-12-09 13:18:49,367 [WARN] DbFile:41 - Overriding database path with different value: /home/student/.stmcufinder/plugins/mcufinder/ => /home/student/.stmcufinder/plugins/mcufinder
2025-12-09 13:18:49,367 [WARN] DbFile:41 - Overriding database path with different value: /home/student/.stmcufinder/plugins/mcufinder/ => /home/student/.stmcufinder/plugins/mcufinder
2025-12-09 13:18:49,368 [INFO] CrossReferenceDbSqlite:203 - Set database path to: /home/student/.stmcufinder/plugins/mcufinder//mcu/cs/
2025-12-09 13:18:49,378 [INFO] ApplicationProperties:184 - Using Application install path: /opt/st/stm32cubeide_1.19.0/plugins/com.st.stm32cube.common.mx_6.15.0.202507011659
2025-12-09 13:18:49,379 [INFO] PluginManage:196 - Search for loadable plugins [exclusion list=, ]
2025-12-09 13:18:49,380 [INFO] PluginManage:310 - Check plugin analytics
2025-12-09 13:18:49,498 [INFO] AnalyticsPlugin:253 - Accepted Software Licenses: 
2025-12-09 13:18:49,498 [INFO] AnalyticsPlugin:255 - Accepted CMSIS Pack Licenses: 
2025-12-09 13:18:49,498 [INFO] AnalyticsPlugin:257 - Accepted Firmware Licenses: 
2025-12-09 13:18:49,500 [INFO] PluginManage:359 - Loaded plugin analytics (category:tool,tabindex:-1)
2025-12-09 13:18:49,500 [INFO] PluginManage:310 - Check plugin cadmodel
2025-12-09 13:18:49,503 [INFO] CADModel:105 - Init CAD model plugin
2025-12-09 13:18:49,503 [INFO] PluginManage:359 - Loaded plugin cadmodel (category:power,tabindex:5)
2025-12-09 13:18:49,503 [INFO] PluginManage:310 - Check plugin clock
2025-12-09 13:18:49,510 [INFO] PluginManage:359 - Loaded plugin clock (category:base,tabindex:2)
2025-12-09 13:18:49,510 [INFO] PluginManage:310 - Check plugin ddr
2025-12-09 13:18:49,511 [INFO] PluginManage:359 - Loaded plugin ddr (category:tool,tabindex:6)
2025-12-09 13:18:49,512 [INFO] PluginManage:310 - Check plugin filemanager
2025-12-09 13:18:49,616 [INFO] PluginManage:359 - Loaded plugin filemanager (category:base,tabindex:10)
2025-12-09 13:18:49,617 [INFO] PluginManage:310 - Check plugin ipmanager
2025-12-09 13:18:49,620 [INFO] PluginManage:359 - Loaded plugin ipmanager (category:base,tabindex:5)
2025-12-09 13:18:49,620 [INFO] PluginManage:310 - Check plugin lpbam
2025-12-09 13:18:49,626 [INFO] PluginManage:359 - Loaded plugin lpbam (category:base,tabindex:0)
2025-12-09 13:18:49,626 [INFO] PluginManage:310 - Check plugin memorymap
2025-12-09 13:18:49,635 [INFO] PluginManage:359 - Loaded plugin memorymap (category:base,tabindex:4)
2025-12-09 13:18:49,635 [INFO] PluginManage:310 - Check plugin pinoutandconfiguration
2025-12-09 13:18:49,640 [INFO] PluginManage:359 - Loaded plugin pinoutandconfiguration (category:base,tabindex:1)
2025-12-09 13:18:49,640 [INFO] PluginManage:310 - Check plugin pinoutconfig
2025-12-09 13:18:49,698 [WARN] SupportedApi:132 - Cannot load RTOS API schema: s4s-elt-must-match.1: The content of 'definitions' must match (annotation?, (simpleType | complexType)?, (unique | key | keyref)*)). A problem was found starting at: attribute.
2025-12-09 13:18:49,785 [INFO] PluginManage:359 - Loaded plugin pinoutconfig (category:base,tabindex:0)
2025-12-09 13:18:49,785 [INFO] PluginManage:310 - Check plugin power
2025-12-09 13:18:49,792 [INFO] PluginManage:359 - Loaded plugin power (category:power,tabindex:4)
2025-12-09 13:18:49,792 [INFO] PluginManage:310 - Check plugin projectmanager
2025-12-09 13:18:49,803 [INFO] PluginManage:359 - Loaded plugin projectmanager (category:projectmanager,tabindex:4)
2025-12-09 13:18:49,803 [INFO] PluginManage:310 - Check plugin rif
2025-12-09 13:18:49,809 [INFO] PluginManage:359 - Loaded plugin rif (category:base,tabindex:3)
2025-12-09 13:18:49,810 [INFO] PluginManage:310 - Check plugin thirdparty
2025-12-09 13:18:49,908 [INFO] PluginManage:359 - Loaded plugin thirdparty (category:base,tabindex:-1)
2025-12-09 13:18:49,908 [WARN] IntegrityCheckThread:84 - waiting for thirdparty lock release [integrity check]
2025-12-09 13:18:49,908 [INFO] PluginManage:310 - Check plugin tools
2025-12-09 13:18:49,908 [INFO] IntegrityCheckThread:86 - entering critical section [integrity check]
2025-12-09 13:18:49,909 [INFO] ThirdPartyUpdaterWithRetryManager:70 - Updater plugin not ready yet. [1/15]
2025-12-09 13:18:49,910 [INFO] PluginManage:359 - Loaded plugin tools (category:base,tabindex:7)
2025-12-09 13:18:49,910 [INFO] PluginManage:310 - Check plugin tutovideos
2025-12-09 13:18:50,044 [INFO] PluginManage:359 - Loaded plugin tutovideos (category:base,tabindex:-1)
2025-12-09 13:18:50,044 [INFO] PluginManage:310 - Check plugin updater
2025-12-09 13:18:50,059 [INFO] PluginManage:359 - Loaded plugin updater (category:base,tabindex:12)
2025-12-09 13:18:50,060 [INFO] PluginManage:310 - Check plugin userauth
2025-12-09 13:18:50,062 [INFO] UserAuth:118 - Init User Auth plugin
2025-12-09 13:18:50,063 [INFO] PluginManage:359 - Loaded plugin userauth (category:base,tabindex:14)
2025-12-09 13:18:50,063 [INFO] PluginManage:283 - PluginManage : Loaded plugins [18]
2025-12-09 13:18:50,180 [INFO] PinOutPanel:1589 - setPackage(No Configuration,No Configuration)
2025-12-09 13:18:50,225 [INFO] CADModel:165 - CPN selected for project level
2025-12-09 13:18:50,225 [INFO] CADModel:114 - Register for checkConnection events
2025-12-09 13:18:50,234 [INFO] IPUIPlugin:80 - create IPUIPlugin
2025-12-09 13:18:50,234 [INFO] PluginManager:220 - loadIPPluginJar : add resmgrutility
2025-12-09 13:18:50,237 [INFO] IPUIPlugin:80 - create IPUIPlugin
2025-12-09 13:18:50,238 [INFO] PluginManager:220 - loadIPPluginJar : add extmemmanager
2025-12-09 13:18:50,239 [INFO] IPUIPlugin:80 - create IPUIPlugin
2025-12-09 13:18:50,239 [INFO] PluginManager:220 - loadIPPluginJar : add hash
2025-12-09 13:18:50,240 [INFO] IPUIPlugin:80 - create IPUIPlugin
2025-12-09 13:18:50,240 [INFO] PluginManager:220 - loadIPPluginJar : add can
2025-12-09 13:18:50,243 [INFO] IPUIPlugin:80 - create IPUIPlugin
2025-12-09 13:18:50,243 [INFO] PluginManager:220 - loadIPPluginJar : add gic
2025-12-09 13:18:50,245 [INFO] IPUIPlugin:80 - create IPUIPlugin
2025-12-09 13:18:50,245 [INFO] PluginManager:220 - loadIPPluginJar : add pdm2pcm
2025-12-09 13:18:50,246 [INFO] IPUIPlugin:80 - create IPUIPlugin
2025-12-09 13:18:50,246 [INFO] PluginManager:220 - loadIPPluginJar : add genericplugin
2025-12-09 13:18:50,247 [INFO] IPUIPlugin:80 - create IPUIPlugin
2025-12-09 13:18:50,247 [INFO] PluginManager:220 - loadIPPluginJar : add i3c
2025-12-09 13:18:50,248 [INFO] IPUIPlugin:80 - create IPUIPlugin
2025-12-09 13:18:50,248 [INFO] PluginManager:220 - loadIPPluginJar : add comp
2025-12-09 13:18:50,252 [INFO] IPUIPlugin:80 - create IPUIPlugin
2025-12-09 13:18:50,252 [INFO] PluginManager:220 - loadIPPluginJar : add dma
2025-12-09 13:18:50,254 [INFO] IPUIPlugin:80 - create IPUIPlugin
2025-12-09 13:18:50,254 [INFO] PluginManager:220 - loadIPPluginJar : add opamp
2025-12-09 13:18:50,255 [INFO] IPUIPlugin:80 - create IPUIPlugin
2025-12-09 13:18:50,255 [INFO] PluginManager:220 - loadIPPluginJar : add lorawan
2025-12-09 13:18:50,256 [INFO] IPUIPlugin:80 - create IPUIPlugin
2025-12-09 13:18:50,257 [INFO] PluginManager:220 - loadIPPluginJar : add cryp
2025-12-09 13:18:50,258 [INFO] IPUIPlugin:80 - create IPUIPlugin
2025-12-09 13:18:50,258 [INFO] PluginManager:220 - loadIPPluginJar : add i2c
2025-12-09 13:18:50,259 [INFO] IPUIPlugin:80 - create IPUIPlugin
2025-12-09 13:18:50,259 [INFO] PluginManager:220 - loadIPPluginJar : add radio
2025-12-09 13:18:50,262 [INFO] IPUIPlugin:80 - create IPUIPlugin
2025-12-09 13:18:50,263 [INFO] PluginManager:220 - loadIPPluginJar : add gpio
2025-12-09 13:18:50,265 [INFO] IPUIPlugin:80 - create IPUIPlugin
2025-12-09 13:18:50,265 [INFO] PluginManager:220 - loadIPPluginJar : add ddr_ctrl_phy
2025-12-09 13:18:50,266 [INFO] IPUIPlugin:80 - create IPUIPlugin
2025-12-09 13:18:50,267 [INFO] PluginManager:220 - loadIPPluginJar : add usart
2025-12-09 13:18:50,268 [INFO] IPUIPlugin:80 - create IPUIPlugin
2025-12-09 13:18:50,268 [INFO] PluginManager:220 - loadIPPluginJar : add tracer_emb
2025-12-09 13:18:50,270 [INFO] IPUIPlugin:80 - create IPUIPlugin
2025-12-09 13:18:50,270 [INFO] PluginManager:220 - loadIPPluginJar : add i2s
2025-12-09 13:18:50,271 [INFO] IPUIPlugin:80 - create IPUIPlugin
2025-12-09 13:18:50,272 [INFO] PluginManager:220 - loadIPPluginJar : add gtzc
2025-12-09 13:18:50,276 [INFO] IPUIPlugin:80 - create IPUIPlugin
2025-12-09 13:18:50,276 [INFO] PluginManager:220 - loadIPPluginJar : add freertos
2025-12-09 13:18:50,278 [INFO] IPUIPlugin:80 - create IPUIPlugin
2025-12-09 13:18:50,279 [INFO] PluginManager:220 - loadIPPluginJar : add nvic
2025-12-09 13:18:50,279 [INFO] IPUIPlugin:80 - create IPUIPlugin
2025-12-09 13:18:50,280 [INFO] PluginManager:220 - loadIPPluginJar : add fatfs
2025-12-09 13:18:50,281 [INFO] IPUIPlugin:80 - create IPUIPlugin
2025-12-09 13:18:50,282 [INFO] PluginManager:220 - loadIPPluginJar : add aes
2025-12-09 13:18:50,283 [INFO] IPUIPlugin:80 - create IPUIPlugin
2025-12-09 13:18:50,283 [INFO] PluginManager:220 - loadIPPluginJar : add tsc
2025-12-09 13:18:50,284 [INFO] IPUIPlugin:80 - create IPUIPlugin
2025-12-09 13:18:50,284 [INFO] PluginManager:220 - loadIPPluginJar : add dfsdm
2025-12-09 13:18:50,286 [INFO] IPUIPlugin:80 - create IPUIPlugin
2025-12-09 13:18:50,286 [INFO] PluginManager:220 - loadIPPluginJar : add sai
2025-12-09 13:18:50,288 [INFO] IPUIPlugin:80 - create IPUIPlugin
2025-12-09 13:18:50,288 [INFO] PluginManager:220 - loadIPPluginJar : add usbx
2025-12-09 13:18:50,293 [INFO] IPUIPlugin:80 - create IPUIPlugin
2025-12-09 13:18:50,293 [INFO] PluginManager:220 - loadIPPluginJar : add stm32_wpan
2025-12-09 13:18:50,294 [INFO] IPUIPlugin:80 - create IPUIPlugin
2025-12-09 13:18:50,294 [INFO] PluginManager:220 - loadIPPluginJar : add quadspi
2025-12-09 13:18:50,295 [INFO] IPUIPlugin:80 - create IPUIPlugin
2025-12-09 13:18:50,295 [INFO] PluginManager:220 - loadIPPluginJar : add ucpd
2025-12-09 13:18:50,298 [INFO] IPUIPlugin:80 - create IPUIPlugin
2025-12-09 13:18:50,298 [INFO] PluginManager:220 - loadIPPluginJar : add fmc
2025-12-09 13:18:50,299 [INFO] IPUIPlugin:80 - create IPUIPlugin
2025-12-09 13:18:50,300 [INFO] PluginManager:220 - loadIPPluginJar : add spi
2025-12-09 13:18:50,301 [INFO] IPUIPlugin:80 - create IPUIPlugin
2025-12-09 13:18:50,301 [INFO] PluginManager:220 - loadIPPluginJar : add tim
2025-12-09 13:18:50,305 [INFO] IPUIPlugin:80 - create IPUIPlugin
2025-12-09 13:18:50,305 [INFO] PluginManager:220 - loadIPPluginJar : add mdma
2025-12-09 13:18:50,309 [INFO] IPUIPlugin:80 - create IPUIPlugin
2025-12-09 13:18:50,309 [INFO] PluginManager:220 - loadIPPluginJar : add adc
2025-12-09 13:18:50,311 [INFO] IPUIPlugin:80 - create IPUIPlugin
2025-12-09 13:18:50,311 [INFO] PluginManager:220 - loadIPPluginJar : add dma3
2025-12-09 13:18:50,315 [INFO] IPUIPlugin:80 - create IPUIPlugin
2025-12-09 13:18:50,317 [INFO] PluginManager:220 - loadIPPluginJar : add plateformsettings
2025-12-09 13:18:50,319 [INFO] IPUIPlugin:80 - create IPUIPlugin
2025-12-09 13:18:50,319 [INFO] PluginManager:220 - loadIPPluginJar : add openamp
2025-12-09 13:18:50,320 [INFO] IPUIPlugin:80 - create IPUIPlugin
2025-12-09 13:18:50,321 [INFO] PluginManager:220 - loadIPPluginJar : add ts
2025-12-09 13:18:50,323 [INFO] IPUIPlugin:80 - create IPUIPlugin
2025-12-09 13:18:50,323 [INFO] PluginManager:220 - loadIPPluginJar : add touchsensing
2025-12-09 13:18:50,324 [INFO] IPUIPlugin:80 - create IPUIPlugin
2025-12-09 13:18:50,324 [INFO] PluginManager:220 - loadIPPluginJar : add ltdc
2025-12-09 13:18:50,328 [INFO] IPUIPlugin:80 - create IPUIPlugin
2025-12-09 13:18:50,329 [INFO] PluginManager:220 - loadIPPluginJar : add linkedlist
2025-12-09 13:18:50,331 [INFO] IPUIPlugin:80 - create IPUIPlugin
2025-12-09 13:18:50,331 [INFO] PluginManager:220 - loadIPPluginJar : add ipddr
2025-12-09 13:18:50,333 [INFO] IPUIPlugin:80 - create IPUIPlugin
2025-12-09 13:18:50,333 [INFO] PluginManager:220 - loadIPPluginJar : add gfxmmu
2025-12-09 13:18:50,424 [FATAL] Updater:351 - Updater called before beeing initialized
2025-12-09 13:18:50,443 [INFO] RulesReader:64 - Compatibility file has been processed (317 Rules)
2025-12-09 13:18:50,451 [INFO] RulesReader:64 - Compatibility file has been processed (317 Rules)
2025-12-09 13:18:50,455 [INFO] CADModel:165 - CPN selected for project level
2025-12-09 13:18:50,456 [INFO] CADModel:114 - Register for checkConnection events
2025-12-09 13:18:50,456 [FATAL] Updater:351 - Updater called before beeing initialized
2025-12-09 13:18:50,456 [ERROR] CADModel:125 - Updater not yet initialized, retry later 
2025-12-09 13:18:50,547 [FATAL] Updater:351 - Updater called before beeing initialized
2025-12-09 13:18:50,549 [INFO] CADModel:165 - CPN selected for project level
2025-12-09 13:18:50,550 [INFO] CADModel:114 - Register for checkConnection events
2025-12-09 13:18:50,550 [FATAL] Updater:351 - Updater called before beeing initialized
2025-12-09 13:18:50,550 [ERROR] CADModel:125 - Updater not yet initialized, retry later 
2025-12-09 13:18:50,552 [FATAL] Updater:351 - Updater called before beeing initialized
2025-12-09 13:18:50,617 [FATAL] Updater:351 - Updater called before beeing initialized
2025-12-09 13:18:50,620 [INFO] DbMcusAds:53 - JSON generation date=Mon Nov 10 11:43:01 CET 2025 (1762771381096)
2025-12-09 13:18:50,620 [FATAL] Updater:351 - Updater called before beeing initialized
2025-12-09 13:18:50,645 [WARN] DetailPanel:346 - Failed to get advertising image, set to default
2025-12-09 13:18:50,700 [FATAL] Updater:351 - Updater called before beeing initialized
2025-12-09 13:18:50,702 [FATAL] Updater:351 - Updater called before beeing initialized
2025-12-09 13:18:50,702 [FATAL] Updater:351 - Updater called before beeing initialized
2025-12-09 13:18:50,702 [WARN] DetailPanel:346 - Failed to get advertising image, set to default
2025-12-09 13:18:50,702 [FATAL] Updater:351 - Updater called before beeing initialized
2025-12-09 13:18:50,725 [ERROR] Updater:1198 - MainUpdater not yet initialized. External WinMGr cannot be set.
2025-12-09 13:18:50,726 [INFO] Updater:1134 - Updater Version found : 6.15.0
2025-12-09 13:18:50,739 [INFO] ApplicationProperties:184 - Using Application install path: /opt/st/stm32cubeide_1.19.0/plugins/com.st.stm32cube.common.mx_6.15.0.202507011659
2025-12-09 13:18:50,995 [INFO] MainUpdater:2872 - connection check result : 10
2025-12-09 13:18:50,996 [INFO] MainUpdater:289 - Updater Check For Update Now.
2025-12-09 13:18:50,996 [INFO] MicroXplorer:498 - Change Database Version : DB.6.0.150
2025-12-09 13:18:51,000 [INFO] McuFinderGlobals:63 - Set McuFinder mode to 2 (CubeIDE integrated)
2025-12-09 13:18:51,000 [INFO] UserAuth:171 - activating auth plugin
2025-12-09 13:18:51,002 [INFO] UserAuth:487 - Internet connection configuration mode: 1
2025-12-09 13:18:51,016 [INFO] JxBrowserEngine:152 - Initiate JxBrowser Engine with user profile folder
2025-12-09 13:18:51,148 [INFO] CheckServerUpdateThread:120 - End of CheckServer Thread
2025-12-09 13:18:51,733 [INFO] WebApp:169 - Instantiating new browser for Auth
2025-12-09 13:18:52,264 [INFO] WebApp:463 - Apply proxy settings
2025-12-09 13:18:52,265 [INFO] WebApp:548 - Chromium requires no authentication
2025-12-09 13:18:52,273 [INFO] WebApp:491 - Direct internet connection detected
2025-12-09 13:18:52,291 [INFO] WebApp:900 - Register for checkConnection events
2025-12-09 13:18:52,291 [INFO] WebApp:463 - Apply proxy settings
2025-12-09 13:18:52,291 [INFO] WebApp:548 - Chromium requires no authentication
2025-12-09 13:18:52,291 [INFO] WebApp:491 - Direct internet connection detected
2025-12-09 13:18:52,396 [INFO] WebApp:225 - Starting web application
2025-12-09 13:18:52,396 [INFO] WebApp:593 - Web application path used /opt/st/stm32cubeide_1.19.0/plugins/com.st.stm32cube.common.mx_6.15.0.202507011659/db/plugins/mcufinder/reactClient1/index.html
2025-12-09 13:18:52,749 [INFO] WebApp:191 - Connection restablished
2025-12-09 13:18:53,049 [WARN] PackLoader:240 - Cannot read IP mode file for STMicroelectronics.FP-SNS-MOTENVWB1.1.4.0
2025-12-09 13:18:53,054 [WARN] PackLoader:240 - Cannot read IP mode file for STMicroelectronics.FP-ATR-ASTRA1.2.0.2
2025-12-09 13:18:53,056 [WARN] PackLoader:240 - Cannot read IP mode file for STMicroelectronics.FP-ATR-ASTRA1.2.0.1
2025-12-09 13:18:53,061 [WARN] PackLoader:240 - Cannot read IP mode file for STMicroelectronics.X-CUBE-SMBUS.2.1.0
2025-12-09 13:18:53,066 [WARN] PackLoader:240 - Cannot read IP mode file for STMicroelectronics.X-CUBE-WB05N.1.1.0
2025-12-09 13:18:53,069 [WARN] PackLoader:240 - Cannot read IP mode file for STMicroelectronics.X-CUBE-TOUCHGFX.4.23.0
2025-12-09 13:18:53,087 [WARN] PackLoader:240 - Cannot read IP mode file for STMicroelectronics.X-CUBE-AZRTOS-F7.1.1.0
2025-12-09 13:18:53,093 [WARN] PackLoader:240 - Cannot read IP mode file for STMicroelectronics.FP-SNS-MOTENV1.4.3.2
2025-12-09 13:18:53,136 [WARN] PackLoader:240 - Cannot read IP mode file for STMicroelectronics.X-CUBE-MEMS1.11.0.0
2025-12-09 13:18:53,274 [WARN] PackLoader:240 - Cannot read IP mode file for STMicroelectronics.FP-SNS-MOTENV1.5.1.0
2025-12-09 13:18:53,277 [WARN] PackLoader:240 - Cannot read IP mode file for STMicroelectronics.FP-SNS-FLIGHT1.5.0.2
2025-12-09 13:18:53,292 [WARN] PackLoader:240 - Cannot read IP mode file for STMicroelectronics.X-CUBE-AZRTOS-H7.3.4.0
2025-12-09 13:18:53,298 [WARN] PackLoader:240 - Cannot read IP mode file for STMicroelectronics.X-CUBE-DISPLAY.3.0.0
2025-12-09 13:18:53,304 [WARN] PackLoader:240 - Cannot read IP mode file for STMicroelectronics.X-CUBE-BLE1.7.0.0
2025-12-09 13:18:53,308 [WARN] PackLoader:240 - Cannot read IP mode file for STMicroelectronics.X-CUBE-NFC10.1.0.0
2025-12-09 13:18:53,314 [WARN] PackLoader:240 - Cannot read IP mode file for STMicroelectronics.X-CUBE-BLEMGR.4.0.0
2025-12-09 13:18:53,319 [WARN] PackLoader:240 - Cannot read IP mode file for STMicroelectronics.X-CUBE-ST60.1.1.0
2025-12-09 13:18:53,322 [WARN] PackLoader:240 - Cannot read IP mode file for emotas.I-CUBE-CANOPEN.1.3.0
2025-12-09 13:18:53,325 [WARN] PackLoader:240 - Cannot read IP mode file for STMicroelectronics.X-CUBE-GNSS1.7.1.0
2025-12-09 13:18:53,331 [WARN] PackLoader:240 - Cannot read IP mode file for STMicroelectronics.X-CUBE-BLEMGR.3.1.0
2025-12-09 13:18:53,336 [WARN] PackLoader:240 - Cannot read IP mode file for STMicroelectronics.FP-SNS-STBOX1.2.1.0
2025-12-09 13:18:53,340 [WARN] PackLoader:240 - Cannot read IP mode file for STMicroelectronics.FP-SNS-SMARTAG2.1.2.0
2025-12-09 13:18:53,342 [WARN] PackLoader:240 - Cannot read IP mode file for STMicroelectronics.FP-SNS-FLIGHT1.5.1.0
2025-12-09 13:18:53,378 [WARN] PackLoader:240 - Cannot read IP mode file for STMicroelectronics.X-CUBE-MEMS1.11.1.0
2025-12-09 13:18:53,508 [INFO] LogOutputStream:77 - [STDOUT_REDIRECT] 1 : Invalid condition id : UX_CORESTACK_Condition cause : null
2025-12-09 13:18:53,509 [INFO] LogOutputStream:77 - [STDOUT_REDIRECT] 1 : Invalid condition id : UX_CORESTACK_Condition cause : null
2025-12-09 13:18:53,510 [INFO] LogOutputStream:77 - [STDOUT_REDIRECT] 1 : Invalid condition id : UX_CORESTACK_Condition cause : null
2025-12-09 13:18:53,511 [INFO] LogOutputStream:77 - [STDOUT_REDIRECT] 1 : Invalid condition id : UX_CORESTACK_Condition cause : null
2025-12-09 13:18:53,513 [INFO] LogOutputStream:77 - [STDOUT_REDIRECT] 1 : Invalid condition id : UX_CORESTACK_Condition cause : null
2025-12-09 13:18:53,515 [WARN] PackLoader:240 - Cannot read IP mode file for STMicroelectronics.X-CUBE-AZRTOS-WL.2.0.0
2025-12-09 13:18:53,518 [WARN] PackLoader:240 - Cannot read IP mode file for STMicroelectronics.FP-SNS-MOTENV1.5.0.0
2025-12-09 13:18:53,533 [WARN] PackLoader:240 - Cannot read IP mode file for STMicroelectronics.X-CUBE-AZRTOS-H7RS.1.2.0
2025-12-09 13:18:53,537 [WARN] PackLoader:240 - Cannot read IP mode file for wolfSSL.I-CUBE-wolfMQTT.1.19.0
2025-12-09 13:18:53,542 [WARN] PackLoader:240 - Cannot read IP mode file for WES.I-CUBE-Cesium.1.3.0
2025-12-09 13:18:53,545 [WARN] PackLoader:240 - Cannot read IP mode file for STMicroelectronics.X-CUBE-BLE2.3.3.0
2025-12-09 13:18:53,558 [WARN] PackLoader:240 - Cannot read IP mode file for STMicroelectronics.X-CUBE-NFC9.1.0.0
2025-12-09 13:18:53,562 [WARN] PackLoader:240 - Cannot read IP mode file for STMicroelectronics.X-CUBE-BLE1.7.1.0
2025-12-09 13:18:53,566 [WARN] PackLoader:240 - Cannot read IP mode file for STMicroelectronics.X-CUBE-TCPP.4.1.0
2025-12-09 13:18:53,571 [WARN] PackLoader:240 - Cannot read IP mode file for STMicroelectronics.X-CUBE-FREERTOS.1.4.0
2025-12-09 13:18:53,575 [WARN] PackLoader:240 - Cannot read IP mode file for STMicroelectronics.X-CUBE-EEPRMA1.5.2.0
2025-12-09 13:18:53,580 [WARN] PackLoader:240 - Cannot read IP mode file for STMicroelectronics.X-CUBE-ST67W61.1.1.0
2025-12-09 13:18:53,619 [WARN] PackLoader:240 - Cannot read IP mode file for STMicroelectronics.X-CUBE-MEMS1.12.0.0
2025-12-09 13:18:53,667 [WARN] PackLoader:240 - Cannot read IP mode file for STMicroelectronics.X-CUBE-ALGOBUILD.1.3.0
2025-12-09 13:18:53,676 [WARN] PackLoader:240 - Cannot read IP mode file for STMicroelectronics.X-CUBE-AZRTOS-G0.1.1.0
2025-12-09 13:18:53,680 [WARN] PackLoader:240 - Cannot read IP mode file for STMicroelectronics.X-CUBE-SAFEA1.1.2.2
2025-12-09 13:18:53,683 [WARN] PackLoader:240 - Cannot read IP mode file for STMicroelectronics.X-CUBE-NFC4.3.0.0
2025-12-09 13:18:53,688 [WARN] PackLoader:240 - Cannot read IP mode file for EmbeddedOffice.I-CUBE-FS-RTOS.1.0.1
2025-12-09 13:18:53,695 [WARN] PackLoader:240 - Cannot read IP mode file for STMicroelectronics.X-CUBE-WB05N.2.0.0
2025-12-09 13:18:53,699 [WARN] PackLoader:240 - Cannot read IP mode file for STMicroelectronics.X-CUBE-BLEMGR.3.0.0
2025-12-09 13:18:53,703 [WARN] PackLoader:240 - Cannot read IP mode file for STMicroelectronics.X-CUBE-TCPP.4.2.0
2025-12-09 13:18:53,706 [WARN] PackLoader:240 - Cannot read IP mode file for RealThread.X-CUBE-RT-Thread_Nano.4.1.1
2025-12-09 13:18:53,707 [WARN] PackLoader:240 - Cannot read IP mode file for STMicroelectronics.FP-ATR-SIGFOX1.3.2.0
2025-12-09 13:18:53,709 [WARN] ConditionMgr:438 - getConditionDescription Invalid condition id : Cortex-A Device cause : null
2025-12-09 13:18:53,712 [WARN] ConditionMgr:1044 - genDependencies : Invalid condition id : Cortex-A Device cause : null
2025-12-09 13:18:53,712 [WARN] ConditionMgr:1044 - genDependencies : Invalid condition id : Cortex-A Device cause : null
2025-12-09 13:18:53,712 [WARN] ConditionMgr:1044 - genDependencies : Invalid condition id : Cortex-A Device cause : null
2025-12-09 13:18:53,715 [WARN] PackLoader:240 - Cannot read IP mode file for STMicroelectronics.X-CUBE-EEPRMA1.5.1.0
2025-12-09 13:18:53,717 [WARN] PackLoader:240 - Cannot read IP mode file for STMicroelectronics.X-CUBE-AI.10.2.0
2025-12-09 13:18:53,733 [WARN] PackLoader:240 - Cannot read IP mode file for SEGGER.I-CUBE-embOS.1.3.1
2025-12-09 13:18:53,752 [WARN] PackLoader:240 - Cannot read IP mode file for STMicroelectronics.X-CUBE-ALGOBUILD.1.4.0
2025-12-09 13:18:53,779 [WARN] PackLoader:240 - Cannot read IP mode file for STMicroelectronics.X-CUBE-MEMS1.11.3.0
2025-12-09 13:18:53,846 [WARN] PackLoader:240 - Cannot read IP mode file for STMicroelectronics.X-CUBE-AI.9.1.0
2025-12-09 13:18:53,847 [WARN] PackLoader:240 - Cannot read IP mode file for STMicroelectronics.X-CUBE-PM33A1.1.0.0
2025-12-09 13:18:53,850 [WARN] PackLoader:240 - Cannot read IP mode file for STMicroelectronics.X-CUBE-GNSS1.6.0.0
2025-12-09 13:18:53,858 [WARN] PackLoader:240 - Cannot read IP mode file for STMicroelectronics.X-CUBE-AZRTOS-F4.1.1.0
2025-12-09 13:18:53,861 [WARN] PackLoader:240 - Cannot read IP mode file for wolfSSL.I-CUBE-wolfSSL.5.6.4
2025-12-09 13:18:53,863 [WARN] PackLoader:240 - Cannot read IP mode file for STMicroelectronics.X-CUBE-ISPU.2.1.0
2025-12-09 13:18:53,870 [WARN] PackLoader:240 - Cannot read IP mode file for STMicroelectronics.X-CUBE-IPS.3.2.0
2025-12-09 13:18:53,874 [WARN] PackLoader:240 - Cannot read IP mode file for STMicroelectronics.X-CUBE-FREERTOS.1.2.0
2025-12-09 13:18:53,877 [WARN] PackLoader:240 - Cannot read IP mode file for STMicroelectronics.X-CUBE-NFC12.1.0.0
2025-12-09 13:18:53,887 [WARN] PackLoader:240 - Cannot read IP mode file for STMicroelectronics.X-CUBE-AZRTOS-L5.2.0.0
2025-12-09 13:18:53,890 [WARN] PackLoader:240 - Cannot read IP mode file for STMicroelectronics.X-CUBE-EEPRMA1.4.2.0
2025-12-09 13:18:53,894 [WARN] PackLoader:240 - Cannot read IP mode file for STMicroelectronics.X-CUBE-NFC6.3.1.0
2025-12-09 13:18:53,897 [WARN] PackLoader:240 - Cannot read IP mode file for ITTIA_DB.I-CUBE-ITTIADB.8.8.0
2025-12-09 13:18:53,899 [WARN] PackLoader:240 - Cannot read IP mode file for STMicroelectronics.X-CUBE-DPower.1.2.0
2025-12-09 13:18:53,902 [WARN] PackLoader:240 - Cannot read IP mode file for STMicroelectronics.X-CUBE-FREERTOS.1.3.1
2025-12-09 13:18:53,904 [WARN] PackLoader:240 - Cannot read IP mode file for STMicroelectronics.X-CUBE-FREERTOS.1.3.0
2025-12-09 13:18:53,906 [WARN] PackLoader:240 - Cannot read IP mode file for STMicroelectronics.X-CUBE-NFC7.1.0.1
2025-12-09 13:18:53,908 [WARN] PackLoader:240 - Cannot read IP mode file for STMicroelectronics.X-CUBE-TOUCHGFX.4.26.0
2025-12-09 13:18:53,911 [WARN] PackLoader:240 - Cannot read IP mode file for STMicroelectronics.X-CUBE-NFC6.3.0.0
2025-12-09 13:18:53,913 [WARN] PackLoader:240 - Cannot read IP mode file for STMicroelectronics.FP-SNS-STAIOTCFT.1.0.0
2025-12-09 13:18:53,915 [WARN] PackLoader:240 - Cannot read IP mode file for STMicroelectronics.X-CUBE-DPower.1.3.0
2025-12-09 13:18:53,918 [WARN] PackLoader:240 - Cannot read IP mode file for STMicroelectronics.X-CUBE-AI.8.1.0
2025-12-09 13:18:53,927 [WARN] ConditionMgr:438 - getConditionDescription Invalid condition id : LAN8742 Phy interface Condition cause : null
2025-12-09 13:18:53,927 [WARN] PackLoader:240 - Cannot read IP mode file for STMicroelectronics.X-CUBE-AZRTOS-L4.2.0.0
2025-12-09 13:18:53,928 [WARN] ConditionMgr:1044 - genDependencies : Invalid condition id : LAN8742 Phy interface Condition cause : null
2025-12-09 13:18:53,928 [WARN] ConditionMgr:1044 - genDependencies : Invalid condition id : LAN8742 Phy interface Condition cause : null
2025-12-09 13:18:53,928 [WARN] ConditionMgr:1044 - genDependencies : Invalid condition id : LAN8742 Phy interface Condition cause : null
2025-12-09 13:18:53,931 [WARN] PackLoader:240 - Cannot read IP mode file for STMicroelectronics.X-CUBE-SFXS2LP1.4.0.0
2025-12-09 13:18:53,942 [WARN] PackLoader:240 - Cannot read IP mode file for STMicroelectronics.X-CUBE-AZRTOS-H7.3.3.0
2025-12-09 13:18:53,948 [WARN] PackLoader:240 - Cannot read IP mode file for STMicroelectronics.X-CUBE-BLEMGR.4.1.0
2025-12-09 13:18:53,956 [WARN] PackLoader:240 - Cannot read IP mode file for STMicroelectronics.X-CUBE-IPS.3.0.0
2025-12-09 13:18:53,963 [WARN] ConditionMgr:438 - getConditionDescription Invalid condition id : UX DEVICE CLASS RTOS Condition cause : null
2025-12-09 13:18:53,963 [WARN] ConditionMgr:438 - getConditionDescription Invalid condition id : UX DEVICE CLASS RTOS Condition cause : null
2025-12-09 13:18:53,964 [WARN] PackLoader:240 - Cannot read IP mode file for STMicroelectronics.X-CUBE-AZRTOS-WB.2.0.0
2025-12-09 13:18:53,964 [WARN] ConditionMgr:1044 - genDependencies : Invalid condition id : UX DEVICE CLASS RTOS Condition cause : null
2025-12-09 13:18:53,965 [WARN] ConditionMgr:1044 - genDependencies : Invalid condition id : UX DEVICE CLASS RTOS Condition cause : null
2025-12-09 13:18:53,965 [WARN] ConditionMgr:1044 - genDependencies : Invalid condition id : UX DEVICE CLASS RTOS Condition cause : null
2025-12-09 13:18:53,965 [WARN] ConditionMgr:1044 - genDependencies : Invalid condition id : UX DEVICE CLASS RTOS Condition cause : null
2025-12-09 13:18:53,965 [WARN] ConditionMgr:1044 - genDependencies : Invalid condition id : UX DEVICE CLASS RTOS Condition cause : null
2025-12-09 13:18:53,968 [WARN] PackLoader:240 - Cannot read IP mode file for STMicroelectronics.X-CUBE-GNSS1.7.0.0
2025-12-09 13:18:53,971 [WARN] PackLoader:240 - Cannot read IP mode file for STMicroelectronics.X-CUBE-GNSS1.7.0.1
2025-12-09 13:18:53,974 [WARN] PackLoader:240 - Cannot read IP mode file for STMicroelectronics.FP-SNS-STBOX1.2.0.0
2025-12-09 13:18:53,979 [WARN] PackLoader:240 - Cannot read IP mode file for STMicroelectronics.X-CUBE-SUBG2.5.0.0
2025-12-09 13:18:53,990 [WARN] PackLoader:240 - Cannot read IP mode file for STMicroelectronics.X-CUBE-AZRTOS-H7RS.1.1.0
2025-12-09 13:18:54,001 [WARN] PackLoader:240 - Cannot read IP mode file for Cesanta.I-CUBE-Mongoose.7.13.0
2025-12-09 13:18:54,009 [WARN] PackLoader:240 - Cannot read IP mode file for STMicroelectronics.X-CUBE-AZRTOS-G4.2.0.0
2025-12-09 13:18:54,017 [WARN] PackLoader:240 - Cannot read IP mode file for Infineon.AIROC-Wi-Fi-Bluetooth-STM32.1.5.1
2025-12-09 13:18:54,021 [WARN] PackLoader:240 - Cannot read IP mode file for STMicroelectronics.X-CUBE-NFC7.2.0.0
2025-12-09 13:18:54,023 [WARN] PackLoader:240 - Cannot read IP mode file for STMicroelectronics.FP-SNS-MOTENVWB1.1.3.1
2025-12-09 13:18:54,025 [WARN] PackLoader:240 - Cannot read IP mode file for STMicroelectronics.X-CUBE-ISPU.2.0.0
2025-12-09 13:18:54,031 [WARN] PackLoader:240 - Cannot read IP mode file for STMicroelectronics.X-CUBE-IPS.3.1.0
2025-12-09 13:18:54,036 [WARN] PackLoader:240 - Cannot read IP mode file for STMicroelectronics.X-CUBE-ALS.1.0.2
2025-12-09 13:18:54,057 [WARN] PackLoader:240 - Cannot read IP mode file for STMicroelectronics.X-CUBE-MEMS1.10.0.0
2025-12-09 13:18:54,132 [WARN] PackLoader:240 - Cannot read IP mode file for STMicroelectronics.X-CUBE-FREERTOS.1.1.0
2025-12-09 13:18:54,134 [WARN] PackLoader:240 - Cannot read IP mode file for STMicroelectronics.X-CUBE-TOUCHGFX.4.24.2
2025-12-09 13:18:54,136 [WARN] PackLoader:240 - Cannot read IP mode file for STMicroelectronics.X-CUBE-TOUCHGFX.4.24.1
2025-12-09 13:18:54,139 [WARN] PackLoader:240 - Cannot read IP mode file for STMicroelectronics.X-CUBE-STSE01.1.0.0
2025-12-09 13:18:54,141 [WARN] PackLoader:240 - Cannot read IP mode file for wolfSSL.I-CUBE-wolfTPM.3.4.0
2025-12-09 13:18:54,144 [WARN] PackLoader:240 - Cannot read IP mode file for portGmbH.I-Cube-SoM-uGOAL.1.1.0
2025-12-09 13:18:54,146 [WARN] PackLoader:240 - Cannot read IP mode file for STMicroelectronics.X-CUBE-ALS.1.0.1
2025-12-09 13:18:54,155 [WARN] PackLoader:240 - Cannot read IP mode file for STMicroelectronics.X-CUBE-AZRTOS-H7RS.1.0.0
2025-12-09 13:18:54,157 [WARN] PackLoader:240 - Cannot read IP mode file for STMicroelectronics.FP-ATR-ASTRA1.2.0.0
2025-12-09 13:18:54,162 [WARN] PackLoader:240 - Cannot read IP mode file for STMicroelectronics.X-CUBE-TOF1.3.4.2
2025-12-09 13:18:54,171 [WARN] PackLoader:240 - Cannot read IP mode file for STMicroelectronics.X-CUBE-TOF1.3.4.3
2025-12-09 13:18:54,180 [WARN] PackLoader:240 - Cannot read IP mode file for STMicroelectronics.X-CUBE-TOF1.3.4.0
2025-12-09 13:18:54,199 [WARN] PackLoader:240 - Cannot read IP mode file for STMicroelectronics.X-CUBE-AZRTOS-H7.3.2.0
2025-12-09 13:18:54,202 [WARN] PackLoader:240 - Cannot read IP mode file for wolfSSL.I-CUBE-wolfSSH.1.4.17
2025-12-09 13:18:54,203 [INFO] ThirdParty:978 - Integrity check success = true
2025-12-09 13:18:54,203 [INFO] IntegrityCheckThread:100 - exiting critical section [integrity check]
2025-12-09 13:18:54,203 [INFO] IntegrityCheckThread:103 - End integrity checks thread
2025-12-09 14:22:19,530 [ERROR] LogOutputStream:75 - [STDERR_REDIRECT] 
