2025-11-25 14:04:11,908 [INFO] Activator:176 - 


2025-11-25 14:04:11,909 [INFO] Activator:177 - !SESSION log4j initialized
2025-11-25 14:04:13,227 [INFO] LogOutputStream:77 - [STDOUT_REDIRECT] 
2025-11-25 14:04:14,532 [INFO] ApplicationProperties:184 - Using Application install path: /opt/st/stm32cubeide_1.19.0/plugins/com.st.stm32cube.common.mx_6.15.0.202507011659
2025-11-25 14:04:14,544 [INFO] DbMcusXml:78 - Set database path to: /opt/st/stm32cubeide_1.19.0/plugins/com.st.stm32cube.common.mx_6.15.0.202507011659//db//mcu/
2025-11-25 14:04:14,544 [INFO] ApiDb:274 - Set plugin database path to: /opt/st/stm32cubeide_1.19.0/plugins/com.st.stm32cube.common.mx_6.15.0.202507011659//db//plugins/boardmanager/
2025-11-25 14:04:14,544 [WARN] ApiDb:259 - Overriding images path with different value:  => /opt/st/stm32cubeide_1.19.0/plugins/com.st.stm32cube.common.mx_6.15.0.202507011659//db//plugins/mcufinder/images/
2025-11-25 14:04:14,547 [INFO] ApiDb:250 - Set database path to: /home/student/.stmcufinder/plugins/mcufinder//mcu/
2025-11-25 14:04:14,547 [INFO] DbMcusAds:125 - Set database path to: /home/student/.stmcufinder/plugins/mcufinder//mcu/
2025-11-25 14:04:14,549 [INFO] CrossReferenceDbSqlite:203 - Set database path to: /home/student/.stmcufinder/plugins/mcufinder//mcu/cs/
2025-11-25 14:04:14,628 [INFO] RulesReader:64 - Compatibility file has been processed (317 Rules)
2025-11-25 14:04:14,665 [INFO] DbMcusXml:78 - Set database path to: /opt/st/stm32cubeide_1.19.0/plugins/com.st.stm32cube.common.mx_6.15.0.202507011659//db//mcu/
2025-11-25 14:04:14,665 [INFO] ApiDb:274 - Set plugin database path to: /opt/st/stm32cubeide_1.19.0/plugins/com.st.stm32cube.common.mx_6.15.0.202507011659//db//plugins/boardmanager/
2025-11-25 14:04:14,665 [INFO] ApiDb:261 - Set plugin images path to: /opt/st/stm32cubeide_1.19.0/plugins/com.st.stm32cube.common.mx_6.15.0.202507011659//db//plugins/mcufinder/images/
2025-11-25 14:04:14,665 [WARN] DbFile:41 - Overriding database path with different value: /home/student/.stmcufinder/plugins/mcufinder/ => /home/student/.stmcufinder/plugins/mcufinder
2025-11-25 14:04:14,665 [INFO] ApiDb:250 - Set database path to: /home/student/.stmcufinder/plugins/mcufinder//mcu/
2025-11-25 14:04:14,665 [WARN] DbFile:41 - Overriding database path with different value: /home/student/.stmcufinder/plugins/mcufinder/ => /home/student/.stmcufinder/plugins/mcufinder
2025-11-25 14:04:14,666 [INFO] DbMcusAds:125 - Set database path to: /home/student/.stmcufinder/plugins/mcufinder//mcu/
2025-11-25 14:04:14,666 [WARN] DbFile:41 - Overriding database path with different value: /home/student/.stmcufinder/plugins/mcufinder/ => /home/student/.stmcufinder/plugins/mcufinder
2025-11-25 14:04:14,666 [WARN] DbFile:41 - Overriding database path with different value: /home/student/.stmcufinder/plugins/mcufinder/ => /home/student/.stmcufinder/plugins/mcufinder
2025-11-25 14:04:14,666 [INFO] CrossReferenceDbSqlite:203 - Set database path to: /home/student/.stmcufinder/plugins/mcufinder//mcu/cs/
2025-11-25 14:04:14,703 [INFO] MainPanel:274 - HeapMemory: 268435456
2025-11-25 14:04:14,766 [INFO] DbMcusXml:78 - Set database path to: /opt/st/stm32cubeide_1.19.0/plugins/com.st.stm32cube.common.mx_6.15.0.202507011659//db//mcu/
2025-11-25 14:04:14,766 [INFO] ApiDb:274 - Set plugin database path to: /opt/st/stm32cubeide_1.19.0/plugins/com.st.stm32cube.common.mx_6.15.0.202507011659//db//plugins/boardmanager/
2025-11-25 14:04:14,766 [INFO] ApiDb:261 - Set plugin images path to: /opt/st/stm32cubeide_1.19.0/plugins/com.st.stm32cube.common.mx_6.15.0.202507011659//db//plugins/mcufinder/images/
2025-11-25 14:04:14,767 [WARN] DbFile:41 - Overriding database path with different value: /home/student/.stmcufinder/plugins/mcufinder/ => /home/student/.stmcufinder/plugins/mcufinder
2025-11-25 14:04:14,767 [INFO] ApiDb:250 - Set database path to: /home/student/.stmcufinder/plugins/mcufinder//mcu/
2025-11-25 14:04:14,767 [WARN] DbFile:41 - Overriding database path with different value: /home/student/.stmcufinder/plugins/mcufinder/ => /home/student/.stmcufinder/plugins/mcufinder
2025-11-25 14:04:14,767 [INFO] DbMcusAds:125 - Set database path to: /home/student/.stmcufinder/plugins/mcufinder//mcu/
2025-11-25 14:04:14,767 [WARN] DbFile:41 - Overriding database path with different value: /home/student/.stmcufinder/plugins/mcufinder/ => /home/student/.stmcufinder/plugins/mcufinder
2025-11-25 14:04:14,767 [WARN] DbFile:41 - Overriding database path with different value: /home/student/.stmcufinder/plugins/mcufinder/ => /home/student/.stmcufinder/plugins/mcufinder
2025-11-25 14:04:14,767 [INFO] CrossReferenceDbSqlite:203 - Set database path to: /home/student/.stmcufinder/plugins/mcufinder//mcu/cs/
2025-11-25 14:04:14,776 [INFO] ApplicationProperties:184 - Using Application install path: /opt/st/stm32cubeide_1.19.0/plugins/com.st.stm32cube.common.mx_6.15.0.202507011659
2025-11-25 14:04:14,777 [INFO] PluginManage:196 - Search for loadable plugins [exclusion list=, ]
2025-11-25 14:04:14,778 [INFO] PluginManage:310 - Check plugin analytics
2025-11-25 14:04:14,886 [INFO] AnalyticsPlugin:253 - Accepted Software Licenses: 
2025-11-25 14:04:14,886 [INFO] AnalyticsPlugin:255 - Accepted CMSIS Pack Licenses: 
2025-11-25 14:04:14,886 [INFO] AnalyticsPlugin:257 - Accepted Firmware Licenses: 
2025-11-25 14:04:14,888 [INFO] PluginManage:359 - Loaded plugin analytics (category:tool,tabindex:-1)
2025-11-25 14:04:14,888 [INFO] PluginManage:310 - Check plugin cadmodel
2025-11-25 14:04:14,891 [INFO] CADModel:105 - Init CAD model plugin
2025-11-25 14:04:14,891 [INFO] PluginManage:359 - Loaded plugin cadmodel (category:power,tabindex:5)
2025-11-25 14:04:14,891 [INFO] PluginManage:310 - Check plugin clock
2025-11-25 14:04:14,896 [INFO] PluginManage:359 - Loaded plugin clock (category:base,tabindex:2)
2025-11-25 14:04:14,896 [INFO] PluginManage:310 - Check plugin ddr
2025-11-25 14:04:14,897 [INFO] PluginManage:359 - Loaded plugin ddr (category:tool,tabindex:6)
2025-11-25 14:04:14,897 [INFO] PluginManage:310 - Check plugin filemanager
2025-11-25 14:04:15,020 [INFO] PluginManage:359 - Loaded plugin filemanager (category:base,tabindex:10)
2025-11-25 14:04:15,020 [INFO] PluginManage:310 - Check plugin ipmanager
2025-11-25 14:04:15,024 [INFO] PluginManage:359 - Loaded plugin ipmanager (category:base,tabindex:5)
2025-11-25 14:04:15,024 [INFO] PluginManage:310 - Check plugin lpbam
2025-11-25 14:04:15,031 [INFO] PluginManage:359 - Loaded plugin lpbam (category:base,tabindex:0)
2025-11-25 14:04:15,031 [INFO] PluginManage:310 - Check plugin memorymap
2025-11-25 14:04:15,049 [INFO] PluginManage:359 - Loaded plugin memorymap (category:base,tabindex:4)
2025-11-25 14:04:15,049 [INFO] PluginManage:310 - Check plugin pinoutandconfiguration
2025-11-25 14:04:15,057 [INFO] PluginManage:359 - Loaded plugin pinoutandconfiguration (category:base,tabindex:1)
2025-11-25 14:04:15,057 [INFO] PluginManage:310 - Check plugin pinoutconfig
2025-11-25 14:04:15,124 [WARN] SupportedApi:132 - Cannot load RTOS API schema: s4s-elt-must-match.1: The content of 'definitions' must match (annotation?, (simpleType | complexType)?, (unique | key | keyref)*)). A problem was found starting at: attribute.
2025-11-25 14:04:15,200 [INFO] PluginManage:359 - Loaded plugin pinoutconfig (category:base,tabindex:0)
2025-11-25 14:04:15,200 [INFO] PluginManage:310 - Check plugin power
2025-11-25 14:04:15,204 [INFO] PluginManage:359 - Loaded plugin power (category:power,tabindex:4)
2025-11-25 14:04:15,204 [INFO] PluginManage:310 - Check plugin projectmanager
2025-11-25 14:04:15,214 [INFO] PluginManage:359 - Loaded plugin projectmanager (category:projectmanager,tabindex:4)
2025-11-25 14:04:15,214 [INFO] PluginManage:310 - Check plugin rif
2025-11-25 14:04:15,219 [INFO] PluginManage:359 - Loaded plugin rif (category:base,tabindex:3)
2025-11-25 14:04:15,219 [INFO] PluginManage:310 - Check plugin thirdparty
2025-11-25 14:04:15,287 [INFO] PluginManage:359 - Loaded plugin thirdparty (category:base,tabindex:-1)
2025-11-25 14:04:15,287 [INFO] PluginManage:310 - Check plugin tools
2025-11-25 14:04:15,287 [WARN] IntegrityCheckThread:84 - waiting for thirdparty lock release [integrity check]
2025-11-25 14:04:15,287 [INFO] IntegrityCheckThread:86 - entering critical section [integrity check]
2025-11-25 14:04:15,287 [INFO] ThirdPartyUpdaterWithRetryManager:70 - Updater plugin not ready yet. [1/15]
2025-11-25 14:04:15,288 [INFO] PluginManage:359 - Loaded plugin tools (category:base,tabindex:7)
2025-11-25 14:04:15,288 [INFO] PluginManage:310 - Check plugin tutovideos
2025-11-25 14:04:15,399 [INFO] PluginManage:359 - Loaded plugin tutovideos (category:base,tabindex:-1)
2025-11-25 14:04:15,399 [INFO] PluginManage:310 - Check plugin updater
2025-11-25 14:04:15,412 [INFO] PluginManage:359 - Loaded plugin updater (category:base,tabindex:12)
2025-11-25 14:04:15,412 [INFO] PluginManage:310 - Check plugin userauth
2025-11-25 14:04:15,414 [INFO] UserAuth:118 - Init User Auth plugin
2025-11-25 14:04:15,415 [INFO] PluginManage:359 - Loaded plugin userauth (category:base,tabindex:14)
2025-11-25 14:04:15,415 [INFO] PluginManage:283 - PluginManage : Loaded plugins [18]
2025-11-25 14:04:15,514 [INFO] PinOutPanel:1589 - setPackage(No Configuration,No Configuration)
2025-11-25 14:04:15,553 [INFO] CADModel:165 - CPN selected for project level
2025-11-25 14:04:15,553 [INFO] CADModel:114 - Register for checkConnection events
2025-11-25 14:04:15,559 [INFO] IPUIPlugin:80 - create IPUIPlugin
2025-11-25 14:04:15,559 [INFO] PluginManager:220 - loadIPPluginJar : add resmgrutility
2025-11-25 14:04:15,562 [INFO] IPUIPlugin:80 - create IPUIPlugin
2025-11-25 14:04:15,562 [INFO] PluginManager:220 - loadIPPluginJar : add extmemmanager
2025-11-25 14:04:15,563 [INFO] IPUIPlugin:80 - create IPUIPlugin
2025-11-25 14:04:15,563 [INFO] PluginManager:220 - loadIPPluginJar : add hash
2025-11-25 14:04:15,564 [INFO] IPUIPlugin:80 - create IPUIPlugin
2025-11-25 14:04:15,564 [INFO] PluginManager:220 - loadIPPluginJar : add can
2025-11-25 14:04:15,567 [INFO] IPUIPlugin:80 - create IPUIPlugin
2025-11-25 14:04:15,568 [INFO] PluginManager:220 - loadIPPluginJar : add gic
2025-11-25 14:04:15,569 [INFO] IPUIPlugin:80 - create IPUIPlugin
2025-11-25 14:04:15,569 [INFO] PluginManager:220 - loadIPPluginJar : add pdm2pcm
2025-11-25 14:04:15,570 [INFO] IPUIPlugin:80 - create IPUIPlugin
2025-11-25 14:04:15,570 [INFO] PluginManager:220 - loadIPPluginJar : add genericplugin
2025-11-25 14:04:15,571 [INFO] IPUIPlugin:80 - create IPUIPlugin
2025-11-25 14:04:15,571 [INFO] PluginManager:220 - loadIPPluginJar : add i3c
2025-11-25 14:04:15,572 [INFO] IPUIPlugin:80 - create IPUIPlugin
2025-11-25 14:04:15,572 [INFO] PluginManager:220 - loadIPPluginJar : add comp
2025-11-25 14:04:15,575 [INFO] IPUIPlugin:80 - create IPUIPlugin
2025-11-25 14:04:15,575 [INFO] PluginManager:220 - loadIPPluginJar : add dma
2025-11-25 14:04:15,577 [INFO] IPUIPlugin:80 - create IPUIPlugin
2025-11-25 14:04:15,577 [INFO] PluginManager:220 - loadIPPluginJar : add opamp
2025-11-25 14:04:15,578 [INFO] IPUIPlugin:80 - create IPUIPlugin
2025-11-25 14:04:15,578 [INFO] PluginManager:220 - loadIPPluginJar : add lorawan
2025-11-25 14:04:15,580 [INFO] IPUIPlugin:80 - create IPUIPlugin
2025-11-25 14:04:15,580 [INFO] PluginManager:220 - loadIPPluginJar : add cryp
2025-11-25 14:04:15,581 [INFO] IPUIPlugin:80 - create IPUIPlugin
2025-11-25 14:04:15,581 [INFO] PluginManager:220 - loadIPPluginJar : add i2c
2025-11-25 14:04:15,582 [INFO] IPUIPlugin:80 - create IPUIPlugin
2025-11-25 14:04:15,583 [INFO] PluginManager:220 - loadIPPluginJar : add radio
2025-11-25 14:04:15,585 [INFO] IPUIPlugin:80 - create IPUIPlugin
2025-11-25 14:04:15,585 [INFO] PluginManager:220 - loadIPPluginJar : add gpio
2025-11-25 14:04:15,586 [INFO] IPUIPlugin:80 - create IPUIPlugin
2025-11-25 14:04:15,586 [INFO] PluginManager:220 - loadIPPluginJar : add ddr_ctrl_phy
2025-11-25 14:04:15,587 [INFO] IPUIPlugin:80 - create IPUIPlugin
2025-11-25 14:04:15,588 [INFO] PluginManager:220 - loadIPPluginJar : add usart
2025-11-25 14:04:15,589 [INFO] IPUIPlugin:80 - create IPUIPlugin
2025-11-25 14:04:15,589 [INFO] PluginManager:220 - loadIPPluginJar : add tracer_emb
2025-11-25 14:04:15,590 [INFO] IPUIPlugin:80 - create IPUIPlugin
2025-11-25 14:04:15,590 [INFO] PluginManager:220 - loadIPPluginJar : add i2s
2025-11-25 14:04:15,591 [INFO] IPUIPlugin:80 - create IPUIPlugin
2025-11-25 14:04:15,591 [INFO] PluginManager:220 - loadIPPluginJar : add gtzc
2025-11-25 14:04:15,594 [INFO] IPUIPlugin:80 - create IPUIPlugin
2025-11-25 14:04:15,594 [INFO] PluginManager:220 - loadIPPluginJar : add freertos
2025-11-25 14:04:15,596 [INFO] IPUIPlugin:80 - create IPUIPlugin
2025-11-25 14:04:15,596 [INFO] PluginManager:220 - loadIPPluginJar : add nvic
2025-11-25 14:04:15,597 [INFO] IPUIPlugin:80 - create IPUIPlugin
2025-11-25 14:04:15,597 [INFO] PluginManager:220 - loadIPPluginJar : add fatfs
2025-11-25 14:04:15,598 [INFO] IPUIPlugin:80 - create IPUIPlugin
2025-11-25 14:04:15,598 [INFO] PluginManager:220 - loadIPPluginJar : add aes
2025-11-25 14:04:15,599 [INFO] IPUIPlugin:80 - create IPUIPlugin
2025-11-25 14:04:15,599 [INFO] PluginManager:220 - loadIPPluginJar : add tsc
2025-11-25 14:04:15,600 [INFO] IPUIPlugin:80 - create IPUIPlugin
2025-11-25 14:04:15,601 [INFO] PluginManager:220 - loadIPPluginJar : add dfsdm
2025-11-25 14:04:15,602 [INFO] IPUIPlugin:80 - create IPUIPlugin
2025-11-25 14:04:15,602 [INFO] PluginManager:220 - loadIPPluginJar : add sai
2025-11-25 14:04:15,604 [INFO] IPUIPlugin:80 - create IPUIPlugin
2025-11-25 14:04:15,604 [INFO] PluginManager:220 - loadIPPluginJar : add usbx
2025-11-25 14:04:15,607 [INFO] IPUIPlugin:80 - create IPUIPlugin
2025-11-25 14:04:15,607 [INFO] PluginManager:220 - loadIPPluginJar : add stm32_wpan
2025-11-25 14:04:15,608 [INFO] IPUIPlugin:80 - create IPUIPlugin
2025-11-25 14:04:15,608 [INFO] PluginManager:220 - loadIPPluginJar : add quadspi
2025-11-25 14:04:15,609 [INFO] IPUIPlugin:80 - create IPUIPlugin
2025-11-25 14:04:15,610 [INFO] PluginManager:220 - loadIPPluginJar : add ucpd
2025-11-25 14:04:15,612 [INFO] IPUIPlugin:80 - create IPUIPlugin
2025-11-25 14:04:15,612 [INFO] PluginManager:220 - loadIPPluginJar : add fmc
2025-11-25 14:04:15,613 [INFO] IPUIPlugin:80 - create IPUIPlugin
2025-11-25 14:04:15,613 [INFO] PluginManager:220 - loadIPPluginJar : add spi
2025-11-25 14:04:15,614 [INFO] IPUIPlugin:80 - create IPUIPlugin
2025-11-25 14:04:15,614 [INFO] PluginManager:220 - loadIPPluginJar : add tim
2025-11-25 14:04:15,618 [INFO] IPUIPlugin:80 - create IPUIPlugin
2025-11-25 14:04:15,618 [INFO] PluginManager:220 - loadIPPluginJar : add mdma
2025-11-25 14:04:15,621 [INFO] IPUIPlugin:80 - create IPUIPlugin
2025-11-25 14:04:15,622 [INFO] PluginManager:220 - loadIPPluginJar : add adc
2025-11-25 14:04:15,623 [INFO] IPUIPlugin:80 - create IPUIPlugin
2025-11-25 14:04:15,623 [INFO] PluginManager:220 - loadIPPluginJar : add dma3
2025-11-25 14:04:15,626 [INFO] IPUIPlugin:80 - create IPUIPlugin
2025-11-25 14:04:15,628 [INFO] PluginManager:220 - loadIPPluginJar : add plateformsettings
2025-11-25 14:04:15,629 [INFO] IPUIPlugin:80 - create IPUIPlugin
2025-11-25 14:04:15,629 [INFO] PluginManager:220 - loadIPPluginJar : add openamp
2025-11-25 14:04:15,630 [INFO] IPUIPlugin:80 - create IPUIPlugin
2025-11-25 14:04:15,631 [INFO] PluginManager:220 - loadIPPluginJar : add ts
2025-11-25 14:04:15,633 [INFO] IPUIPlugin:80 - create IPUIPlugin
2025-11-25 14:04:15,633 [INFO] PluginManager:220 - loadIPPluginJar : add touchsensing
2025-11-25 14:04:15,634 [INFO] IPUIPlugin:80 - create IPUIPlugin
2025-11-25 14:04:15,634 [INFO] PluginManager:220 - loadIPPluginJar : add ltdc
2025-11-25 14:04:15,637 [INFO] IPUIPlugin:80 - create IPUIPlugin
2025-11-25 14:04:15,637 [INFO] PluginManager:220 - loadIPPluginJar : add linkedlist
2025-11-25 14:04:15,639 [INFO] IPUIPlugin:80 - create IPUIPlugin
2025-11-25 14:04:15,639 [INFO] PluginManager:220 - loadIPPluginJar : add ipddr
2025-11-25 14:04:15,640 [INFO] IPUIPlugin:80 - create IPUIPlugin
2025-11-25 14:04:15,640 [INFO] PluginManager:220 - loadIPPluginJar : add gfxmmu
2025-11-25 14:04:15,731 [FATAL] Updater:351 - Updater called before beeing initialized
2025-11-25 14:04:15,747 [INFO] RulesReader:64 - Compatibility file has been processed (317 Rules)
2025-11-25 14:04:15,755 [INFO] RulesReader:64 - Compatibility file has been processed (317 Rules)
2025-11-25 14:04:15,759 [INFO] CADModel:165 - CPN selected for project level
2025-11-25 14:04:15,759 [INFO] CADModel:114 - Register for checkConnection events
2025-11-25 14:04:15,759 [FATAL] Updater:351 - Updater called before beeing initialized
2025-11-25 14:04:15,759 [ERROR] CADModel:125 - Updater not yet initialized, retry later 
2025-11-25 14:04:15,830 [FATAL] Updater:351 - Updater called before beeing initialized
2025-11-25 14:04:15,831 [INFO] CADModel:165 - CPN selected for project level
2025-11-25 14:04:15,831 [INFO] CADModel:114 - Register for checkConnection events
2025-11-25 14:04:15,831 [FATAL] Updater:351 - Updater called before beeing initialized
2025-11-25 14:04:15,831 [ERROR] CADModel:125 - Updater not yet initialized, retry later 
2025-11-25 14:04:15,833 [FATAL] Updater:351 - Updater called before beeing initialized
2025-11-25 14:04:15,885 [FATAL] Updater:351 - Updater called before beeing initialized
2025-11-25 14:04:15,888 [INFO] DbMcusAds:53 - JSON generation date=Mon Nov 10 11:43:01 CET 2025 (1762771381096)
2025-11-25 14:04:15,888 [FATAL] Updater:351 - Updater called before beeing initialized
2025-11-25 14:04:15,910 [WARN] DetailPanel:346 - Failed to get advertising image, set to default
2025-11-25 14:04:15,967 [FATAL] Updater:351 - Updater called before beeing initialized
2025-11-25 14:04:15,968 [FATAL] Updater:351 - Updater called before beeing initialized
2025-11-25 14:04:15,968 [FATAL] Updater:351 - Updater called before beeing initialized
2025-11-25 14:04:15,968 [WARN] DetailPanel:346 - Failed to get advertising image, set to default
2025-11-25 14:04:15,969 [FATAL] Updater:351 - Updater called before beeing initialized
2025-11-25 14:04:15,991 [ERROR] Updater:1198 - MainUpdater not yet initialized. External WinMGr cannot be set.
2025-11-25 14:04:15,992 [INFO] Updater:1134 - Updater Version found : 6.15.0
2025-11-25 14:04:16,002 [INFO] ApplicationProperties:184 - Using Application install path: /opt/st/stm32cubeide_1.19.0/plugins/com.st.stm32cube.common.mx_6.15.0.202507011659
2025-11-25 14:04:16,248 [INFO] MainUpdater:2872 - connection check result : 10
2025-11-25 14:04:16,250 [INFO] MainUpdater:289 - Updater Check For Update Now.
2025-11-25 14:04:16,250 [INFO] MicroXplorer:498 - Change Database Version : DB.6.0.150
2025-11-25 14:04:16,257 [INFO] McuFinderGlobals:63 - Set McuFinder mode to 2 (CubeIDE integrated)
2025-11-25 14:04:16,257 [INFO] UserAuth:171 - activating auth plugin
2025-11-25 14:04:16,260 [INFO] UserAuth:487 - Internet connection configuration mode: 1
2025-11-25 14:04:16,274 [INFO] JxBrowserEngine:152 - Initiate JxBrowser Engine with user profile folder
2025-11-25 14:04:16,418 [INFO] CheckServerUpdateThread:120 - End of CheckServer Thread
2025-11-25 14:04:16,654 [INFO] WebApp:169 - Instantiating new browser for Auth
2025-11-25 14:04:17,103 [INFO] WebApp:463 - Apply proxy settings
2025-11-25 14:04:17,103 [INFO] WebApp:548 - Chromium requires no authentication
2025-11-25 14:04:17,107 [INFO] WebApp:491 - Direct internet connection detected
2025-11-25 14:04:17,123 [INFO] WebApp:900 - Register for checkConnection events
2025-11-25 14:04:17,123 [INFO] WebApp:463 - Apply proxy settings
2025-11-25 14:04:17,123 [INFO] WebApp:548 - Chromium requires no authentication
2025-11-25 14:04:17,123 [INFO] WebApp:491 - Direct internet connection detected
2025-11-25 14:04:17,209 [INFO] WebApp:225 - Starting web application
2025-11-25 14:04:17,209 [INFO] WebApp:593 - Web application path used /opt/st/stm32cubeide_1.19.0/plugins/com.st.stm32cube.common.mx_6.15.0.202507011659/db/plugins/mcufinder/reactClient1/index.html
2025-11-25 14:04:17,412 [INFO] WebApp:191 - Connection restablished
2025-11-25 14:04:18,408 [WARN] PackLoader:240 - Cannot read IP mode file for STMicroelectronics.FP-SNS-MOTENVWB1.1.4.0
2025-11-25 14:04:18,424 [WARN] PackLoader:240 - Cannot read IP mode file for STMicroelectronics.FP-ATR-ASTRA1.2.0.2
2025-11-25 14:04:18,426 [WARN] PackLoader:240 - Cannot read IP mode file for STMicroelectronics.FP-ATR-ASTRA1.2.0.1
2025-11-25 14:04:18,431 [WARN] PackLoader:240 - Cannot read IP mode file for STMicroelectronics.X-CUBE-SMBUS.2.1.0
2025-11-25 14:04:18,438 [WARN] PackLoader:240 - Cannot read IP mode file for STMicroelectronics.X-CUBE-WB05N.1.1.0
2025-11-25 14:04:18,441 [WARN] PackLoader:240 - Cannot read IP mode file for STMicroelectronics.X-CUBE-TOUCHGFX.4.23.0
2025-11-25 14:04:18,461 [WARN] PackLoader:240 - Cannot read IP mode file for STMicroelectronics.X-CUBE-AZRTOS-F7.1.1.0
2025-11-25 14:04:18,468 [WARN] PackLoader:240 - Cannot read IP mode file for STMicroelectronics.FP-SNS-MOTENV1.4.3.2
2025-11-25 14:04:18,511 [WARN] PackLoader:240 - Cannot read IP mode file for STMicroelectronics.X-CUBE-MEMS1.11.0.0
2025-11-25 14:04:18,643 [WARN] PackLoader:240 - Cannot read IP mode file for STMicroelectronics.FP-SNS-MOTENV1.5.1.0
2025-11-25 14:04:18,646 [WARN] PackLoader:240 - Cannot read IP mode file for STMicroelectronics.FP-SNS-FLIGHT1.5.0.2
2025-11-25 14:04:18,662 [WARN] PackLoader:240 - Cannot read IP mode file for STMicroelectronics.X-CUBE-AZRTOS-H7.3.4.0
2025-11-25 14:04:18,669 [WARN] PackLoader:240 - Cannot read IP mode file for STMicroelectronics.X-CUBE-DISPLAY.3.0.0
2025-11-25 14:04:18,674 [WARN] PackLoader:240 - Cannot read IP mode file for STMicroelectronics.X-CUBE-BLE1.7.0.0
2025-11-25 14:04:18,678 [WARN] PackLoader:240 - Cannot read IP mode file for STMicroelectronics.X-CUBE-NFC10.1.0.0
2025-11-25 14:04:18,685 [WARN] PackLoader:240 - Cannot read IP mode file for STMicroelectronics.X-CUBE-BLEMGR.4.0.0
2025-11-25 14:04:18,689 [WARN] PackLoader:240 - Cannot read IP mode file for STMicroelectronics.X-CUBE-ST60.1.1.0
2025-11-25 14:04:18,692 [WARN] PackLoader:240 - Cannot read IP mode file for emotas.I-CUBE-CANOPEN.1.3.0
2025-11-25 14:04:18,695 [WARN] PackLoader:240 - Cannot read IP mode file for STMicroelectronics.X-CUBE-GNSS1.7.1.0
2025-11-25 14:04:18,701 [WARN] PackLoader:240 - Cannot read IP mode file for STMicroelectronics.X-CUBE-BLEMGR.3.1.0
2025-11-25 14:04:18,707 [WARN] PackLoader:240 - Cannot read IP mode file for STMicroelectronics.FP-SNS-STBOX1.2.1.0
2025-11-25 14:04:18,711 [WARN] PackLoader:240 - Cannot read IP mode file for STMicroelectronics.FP-SNS-SMARTAG2.1.2.0
2025-11-25 14:04:18,713 [WARN] PackLoader:240 - Cannot read IP mode file for STMicroelectronics.FP-SNS-FLIGHT1.5.1.0
2025-11-25 14:04:18,773 [WARN] PackLoader:240 - Cannot read IP mode file for STMicroelectronics.X-CUBE-MEMS1.11.1.0
2025-11-25 14:04:18,910 [INFO] LogOutputStream:77 - [STDOUT_REDIRECT] 1 : Invalid condition id : UX_CORESTACK_Condition cause : null
2025-11-25 14:04:18,910 [INFO] LogOutputStream:77 - [STDOUT_REDIRECT] 1 : Invalid condition id : UX_CORESTACK_Condition cause : null
2025-11-25 14:04:18,910 [INFO] LogOutputStream:77 - [STDOUT_REDIRECT] 1 : Invalid condition id : UX_CORESTACK_Condition cause : null
2025-11-25 14:04:18,910 [INFO] LogOutputStream:77 - [STDOUT_REDIRECT] 1 : Invalid condition id : UX_CORESTACK_Condition cause : null
2025-11-25 14:04:18,910 [INFO] LogOutputStream:77 - [STDOUT_REDIRECT] 1 : Invalid condition id : UX_CORESTACK_Condition cause : null
2025-11-25 14:04:18,912 [WARN] PackLoader:240 - Cannot read IP mode file for STMicroelectronics.X-CUBE-AZRTOS-WL.2.0.0
2025-11-25 14:04:18,915 [WARN] PackLoader:240 - Cannot read IP mode file for STMicroelectronics.FP-SNS-MOTENV1.5.0.0
2025-11-25 14:04:18,927 [WARN] PackLoader:240 - Cannot read IP mode file for STMicroelectronics.X-CUBE-AZRTOS-H7RS.1.2.0
2025-11-25 14:04:18,931 [WARN] PackLoader:240 - Cannot read IP mode file for wolfSSL.I-CUBE-wolfMQTT.1.19.0
2025-11-25 14:04:18,935 [WARN] PackLoader:240 - Cannot read IP mode file for WES.I-CUBE-Cesium.1.3.0
2025-11-25 14:04:18,941 [WARN] PackLoader:240 - Cannot read IP mode file for STMicroelectronics.X-CUBE-BLE2.3.3.0
2025-11-25 14:04:18,954 [WARN] PackLoader:240 - Cannot read IP mode file for STMicroelectronics.X-CUBE-NFC9.1.0.0
2025-11-25 14:04:18,957 [WARN] PackLoader:240 - Cannot read IP mode file for STMicroelectronics.X-CUBE-BLE1.7.1.0
2025-11-25 14:04:18,960 [WARN] PackLoader:240 - Cannot read IP mode file for STMicroelectronics.X-CUBE-TCPP.4.1.0
2025-11-25 14:04:18,963 [WARN] PackLoader:240 - Cannot read IP mode file for STMicroelectronics.X-CUBE-FREERTOS.1.4.0
2025-11-25 14:04:18,966 [WARN] PackLoader:240 - Cannot read IP mode file for STMicroelectronics.X-CUBE-EEPRMA1.5.2.0
2025-11-25 14:04:18,970 [WARN] PackLoader:240 - Cannot read IP mode file for STMicroelectronics.X-CUBE-ST67W61.1.1.0
2025-11-25 14:04:18,997 [WARN] PackLoader:240 - Cannot read IP mode file for STMicroelectronics.X-CUBE-MEMS1.12.0.0
2025-11-25 14:04:19,046 [WARN] PackLoader:240 - Cannot read IP mode file for STMicroelectronics.X-CUBE-ALGOBUILD.1.3.0
2025-11-25 14:04:19,055 [WARN] PackLoader:240 - Cannot read IP mode file for STMicroelectronics.X-CUBE-AZRTOS-G0.1.1.0
2025-11-25 14:04:19,059 [WARN] PackLoader:240 - Cannot read IP mode file for STMicroelectronics.X-CUBE-SAFEA1.1.2.2
2025-11-25 14:04:19,062 [WARN] PackLoader:240 - Cannot read IP mode file for STMicroelectronics.X-CUBE-NFC4.3.0.0
2025-11-25 14:04:19,066 [WARN] PackLoader:240 - Cannot read IP mode file for EmbeddedOffice.I-CUBE-FS-RTOS.1.0.1
2025-11-25 14:04:19,069 [WARN] PackLoader:240 - Cannot read IP mode file for STMicroelectronics.X-CUBE-WB05N.2.0.0
2025-11-25 14:04:19,075 [WARN] PackLoader:240 - Cannot read IP mode file for STMicroelectronics.X-CUBE-BLEMGR.3.0.0
2025-11-25 14:04:19,078 [WARN] PackLoader:240 - Cannot read IP mode file for STMicroelectronics.X-CUBE-TCPP.4.2.0
2025-11-25 14:04:19,081 [WARN] PackLoader:240 - Cannot read IP mode file for RealThread.X-CUBE-RT-Thread_Nano.4.1.1
2025-11-25 14:04:19,083 [WARN] PackLoader:240 - Cannot read IP mode file for STMicroelectronics.FP-ATR-SIGFOX1.3.2.0
2025-11-25 14:04:19,085 [WARN] ConditionMgr:438 - getConditionDescription Invalid condition id : Cortex-A Device cause : null
2025-11-25 14:04:19,089 [WARN] ConditionMgr:1044 - genDependencies : Invalid condition id : Cortex-A Device cause : null
2025-11-25 14:04:19,090 [WARN] ConditionMgr:1044 - genDependencies : Invalid condition id : Cortex-A Device cause : null
2025-11-25 14:04:19,090 [WARN] ConditionMgr:1044 - genDependencies : Invalid condition id : Cortex-A Device cause : null
2025-11-25 14:04:19,092 [WARN] PackLoader:240 - Cannot read IP mode file for STMicroelectronics.X-CUBE-EEPRMA1.5.1.0
2025-11-25 14:04:19,095 [WARN] PackLoader:240 - Cannot read IP mode file for STMicroelectronics.X-CUBE-AI.10.2.0
2025-11-25 14:04:19,114 [WARN] PackLoader:240 - Cannot read IP mode file for SEGGER.I-CUBE-embOS.1.3.1
2025-11-25 14:04:19,137 [WARN] PackLoader:240 - Cannot read IP mode file for STMicroelectronics.X-CUBE-ALGOBUILD.1.4.0
2025-11-25 14:04:19,164 [WARN] PackLoader:240 - Cannot read IP mode file for STMicroelectronics.X-CUBE-MEMS1.11.3.0
2025-11-25 14:04:19,262 [WARN] PackLoader:240 - Cannot read IP mode file for STMicroelectronics.X-CUBE-AI.9.1.0
2025-11-25 14:04:19,264 [WARN] PackLoader:240 - Cannot read IP mode file for STMicroelectronics.X-CUBE-PM33A1.1.0.0
2025-11-25 14:04:19,270 [WARN] PackLoader:240 - Cannot read IP mode file for STMicroelectronics.X-CUBE-GNSS1.6.0.0
2025-11-25 14:04:19,282 [WARN] PackLoader:240 - Cannot read IP mode file for STMicroelectronics.X-CUBE-AZRTOS-F4.1.1.0
2025-11-25 14:04:19,288 [WARN] PackLoader:240 - Cannot read IP mode file for wolfSSL.I-CUBE-wolfSSL.5.6.4
2025-11-25 14:04:19,290 [WARN] PackLoader:240 - Cannot read IP mode file for STMicroelectronics.X-CUBE-ISPU.2.1.0
2025-11-25 14:04:19,309 [WARN] PackLoader:240 - Cannot read IP mode file for STMicroelectronics.X-CUBE-IPS.3.2.0
2025-11-25 14:04:19,334 [WARN] PackLoader:240 - Cannot read IP mode file for STMicroelectronics.X-CUBE-FREERTOS.1.2.0
2025-11-25 14:04:19,337 [WARN] PackLoader:240 - Cannot read IP mode file for STMicroelectronics.X-CUBE-NFC12.1.0.0
2025-11-25 14:04:19,349 [WARN] PackLoader:240 - Cannot read IP mode file for STMicroelectronics.X-CUBE-AZRTOS-L5.2.0.0
2025-11-25 14:04:19,353 [WARN] PackLoader:240 - Cannot read IP mode file for STMicroelectronics.X-CUBE-EEPRMA1.4.2.0
2025-11-25 14:04:19,358 [WARN] PackLoader:240 - Cannot read IP mode file for STMicroelectronics.X-CUBE-NFC6.3.1.0
2025-11-25 14:04:19,361 [WARN] PackLoader:240 - Cannot read IP mode file for ITTIA_DB.I-CUBE-ITTIADB.8.8.0
2025-11-25 14:04:19,363 [WARN] PackLoader:240 - Cannot read IP mode file for STMicroelectronics.X-CUBE-DPower.1.2.0
2025-11-25 14:04:19,365 [WARN] PackLoader:240 - Cannot read IP mode file for STMicroelectronics.X-CUBE-FREERTOS.1.3.1
2025-11-25 14:04:19,367 [WARN] PackLoader:240 - Cannot read IP mode file for STMicroelectronics.X-CUBE-FREERTOS.1.3.0
2025-11-25 14:04:19,370 [WARN] PackLoader:240 - Cannot read IP mode file for STMicroelectronics.X-CUBE-NFC7.1.0.1
2025-11-25 14:04:19,372 [WARN] PackLoader:240 - Cannot read IP mode file for STMicroelectronics.X-CUBE-TOUCHGFX.4.26.0
2025-11-25 14:04:19,375 [WARN] PackLoader:240 - Cannot read IP mode file for STMicroelectronics.X-CUBE-NFC6.3.0.0
2025-11-25 14:04:19,379 [WARN] PackLoader:240 - Cannot read IP mode file for STMicroelectronics.FP-SNS-STAIOTCFT.1.0.0
2025-11-25 14:04:19,381 [WARN] PackLoader:240 - Cannot read IP mode file for STMicroelectronics.X-CUBE-DPower.1.3.0
2025-11-25 14:04:19,383 [WARN] PackLoader:240 - Cannot read IP mode file for STMicroelectronics.X-CUBE-AI.8.1.0
2025-11-25 14:04:19,392 [WARN] ConditionMgr:438 - getConditionDescription Invalid condition id : LAN8742 Phy interface Condition cause : null
2025-11-25 14:04:19,392 [WARN] PackLoader:240 - Cannot read IP mode file for STMicroelectronics.X-CUBE-AZRTOS-L4.2.0.0
2025-11-25 14:04:19,393 [WARN] ConditionMgr:1044 - genDependencies : Invalid condition id : LAN8742 Phy interface Condition cause : null
2025-11-25 14:04:19,393 [WARN] ConditionMgr:1044 - genDependencies : Invalid condition id : LAN8742 Phy interface Condition cause : null
2025-11-25 14:04:19,394 [WARN] ConditionMgr:1044 - genDependencies : Invalid condition id : LAN8742 Phy interface Condition cause : null
2025-11-25 14:04:19,397 [WARN] PackLoader:240 - Cannot read IP mode file for STMicroelectronics.X-CUBE-SFXS2LP1.4.0.0
2025-11-25 14:04:19,409 [WARN] PackLoader:240 - Cannot read IP mode file for STMicroelectronics.X-CUBE-AZRTOS-H7.3.3.0
2025-11-25 14:04:19,415 [WARN] PackLoader:240 - Cannot read IP mode file for STMicroelectronics.X-CUBE-BLEMGR.4.1.0
2025-11-25 14:04:19,423 [WARN] PackLoader:240 - Cannot read IP mode file for STMicroelectronics.X-CUBE-IPS.3.0.0
2025-11-25 14:04:19,430 [WARN] ConditionMgr:438 - getConditionDescription Invalid condition id : UX DEVICE CLASS RTOS Condition cause : null
2025-11-25 14:04:19,430 [WARN] ConditionMgr:438 - getConditionDescription Invalid condition id : UX DEVICE CLASS RTOS Condition cause : null
2025-11-25 14:04:19,445 [WARN] PackLoader:240 - Cannot read IP mode file for STMicroelectronics.X-CUBE-AZRTOS-WB.2.0.0
2025-11-25 14:04:19,445 [WARN] ConditionMgr:1044 - genDependencies : Invalid condition id : UX DEVICE CLASS RTOS Condition cause : null
2025-11-25 14:04:19,445 [WARN] ConditionMgr:1044 - genDependencies : Invalid condition id : UX DEVICE CLASS RTOS Condition cause : null
2025-11-25 14:04:19,446 [WARN] ConditionMgr:1044 - genDependencies : Invalid condition id : UX DEVICE CLASS RTOS Condition cause : null
2025-11-25 14:04:19,446 [WARN] ConditionMgr:1044 - genDependencies : Invalid condition id : UX DEVICE CLASS RTOS Condition cause : null
2025-11-25 14:04:19,446 [WARN] ConditionMgr:1044 - genDependencies : Invalid condition id : UX DEVICE CLASS RTOS Condition cause : null
2025-11-25 14:04:19,448 [WARN] PackLoader:240 - Cannot read IP mode file for STMicroelectronics.X-CUBE-GNSS1.7.0.0
2025-11-25 14:04:19,451 [WARN] PackLoader:240 - Cannot read IP mode file for STMicroelectronics.X-CUBE-GNSS1.7.0.1
2025-11-25 14:04:19,455 [WARN] PackLoader:240 - Cannot read IP mode file for STMicroelectronics.FP-SNS-STBOX1.2.0.0
2025-11-25 14:04:19,460 [WARN] PackLoader:240 - Cannot read IP mode file for STMicroelectronics.X-CUBE-SUBG2.5.0.0
2025-11-25 14:04:19,471 [WARN] PackLoader:240 - Cannot read IP mode file for STMicroelectronics.X-CUBE-AZRTOS-H7RS.1.1.0
2025-11-25 14:04:19,474 [WARN] PackLoader:240 - Cannot read IP mode file for Cesanta.I-CUBE-Mongoose.7.13.0
2025-11-25 14:04:19,480 [WARN] PackLoader:240 - Cannot read IP mode file for STMicroelectronics.X-CUBE-AZRTOS-G4.2.0.0
2025-11-25 14:04:19,486 [WARN] PackLoader:240 - Cannot read IP mode file for Infineon.AIROC-Wi-Fi-Bluetooth-STM32.1.5.1
2025-11-25 14:04:19,490 [WARN] PackLoader:240 - Cannot read IP mode file for STMicroelectronics.X-CUBE-NFC7.2.0.0
2025-11-25 14:04:19,491 [WARN] PackLoader:240 - Cannot read IP mode file for STMicroelectronics.FP-SNS-MOTENVWB1.1.3.1
2025-11-25 14:04:19,493 [WARN] PackLoader:240 - Cannot read IP mode file for STMicroelectronics.X-CUBE-ISPU.2.0.0
2025-11-25 14:04:19,498 [WARN] PackLoader:240 - Cannot read IP mode file for STMicroelectronics.X-CUBE-IPS.3.1.0
2025-11-25 14:04:19,503 [WARN] PackLoader:240 - Cannot read IP mode file for STMicroelectronics.X-CUBE-ALS.1.0.2
2025-11-25 14:04:19,522 [WARN] PackLoader:240 - Cannot read IP mode file for STMicroelectronics.X-CUBE-MEMS1.10.0.0
2025-11-25 14:04:19,581 [WARN] PackLoader:240 - Cannot read IP mode file for STMicroelectronics.X-CUBE-FREERTOS.1.1.0
2025-11-25 14:04:19,582 [WARN] PackLoader:240 - Cannot read IP mode file for STMicroelectronics.X-CUBE-TOUCHGFX.4.24.2
2025-11-25 14:04:19,584 [WARN] PackLoader:240 - Cannot read IP mode file for STMicroelectronics.X-CUBE-TOUCHGFX.4.24.1
2025-11-25 14:04:19,586 [WARN] PackLoader:240 - Cannot read IP mode file for STMicroelectronics.X-CUBE-STSE01.1.0.0
2025-11-25 14:04:19,588 [WARN] PackLoader:240 - Cannot read IP mode file for wolfSSL.I-CUBE-wolfTPM.3.4.0
2025-11-25 14:04:19,590 [WARN] PackLoader:240 - Cannot read IP mode file for portGmbH.I-Cube-SoM-uGOAL.1.1.0
2025-11-25 14:04:19,592 [WARN] PackLoader:240 - Cannot read IP mode file for STMicroelectronics.X-CUBE-ALS.1.0.1
2025-11-25 14:04:19,600 [WARN] PackLoader:240 - Cannot read IP mode file for STMicroelectronics.X-CUBE-AZRTOS-H7RS.1.0.0
2025-11-25 14:04:19,602 [WARN] PackLoader:240 - Cannot read IP mode file for STMicroelectronics.FP-ATR-ASTRA1.2.0.0
2025-11-25 14:04:19,607 [WARN] PackLoader:240 - Cannot read IP mode file for STMicroelectronics.X-CUBE-TOF1.3.4.2
2025-11-25 14:04:19,616 [WARN] PackLoader:240 - Cannot read IP mode file for STMicroelectronics.X-CUBE-TOF1.3.4.3
2025-11-25 14:04:19,625 [WARN] PackLoader:240 - Cannot read IP mode file for STMicroelectronics.X-CUBE-TOF1.3.4.0
2025-11-25 14:04:19,639 [WARN] PackLoader:240 - Cannot read IP mode file for STMicroelectronics.X-CUBE-AZRTOS-H7.3.2.0
2025-11-25 14:04:19,641 [WARN] PackLoader:240 - Cannot read IP mode file for wolfSSL.I-CUBE-wolfSSH.1.4.17
2025-11-25 14:04:19,642 [INFO] ThirdParty:978 - Integrity check success = true
2025-11-25 14:04:19,642 [INFO] IntegrityCheckThread:100 - exiting critical section [integrity check]
2025-11-25 14:04:19,642 [INFO] IntegrityCheckThread:103 - End integrity checks thread
2025-12-02 13:29:45,614 [INFO] Activator:176 - 


2025-12-02 13:29:45,615 [INFO] Activator:177 - !SESSION log4j initialized
2025-12-02 13:29:48,930 [INFO] LogOutputStream:77 - [STDOUT_REDIRECT] 
2025-12-02 13:29:49,342 [INFO] ApplicationProperties:184 - Using Application install path: /opt/st/stm32cubeide_1.19.0/plugins/com.st.stm32cube.common.mx_6.15.0.202507011659
2025-12-02 13:29:49,354 [INFO] DbMcusXml:78 - Set database path to: /opt/st/stm32cubeide_1.19.0/plugins/com.st.stm32cube.common.mx_6.15.0.202507011659//db//mcu/
2025-12-02 13:29:49,355 [INFO] ApiDb:274 - Set plugin database path to: /opt/st/stm32cubeide_1.19.0/plugins/com.st.stm32cube.common.mx_6.15.0.202507011659//db//plugins/boardmanager/
2025-12-02 13:29:49,355 [WARN] ApiDb:259 - Overriding images path with different value:  => /opt/st/stm32cubeide_1.19.0/plugins/com.st.stm32cube.common.mx_6.15.0.202507011659//db//plugins/mcufinder/images/
2025-12-02 13:29:49,359 [INFO] ApiDb:250 - Set database path to: /home/student/.stmcufinder/plugins/mcufinder//mcu/
2025-12-02 13:29:49,360 [INFO] DbMcusAds:125 - Set database path to: /home/student/.stmcufinder/plugins/mcufinder//mcu/
2025-12-02 13:29:49,361 [INFO] CrossReferenceDbSqlite:203 - Set database path to: /home/student/.stmcufinder/plugins/mcufinder//mcu/cs/
2025-12-02 13:29:49,441 [INFO] RulesReader:64 - Compatibility file has been processed (317 Rules)
2025-12-02 13:29:49,484 [INFO] DbMcusXml:78 - Set database path to: /opt/st/stm32cubeide_1.19.0/plugins/com.st.stm32cube.common.mx_6.15.0.202507011659//db//mcu/
2025-12-02 13:29:49,484 [INFO] ApiDb:274 - Set plugin database path to: /opt/st/stm32cubeide_1.19.0/plugins/com.st.stm32cube.common.mx_6.15.0.202507011659//db//plugins/boardmanager/
2025-12-02 13:29:49,484 [INFO] ApiDb:261 - Set plugin images path to: /opt/st/stm32cubeide_1.19.0/plugins/com.st.stm32cube.common.mx_6.15.0.202507011659//db//plugins/mcufinder/images/
2025-12-02 13:29:49,484 [WARN] DbFile:41 - Overriding database path with different value: /home/student/.stmcufinder/plugins/mcufinder/ => /home/student/.stmcufinder/plugins/mcufinder
2025-12-02 13:29:49,484 [INFO] ApiDb:250 - Set database path to: /home/student/.stmcufinder/plugins/mcufinder//mcu/
2025-12-02 13:29:49,484 [WARN] DbFile:41 - Overriding database path with different value: /home/student/.stmcufinder/plugins/mcufinder/ => /home/student/.stmcufinder/plugins/mcufinder
2025-12-02 13:29:49,484 [INFO] DbMcusAds:125 - Set database path to: /home/student/.stmcufinder/plugins/mcufinder//mcu/
2025-12-02 13:29:49,484 [WARN] DbFile:41 - Overriding database path with different value: /home/student/.stmcufinder/plugins/mcufinder/ => /home/student/.stmcufinder/plugins/mcufinder
2025-12-02 13:29:49,484 [WARN] DbFile:41 - Overriding database path with different value: /home/student/.stmcufinder/plugins/mcufinder/ => /home/student/.stmcufinder/plugins/mcufinder
2025-12-02 13:29:49,484 [INFO] CrossReferenceDbSqlite:203 - Set database path to: /home/student/.stmcufinder/plugins/mcufinder//mcu/cs/
2025-12-02 13:29:49,529 [INFO] MainPanel:274 - HeapMemory: 268435456
2025-12-02 13:29:49,620 [INFO] DbMcusXml:78 - Set database path to: /opt/st/stm32cubeide_1.19.0/plugins/com.st.stm32cube.common.mx_6.15.0.202507011659//db//mcu/
2025-12-02 13:29:49,620 [INFO] ApiDb:274 - Set plugin database path to: /opt/st/stm32cubeide_1.19.0/plugins/com.st.stm32cube.common.mx_6.15.0.202507011659//db//plugins/boardmanager/
2025-12-02 13:29:49,620 [INFO] ApiDb:261 - Set plugin images path to: /opt/st/stm32cubeide_1.19.0/plugins/com.st.stm32cube.common.mx_6.15.0.202507011659//db//plugins/mcufinder/images/
2025-12-02 13:29:49,621 [WARN] DbFile:41 - Overriding database path with different value: /home/student/.stmcufinder/plugins/mcufinder/ => /home/student/.stmcufinder/plugins/mcufinder
2025-12-02 13:29:49,621 [INFO] ApiDb:250 - Set database path to: /home/student/.stmcufinder/plugins/mcufinder//mcu/
2025-12-02 13:29:49,621 [WARN] DbFile:41 - Overriding database path with different value: /home/student/.stmcufinder/plugins/mcufinder/ => /home/student/.stmcufinder/plugins/mcufinder
2025-12-02 13:29:49,621 [INFO] DbMcusAds:125 - Set database path to: /home/student/.stmcufinder/plugins/mcufinder//mcu/
2025-12-02 13:29:49,621 [WARN] DbFile:41 - Overriding database path with different value: /home/student/.stmcufinder/plugins/mcufinder/ => /home/student/.stmcufinder/plugins/mcufinder
2025-12-02 13:29:49,621 [WARN] DbFile:41 - Overriding database path with different value: /home/student/.stmcufinder/plugins/mcufinder/ => /home/student/.stmcufinder/plugins/mcufinder
2025-12-02 13:29:49,621 [INFO] CrossReferenceDbSqlite:203 - Set database path to: /home/student/.stmcufinder/plugins/mcufinder//mcu/cs/
2025-12-02 13:29:49,631 [INFO] ApplicationProperties:184 - Using Application install path: /opt/st/stm32cubeide_1.19.0/plugins/com.st.stm32cube.common.mx_6.15.0.202507011659
2025-12-02 13:29:49,632 [INFO] PluginManage:196 - Search for loadable plugins [exclusion list=, ]
2025-12-02 13:29:49,633 [INFO] PluginManage:310 - Check plugin analytics
2025-12-02 13:29:49,748 [INFO] AnalyticsPlugin:253 - Accepted Software Licenses: 
2025-12-02 13:29:49,748 [INFO] AnalyticsPlugin:255 - Accepted CMSIS Pack Licenses: 
2025-12-02 13:29:49,748 [INFO] AnalyticsPlugin:257 - Accepted Firmware Licenses: 
2025-12-02 13:29:49,749 [INFO] PluginManage:359 - Loaded plugin analytics (category:tool,tabindex:-1)
2025-12-02 13:29:49,750 [INFO] PluginManage:310 - Check plugin cadmodel
2025-12-02 13:29:49,753 [INFO] CADModel:105 - Init CAD model plugin
2025-12-02 13:29:49,753 [INFO] PluginManage:359 - Loaded plugin cadmodel (category:power,tabindex:5)
2025-12-02 13:29:49,753 [INFO] PluginManage:310 - Check plugin clock
2025-12-02 13:29:49,760 [INFO] PluginManage:359 - Loaded plugin clock (category:base,tabindex:2)
2025-12-02 13:29:49,760 [INFO] PluginManage:310 - Check plugin ddr
2025-12-02 13:29:49,761 [INFO] PluginManage:359 - Loaded plugin ddr (category:tool,tabindex:6)
2025-12-02 13:29:49,762 [INFO] PluginManage:310 - Check plugin filemanager
2025-12-02 13:29:49,867 [INFO] PluginManage:359 - Loaded plugin filemanager (category:base,tabindex:10)
2025-12-02 13:29:49,867 [INFO] PluginManage:310 - Check plugin ipmanager
2025-12-02 13:29:49,870 [INFO] PluginManage:359 - Loaded plugin ipmanager (category:base,tabindex:5)
2025-12-02 13:29:49,870 [INFO] PluginManage:310 - Check plugin lpbam
2025-12-02 13:29:49,877 [INFO] PluginManage:359 - Loaded plugin lpbam (category:base,tabindex:0)
2025-12-02 13:29:49,877 [INFO] PluginManage:310 - Check plugin memorymap
2025-12-02 13:29:49,886 [INFO] PluginManage:359 - Loaded plugin memorymap (category:base,tabindex:4)
2025-12-02 13:29:49,886 [INFO] PluginManage:310 - Check plugin pinoutandconfiguration
2025-12-02 13:29:49,891 [INFO] PluginManage:359 - Loaded plugin pinoutandconfiguration (category:base,tabindex:1)
2025-12-02 13:29:49,892 [INFO] PluginManage:310 - Check plugin pinoutconfig
2025-12-02 13:29:49,956 [WARN] SupportedApi:132 - Cannot load RTOS API schema: s4s-elt-must-match.1: The content of 'definitions' must match (annotation?, (simpleType | complexType)?, (unique | key | keyref)*)). A problem was found starting at: attribute.
2025-12-02 13:29:50,055 [INFO] PluginManage:359 - Loaded plugin pinoutconfig (category:base,tabindex:0)
2025-12-02 13:29:50,055 [INFO] PluginManage:310 - Check plugin power
2025-12-02 13:29:50,062 [INFO] PluginManage:359 - Loaded plugin power (category:power,tabindex:4)
2025-12-02 13:29:50,062 [INFO] PluginManage:310 - Check plugin projectmanager
2025-12-02 13:29:50,073 [INFO] PluginManage:359 - Loaded plugin projectmanager (category:projectmanager,tabindex:4)
2025-12-02 13:29:50,073 [INFO] PluginManage:310 - Check plugin rif
2025-12-02 13:29:50,081 [INFO] PluginManage:359 - Loaded plugin rif (category:base,tabindex:3)
2025-12-02 13:29:50,081 [INFO] PluginManage:310 - Check plugin thirdparty
2025-12-02 13:29:50,181 [INFO] PluginManage:359 - Loaded plugin thirdparty (category:base,tabindex:-1)
2025-12-02 13:29:50,181 [INFO] PluginManage:310 - Check plugin tools
2025-12-02 13:29:50,181 [WARN] IntegrityCheckThread:84 - waiting for thirdparty lock release [integrity check]
2025-12-02 13:29:50,182 [INFO] IntegrityCheckThread:86 - entering critical section [integrity check]
2025-12-02 13:29:50,182 [INFO] ThirdPartyUpdaterWithRetryManager:70 - Updater plugin not ready yet. [1/15]
2025-12-02 13:29:50,183 [INFO] PluginManage:359 - Loaded plugin tools (category:base,tabindex:7)
2025-12-02 13:29:50,183 [INFO] PluginManage:310 - Check plugin tutovideos
2025-12-02 13:29:50,320 [INFO] PluginManage:359 - Loaded plugin tutovideos (category:base,tabindex:-1)
2025-12-02 13:29:50,320 [INFO] PluginManage:310 - Check plugin updater
2025-12-02 13:29:50,335 [INFO] PluginManage:359 - Loaded plugin updater (category:base,tabindex:12)
2025-12-02 13:29:50,335 [INFO] PluginManage:310 - Check plugin userauth
2025-12-02 13:29:50,338 [INFO] UserAuth:118 - Init User Auth plugin
2025-12-02 13:29:50,339 [INFO] PluginManage:359 - Loaded plugin userauth (category:base,tabindex:14)
2025-12-02 13:29:50,339 [INFO] PluginManage:283 - PluginManage : Loaded plugins [18]
2025-12-02 13:29:50,455 [INFO] PinOutPanel:1589 - setPackage(No Configuration,No Configuration)
2025-12-02 13:29:50,500 [INFO] CADModel:165 - CPN selected for project level
2025-12-02 13:29:50,500 [INFO] CADModel:114 - Register for checkConnection events
2025-12-02 13:29:50,509 [INFO] IPUIPlugin:80 - create IPUIPlugin
2025-12-02 13:29:50,510 [INFO] PluginManager:220 - loadIPPluginJar : add resmgrutility
2025-12-02 13:29:50,513 [INFO] IPUIPlugin:80 - create IPUIPlugin
2025-12-02 13:29:50,513 [INFO] PluginManager:220 - loadIPPluginJar : add extmemmanager
2025-12-02 13:29:50,514 [INFO] IPUIPlugin:80 - create IPUIPlugin
2025-12-02 13:29:50,514 [INFO] PluginManager:220 - loadIPPluginJar : add hash
2025-12-02 13:29:50,516 [INFO] IPUIPlugin:80 - create IPUIPlugin
2025-12-02 13:29:50,516 [INFO] PluginManager:220 - loadIPPluginJar : add can
2025-12-02 13:29:50,519 [INFO] IPUIPlugin:80 - create IPUIPlugin
2025-12-02 13:29:50,520 [INFO] PluginManager:220 - loadIPPluginJar : add gic
2025-12-02 13:29:50,521 [INFO] IPUIPlugin:80 - create IPUIPlugin
2025-12-02 13:29:50,522 [INFO] PluginManager:220 - loadIPPluginJar : add pdm2pcm
2025-12-02 13:29:50,522 [INFO] IPUIPlugin:80 - create IPUIPlugin
2025-12-02 13:29:50,522 [INFO] PluginManager:220 - loadIPPluginJar : add genericplugin
2025-12-02 13:29:50,524 [INFO] IPUIPlugin:80 - create IPUIPlugin
2025-12-02 13:29:50,524 [INFO] PluginManager:220 - loadIPPluginJar : add i3c
2025-12-02 13:29:50,525 [INFO] IPUIPlugin:80 - create IPUIPlugin
2025-12-02 13:29:50,525 [INFO] PluginManager:220 - loadIPPluginJar : add comp
2025-12-02 13:29:50,528 [INFO] IPUIPlugin:80 - create IPUIPlugin
2025-12-02 13:29:50,528 [INFO] PluginManager:220 - loadIPPluginJar : add dma
2025-12-02 13:29:50,530 [INFO] IPUIPlugin:80 - create IPUIPlugin
2025-12-02 13:29:50,530 [INFO] PluginManager:220 - loadIPPluginJar : add opamp
2025-12-02 13:29:50,531 [INFO] IPUIPlugin:80 - create IPUIPlugin
2025-12-02 13:29:50,531 [INFO] PluginManager:220 - loadIPPluginJar : add lorawan
2025-12-02 13:29:50,533 [INFO] IPUIPlugin:80 - create IPUIPlugin
2025-12-02 13:29:50,533 [INFO] PluginManager:220 - loadIPPluginJar : add cryp
2025-12-02 13:29:50,534 [INFO] IPUIPlugin:80 - create IPUIPlugin
2025-12-02 13:29:50,534 [INFO] PluginManager:220 - loadIPPluginJar : add i2c
2025-12-02 13:29:50,535 [INFO] IPUIPlugin:80 - create IPUIPlugin
2025-12-02 13:29:50,535 [INFO] PluginManager:220 - loadIPPluginJar : add radio
2025-12-02 13:29:50,539 [INFO] IPUIPlugin:80 - create IPUIPlugin
2025-12-02 13:29:50,539 [INFO] PluginManager:220 - loadIPPluginJar : add gpio
2025-12-02 13:29:50,541 [INFO] IPUIPlugin:80 - create IPUIPlugin
2025-12-02 13:29:50,541 [INFO] PluginManager:220 - loadIPPluginJar : add ddr_ctrl_phy
2025-12-02 13:29:50,542 [INFO] IPUIPlugin:80 - create IPUIPlugin
2025-12-02 13:29:50,543 [INFO] PluginManager:220 - loadIPPluginJar : add usart
2025-12-02 13:29:50,544 [INFO] IPUIPlugin:80 - create IPUIPlugin
2025-12-02 13:29:50,544 [INFO] PluginManager:220 - loadIPPluginJar : add tracer_emb
2025-12-02 13:29:50,545 [INFO] IPUIPlugin:80 - create IPUIPlugin
2025-12-02 13:29:50,545 [INFO] PluginManager:220 - loadIPPluginJar : add i2s
2025-12-02 13:29:50,547 [INFO] IPUIPlugin:80 - create IPUIPlugin
2025-12-02 13:29:50,547 [INFO] PluginManager:220 - loadIPPluginJar : add gtzc
2025-12-02 13:29:50,551 [INFO] IPUIPlugin:80 - create IPUIPlugin
2025-12-02 13:29:50,552 [INFO] PluginManager:220 - loadIPPluginJar : add freertos
2025-12-02 13:29:50,554 [INFO] IPUIPlugin:80 - create IPUIPlugin
2025-12-02 13:29:50,555 [INFO] PluginManager:220 - loadIPPluginJar : add nvic
2025-12-02 13:29:50,556 [INFO] IPUIPlugin:80 - create IPUIPlugin
2025-12-02 13:29:50,556 [INFO] PluginManager:220 - loadIPPluginJar : add fatfs
2025-12-02 13:29:50,557 [INFO] IPUIPlugin:80 - create IPUIPlugin
2025-12-02 13:29:50,558 [INFO] PluginManager:220 - loadIPPluginJar : add aes
2025-12-02 13:29:50,559 [INFO] IPUIPlugin:80 - create IPUIPlugin
2025-12-02 13:29:50,559 [INFO] PluginManager:220 - loadIPPluginJar : add tsc
2025-12-02 13:29:50,560 [INFO] IPUIPlugin:80 - create IPUIPlugin
2025-12-02 13:29:50,560 [INFO] PluginManager:220 - loadIPPluginJar : add dfsdm
2025-12-02 13:29:50,562 [INFO] IPUIPlugin:80 - create IPUIPlugin
2025-12-02 13:29:50,562 [INFO] PluginManager:220 - loadIPPluginJar : add sai
2025-12-02 13:29:50,564 [INFO] IPUIPlugin:80 - create IPUIPlugin
2025-12-02 13:29:50,565 [INFO] PluginManager:220 - loadIPPluginJar : add usbx
2025-12-02 13:29:50,569 [INFO] IPUIPlugin:80 - create IPUIPlugin
2025-12-02 13:29:50,569 [INFO] PluginManager:220 - loadIPPluginJar : add stm32_wpan
2025-12-02 13:29:50,570 [INFO] IPUIPlugin:80 - create IPUIPlugin
2025-12-02 13:29:50,570 [INFO] PluginManager:220 - loadIPPluginJar : add quadspi
2025-12-02 13:29:50,572 [INFO] IPUIPlugin:80 - create IPUIPlugin
2025-12-02 13:29:50,572 [INFO] PluginManager:220 - loadIPPluginJar : add ucpd
2025-12-02 13:29:50,575 [INFO] IPUIPlugin:80 - create IPUIPlugin
2025-12-02 13:29:50,575 [INFO] PluginManager:220 - loadIPPluginJar : add fmc
2025-12-02 13:29:50,576 [INFO] IPUIPlugin:80 - create IPUIPlugin
2025-12-02 13:29:50,576 [INFO] PluginManager:220 - loadIPPluginJar : add spi
2025-12-02 13:29:50,577 [INFO] IPUIPlugin:80 - create IPUIPlugin
2025-12-02 13:29:50,577 [INFO] PluginManager:220 - loadIPPluginJar : add tim
2025-12-02 13:29:50,582 [INFO] IPUIPlugin:80 - create IPUIPlugin
2025-12-02 13:29:50,582 [INFO] PluginManager:220 - loadIPPluginJar : add mdma
2025-12-02 13:29:50,586 [INFO] IPUIPlugin:80 - create IPUIPlugin
2025-12-02 13:29:50,586 [INFO] PluginManager:220 - loadIPPluginJar : add adc
2025-12-02 13:29:50,588 [INFO] IPUIPlugin:80 - create IPUIPlugin
2025-12-02 13:29:50,588 [INFO] PluginManager:220 - loadIPPluginJar : add dma3
2025-12-02 13:29:50,592 [INFO] IPUIPlugin:80 - create IPUIPlugin
2025-12-02 13:29:50,594 [INFO] PluginManager:220 - loadIPPluginJar : add plateformsettings
2025-12-02 13:29:50,596 [INFO] IPUIPlugin:80 - create IPUIPlugin
2025-12-02 13:29:50,596 [INFO] PluginManager:220 - loadIPPluginJar : add openamp
2025-12-02 13:29:50,597 [INFO] IPUIPlugin:80 - create IPUIPlugin
2025-12-02 13:29:50,597 [INFO] PluginManager:220 - loadIPPluginJar : add ts
2025-12-02 13:29:50,600 [INFO] IPUIPlugin:80 - create IPUIPlugin
2025-12-02 13:29:50,600 [INFO] PluginManager:220 - loadIPPluginJar : add touchsensing
2025-12-02 13:29:50,600 [INFO] IPUIPlugin:80 - create IPUIPlugin
2025-12-02 13:29:50,601 [INFO] PluginManager:220 - loadIPPluginJar : add ltdc
2025-12-02 13:29:50,606 [INFO] IPUIPlugin:80 - create IPUIPlugin
2025-12-02 13:29:50,606 [INFO] PluginManager:220 - loadIPPluginJar : add linkedlist
2025-12-02 13:29:50,608 [INFO] IPUIPlugin:80 - create IPUIPlugin
2025-12-02 13:29:50,608 [INFO] PluginManager:220 - loadIPPluginJar : add ipddr
2025-12-02 13:29:50,609 [INFO] IPUIPlugin:80 - create IPUIPlugin
2025-12-02 13:29:50,609 [INFO] PluginManager:220 - loadIPPluginJar : add gfxmmu
2025-12-02 13:29:50,700 [FATAL] Updater:351 - Updater called before beeing initialized
2025-12-02 13:29:50,732 [INFO] RulesReader:64 - Compatibility file has been processed (317 Rules)
2025-12-02 13:29:50,742 [INFO] RulesReader:64 - Compatibility file has been processed (317 Rules)
2025-12-02 13:29:50,747 [INFO] CADModel:165 - CPN selected for project level
2025-12-02 13:29:50,747 [INFO] CADModel:114 - Register for checkConnection events
2025-12-02 13:29:50,747 [FATAL] Updater:351 - Updater called before beeing initialized
2025-12-02 13:29:50,747 [ERROR] CADModel:125 - Updater not yet initialized, retry later 
2025-12-02 13:29:50,835 [FATAL] Updater:351 - Updater called before beeing initialized
2025-12-02 13:29:50,837 [INFO] CADModel:165 - CPN selected for project level
2025-12-02 13:29:50,837 [INFO] CADModel:114 - Register for checkConnection events
2025-12-02 13:29:50,837 [FATAL] Updater:351 - Updater called before beeing initialized
2025-12-02 13:29:50,837 [ERROR] CADModel:125 - Updater not yet initialized, retry later 
2025-12-02 13:29:50,840 [FATAL] Updater:351 - Updater called before beeing initialized
2025-12-02 13:29:50,906 [FATAL] Updater:351 - Updater called before beeing initialized
2025-12-02 13:29:50,909 [INFO] DbMcusAds:53 - JSON generation date=Mon Nov 10 11:43:01 CET 2025 (1762771381096)
2025-12-02 13:29:50,909 [FATAL] Updater:351 - Updater called before beeing initialized
2025-12-02 13:29:50,934 [WARN] DetailPanel:346 - Failed to get advertising image, set to default
2025-12-02 13:29:50,989 [FATAL] Updater:351 - Updater called before beeing initialized
2025-12-02 13:29:50,991 [FATAL] Updater:351 - Updater called before beeing initialized
2025-12-02 13:29:50,991 [FATAL] Updater:351 - Updater called before beeing initialized
2025-12-02 13:29:50,991 [WARN] DetailPanel:346 - Failed to get advertising image, set to default
2025-12-02 13:29:50,991 [FATAL] Updater:351 - Updater called before beeing initialized
2025-12-02 13:29:51,014 [ERROR] Updater:1198 - MainUpdater not yet initialized. External WinMGr cannot be set.
2025-12-02 13:29:51,015 [INFO] Updater:1134 - Updater Version found : 6.15.0
2025-12-02 13:29:51,029 [INFO] ApplicationProperties:184 - Using Application install path: /opt/st/stm32cubeide_1.19.0/plugins/com.st.stm32cube.common.mx_6.15.0.202507011659
2025-12-02 13:29:51,265 [INFO] MainUpdater:2872 - connection check result : 10
2025-12-02 13:29:51,266 [INFO] MainUpdater:289 - Updater Check For Update Now.
2025-12-02 13:29:51,266 [INFO] MicroXplorer:498 - Change Database Version : DB.6.0.150
2025-12-02 13:29:51,269 [INFO] McuFinderGlobals:63 - Set McuFinder mode to 2 (CubeIDE integrated)
2025-12-02 13:29:51,270 [INFO] UserAuth:171 - activating auth plugin
2025-12-02 13:29:51,272 [INFO] UserAuth:487 - Internet connection configuration mode: 1
2025-12-02 13:29:51,285 [INFO] JxBrowserEngine:152 - Initiate JxBrowser Engine with user profile folder
2025-12-02 13:29:51,419 [INFO] CheckServerUpdateThread:120 - End of CheckServer Thread
2025-12-02 13:29:52,039 [INFO] WebApp:169 - Instantiating new browser for Auth
2025-12-02 13:29:52,634 [INFO] WebApp:463 - Apply proxy settings
2025-12-02 13:29:52,634 [INFO] WebApp:548 - Chromium requires no authentication
2025-12-02 13:29:52,643 [INFO] WebApp:491 - Direct internet connection detected
2025-12-02 13:29:52,657 [INFO] WebApp:900 - Register for checkConnection events
2025-12-02 13:29:52,657 [INFO] WebApp:463 - Apply proxy settings
2025-12-02 13:29:52,657 [INFO] WebApp:548 - Chromium requires no authentication
2025-12-02 13:29:52,658 [INFO] WebApp:491 - Direct internet connection detected
2025-12-02 13:29:52,772 [INFO] WebApp:225 - Starting web application
2025-12-02 13:29:52,772 [INFO] WebApp:593 - Web application path used /opt/st/stm32cubeide_1.19.0/plugins/com.st.stm32cube.common.mx_6.15.0.202507011659/db/plugins/mcufinder/reactClient1/index.html
2025-12-02 13:29:52,970 [INFO] WebApp:191 - Connection restablished
2025-12-02 13:29:53,300 [WARN] PackLoader:240 - Cannot read IP mode file for STMicroelectronics.FP-SNS-MOTENVWB1.1.4.0
2025-12-02 13:29:53,306 [WARN] PackLoader:240 - Cannot read IP mode file for STMicroelectronics.FP-ATR-ASTRA1.2.0.2
2025-12-02 13:29:53,308 [WARN] PackLoader:240 - Cannot read IP mode file for STMicroelectronics.FP-ATR-ASTRA1.2.0.1
2025-12-02 13:29:53,313 [WARN] PackLoader:240 - Cannot read IP mode file for STMicroelectronics.X-CUBE-SMBUS.2.1.0
2025-12-02 13:29:53,318 [WARN] PackLoader:240 - Cannot read IP mode file for STMicroelectronics.X-CUBE-WB05N.1.1.0
2025-12-02 13:29:53,325 [WARN] PackLoader:240 - Cannot read IP mode file for STMicroelectronics.X-CUBE-TOUCHGFX.4.23.0
2025-12-02 13:29:53,351 [WARN] PackLoader:240 - Cannot read IP mode file for STMicroelectronics.X-CUBE-AZRTOS-F7.1.1.0
2025-12-02 13:29:53,357 [WARN] PackLoader:240 - Cannot read IP mode file for STMicroelectronics.FP-SNS-MOTENV1.4.3.2
2025-12-02 13:29:53,397 [WARN] PackLoader:240 - Cannot read IP mode file for STMicroelectronics.X-CUBE-MEMS1.11.0.0
2025-12-02 13:29:53,541 [WARN] PackLoader:240 - Cannot read IP mode file for STMicroelectronics.FP-SNS-MOTENV1.5.1.0
2025-12-02 13:29:53,543 [WARN] PackLoader:240 - Cannot read IP mode file for STMicroelectronics.FP-SNS-FLIGHT1.5.0.2
2025-12-02 13:29:53,556 [WARN] PackLoader:240 - Cannot read IP mode file for STMicroelectronics.X-CUBE-AZRTOS-H7.3.4.0
2025-12-02 13:29:53,561 [WARN] PackLoader:240 - Cannot read IP mode file for STMicroelectronics.X-CUBE-DISPLAY.3.0.0
2025-12-02 13:29:53,566 [WARN] PackLoader:240 - Cannot read IP mode file for STMicroelectronics.X-CUBE-BLE1.7.0.0
2025-12-02 13:29:53,570 [WARN] PackLoader:240 - Cannot read IP mode file for STMicroelectronics.X-CUBE-NFC10.1.0.0
2025-12-02 13:29:53,576 [WARN] PackLoader:240 - Cannot read IP mode file for STMicroelectronics.X-CUBE-BLEMGR.4.0.0
2025-12-02 13:29:53,580 [WARN] PackLoader:240 - Cannot read IP mode file for STMicroelectronics.X-CUBE-ST60.1.1.0
2025-12-02 13:29:53,583 [WARN] PackLoader:240 - Cannot read IP mode file for emotas.I-CUBE-CANOPEN.1.3.0
2025-12-02 13:29:53,587 [WARN] PackLoader:240 - Cannot read IP mode file for STMicroelectronics.X-CUBE-GNSS1.7.1.0
2025-12-02 13:29:53,597 [WARN] PackLoader:240 - Cannot read IP mode file for STMicroelectronics.X-CUBE-BLEMGR.3.1.0
2025-12-02 13:29:53,603 [WARN] PackLoader:240 - Cannot read IP mode file for STMicroelectronics.FP-SNS-STBOX1.2.1.0
2025-12-02 13:29:53,607 [WARN] PackLoader:240 - Cannot read IP mode file for STMicroelectronics.FP-SNS-SMARTAG2.1.2.0
2025-12-02 13:29:53,610 [WARN] PackLoader:240 - Cannot read IP mode file for STMicroelectronics.FP-SNS-FLIGHT1.5.1.0
2025-12-02 13:29:53,640 [WARN] PackLoader:240 - Cannot read IP mode file for STMicroelectronics.X-CUBE-MEMS1.11.1.0
2025-12-02 13:29:53,777 [INFO] LogOutputStream:77 - [STDOUT_REDIRECT] 1 : Invalid condition id : UX_CORESTACK_Condition cause : null
2025-12-02 13:29:53,777 [INFO] LogOutputStream:77 - [STDOUT_REDIRECT] 1 : Invalid condition id : UX_CORESTACK_Condition cause : null
2025-12-02 13:29:53,777 [INFO] LogOutputStream:77 - [STDOUT_REDIRECT] 1 : Invalid condition id : UX_CORESTACK_Condition cause : null
2025-12-02 13:29:53,778 [INFO] LogOutputStream:77 - [STDOUT_REDIRECT] 1 : Invalid condition id : UX_CORESTACK_Condition cause : null
2025-12-02 13:29:53,778 [INFO] LogOutputStream:77 - [STDOUT_REDIRECT] 1 : Invalid condition id : UX_CORESTACK_Condition cause : null
2025-12-02 13:29:53,779 [WARN] PackLoader:240 - Cannot read IP mode file for STMicroelectronics.X-CUBE-AZRTOS-WL.2.0.0
2025-12-02 13:29:53,782 [WARN] PackLoader:240 - Cannot read IP mode file for STMicroelectronics.FP-SNS-MOTENV1.5.0.0
2025-12-02 13:29:53,793 [WARN] PackLoader:240 - Cannot read IP mode file for STMicroelectronics.X-CUBE-AZRTOS-H7RS.1.2.0
2025-12-02 13:29:53,797 [WARN] PackLoader:240 - Cannot read IP mode file for wolfSSL.I-CUBE-wolfMQTT.1.19.0
2025-12-02 13:29:53,801 [WARN] PackLoader:240 - Cannot read IP mode file for WES.I-CUBE-Cesium.1.3.0
2025-12-02 13:29:53,804 [WARN] PackLoader:240 - Cannot read IP mode file for STMicroelectronics.X-CUBE-BLE2.3.3.0
2025-12-02 13:29:53,816 [WARN] PackLoader:240 - Cannot read IP mode file for STMicroelectronics.X-CUBE-NFC9.1.0.0
2025-12-02 13:29:53,820 [WARN] PackLoader:240 - Cannot read IP mode file for STMicroelectronics.X-CUBE-BLE1.7.1.0
2025-12-02 13:29:53,823 [WARN] PackLoader:240 - Cannot read IP mode file for STMicroelectronics.X-CUBE-TCPP.4.1.0
2025-12-02 13:29:53,828 [WARN] PackLoader:240 - Cannot read IP mode file for STMicroelectronics.X-CUBE-FREERTOS.1.4.0
2025-12-02 13:29:53,831 [WARN] PackLoader:240 - Cannot read IP mode file for STMicroelectronics.X-CUBE-EEPRMA1.5.2.0
2025-12-02 13:29:53,837 [WARN] PackLoader:240 - Cannot read IP mode file for STMicroelectronics.X-CUBE-ST67W61.1.1.0
2025-12-02 13:29:53,873 [WARN] PackLoader:240 - Cannot read IP mode file for STMicroelectronics.X-CUBE-MEMS1.12.0.0
2025-12-02 13:29:53,930 [WARN] PackLoader:240 - Cannot read IP mode file for STMicroelectronics.X-CUBE-ALGOBUILD.1.3.0
2025-12-02 13:29:53,940 [WARN] PackLoader:240 - Cannot read IP mode file for STMicroelectronics.X-CUBE-AZRTOS-G0.1.1.0
2025-12-02 13:29:53,945 [WARN] PackLoader:240 - Cannot read IP mode file for STMicroelectronics.X-CUBE-SAFEA1.1.2.2
2025-12-02 13:29:53,948 [WARN] PackLoader:240 - Cannot read IP mode file for STMicroelectronics.X-CUBE-NFC4.3.0.0
2025-12-02 13:29:53,964 [WARN] PackLoader:240 - Cannot read IP mode file for EmbeddedOffice.I-CUBE-FS-RTOS.1.0.1
2025-12-02 13:29:53,967 [WARN] PackLoader:240 - Cannot read IP mode file for STMicroelectronics.X-CUBE-WB05N.2.0.0
2025-12-02 13:29:53,972 [WARN] PackLoader:240 - Cannot read IP mode file for STMicroelectronics.X-CUBE-BLEMGR.3.0.0
2025-12-02 13:29:53,975 [WARN] PackLoader:240 - Cannot read IP mode file for STMicroelectronics.X-CUBE-TCPP.4.2.0
2025-12-02 13:29:53,978 [WARN] PackLoader:240 - Cannot read IP mode file for RealThread.X-CUBE-RT-Thread_Nano.4.1.1
2025-12-02 13:29:53,980 [WARN] PackLoader:240 - Cannot read IP mode file for STMicroelectronics.FP-ATR-SIGFOX1.3.2.0
2025-12-02 13:29:53,981 [WARN] ConditionMgr:438 - getConditionDescription Invalid condition id : Cortex-A Device cause : null
2025-12-02 13:29:53,985 [WARN] ConditionMgr:1044 - genDependencies : Invalid condition id : Cortex-A Device cause : null
2025-12-02 13:29:53,985 [WARN] ConditionMgr:1044 - genDependencies : Invalid condition id : Cortex-A Device cause : null
2025-12-02 13:29:53,985 [WARN] ConditionMgr:1044 - genDependencies : Invalid condition id : Cortex-A Device cause : null
2025-12-02 13:29:53,988 [WARN] PackLoader:240 - Cannot read IP mode file for STMicroelectronics.X-CUBE-EEPRMA1.5.1.0
2025-12-02 13:29:53,991 [WARN] PackLoader:240 - Cannot read IP mode file for STMicroelectronics.X-CUBE-AI.10.2.0
2025-12-02 13:29:54,007 [WARN] PackLoader:240 - Cannot read IP mode file for SEGGER.I-CUBE-embOS.1.3.1
2025-12-02 13:29:54,027 [WARN] PackLoader:240 - Cannot read IP mode file for STMicroelectronics.X-CUBE-ALGOBUILD.1.4.0
2025-12-02 13:29:54,054 [WARN] PackLoader:240 - Cannot read IP mode file for STMicroelectronics.X-CUBE-MEMS1.11.3.0
2025-12-02 13:29:54,126 [WARN] PackLoader:240 - Cannot read IP mode file for STMicroelectronics.X-CUBE-AI.9.1.0
2025-12-02 13:29:54,129 [WARN] PackLoader:240 - Cannot read IP mode file for STMicroelectronics.X-CUBE-PM33A1.1.0.0
2025-12-02 13:29:54,132 [WARN] PackLoader:240 - Cannot read IP mode file for STMicroelectronics.X-CUBE-GNSS1.6.0.0
2025-12-02 13:29:54,142 [WARN] PackLoader:240 - Cannot read IP mode file for STMicroelectronics.X-CUBE-AZRTOS-F4.1.1.0
2025-12-02 13:29:54,145 [WARN] PackLoader:240 - Cannot read IP mode file for wolfSSL.I-CUBE-wolfSSL.5.6.4
2025-12-02 13:29:54,147 [WARN] PackLoader:240 - Cannot read IP mode file for STMicroelectronics.X-CUBE-ISPU.2.1.0
2025-12-02 13:29:54,155 [WARN] PackLoader:240 - Cannot read IP mode file for STMicroelectronics.X-CUBE-IPS.3.2.0
2025-12-02 13:29:54,161 [WARN] PackLoader:240 - Cannot read IP mode file for STMicroelectronics.X-CUBE-FREERTOS.1.2.0
2025-12-02 13:29:54,164 [WARN] PackLoader:240 - Cannot read IP mode file for STMicroelectronics.X-CUBE-NFC12.1.0.0
2025-12-02 13:29:54,179 [WARN] PackLoader:240 - Cannot read IP mode file for STMicroelectronics.X-CUBE-AZRTOS-L5.2.0.0
2025-12-02 13:29:54,182 [WARN] PackLoader:240 - Cannot read IP mode file for STMicroelectronics.X-CUBE-EEPRMA1.4.2.0
2025-12-02 13:29:54,189 [WARN] PackLoader:240 - Cannot read IP mode file for STMicroelectronics.X-CUBE-NFC6.3.1.0
2025-12-02 13:29:54,193 [WARN] PackLoader:240 - Cannot read IP mode file for ITTIA_DB.I-CUBE-ITTIADB.8.8.0
2025-12-02 13:29:54,212 [WARN] PackLoader:240 - Cannot read IP mode file for STMicroelectronics.X-CUBE-DPower.1.2.0
2025-12-02 13:29:54,215 [WARN] PackLoader:240 - Cannot read IP mode file for STMicroelectronics.X-CUBE-FREERTOS.1.3.1
2025-12-02 13:29:54,218 [WARN] PackLoader:240 - Cannot read IP mode file for STMicroelectronics.X-CUBE-FREERTOS.1.3.0
2025-12-02 13:29:54,221 [WARN] PackLoader:240 - Cannot read IP mode file for STMicroelectronics.X-CUBE-NFC7.1.0.1
2025-12-02 13:29:54,224 [WARN] PackLoader:240 - Cannot read IP mode file for STMicroelectronics.X-CUBE-TOUCHGFX.4.26.0
2025-12-02 13:29:54,229 [WARN] PackLoader:240 - Cannot read IP mode file for STMicroelectronics.X-CUBE-NFC6.3.0.0
2025-12-02 13:29:54,234 [WARN] PackLoader:240 - Cannot read IP mode file for STMicroelectronics.FP-SNS-STAIOTCFT.1.0.0
2025-12-02 13:29:54,239 [WARN] PackLoader:240 - Cannot read IP mode file for STMicroelectronics.X-CUBE-DPower.1.3.0
2025-12-02 13:29:54,241 [WARN] PackLoader:240 - Cannot read IP mode file for STMicroelectronics.X-CUBE-AI.8.1.0
2025-12-02 13:29:54,253 [WARN] ConditionMgr:438 - getConditionDescription Invalid condition id : LAN8742 Phy interface Condition cause : null
2025-12-02 13:29:54,253 [WARN] PackLoader:240 - Cannot read IP mode file for STMicroelectronics.X-CUBE-AZRTOS-L4.2.0.0
2025-12-02 13:29:54,254 [WARN] ConditionMgr:1044 - genDependencies : Invalid condition id : LAN8742 Phy interface Condition cause : null
2025-12-02 13:29:54,254 [WARN] ConditionMgr:1044 - genDependencies : Invalid condition id : LAN8742 Phy interface Condition cause : null
2025-12-02 13:29:54,255 [WARN] ConditionMgr:1044 - genDependencies : Invalid condition id : LAN8742 Phy interface Condition cause : null
2025-12-02 13:29:54,258 [WARN] PackLoader:240 - Cannot read IP mode file for STMicroelectronics.X-CUBE-SFXS2LP1.4.0.0
2025-12-02 13:29:54,269 [WARN] PackLoader:240 - Cannot read IP mode file for STMicroelectronics.X-CUBE-AZRTOS-H7.3.3.0
2025-12-02 13:29:54,276 [WARN] PackLoader:240 - Cannot read IP mode file for STMicroelectronics.X-CUBE-BLEMGR.4.1.0
2025-12-02 13:29:54,282 [WARN] PackLoader:240 - Cannot read IP mode file for STMicroelectronics.X-CUBE-IPS.3.0.0
2025-12-02 13:29:54,290 [WARN] ConditionMgr:438 - getConditionDescription Invalid condition id : UX DEVICE CLASS RTOS Condition cause : null
2025-12-02 13:29:54,290 [WARN] ConditionMgr:438 - getConditionDescription Invalid condition id : UX DEVICE CLASS RTOS Condition cause : null
2025-12-02 13:29:54,291 [WARN] PackLoader:240 - Cannot read IP mode file for STMicroelectronics.X-CUBE-AZRTOS-WB.2.0.0
2025-12-02 13:29:54,292 [WARN] ConditionMgr:1044 - genDependencies : Invalid condition id : UX DEVICE CLASS RTOS Condition cause : null
2025-12-02 13:29:54,292 [WARN] ConditionMgr:1044 - genDependencies : Invalid condition id : UX DEVICE CLASS RTOS Condition cause : null
2025-12-02 13:29:54,292 [WARN] ConditionMgr:1044 - genDependencies : Invalid condition id : UX DEVICE CLASS RTOS Condition cause : null
2025-12-02 13:29:54,292 [WARN] ConditionMgr:1044 - genDependencies : Invalid condition id : UX DEVICE CLASS RTOS Condition cause : null
2025-12-02 13:29:54,292 [WARN] ConditionMgr:1044 - genDependencies : Invalid condition id : UX DEVICE CLASS RTOS Condition cause : null
2025-12-02 13:29:54,295 [WARN] PackLoader:240 - Cannot read IP mode file for STMicroelectronics.X-CUBE-GNSS1.7.0.0
2025-12-02 13:29:54,297 [WARN] PackLoader:240 - Cannot read IP mode file for STMicroelectronics.X-CUBE-GNSS1.7.0.1
2025-12-02 13:29:54,300 [WARN] PackLoader:240 - Cannot read IP mode file for STMicroelectronics.FP-SNS-STBOX1.2.0.0
2025-12-02 13:29:54,307 [WARN] PackLoader:240 - Cannot read IP mode file for STMicroelectronics.X-CUBE-SUBG2.5.0.0
2025-12-02 13:29:54,317 [WARN] PackLoader:240 - Cannot read IP mode file for STMicroelectronics.X-CUBE-AZRTOS-H7RS.1.1.0
2025-12-02 13:29:54,327 [WARN] PackLoader:240 - Cannot read IP mode file for Cesanta.I-CUBE-Mongoose.7.13.0
2025-12-02 13:29:54,333 [WARN] PackLoader:240 - Cannot read IP mode file for STMicroelectronics.X-CUBE-AZRTOS-G4.2.0.0
2025-12-02 13:29:54,340 [WARN] PackLoader:240 - Cannot read IP mode file for Infineon.AIROC-Wi-Fi-Bluetooth-STM32.1.5.1
2025-12-02 13:29:54,343 [WARN] PackLoader:240 - Cannot read IP mode file for STMicroelectronics.X-CUBE-NFC7.2.0.0
2025-12-02 13:29:54,345 [WARN] PackLoader:240 - Cannot read IP mode file for STMicroelectronics.FP-SNS-MOTENVWB1.1.3.1
2025-12-02 13:29:54,347 [WARN] PackLoader:240 - Cannot read IP mode file for STMicroelectronics.X-CUBE-ISPU.2.0.0
2025-12-02 13:29:54,352 [WARN] PackLoader:240 - Cannot read IP mode file for STMicroelectronics.X-CUBE-IPS.3.1.0
2025-12-02 13:29:54,357 [WARN] PackLoader:240 - Cannot read IP mode file for STMicroelectronics.X-CUBE-ALS.1.0.2
2025-12-02 13:29:54,375 [WARN] PackLoader:240 - Cannot read IP mode file for STMicroelectronics.X-CUBE-MEMS1.10.0.0
2025-12-02 13:29:54,426 [WARN] PackLoader:240 - Cannot read IP mode file for STMicroelectronics.X-CUBE-FREERTOS.1.1.0
2025-12-02 13:29:54,428 [WARN] PackLoader:240 - Cannot read IP mode file for STMicroelectronics.X-CUBE-TOUCHGFX.4.24.2
2025-12-02 13:29:54,429 [WARN] PackLoader:240 - Cannot read IP mode file for STMicroelectronics.X-CUBE-TOUCHGFX.4.24.1
2025-12-02 13:29:54,432 [WARN] PackLoader:240 - Cannot read IP mode file for STMicroelectronics.X-CUBE-STSE01.1.0.0
2025-12-02 13:29:54,434 [WARN] PackLoader:240 - Cannot read IP mode file for wolfSSL.I-CUBE-wolfTPM.3.4.0
2025-12-02 13:29:54,437 [WARN] PackLoader:240 - Cannot read IP mode file for portGmbH.I-Cube-SoM-uGOAL.1.1.0
2025-12-02 13:29:54,439 [WARN] PackLoader:240 - Cannot read IP mode file for STMicroelectronics.X-CUBE-ALS.1.0.1
2025-12-02 13:29:54,447 [WARN] PackLoader:240 - Cannot read IP mode file for STMicroelectronics.X-CUBE-AZRTOS-H7RS.1.0.0
2025-12-02 13:29:54,450 [WARN] PackLoader:240 - Cannot read IP mode file for STMicroelectronics.FP-ATR-ASTRA1.2.0.0
2025-12-02 13:29:54,455 [WARN] PackLoader:240 - Cannot read IP mode file for STMicroelectronics.X-CUBE-TOF1.3.4.2
2025-12-02 13:29:54,465 [WARN] PackLoader:240 - Cannot read IP mode file for STMicroelectronics.X-CUBE-TOF1.3.4.3
2025-12-02 13:29:54,475 [WARN] PackLoader:240 - Cannot read IP mode file for STMicroelectronics.X-CUBE-TOF1.3.4.0
2025-12-02 13:29:54,489 [WARN] PackLoader:240 - Cannot read IP mode file for STMicroelectronics.X-CUBE-AZRTOS-H7.3.2.0
2025-12-02 13:29:54,499 [WARN] PackLoader:240 - Cannot read IP mode file for wolfSSL.I-CUBE-wolfSSH.1.4.17
2025-12-02 13:29:54,499 [INFO] ThirdParty:978 - Integrity check success = true
2025-12-02 13:29:54,499 [INFO] IntegrityCheckThread:100 - exiting critical section [integrity check]
2025-12-02 13:29:54,499 [INFO] IntegrityCheckThread:103 - End integrity checks thread
2025-12-02 14:42:59,494 [ERROR] LogOutputStream:75 - [STDERR_REDIRECT] 
