../Middlewares/ST/STM32_USB_Host_Library/Core/Src/usbh_core.c:162:28:DeInitStateMachine.isra	8	static
../Middlewares/ST/STM32_USB_Host_Library/Core/Src/usbh_core.c:92:21:USBH_Init	48	static
../Middlewares/ST/STM32_USB_Host_Library/Core/Src/usbh_core.c:143:21:USBH_DeInit	8	static
../Middlewares/ST/STM32_USB_Host_Library/Core/Src/usbh_core.c:199:21:USBH_RegisterClass	8	static
../Middlewares/ST/STM32_USB_Host_Library/Core/Src/usbh_core.c:233:20:USBH_SelectInterface	16	static
../Middlewares/ST/STM32_USB_Host_Library/Core/Src/usbh_core.c:260:9:USBH_GetActiveClass	0	static
../Middlewares/ST/STM32_USB_Host_Library/Core/Src/usbh_core.c:274:10:USBH_FindInterface	16	static
../Middlewares/ST/STM32_USB_Host_Library/Core/Src/usbh_core.c:306:10:USBH_FindInterfaceIndex	0	static
../Middlewares/ST/STM32_USB_Host_Library/Core/Src/usbh_core.c:333:21:USBH_Start	8	static
../Middlewares/ST/STM32_USB_Host_Library/Core/Src/usbh_core.c:350:21:USBH_Stop	8	static
../Middlewares/ST/STM32_USB_Host_Library/Core/Src/usbh_core.c:371:21:USBH_ReEnumerate	8	static
../Middlewares/ST/STM32_USB_Host_Library/Core/Src/usbh_core.c:397:21:USBH_Process	40	static
../Middlewares/ST/STM32_USB_Host_Library/Core/Src/usbh_core.c:890:13:USBH_Process_OS	24	static
../Middlewares/ST/STM32_USB_Host_Library/Core/Src/usbh_core.c:791:7:USBH_LL_SetTimer	0	static
../Middlewares/ST/STM32_USB_Host_Library/Core/Src/usbh_core.c:801:7:USBH_LL_IncTimer	0	static
../Middlewares/ST/STM32_USB_Host_Library/Core/Src/usbh_core.c:826:21:USBH_LL_Connect	8	static
../Middlewares/ST/STM32_USB_Host_Library/Core/Src/usbh_core.c:854:21:USBH_LL_Disconnect	8	static
../Middlewares/ST/STM32_USB_Host_Library/Core/Src/usbh_core.c:911:21:USBH_LL_NotifyURBChange	8	static
