13:03:23 **** Incremental Build of configuration Debug for project nucleo-basic-v4 ****
make all 
arm-none-eabi-gcc -c "../Src/main.c" -mcpu=cortex-m4 -std=gnu11 -g3 '-D__weak=__attribute__((weak))' '-D__packed="__attribute__((__packed__))"' -DUSE_HAL_DRIVER -DSTM32F429xx -c -I../Inc -I../Middlewares/Third_Party/LwIP/src/include -I../Middlewares/Third_Party/LwIP/system -I../Drivers/STM32F4xx_HAL_Driver/Inc -I../Drivers/STM32F4xx_HAL_Driver/Inc/Legacy -I../Middlewares/Third_Party/FreeRTOS/Source/portable/GCC/ARM_CM4F -I../Middlewares/Third_Party/LwIP/src/include/netif/ppp -I../Middlewares/ST/STM32_USB_Host_Library/Core/Inc -I../Middlewares/ST/STM32_USB_Host_Library/Class/MSC/Inc -I../Drivers/CMSIS/Device/ST/STM32F4xx/Include -I../Middlewares/Third_Party/FatFs/src -I../Middlewares/Third_Party/FreeRTOS/Source/include -I../Middlewares/Third_Party/FreeRTOS/Source/CMSIS_RTOS -I../Middlewares/Third_Party/LwIP/src/include/lwip -I../Middlewares/Third_Party/LwIP/src/include/lwip/apps -I../Middlewares/Third_Party/LwIP/src/include/lwip/priv -I../Middlewares/Third_Party/LwIP/src/include/lwip/prot -I../Middlewares/Third_Party/LwIP/src/include/netif -I../Middlewares/Third_Party/LwIP/src/include/posix -I../Middlewares/Third_Party/LwIP/src/include/posix/sys -I../Middlewares/Third_Party/LwIP/system/arch -I../Drivers/CMSIS/Include -Os -ffunction-sections -fdata-sections -Wall -fstack-usage -MMD -MP -MF"Src/main.d" -MT"Src/main.o" --specs=nano.specs -mfpu=fpv4-sp-d16 -mfloat-abi=hard -mthumb -o "Src/main.o"
../Src/main.c: In function 'measureTime':
../Src/main.c:534:23: warning: format '%d' expects argument of type 'int', but argument 2 has type 'TickType_t' {aka 'long unsigned int'} [-Wformat=]
  534 |  xprintf("Write time %d\n", write - start);
      |                      ~^     ~~~~~~~~~~~~~
      |                       |           |
      |                       int         TickType_t {aka long unsigned int}
      |                      %ld
../Src/main.c:535:22: warning: format '%d' expects argument of type 'int', but argument 2 has type 'TickType_t' {aka 'long unsigned int'} [-Wformat=]
  535 |  xprintf("Read time %d\n", read - write);
      |                     ~^     ~~~~~~~~~~~~
      |                      |          |
      |                      int        TickType_t {aka long unsigned int}
      |                     %ld
../Src/main.c:535:2: warning: 'write' may be used uninitialized in this function [-Wmaybe-uninitialized]
  535 |  xprintf("Read time %d\n", read - write);
      |  ^~~~~~~~~~~~~~~~~~~~~~~~~~~~~~~~~~~~~~~
arm-none-eabi-gcc -o "nucleo-basic-v4.elf" @"objects.list"   -mcpu=cortex-m4 -T"../STM32F429ZI_FLASH.ld" --specs=nosys.specs -Wl,-Map="nucleo-basic-v4.map" -Wl,--gc-sections -static --specs=nano.specs -mfpu=fpv4-sp-d16 -mfloat-abi=hard -mthumb -Wl,--start-group -lc -lm -Wl,--end-group
Finished building target: nucleo-basic-v4.elf
 
arm-none-eabi-size   nucleo-basic-v4.elf 
   text	   data	    bss	    dec	    hex	filename
  83292	    160	  73368	 156820	  26494	nucleo-basic-v4.elf
Finished building: default.size.stdout
 
arm-none-eabi-objdump -h -S  nucleo-basic-v4.elf  > "nucleo-basic-v4.list"
Finished building: nucleo-basic-v4.list
 
arm-none-eabi-objcopy  -O binary  nucleo-basic-v4.elf  "nucleo-basic-v4.bin"
Finished building: nucleo-basic-v4.bin
 
arm-none-eabi-objcopy -O ihex "nucleo-basic-v4.elf" "nucleo-basic-v4.hex"
 

13:03:24 Build Finished. 0 errors, 3 warnings. (took 1s.418ms)

