2025-11-12 13:40:21,266 [INFO] Activator:176 - 


2025-11-12 13:40:21,267 [INFO] Activator:177 - !SESSION log4j initialized
2025-11-12 13:40:22,507 [INFO] LogOutputStream:77 - [STDOUT_REDIRECT] 
2025-11-12 13:40:25,947 [INFO] ApplicationProperties:184 - Using Application install path: /opt/st/stm32cubeide_1.19.0/plugins/com.st.stm32cube.common.mx_6.15.0.202507011659
2025-11-12 13:40:25,957 [INFO] DbMcusXml:78 - Set database path to: /opt/st/stm32cubeide_1.19.0/plugins/com.st.stm32cube.common.mx_6.15.0.202507011659//db//mcu/
2025-11-12 13:40:25,957 [INFO] ApiDb:274 - Set plugin database path to: /opt/st/stm32cubeide_1.19.0/plugins/com.st.stm32cube.common.mx_6.15.0.202507011659//db//plugins/boardmanager/
2025-11-12 13:40:25,958 [WARN] ApiDb:259 - Overriding images path with different value:  => /opt/st/stm32cubeide_1.19.0/plugins/com.st.stm32cube.common.mx_6.15.0.202507011659//db//plugins/mcufinder/images/
2025-11-12 13:40:25,960 [INFO] ApiDb:250 - Set database path to: /home/student/.stmcufinder/plugins/mcufinder//mcu/
2025-11-12 13:40:25,961 [INFO] DbMcusAds:125 - Set database path to: /home/student/.stmcufinder/plugins/mcufinder//mcu/
2025-11-12 13:40:25,962 [INFO] CrossReferenceDbSqlite:203 - Set database path to: /home/student/.stmcufinder/plugins/mcufinder//mcu/cs/
2025-11-12 13:40:26,040 [INFO] RulesReader:64 - Compatibility file has been processed (317 Rules)
2025-11-12 13:40:26,074 [INFO] DbMcusXml:78 - Set database path to: /opt/st/stm32cubeide_1.19.0/plugins/com.st.stm32cube.common.mx_6.15.0.202507011659//db//mcu/
2025-11-12 13:40:26,074 [INFO] ApiDb:274 - Set plugin database path to: /opt/st/stm32cubeide_1.19.0/plugins/com.st.stm32cube.common.mx_6.15.0.202507011659//db//plugins/boardmanager/
2025-11-12 13:40:26,074 [INFO] ApiDb:261 - Set plugin images path to: /opt/st/stm32cubeide_1.19.0/plugins/com.st.stm32cube.common.mx_6.15.0.202507011659//db//plugins/mcufinder/images/
2025-11-12 13:40:26,074 [WARN] DbFile:41 - Overriding database path with different value: /home/student/.stmcufinder/plugins/mcufinder/ => /home/student/.stmcufinder/plugins/mcufinder
2025-11-12 13:40:26,074 [INFO] ApiDb:250 - Set database path to: /home/student/.stmcufinder/plugins/mcufinder//mcu/
2025-11-12 13:40:26,074 [WARN] DbFile:41 - Overriding database path with different value: /home/student/.stmcufinder/plugins/mcufinder/ => /home/student/.stmcufinder/plugins/mcufinder
2025-11-12 13:40:26,075 [INFO] DbMcusAds:125 - Set database path to: /home/student/.stmcufinder/plugins/mcufinder//mcu/
2025-11-12 13:40:26,075 [WARN] DbFile:41 - Overriding database path with different value: /home/student/.stmcufinder/plugins/mcufinder/ => /home/student/.stmcufinder/plugins/mcufinder
2025-11-12 13:40:26,075 [WARN] DbFile:41 - Overriding database path with different value: /home/student/.stmcufinder/plugins/mcufinder/ => /home/student/.stmcufinder/plugins/mcufinder
2025-11-12 13:40:26,075 [INFO] CrossReferenceDbSqlite:203 - Set database path to: /home/student/.stmcufinder/plugins/mcufinder//mcu/cs/
2025-11-12 13:40:26,110 [INFO] MainPanel:274 - HeapMemory: 268435456
2025-11-12 13:40:26,176 [INFO] DbMcusXml:78 - Set database path to: /opt/st/stm32cubeide_1.19.0/plugins/com.st.stm32cube.common.mx_6.15.0.202507011659//db//mcu/
2025-11-12 13:40:26,176 [INFO] ApiDb:274 - Set plugin database path to: /opt/st/stm32cubeide_1.19.0/plugins/com.st.stm32cube.common.mx_6.15.0.202507011659//db//plugins/boardmanager/
2025-11-12 13:40:26,176 [INFO] ApiDb:261 - Set plugin images path to: /opt/st/stm32cubeide_1.19.0/plugins/com.st.stm32cube.common.mx_6.15.0.202507011659//db//plugins/mcufinder/images/
2025-11-12 13:40:26,177 [WARN] DbFile:41 - Overriding database path with different value: /home/student/.stmcufinder/plugins/mcufinder/ => /home/student/.stmcufinder/plugins/mcufinder
2025-11-12 13:40:26,177 [INFO] ApiDb:250 - Set database path to: /home/student/.stmcufinder/plugins/mcufinder//mcu/
2025-11-12 13:40:26,177 [WARN] DbFile:41 - Overriding database path with different value: /home/student/.stmcufinder/plugins/mcufinder/ => /home/student/.stmcufinder/plugins/mcufinder
2025-11-12 13:40:26,177 [INFO] DbMcusAds:125 - Set database path to: /home/student/.stmcufinder/plugins/mcufinder//mcu/
2025-11-12 13:40:26,177 [WARN] DbFile:41 - Overriding database path with different value: /home/student/.stmcufinder/plugins/mcufinder/ => /home/student/.stmcufinder/plugins/mcufinder
2025-11-12 13:40:26,177 [WARN] DbFile:41 - Overriding database path with different value: /home/student/.stmcufinder/plugins/mcufinder/ => /home/student/.stmcufinder/plugins/mcufinder
2025-11-12 13:40:26,177 [INFO] CrossReferenceDbSqlite:203 - Set database path to: /home/student/.stmcufinder/plugins/mcufinder//mcu/cs/
2025-11-12 13:40:26,187 [INFO] ApplicationProperties:184 - Using Application install path: /opt/st/stm32cubeide_1.19.0/plugins/com.st.stm32cube.common.mx_6.15.0.202507011659
2025-11-12 13:40:26,188 [INFO] PluginManage:196 - Search for loadable plugins [exclusion list=, ]
2025-11-12 13:40:26,188 [INFO] PluginManage:310 - Check plugin analytics
2025-11-12 13:40:26,296 [INFO] AnalyticsPlugin:253 - Accepted Software Licenses: 
2025-11-12 13:40:26,297 [INFO] AnalyticsPlugin:255 - Accepted CMSIS Pack Licenses: 
2025-11-12 13:40:26,297 [INFO] AnalyticsPlugin:257 - Accepted Firmware Licenses: 
2025-11-12 13:40:26,298 [INFO] PluginManage:359 - Loaded plugin analytics (category:tool,tabindex:-1)
2025-11-12 13:40:26,299 [INFO] PluginManage:310 - Check plugin cadmodel
2025-11-12 13:40:26,301 [INFO] CADModel:105 - Init CAD model plugin
2025-11-12 13:40:26,301 [INFO] PluginManage:359 - Loaded plugin cadmodel (category:power,tabindex:5)
2025-11-12 13:40:26,301 [INFO] PluginManage:310 - Check plugin clock
2025-11-12 13:40:26,306 [INFO] PluginManage:359 - Loaded plugin clock (category:base,tabindex:2)
2025-11-12 13:40:26,306 [INFO] PluginManage:310 - Check plugin ddr
2025-11-12 13:40:26,308 [INFO] PluginManage:359 - Loaded plugin ddr (category:tool,tabindex:6)
2025-11-12 13:40:26,308 [INFO] PluginManage:310 - Check plugin filemanager
2025-11-12 13:40:26,402 [INFO] PluginManage:359 - Loaded plugin filemanager (category:base,tabindex:10)
2025-11-12 13:40:26,402 [INFO] PluginManage:310 - Check plugin ipmanager
2025-11-12 13:40:26,405 [INFO] PluginManage:359 - Loaded plugin ipmanager (category:base,tabindex:5)
2025-11-12 13:40:26,405 [INFO] PluginManage:310 - Check plugin lpbam
2025-11-12 13:40:26,410 [INFO] PluginManage:359 - Loaded plugin lpbam (category:base,tabindex:0)
2025-11-12 13:40:26,410 [INFO] PluginManage:310 - Check plugin memorymap
2025-11-12 13:40:26,417 [INFO] PluginManage:359 - Loaded plugin memorymap (category:base,tabindex:4)
2025-11-12 13:40:26,417 [INFO] PluginManage:310 - Check plugin pinoutandconfiguration
2025-11-12 13:40:26,435 [INFO] PluginManage:359 - Loaded plugin pinoutandconfiguration (category:base,tabindex:1)
2025-11-12 13:40:26,435 [INFO] PluginManage:310 - Check plugin pinoutconfig
2025-11-12 13:40:26,504 [WARN] SupportedApi:132 - Cannot load RTOS API schema: s4s-elt-must-match.1: The content of 'definitions' must match (annotation?, (simpleType | complexType)?, (unique | key | keyref)*)). A problem was found starting at: attribute.
2025-11-12 13:40:26,579 [INFO] PluginManage:359 - Loaded plugin pinoutconfig (category:base,tabindex:0)
2025-11-12 13:40:26,580 [INFO] PluginManage:310 - Check plugin power
2025-11-12 13:40:26,584 [INFO] PluginManage:359 - Loaded plugin power (category:power,tabindex:4)
2025-11-12 13:40:26,584 [INFO] PluginManage:310 - Check plugin projectmanager
2025-11-12 13:40:26,593 [INFO] PluginManage:359 - Loaded plugin projectmanager (category:projectmanager,tabindex:4)
2025-11-12 13:40:26,593 [INFO] PluginManage:310 - Check plugin rif
2025-11-12 13:40:26,598 [INFO] PluginManage:359 - Loaded plugin rif (category:base,tabindex:3)
2025-11-12 13:40:26,598 [INFO] PluginManage:310 - Check plugin thirdparty
2025-11-12 13:40:26,660 [INFO] PluginManage:359 - Loaded plugin thirdparty (category:base,tabindex:-1)
2025-11-12 13:40:26,660 [INFO] PluginManage:310 - Check plugin tools
2025-11-12 13:40:26,660 [WARN] IntegrityCheckThread:84 - waiting for thirdparty lock release [integrity check]
2025-11-12 13:40:26,660 [INFO] IntegrityCheckThread:86 - entering critical section [integrity check]
2025-11-12 13:40:26,660 [INFO] ThirdPartyUpdaterWithRetryManager:70 - Updater plugin not ready yet. [1/15]
2025-11-12 13:40:26,661 [INFO] PluginManage:359 - Loaded plugin tools (category:base,tabindex:7)
2025-11-12 13:40:26,661 [INFO] PluginManage:310 - Check plugin tutovideos
2025-11-12 13:40:26,762 [INFO] PluginManage:359 - Loaded plugin tutovideos (category:base,tabindex:-1)
2025-11-12 13:40:26,763 [INFO] PluginManage:310 - Check plugin updater
2025-11-12 13:40:26,775 [INFO] PluginManage:359 - Loaded plugin updater (category:base,tabindex:12)
2025-11-12 13:40:26,775 [INFO] PluginManage:310 - Check plugin userauth
2025-11-12 13:40:26,777 [INFO] UserAuth:118 - Init User Auth plugin
2025-11-12 13:40:26,778 [INFO] PluginManage:359 - Loaded plugin userauth (category:base,tabindex:14)
2025-11-12 13:40:26,778 [INFO] PluginManage:283 - PluginManage : Loaded plugins [18]
2025-11-12 13:40:26,874 [INFO] PinOutPanel:1589 - setPackage(No Configuration,No Configuration)
2025-11-12 13:40:26,916 [INFO] CADModel:165 - CPN selected for project level
2025-11-12 13:40:26,916 [INFO] CADModel:114 - Register for checkConnection events
2025-11-12 13:40:26,922 [INFO] IPUIPlugin:80 - create IPUIPlugin
2025-11-12 13:40:26,922 [INFO] PluginManager:220 - loadIPPluginJar : add resmgrutility
2025-11-12 13:40:26,925 [INFO] IPUIPlugin:80 - create IPUIPlugin
2025-11-12 13:40:26,925 [INFO] PluginManager:220 - loadIPPluginJar : add extmemmanager
2025-11-12 13:40:26,926 [INFO] IPUIPlugin:80 - create IPUIPlugin
2025-11-12 13:40:26,926 [INFO] PluginManager:220 - loadIPPluginJar : add hash
2025-11-12 13:40:26,928 [INFO] IPUIPlugin:80 - create IPUIPlugin
2025-11-12 13:40:26,928 [INFO] PluginManager:220 - loadIPPluginJar : add can
2025-11-12 13:40:26,931 [INFO] IPUIPlugin:80 - create IPUIPlugin
2025-11-12 13:40:26,931 [INFO] PluginManager:220 - loadIPPluginJar : add gic
2025-11-12 13:40:26,933 [INFO] IPUIPlugin:80 - create IPUIPlugin
2025-11-12 13:40:26,933 [INFO] PluginManager:220 - loadIPPluginJar : add pdm2pcm
2025-11-12 13:40:26,933 [INFO] IPUIPlugin:80 - create IPUIPlugin
2025-11-12 13:40:26,933 [INFO] PluginManager:220 - loadIPPluginJar : add genericplugin
2025-11-12 13:40:26,935 [INFO] IPUIPlugin:80 - create IPUIPlugin
2025-11-12 13:40:26,935 [INFO] PluginManager:220 - loadIPPluginJar : add i3c
2025-11-12 13:40:26,935 [INFO] IPUIPlugin:80 - create IPUIPlugin
2025-11-12 13:40:26,935 [INFO] PluginManager:220 - loadIPPluginJar : add comp
2025-11-12 13:40:26,938 [INFO] IPUIPlugin:80 - create IPUIPlugin
2025-11-12 13:40:26,938 [INFO] PluginManager:220 - loadIPPluginJar : add dma
2025-11-12 13:40:26,940 [INFO] IPUIPlugin:80 - create IPUIPlugin
2025-11-12 13:40:26,940 [INFO] PluginManager:220 - loadIPPluginJar : add opamp
2025-11-12 13:40:26,941 [INFO] IPUIPlugin:80 - create IPUIPlugin
2025-11-12 13:40:26,941 [INFO] PluginManager:220 - loadIPPluginJar : add lorawan
2025-11-12 13:40:26,943 [INFO] IPUIPlugin:80 - create IPUIPlugin
2025-11-12 13:40:26,943 [INFO] PluginManager:220 - loadIPPluginJar : add cryp
2025-11-12 13:40:26,945 [INFO] IPUIPlugin:80 - create IPUIPlugin
2025-11-12 13:40:26,945 [INFO] PluginManager:220 - loadIPPluginJar : add i2c
2025-11-12 13:40:26,946 [INFO] IPUIPlugin:80 - create IPUIPlugin
2025-11-12 13:40:26,946 [INFO] PluginManager:220 - loadIPPluginJar : add radio
2025-11-12 13:40:26,948 [INFO] IPUIPlugin:80 - create IPUIPlugin
2025-11-12 13:40:26,948 [INFO] PluginManager:220 - loadIPPluginJar : add gpio
2025-11-12 13:40:26,949 [INFO] IPUIPlugin:80 - create IPUIPlugin
2025-11-12 13:40:26,949 [INFO] PluginManager:220 - loadIPPluginJar : add ddr_ctrl_phy
2025-11-12 13:40:26,951 [INFO] IPUIPlugin:80 - create IPUIPlugin
2025-11-12 13:40:26,951 [INFO] PluginManager:220 - loadIPPluginJar : add usart
2025-11-12 13:40:26,952 [INFO] IPUIPlugin:80 - create IPUIPlugin
2025-11-12 13:40:26,952 [INFO] PluginManager:220 - loadIPPluginJar : add tracer_emb
2025-11-12 13:40:26,953 [INFO] IPUIPlugin:80 - create IPUIPlugin
2025-11-12 13:40:26,953 [INFO] PluginManager:220 - loadIPPluginJar : add i2s
2025-11-12 13:40:26,954 [INFO] IPUIPlugin:80 - create IPUIPlugin
2025-11-12 13:40:26,954 [INFO] PluginManager:220 - loadIPPluginJar : add gtzc
2025-11-12 13:40:26,957 [INFO] IPUIPlugin:80 - create IPUIPlugin
2025-11-12 13:40:26,957 [INFO] PluginManager:220 - loadIPPluginJar : add freertos
2025-11-12 13:40:26,959 [INFO] IPUIPlugin:80 - create IPUIPlugin
2025-11-12 13:40:26,959 [INFO] PluginManager:220 - loadIPPluginJar : add nvic
2025-11-12 13:40:26,960 [INFO] IPUIPlugin:80 - create IPUIPlugin
2025-11-12 13:40:26,960 [INFO] PluginManager:220 - loadIPPluginJar : add fatfs
2025-11-12 13:40:26,962 [INFO] IPUIPlugin:80 - create IPUIPlugin
2025-11-12 13:40:26,962 [INFO] PluginManager:220 - loadIPPluginJar : add aes
2025-11-12 13:40:26,963 [INFO] IPUIPlugin:80 - create IPUIPlugin
2025-11-12 13:40:26,963 [INFO] PluginManager:220 - loadIPPluginJar : add tsc
2025-11-12 13:40:26,964 [INFO] IPUIPlugin:80 - create IPUIPlugin
2025-11-12 13:40:26,964 [INFO] PluginManager:220 - loadIPPluginJar : add dfsdm
2025-11-12 13:40:26,965 [INFO] IPUIPlugin:80 - create IPUIPlugin
2025-11-12 13:40:26,965 [INFO] PluginManager:220 - loadIPPluginJar : add sai
2025-11-12 13:40:26,967 [INFO] IPUIPlugin:80 - create IPUIPlugin
2025-11-12 13:40:26,967 [INFO] PluginManager:220 - loadIPPluginJar : add usbx
2025-11-12 13:40:26,970 [INFO] IPUIPlugin:80 - create IPUIPlugin
2025-11-12 13:40:26,970 [INFO] PluginManager:220 - loadIPPluginJar : add stm32_wpan
2025-11-12 13:40:26,971 [INFO] IPUIPlugin:80 - create IPUIPlugin
2025-11-12 13:40:26,971 [INFO] PluginManager:220 - loadIPPluginJar : add quadspi
2025-11-12 13:40:26,972 [INFO] IPUIPlugin:80 - create IPUIPlugin
2025-11-12 13:40:26,972 [INFO] PluginManager:220 - loadIPPluginJar : add ucpd
2025-11-12 13:40:26,974 [INFO] IPUIPlugin:80 - create IPUIPlugin
2025-11-12 13:40:26,974 [INFO] PluginManager:220 - loadIPPluginJar : add fmc
2025-11-12 13:40:26,975 [INFO] IPUIPlugin:80 - create IPUIPlugin
2025-11-12 13:40:26,975 [INFO] PluginManager:220 - loadIPPluginJar : add spi
2025-11-12 13:40:26,976 [INFO] IPUIPlugin:80 - create IPUIPlugin
2025-11-12 13:40:26,977 [INFO] PluginManager:220 - loadIPPluginJar : add tim
2025-11-12 13:40:26,980 [INFO] IPUIPlugin:80 - create IPUIPlugin
2025-11-12 13:40:26,980 [INFO] PluginManager:220 - loadIPPluginJar : add mdma
2025-11-12 13:40:26,983 [INFO] IPUIPlugin:80 - create IPUIPlugin
2025-11-12 13:40:26,983 [INFO] PluginManager:220 - loadIPPluginJar : add adc
2025-11-12 13:40:26,985 [INFO] IPUIPlugin:80 - create IPUIPlugin
2025-11-12 13:40:26,985 [INFO] PluginManager:220 - loadIPPluginJar : add dma3
2025-11-12 13:40:26,988 [INFO] IPUIPlugin:80 - create IPUIPlugin
2025-11-12 13:40:26,989 [INFO] PluginManager:220 - loadIPPluginJar : add plateformsettings
2025-11-12 13:40:26,991 [INFO] IPUIPlugin:80 - create IPUIPlugin
2025-11-12 13:40:26,991 [INFO] PluginManager:220 - loadIPPluginJar : add openamp
2025-11-12 13:40:26,992 [INFO] IPUIPlugin:80 - create IPUIPlugin
2025-11-12 13:40:26,992 [INFO] PluginManager:220 - loadIPPluginJar : add ts
2025-11-12 13:40:26,994 [INFO] IPUIPlugin:80 - create IPUIPlugin
2025-11-12 13:40:26,994 [INFO] PluginManager:220 - loadIPPluginJar : add touchsensing
2025-11-12 13:40:26,995 [INFO] IPUIPlugin:80 - create IPUIPlugin
2025-11-12 13:40:26,995 [INFO] PluginManager:220 - loadIPPluginJar : add ltdc
2025-11-12 13:40:26,998 [INFO] IPUIPlugin:80 - create IPUIPlugin
2025-11-12 13:40:26,998 [INFO] PluginManager:220 - loadIPPluginJar : add linkedlist
2025-11-12 13:40:27,000 [INFO] IPUIPlugin:80 - create IPUIPlugin
2025-11-12 13:40:27,000 [INFO] PluginManager:220 - loadIPPluginJar : add ipddr
2025-11-12 13:40:27,001 [INFO] IPUIPlugin:80 - create IPUIPlugin
2025-11-12 13:40:27,001 [INFO] PluginManager:220 - loadIPPluginJar : add gfxmmu
2025-11-12 13:40:27,090 [FATAL] Updater:351 - Updater called before beeing initialized
2025-11-12 13:40:27,108 [INFO] RulesReader:64 - Compatibility file has been processed (317 Rules)
2025-11-12 13:40:27,117 [INFO] RulesReader:64 - Compatibility file has been processed (317 Rules)
2025-11-12 13:40:27,123 [INFO] CADModel:165 - CPN selected for project level
2025-11-12 13:40:27,123 [INFO] CADModel:114 - Register for checkConnection events
2025-11-12 13:40:27,123 [FATAL] Updater:351 - Updater called before beeing initialized
2025-11-12 13:40:27,123 [ERROR] CADModel:125 - Updater not yet initialized, retry later 
2025-11-12 13:40:27,204 [FATAL] Updater:351 - Updater called before beeing initialized
2025-11-12 13:40:27,205 [INFO] CADModel:165 - CPN selected for project level
2025-11-12 13:40:27,205 [INFO] CADModel:114 - Register for checkConnection events
2025-11-12 13:40:27,205 [FATAL] Updater:351 - Updater called before beeing initialized
2025-11-12 13:40:27,206 [ERROR] CADModel:125 - Updater not yet initialized, retry later 
2025-11-12 13:40:27,208 [FATAL] Updater:351 - Updater called before beeing initialized
2025-11-12 13:40:27,258 [FATAL] Updater:351 - Updater called before beeing initialized
2025-11-12 13:40:27,260 [INFO] DbMcusAds:53 - JSON generation date=Thu Oct 02 11:36:05 CEST 2025 (1759397765645)
2025-11-12 13:40:27,261 [FATAL] Updater:351 - Updater called before beeing initialized
2025-11-12 13:40:27,283 [WARN] DetailPanel:346 - Failed to get advertising image, set to default
2025-11-12 13:40:27,342 [FATAL] Updater:351 - Updater called before beeing initialized
2025-11-12 13:40:27,343 [FATAL] Updater:351 - Updater called before beeing initialized
2025-11-12 13:40:27,343 [FATAL] Updater:351 - Updater called before beeing initialized
2025-11-12 13:40:27,343 [WARN] DetailPanel:346 - Failed to get advertising image, set to default
2025-11-12 13:40:27,344 [FATAL] Updater:351 - Updater called before beeing initialized
2025-11-12 13:40:27,367 [ERROR] Updater:1198 - MainUpdater not yet initialized. External WinMGr cannot be set.
2025-11-12 13:40:27,367 [INFO] Updater:1134 - Updater Version found : 6.15.0
2025-11-12 13:40:27,378 [INFO] ApplicationProperties:184 - Using Application install path: /opt/st/stm32cubeide_1.19.0/plugins/com.st.stm32cube.common.mx_6.15.0.202507011659
2025-11-12 13:40:27,607 [INFO] MainUpdater:2872 - connection check result : 10
2025-11-12 13:40:27,608 [INFO] MainUpdater:289 - Updater Check For Update Now.
2025-11-12 13:40:27,609 [INFO] MicroXplorer:498 - Change Database Version : DB.6.0.150
2025-11-12 13:40:27,614 [INFO] McuFinderGlobals:63 - Set McuFinder mode to 2 (CubeIDE integrated)
2025-11-12 13:40:27,615 [INFO] UserAuth:171 - activating auth plugin
2025-11-12 13:40:27,617 [INFO] UserAuth:487 - Internet connection configuration mode: 1
2025-11-12 13:40:27,635 [INFO] JxBrowserEngine:152 - Initiate JxBrowser Engine with user profile folder
2025-11-12 13:40:27,793 [INFO] CheckServerUpdateThread:120 - End of CheckServer Thread
2025-11-12 13:40:28,019 [INFO] WebApp:169 - Instantiating new browser for Auth
2025-11-12 13:40:28,464 [INFO] WebApp:463 - Apply proxy settings
2025-11-12 13:40:28,465 [INFO] WebApp:548 - Chromium requires no authentication
2025-11-12 13:40:28,473 [INFO] WebApp:491 - Direct internet connection detected
2025-11-12 13:40:28,485 [INFO] WebApp:900 - Register for checkConnection events
2025-11-12 13:40:28,485 [INFO] WebApp:463 - Apply proxy settings
2025-11-12 13:40:28,485 [INFO] WebApp:548 - Chromium requires no authentication
2025-11-12 13:40:28,486 [INFO] WebApp:491 - Direct internet connection detected
2025-11-12 13:40:28,569 [INFO] WebApp:225 - Starting web application
2025-11-12 13:40:28,569 [INFO] WebApp:593 - Web application path used /opt/st/stm32cubeide_1.19.0/plugins/com.st.stm32cube.common.mx_6.15.0.202507011659/db/plugins/mcufinder/reactClient1/index.html
2025-11-12 13:40:28,858 [INFO] WebApp:191 - Connection restablished
2025-11-12 13:40:29,788 [WARN] PackLoader:240 - Cannot read IP mode file for STMicroelectronics.FP-SNS-MOTENVWB1.1.4.0
2025-11-12 13:40:29,793 [WARN] PackLoader:240 - Cannot read IP mode file for STMicroelectronics.FP-ATR-ASTRA1.2.0.2
2025-11-12 13:40:29,795 [WARN] PackLoader:240 - Cannot read IP mode file for STMicroelectronics.FP-ATR-ASTRA1.2.0.1
2025-11-12 13:40:29,800 [WARN] PackLoader:240 - Cannot read IP mode file for STMicroelectronics.X-CUBE-SMBUS.2.1.0
2025-11-12 13:40:29,805 [WARN] PackLoader:240 - Cannot read IP mode file for STMicroelectronics.X-CUBE-WB05N.1.1.0
2025-11-12 13:40:29,808 [WARN] PackLoader:240 - Cannot read IP mode file for STMicroelectronics.X-CUBE-TOUCHGFX.4.23.0
2025-11-12 13:40:29,829 [WARN] PackLoader:240 - Cannot read IP mode file for STMicroelectronics.X-CUBE-AZRTOS-F7.1.1.0
2025-11-12 13:40:29,836 [WARN] PackLoader:240 - Cannot read IP mode file for STMicroelectronics.FP-SNS-MOTENV1.4.3.2
2025-11-12 13:40:29,880 [WARN] PackLoader:240 - Cannot read IP mode file for STMicroelectronics.X-CUBE-MEMS1.11.0.0
2025-11-12 13:40:30,019 [WARN] PackLoader:240 - Cannot read IP mode file for STMicroelectronics.FP-SNS-MOTENV1.5.1.0
2025-11-12 13:40:30,021 [WARN] PackLoader:240 - Cannot read IP mode file for STMicroelectronics.FP-SNS-FLIGHT1.5.0.2
2025-11-12 13:40:30,036 [WARN] PackLoader:240 - Cannot read IP mode file for STMicroelectronics.X-CUBE-AZRTOS-H7.3.4.0
2025-11-12 13:40:30,042 [WARN] PackLoader:240 - Cannot read IP mode file for STMicroelectronics.X-CUBE-DISPLAY.3.0.0
2025-11-12 13:40:30,047 [WARN] PackLoader:240 - Cannot read IP mode file for STMicroelectronics.X-CUBE-BLE1.7.0.0
2025-11-12 13:40:30,051 [WARN] PackLoader:240 - Cannot read IP mode file for STMicroelectronics.X-CUBE-NFC10.1.0.0
2025-11-12 13:40:30,058 [WARN] PackLoader:240 - Cannot read IP mode file for STMicroelectronics.X-CUBE-BLEMGR.4.0.0
2025-11-12 13:40:30,062 [WARN] PackLoader:240 - Cannot read IP mode file for STMicroelectronics.X-CUBE-ST60.1.1.0
2025-11-12 13:40:30,065 [WARN] PackLoader:240 - Cannot read IP mode file for emotas.I-CUBE-CANOPEN.1.3.0
2025-11-12 13:40:30,069 [WARN] PackLoader:240 - Cannot read IP mode file for STMicroelectronics.X-CUBE-GNSS1.7.1.0
2025-11-12 13:40:30,074 [WARN] PackLoader:240 - Cannot read IP mode file for STMicroelectronics.X-CUBE-BLEMGR.3.1.0
2025-11-12 13:40:30,079 [WARN] PackLoader:240 - Cannot read IP mode file for STMicroelectronics.FP-SNS-STBOX1.2.1.0
2025-11-12 13:40:30,083 [WARN] PackLoader:240 - Cannot read IP mode file for STMicroelectronics.FP-SNS-SMARTAG2.1.2.0
2025-11-12 13:40:30,085 [WARN] PackLoader:240 - Cannot read IP mode file for STMicroelectronics.FP-SNS-FLIGHT1.5.1.0
2025-11-12 13:40:30,113 [WARN] PackLoader:240 - Cannot read IP mode file for STMicroelectronics.X-CUBE-MEMS1.11.1.0
2025-11-12 13:40:30,220 [INFO] LogOutputStream:77 - [STDOUT_REDIRECT] 1 : Invalid condition id : UX_CORESTACK_Condition cause : null
2025-11-12 13:40:30,220 [INFO] LogOutputStream:77 - [STDOUT_REDIRECT] 1 : Invalid condition id : UX_CORESTACK_Condition cause : null
2025-11-12 13:40:30,221 [INFO] LogOutputStream:77 - [STDOUT_REDIRECT] 1 : Invalid condition id : UX_CORESTACK_Condition cause : null
2025-11-12 13:40:30,222 [INFO] LogOutputStream:77 - [STDOUT_REDIRECT] 1 : Invalid condition id : UX_CORESTACK_Condition cause : null
2025-11-12 13:40:30,223 [INFO] LogOutputStream:77 - [STDOUT_REDIRECT] 1 : Invalid condition id : UX_CORESTACK_Condition cause : null
2025-11-12 13:40:30,226 [WARN] PackLoader:240 - Cannot read IP mode file for STMicroelectronics.X-CUBE-AZRTOS-WL.2.0.0
2025-11-12 13:40:30,229 [WARN] PackLoader:240 - Cannot read IP mode file for STMicroelectronics.FP-SNS-MOTENV1.5.0.0
2025-11-12 13:40:30,231 [WARN] PackLoader:240 - Cannot read IP mode file for wolfSSL.I-CUBE-wolfMQTT.1.19.0
2025-11-12 13:40:30,235 [WARN] PackLoader:240 - Cannot read IP mode file for WES.I-CUBE-Cesium.1.3.0
2025-11-12 13:40:30,237 [WARN] PackLoader:240 - Cannot read IP mode file for STMicroelectronics.X-CUBE-BLE2.3.3.0
2025-11-12 13:40:30,248 [WARN] PackLoader:240 - Cannot read IP mode file for STMicroelectronics.X-CUBE-NFC9.1.0.0
2025-11-12 13:40:30,251 [WARN] PackLoader:240 - Cannot read IP mode file for STMicroelectronics.X-CUBE-BLE1.7.1.0
2025-11-12 13:40:30,254 [WARN] PackLoader:240 - Cannot read IP mode file for STMicroelectronics.X-CUBE-TCPP.4.1.0
2025-11-12 13:40:30,258 [WARN] PackLoader:240 - Cannot read IP mode file for STMicroelectronics.X-CUBE-EEPRMA1.5.2.0
2025-11-12 13:40:30,261 [WARN] PackLoader:240 - Cannot read IP mode file for STMicroelectronics.X-CUBE-ST67W61.1.1.0
2025-11-12 13:40:30,264 [WARN] PackLoader:240 - Cannot read IP mode file for STMicroelectronics.X-CUBE-ALGOBUILD.1.3.0
2025-11-12 13:40:30,275 [WARN] PackLoader:240 - Cannot read IP mode file for STMicroelectronics.X-CUBE-AZRTOS-G0.1.1.0
2025-11-12 13:40:30,279 [WARN] PackLoader:240 - Cannot read IP mode file for STMicroelectronics.X-CUBE-SAFEA1.1.2.2
2025-11-12 13:40:30,282 [WARN] PackLoader:240 - Cannot read IP mode file for STMicroelectronics.X-CUBE-NFC4.3.0.0
2025-11-12 13:40:30,288 [WARN] PackLoader:240 - Cannot read IP mode file for EmbeddedOffice.I-CUBE-FS-RTOS.1.0.1
2025-11-12 13:40:30,291 [WARN] PackLoader:240 - Cannot read IP mode file for STMicroelectronics.X-CUBE-WB05N.2.0.0
2025-11-12 13:40:30,295 [WARN] PackLoader:240 - Cannot read IP mode file for STMicroelectronics.X-CUBE-BLEMGR.3.0.0
2025-11-12 13:40:30,299 [WARN] PackLoader:240 - Cannot read IP mode file for STMicroelectronics.X-CUBE-TCPP.4.2.0
2025-11-12 13:40:30,305 [WARN] PackLoader:240 - Cannot read IP mode file for RealThread.X-CUBE-RT-Thread_Nano.4.1.1
2025-11-12 13:40:30,307 [WARN] PackLoader:240 - Cannot read IP mode file for STMicroelectronics.FP-ATR-SIGFOX1.3.2.0
2025-11-12 13:40:30,308 [WARN] ConditionMgr:438 - getConditionDescription Invalid condition id : Cortex-A Device cause : null
2025-11-12 13:40:30,312 [WARN] ConditionMgr:1044 - genDependencies : Invalid condition id : Cortex-A Device cause : null
2025-11-12 13:40:30,312 [WARN] ConditionMgr:1044 - genDependencies : Invalid condition id : Cortex-A Device cause : null
2025-11-12 13:40:30,312 [WARN] ConditionMgr:1044 - genDependencies : Invalid condition id : Cortex-A Device cause : null
2025-11-12 13:40:30,315 [WARN] PackLoader:240 - Cannot read IP mode file for STMicroelectronics.X-CUBE-EEPRMA1.5.1.0
2025-11-12 13:40:30,318 [WARN] PackLoader:240 - Cannot read IP mode file for STMicroelectronics.X-CUBE-AI.10.2.0
2025-11-12 13:40:30,334 [WARN] PackLoader:240 - Cannot read IP mode file for SEGGER.I-CUBE-embOS.1.3.1
2025-11-12 13:40:30,354 [WARN] PackLoader:240 - Cannot read IP mode file for STMicroelectronics.X-CUBE-ALGOBUILD.1.4.0
2025-11-12 13:40:30,381 [WARN] PackLoader:240 - Cannot read IP mode file for STMicroelectronics.X-CUBE-MEMS1.11.3.0
2025-11-12 13:40:30,447 [WARN] PackLoader:240 - Cannot read IP mode file for STMicroelectronics.X-CUBE-AI.9.1.0
2025-11-12 13:40:30,449 [WARN] PackLoader:240 - Cannot read IP mode file for STMicroelectronics.X-CUBE-PM33A1.1.0.0
2025-11-12 13:40:30,451 [WARN] PackLoader:240 - Cannot read IP mode file for STMicroelectronics.X-CUBE-GNSS1.6.0.0
2025-11-12 13:40:30,460 [WARN] PackLoader:240 - Cannot read IP mode file for STMicroelectronics.X-CUBE-AZRTOS-F4.1.1.0
2025-11-12 13:40:30,463 [WARN] PackLoader:240 - Cannot read IP mode file for wolfSSL.I-CUBE-wolfSSL.5.6.4
2025-11-12 13:40:30,465 [WARN] PackLoader:240 - Cannot read IP mode file for STMicroelectronics.X-CUBE-ISPU.2.1.0
2025-11-12 13:40:30,472 [WARN] PackLoader:240 - Cannot read IP mode file for STMicroelectronics.X-CUBE-IPS.3.2.0
2025-11-12 13:40:30,477 [WARN] PackLoader:240 - Cannot read IP mode file for STMicroelectronics.X-CUBE-FREERTOS.1.2.0
2025-11-12 13:40:30,480 [WARN] PackLoader:240 - Cannot read IP mode file for STMicroelectronics.X-CUBE-NFC12.1.0.0
2025-11-12 13:40:30,490 [WARN] PackLoader:240 - Cannot read IP mode file for STMicroelectronics.X-CUBE-AZRTOS-L5.2.0.0
2025-11-12 13:40:30,493 [WARN] PackLoader:240 - Cannot read IP mode file for STMicroelectronics.X-CUBE-EEPRMA1.4.2.0
2025-11-12 13:40:30,497 [WARN] PackLoader:240 - Cannot read IP mode file for STMicroelectronics.X-CUBE-NFC6.3.1.0
2025-11-12 13:40:30,500 [WARN] PackLoader:240 - Cannot read IP mode file for ITTIA_DB.I-CUBE-ITTIADB.8.8.0
2025-11-12 13:40:30,503 [WARN] PackLoader:240 - Cannot read IP mode file for STMicroelectronics.X-CUBE-DPower.1.2.0
2025-11-12 13:40:30,505 [WARN] PackLoader:240 - Cannot read IP mode file for STMicroelectronics.X-CUBE-FREERTOS.1.3.1
2025-11-12 13:40:30,507 [WARN] PackLoader:240 - Cannot read IP mode file for STMicroelectronics.X-CUBE-FREERTOS.1.3.0
2025-11-12 13:40:30,508 [WARN] PackLoader:240 - Cannot read IP mode file for STMicroelectronics.X-CUBE-NFC7.1.0.1
2025-11-12 13:40:30,510 [WARN] PackLoader:240 - Cannot read IP mode file for STMicroelectronics.X-CUBE-TOUCHGFX.4.26.0
2025-11-12 13:40:30,513 [WARN] PackLoader:240 - Cannot read IP mode file for STMicroelectronics.X-CUBE-NFC6.3.0.0
2025-11-12 13:40:30,517 [WARN] PackLoader:240 - Cannot read IP mode file for STMicroelectronics.FP-SNS-STAIOTCFT.1.0.0
2025-11-12 13:40:30,519 [WARN] PackLoader:240 - Cannot read IP mode file for STMicroelectronics.X-CUBE-DPower.1.3.0
2025-11-12 13:40:30,520 [WARN] PackLoader:240 - Cannot read IP mode file for STMicroelectronics.X-CUBE-AI.8.1.0
2025-11-12 13:40:30,528 [WARN] ConditionMgr:438 - getConditionDescription Invalid condition id : LAN8742 Phy interface Condition cause : null
2025-11-12 13:40:30,529 [WARN] PackLoader:240 - Cannot read IP mode file for STMicroelectronics.X-CUBE-AZRTOS-L4.2.0.0
2025-11-12 13:40:30,530 [WARN] ConditionMgr:1044 - genDependencies : Invalid condition id : LAN8742 Phy interface Condition cause : null
2025-11-12 13:40:30,530 [WARN] ConditionMgr:1044 - genDependencies : Invalid condition id : LAN8742 Phy interface Condition cause : null
2025-11-12 13:40:30,530 [WARN] ConditionMgr:1044 - genDependencies : Invalid condition id : LAN8742 Phy interface Condition cause : null
2025-11-12 13:40:30,534 [WARN] PackLoader:240 - Cannot read IP mode file for STMicroelectronics.X-CUBE-SFXS2LP1.4.0.0
2025-11-12 13:40:30,553 [WARN] PackLoader:240 - Cannot read IP mode file for STMicroelectronics.X-CUBE-AZRTOS-H7.3.3.0
2025-11-12 13:40:30,561 [WARN] PackLoader:240 - Cannot read IP mode file for STMicroelectronics.X-CUBE-BLEMGR.4.1.0
2025-11-12 13:40:30,569 [WARN] PackLoader:240 - Cannot read IP mode file for STMicroelectronics.X-CUBE-IPS.3.0.0
2025-11-12 13:40:30,578 [WARN] ConditionMgr:438 - getConditionDescription Invalid condition id : UX DEVICE CLASS RTOS Condition cause : null
2025-11-12 13:40:30,578 [WARN] ConditionMgr:438 - getConditionDescription Invalid condition id : UX DEVICE CLASS RTOS Condition cause : null
2025-11-12 13:40:30,580 [WARN] PackLoader:240 - Cannot read IP mode file for STMicroelectronics.X-CUBE-AZRTOS-WB.2.0.0
2025-11-12 13:40:30,580 [WARN] ConditionMgr:1044 - genDependencies : Invalid condition id : UX DEVICE CLASS RTOS Condition cause : null
2025-11-12 13:40:30,580 [WARN] ConditionMgr:1044 - genDependencies : Invalid condition id : UX DEVICE CLASS RTOS Condition cause : null
2025-11-12 13:40:30,580 [WARN] ConditionMgr:1044 - genDependencies : Invalid condition id : UX DEVICE CLASS RTOS Condition cause : null
2025-11-12 13:40:30,580 [WARN] ConditionMgr:1044 - genDependencies : Invalid condition id : UX DEVICE CLASS RTOS Condition cause : null
2025-11-12 13:40:30,581 [WARN] ConditionMgr:1044 - genDependencies : Invalid condition id : UX DEVICE CLASS RTOS Condition cause : null
2025-11-12 13:40:30,583 [WARN] PackLoader:240 - Cannot read IP mode file for STMicroelectronics.X-CUBE-GNSS1.7.0.0
2025-11-12 13:40:30,586 [WARN] PackLoader:240 - Cannot read IP mode file for STMicroelectronics.X-CUBE-GNSS1.7.0.1
2025-11-12 13:40:30,590 [WARN] PackLoader:240 - Cannot read IP mode file for STMicroelectronics.FP-SNS-STBOX1.2.0.0
2025-11-12 13:40:30,605 [WARN] PackLoader:240 - Cannot read IP mode file for STMicroelectronics.X-CUBE-SUBG2.5.0.0
2025-11-12 13:40:30,618 [WARN] PackLoader:240 - Cannot read IP mode file for STMicroelectronics.X-CUBE-AZRTOS-H7RS.1.1.0
2025-11-12 13:40:30,621 [WARN] PackLoader:240 - Cannot read IP mode file for Cesanta.I-CUBE-Mongoose.7.13.0
2025-11-12 13:40:30,628 [WARN] PackLoader:240 - Cannot read IP mode file for STMicroelectronics.X-CUBE-AZRTOS-G4.2.0.0
2025-11-12 13:40:30,635 [WARN] PackLoader:240 - Cannot read IP mode file for Infineon.AIROC-Wi-Fi-Bluetooth-STM32.1.5.1
2025-11-12 13:40:30,638 [WARN] PackLoader:240 - Cannot read IP mode file for STMicroelectronics.X-CUBE-NFC7.2.0.0
2025-11-12 13:40:30,640 [WARN] PackLoader:240 - Cannot read IP mode file for STMicroelectronics.FP-SNS-MOTENVWB1.1.3.1
2025-11-12 13:40:30,642 [WARN] PackLoader:240 - Cannot read IP mode file for STMicroelectronics.X-CUBE-ISPU.2.0.0
2025-11-12 13:40:30,647 [WARN] PackLoader:240 - Cannot read IP mode file for STMicroelectronics.X-CUBE-IPS.3.1.0
2025-11-12 13:40:30,652 [WARN] PackLoader:240 - Cannot read IP mode file for STMicroelectronics.X-CUBE-ALS.1.0.2
2025-11-12 13:40:30,670 [WARN] PackLoader:240 - Cannot read IP mode file for STMicroelectronics.X-CUBE-MEMS1.10.0.0
2025-11-12 13:40:30,727 [WARN] PackLoader:240 - Cannot read IP mode file for STMicroelectronics.X-CUBE-FREERTOS.1.1.0
2025-11-12 13:40:30,728 [WARN] PackLoader:240 - Cannot read IP mode file for STMicroelectronics.X-CUBE-TOUCHGFX.4.24.2
2025-11-12 13:40:30,729 [WARN] PackLoader:240 - Cannot read IP mode file for STMicroelectronics.X-CUBE-TOUCHGFX.4.24.1
2025-11-12 13:40:30,732 [WARN] PackLoader:240 - Cannot read IP mode file for STMicroelectronics.X-CUBE-STSE01.1.0.0
2025-11-12 13:40:30,734 [WARN] PackLoader:240 - Cannot read IP mode file for wolfSSL.I-CUBE-wolfTPM.3.4.0
2025-11-12 13:40:30,736 [WARN] PackLoader:240 - Cannot read IP mode file for portGmbH.I-Cube-SoM-uGOAL.1.1.0
2025-11-12 13:40:30,738 [WARN] PackLoader:240 - Cannot read IP mode file for STMicroelectronics.X-CUBE-ALS.1.0.1
2025-11-12 13:40:30,746 [WARN] PackLoader:240 - Cannot read IP mode file for STMicroelectronics.X-CUBE-AZRTOS-H7RS.1.0.0
2025-11-12 13:40:30,749 [WARN] PackLoader:240 - Cannot read IP mode file for STMicroelectronics.FP-ATR-ASTRA1.2.0.0
2025-11-12 13:40:30,754 [WARN] PackLoader:240 - Cannot read IP mode file for STMicroelectronics.X-CUBE-TOF1.3.4.2
2025-11-12 13:40:30,763 [WARN] PackLoader:240 - Cannot read IP mode file for STMicroelectronics.X-CUBE-TOF1.3.4.3
2025-11-12 13:40:30,773 [WARN] PackLoader:240 - Cannot read IP mode file for STMicroelectronics.X-CUBE-TOF1.3.4.0
2025-11-12 13:40:30,787 [WARN] PackLoader:240 - Cannot read IP mode file for STMicroelectronics.X-CUBE-AZRTOS-H7.3.2.0
2025-11-12 13:40:30,799 [WARN] PackLoader:240 - Cannot read IP mode file for wolfSSL.I-CUBE-wolfSSH.1.4.17
2025-11-12 13:40:30,799 [INFO] ThirdParty:978 - Integrity check success = true
2025-11-12 13:40:30,800 [INFO] IntegrityCheckThread:100 - exiting critical section [integrity check]
2025-11-12 13:40:30,800 [INFO] IntegrityCheckThread:103 - End integrity checks thread
2025-11-12 14:46:56,228 [ERROR] LogOutputStream:75 - [STDERR_REDIRECT] 
