Archive member included to satisfy reference by file (symbol)

/opt/st/stm32cubeide_1.19.0/plugins/com.st.stm32cube.ide.mcu.externaltools.gnu-tools-for-stm32.13.3.rel1.linux64_1.0.0.202410170706/tools/bin/../lib/gcc/arm-none-eabi/13.3.1/../../../../arm-none-eabi/lib/thumb/v7e-m+fp/hard/libc_nano.a(libc_a-exit.o)
                              /opt/st/stm32cubeide_1.19.0/plugins/com.st.stm32cube.ide.mcu.externaltools.gnu-tools-for-stm32.13.3.rel1.linux64_1.0.0.202410170706/tools/bin/../lib/gcc/arm-none-eabi/13.3.1/../../../../arm-none-eabi/lib/thumb/v7e-m+fp/hard/crt0.o (exit)
/opt/st/stm32cubeide_1.19.0/plugins/com.st.stm32cube.ide.mcu.externaltools.gnu-tools-for-stm32.13.3.rel1.linux64_1.0.0.202410170706/tools/bin/../lib/gcc/arm-none-eabi/13.3.1/../../../../arm-none-eabi/lib/thumb/v7e-m+fp/hard/libc_nano.a(libc_a-findfp.o)
                              ./Middlewares/Third_Party/FreeRTOS/Source/tasks.o (__sf)
/opt/st/stm32cubeide_1.19.0/plugins/com.st.stm32cube.ide.mcu.externaltools.gnu-tools-for-stm32.13.3.rel1.linux64_1.0.0.202410170706/tools/bin/../lib/gcc/arm-none-eabi/13.3.1/../../../../arm-none-eabi/lib/thumb/v7e-m+fp/hard/libc_nano.a(libc_a-fwalk.o)
                              /opt/st/stm32cubeide_1.19.0/plugins/com.st.stm32cube.ide.mcu.externaltools.gnu-tools-for-stm32.13.3.rel1.linux64_1.0.0.202410170706/tools/bin/../lib/gcc/arm-none-eabi/13.3.1/../../../../arm-none-eabi/lib/thumb/v7e-m+fp/hard/libc_nano.a(libc_a-findfp.o) (_fwalk_sglue)
/opt/st/stm32cubeide_1.19.0/plugins/com.st.stm32cube.ide.mcu.externaltools.gnu-tools-for-stm32.13.3.rel1.linux64_1.0.0.202410170706/tools/bin/../lib/gcc/arm-none-eabi/13.3.1/../../../../arm-none-eabi/lib/thumb/v7e-m+fp/hard/libc_nano.a(libc_a-printf.o)
                              ./Middlewares/ST/STM32_USB_Device_Library/Core/Src/usbd_core.o (printf)
/opt/st/stm32cubeide_1.19.0/plugins/com.st.stm32cube.ide.mcu.externaltools.gnu-tools-for-stm32.13.3.rel1.linux64_1.0.0.202410170706/tools/bin/../lib/gcc/arm-none-eabi/13.3.1/../../../../arm-none-eabi/lib/thumb/v7e-m+fp/hard/libc_nano.a(libc_a-putchar.o)
                              ./Middlewares/ST/STM32_USB_Device_Library/Core/Src/usbd_core.o (putchar)
/opt/st/stm32cubeide_1.19.0/plugins/com.st.stm32cube.ide.mcu.externaltools.gnu-tools-for-stm32.13.3.rel1.linux64_1.0.0.202410170706/tools/bin/../lib/gcc/arm-none-eabi/13.3.1/../../../../arm-none-eabi/lib/thumb/v7e-m+fp/hard/libc_nano.a(libc_a-puts.o)
                              ./Core/Src/main.o (puts)
/opt/st/stm32cubeide_1.19.0/plugins/com.st.stm32cube.ide.mcu.externaltools.gnu-tools-for-stm32.13.3.rel1.linux64_1.0.0.202410170706/tools/bin/../lib/gcc/arm-none-eabi/13.3.1/../../../../arm-none-eabi/lib/thumb/v7e-m+fp/hard/libc_nano.a(libc_a-stdio.o)
                              /opt/st/stm32cubeide_1.19.0/plugins/com.st.stm32cube.ide.mcu.externaltools.gnu-tools-for-stm32.13.3.rel1.linux64_1.0.0.202410170706/tools/bin/../lib/gcc/arm-none-eabi/13.3.1/../../../../arm-none-eabi/lib/thumb/v7e-m+fp/hard/libc_nano.a(libc_a-findfp.o) (__sread)
/opt/st/stm32cubeide_1.19.0/plugins/com.st.stm32cube.ide.mcu.externaltools.gnu-tools-for-stm32.13.3.rel1.linux64_1.0.0.202410170706/tools/bin/../lib/gcc/arm-none-eabi/13.3.1/../../../../arm-none-eabi/lib/thumb/v7e-m+fp/hard/libc_nano.a(libc_a-wbuf.o)
                              /opt/st/stm32cubeide_1.19.0/plugins/com.st.stm32cube.ide.mcu.externaltools.gnu-tools-for-stm32.13.3.rel1.linux64_1.0.0.202410170706/tools/bin/../lib/gcc/arm-none-eabi/13.3.1/../../../../arm-none-eabi/lib/thumb/v7e-m+fp/hard/libc_nano.a(libc_a-puts.o) (__swbuf_r)
/opt/st/stm32cubeide_1.19.0/plugins/com.st.stm32cube.ide.mcu.externaltools.gnu-tools-for-stm32.13.3.rel1.linux64_1.0.0.202410170706/tools/bin/../lib/gcc/arm-none-eabi/13.3.1/../../../../arm-none-eabi/lib/thumb/v7e-m+fp/hard/libc_nano.a(libc_a-wsetup.o)
                              /opt/st/stm32cubeide_1.19.0/plugins/com.st.stm32cube.ide.mcu.externaltools.gnu-tools-for-stm32.13.3.rel1.linux64_1.0.0.202410170706/tools/bin/../lib/gcc/arm-none-eabi/13.3.1/../../../../arm-none-eabi/lib/thumb/v7e-m+fp/hard/libc_nano.a(libc_a-puts.o) (__swsetup_r)
/opt/st/stm32cubeide_1.19.0/plugins/com.st.stm32cube.ide.mcu.externaltools.gnu-tools-for-stm32.13.3.rel1.linux64_1.0.0.202410170706/tools/bin/../lib/gcc/arm-none-eabi/13.3.1/../../../../arm-none-eabi/lib/thumb/v7e-m+fp/hard/libc_nano.a(libc_a-memset.o)
                              /opt/st/stm32cubeide_1.19.0/plugins/com.st.stm32cube.ide.mcu.externaltools.gnu-tools-for-stm32.13.3.rel1.linux64_1.0.0.202410170706/tools/bin/../lib/gcc/arm-none-eabi/13.3.1/../../../../arm-none-eabi/lib/thumb/v7e-m+fp/hard/crt0.o (memset)
/opt/st/stm32cubeide_1.19.0/plugins/com.st.stm32cube.ide.mcu.externaltools.gnu-tools-for-stm32.13.3.rel1.linux64_1.0.0.202410170706/tools/bin/../lib/gcc/arm-none-eabi/13.3.1/../../../../arm-none-eabi/lib/thumb/v7e-m+fp/hard/libc_nano.a(libc_a-closer.o)
[...]
Memory Configuration

Name             Origin             Length             Attributes
CCMRAM           0x10000000         0x00010000         xrw
RAM              0x20000000         0x00030000         xrw
FLASH            0x08000000         0x00200000         xr
*default*        0x00000000         0xffffffff

Linker script and memory map

LOAD /opt/st/stm32cubeide_1.19.0/plugins/com.st.stm32cube.ide.mcu.externaltools.gnu-tools-for-stm32.13.3.rel1.linux64_1.0.0.202410170706/tools/bin/../lib/gcc/arm-none-eabi/13.3.1/thumb/v7e-m+fp/hard/crti.o
LOAD /opt/st/stm32cubeide_1.19.0/plugins/com.st.stm32cube.ide.mcu.externaltools.gnu-tools-for-stm32.13.3.rel1.linux64_1.0.0.202410170706/tools/bin/../lib/gcc/arm-none-eabi/13.3.1/thumb/v7e-m+fp/hard/crtbegin.o
LOAD /opt/st/stm32cubeide_1.19.0/plugins/com.st.stm32cube.ide.mcu.externaltools.gnu-tools-for-stm32.13.3.rel1.linux64_1.0.0.202410170706/tools/bin/../lib/gcc/arm-none-eabi/13.3.1/../../../../arm-none-eabi/lib/thumb/v7e-m+fp/hard/crt0.o
LOAD ./Core/Src/dbgu.o
LOAD ./Core/Src/freertos.o
LOAD ./Core/Src/main.o
LOAD ./Core/Src/probe.o
LOAD ./Core/Src/stm32f4xx_hal_msp.o
LOAD ./Core/Src/stm32f4xx_hal_timebase_tim.o
LOAD ./Core/Src/stm32f4xx_it.o
LOAD ./Core/Src/syscalls.o
LOAD ./Core/Src/sysmem.o
LOAD ./Core/Src/system_stm32f4xx.o
LOAD ./Core/Src/term_io.o
LOAD ./Core/Startup/startup_stm32f429zitx.o
LOAD ./Drivers/STM32F4xx_HAL_Driver/Src/stm32f4xx_hal.o
LOAD ./Drivers/STM32F4xx_HAL_Driver/Src/stm32f4xx_hal_adc.o
LOAD ./Drivers/STM32F4xx_HAL_Driver/Src/stm32f4xx_hal_adc_ex.o
LOAD ./Drivers/STM32F4xx_HAL_Driver/Src/stm32f4xx_hal_cortex.o
LOAD ./Drivers/STM32F4xx_HAL_Driver/Src/stm32f4xx_hal_dma.o
LOAD ./Drivers/STM32F4xx_HAL_Driver/Src/stm32f4xx_hal_dma_ex.o
LOAD ./Drivers/STM32F4xx_HAL_Driver/Src/stm32f4xx_hal_exti.o
LOAD ./Drivers/STM32F4xx_HAL_Driver/Src/stm32f4xx_hal_flash.o
LOAD ./Drivers/STM32F4xx_HAL_Driver/Src/stm32f4xx_hal_flash_ex.o
LOAD ./Drivers/STM32F4xx_HAL_Driver/Src/stm32f4xx_hal_flash_ramfunc.o
LOAD ./Drivers/STM32F4xx_HAL_Driver/Src/stm32f4xx_hal_gpio.o
LOAD ./Drivers/STM32F4xx_HAL_Driver/Src/stm32f4xx_hal_i2c.o
LOAD ./Drivers/STM32F4xx_HAL_Driver/Src/stm32f4xx_hal_i2c_ex.o
LOAD ./Drivers/STM32F4xx_HAL_Driver/Src/stm32f4xx_hal_pcd.o
LOAD ./Drivers/STM32F4xx_HAL_Driver/Src/stm32f4xx_hal_pcd_ex.o
LOAD ./Drivers/STM32F4xx_HAL_Driver/Src/stm32f4xx_hal_pwr.o
LOAD ./Drivers/STM32F4xx_HAL_Driver/Src/stm32f4xx_hal_pwr_ex.o
LOAD ./Drivers/STM32F4xx_HAL_Driver/Src/stm32f4xx_hal_rcc.o
LOAD ./Drivers/STM32F4xx_HAL_Driver/Src/stm32f4xx_hal_rcc_ex.o
LOAD ./Drivers/STM32F4xx_HAL_Driver/Src/stm32f4xx_hal_rng.o
LOAD ./Drivers/STM32F4xx_HAL_Driver/Src/stm32f4xx_hal_spi.o
LOAD ./Drivers/STM32F4xx_HAL_Driver/Src/stm32f4xx_hal_tim.o
LOAD ./Drivers/STM32F4xx_HAL_Driver/Src/stm32f4xx_hal_tim_ex.o
LOAD ./Drivers/STM32F4xx_HAL_Driver/Src/stm32f4xx_hal_uart.o
LOAD ./Drivers/STM32F4xx_HAL_Driver/Src/stm32f4xx_ll_adc.o
LOAD ./Drivers/STM32F4xx_HAL_Driver/Src/stm32f4xx_ll_usb.o
LOAD ./Middlewares/ST/STM32_USB_Device_Library/Class/CDC/Src/usbd_cdc.o
LOAD ./Middlewares/ST/STM32_USB_Device_Library/Core/Src/usbd_core.o
LOAD ./Middlewares/ST/STM32_USB_Device_Library/Core/Src/usbd_ctlreq.o
LOAD ./Middlewares/ST/STM32_USB_Device_Library/Core/Src/usbd_ioreq.o
LOAD ./Middlewares/Third_Party/FreeRTOS/Source/CMSIS_RTOS_V2/cmsis_os2.o
LOAD ./Middlewares/Third_Party/FreeRTOS/Source/croutine.o
LOAD ./Middlewares/Third_Party/FreeRTOS/Source/event_groups.o
LOAD ./Middlewares/Third_Party/FreeRTOS/Source/list.o
LOAD ./Middlewares/Third_Party/FreeRTOS/Source/queue.o
LOAD ./Middlewares/Third_Party/FreeRTOS/Source/stream_buffer.o
LOAD ./Middlewares/Third_Party/FreeRTOS/Source/tasks.o
LOAD ./Middlewares/Third_Party/FreeRTOS/Source/timers.o
LOAD ./Middlewares/Third_Party/FreeRTOS/Source/portable/GCC/ARM_CM4F/port.o
LOAD ./Middlewares/Third_Party/FreeRTOS/Source/portable/MemMang/heap_4.o
LOAD ./USB_DEVICE/App/usb_device.o
LOAD ./USB_DEVICE/App/usbd_cdc_if.o
LOAD ./USB_DEVICE/App/usbd_desc.o
LOAD ./USB_DEVICE/Target/usbd_conf.o
START GROUP
LOAD /opt/st/stm32cubeide_1.19.0/plugins/com.st.stm32cube.ide.mcu.externaltools.gnu-tools-for-stm32.13.3.rel1.linux64_1.0.0.202410170706/tools/bin/../lib/gcc/arm-none-eabi/13.3.1/../../../../arm-none-eabi/lib/thumb/v7e-m+fp/hard/libc_nano.a
LOAD /opt/st/stm32cubeide_1.19.0/plugins/com.st.stm32cube.ide.mcu.externaltools.gnu-tools-for-stm32.13.3.rel1.linux64_1.0.0.202410170706/tools/bin/../lib/gcc/arm-none-eabi/13.3.1/../../../../arm-none-eabi/lib/thumb/v7e-m+fp/hard/libm.a
END GROUP
START GROUP
LOAD /opt/st/stm32cubeide_1.19.0/plugins/com.st.stm32cube.ide.mcu.externaltools.gnu-tools-for-stm32.13.3.rel1.linux64_1.0.0.202410170706/tools/bin/../lib/gcc/arm-none-eabi/13.3.1/thumb/v7e-m+fp/hard/libgcc.a
LOAD /opt/st/stm32cubeide_1.19.0/plugins/com.st.stm32cube.ide.mcu.externaltools.gnu-tools-for-stm32.13.3.rel1.linux64_1.0.0.202410170706/tools/bin/../lib/gcc/arm-none-eabi/13.3.1/../../../../arm-none-eabi/lib/thumb/v7e-m+fp/hard/libc_nano.a
END GROUP
START GROUP
LOAD /opt/st/stm32cubeide_1.19.0/plugins/com.st.stm32cube.ide.mcu.externaltools.gnu-tools-for-stm32.13.3.rel1.linux64_1.0.0.202410170706/tools/bin/../lib/gcc/arm-none-eabi/13.3.1/thumb/v7e-m+fp/hard/libgcc.a
LOAD /opt/st/stm32cubeide_1.19.0/plugins/com.st.stm32cube.ide.mcu.externaltools.gnu-tools-for-stm32.13.3.rel1.linux64_1.0.0.202410170706/tools/bin/../lib/gcc/arm-none-eabi/13.3.1/../../../../arm-none-eabi/lib/thumb/v7e-m+fp/hard/libc_nano.a
LOAD /opt/st/stm32cubeide_1.19.0/plugins/com.st.stm32cube.ide.mcu.externaltools.gnu-tools-for-stm32.13.3.rel1.linux64_1.0.0.202410170706/tools/bin/../lib/gcc/arm-none-eabi/13.3.1/../../../../arm-none-eabi/lib/thumb/v7e-m+fp/hard/libnosys.a
END GROUP
START GROUP
LOAD /opt/st/stm32cubeide_1.19.0/plugins/com.st.stm32cube.ide.mcu.externaltools.gnu-tools-for-stm32.13.3.rel1.linux64_1.0.0.202410170706/tools/bin/../lib/gcc/arm-none-eabi/13.3.1/thumb/v7e-m+fp/hard/libgcc.a
LOAD /opt/st/stm32cubeide_1.19.0/plugins/com.st.stm32cube.ide.mcu.externaltools.gnu-tools-for-stm32.13.3.rel1.linux64_1.0.0.202410170706/tools/bin/../lib/gcc/arm-none-eabi/13.3.1/../../../../arm-none-eabi/lib/thumb/v7e-m+fp/hard/libc_nano.a
LOAD /opt/st/stm32cubeide_1.19.0/plugins/com.st.stm32cube.ide.mcu.externaltools.gnu-tools-for-stm32.13.3.rel1.linux64_1.0.0.202410170706/tools/bin/../lib/gcc/arm-none-eabi/13.3.1/../../../../arm-none-eabi/lib/thumb/v7e-m+fp/hard/libnosys.a
END GROUP
LOAD /opt/st/stm32cubeide_1.19.0/plugins/com.st.stm32cube.ide.mcu.externaltools.gnu-tools-for-stm32.13.3.rel1.linux64_1.0.0.202410170706/tools/bin/../lib/gcc/arm-none-eabi/13.3.1/thumb/v7e-m+fp/hard/crtend.o
LOAD /opt/st/stm32cubeide_1.19.0/plugins/com.st.stm32cube.ide.mcu.externaltools.gnu-tools-for-stm32.13.3.rel1.linux64_1.0.0.202410170706/tools/bin/../lib/gcc/arm-none-eabi/13.3.1/thumb/v7e-m+fp/hard/crtn.o
                0x20030000                        _estack = (ORIGIN (RAM) + LENGTH (RAM))
                0x00000200                        _Min_Heap_Size = 0x200
                0x00000400                        _Min_Stack_Size = 0x400

.isr_vector     0x08000000      0x1ac
                0x08000000                        . = ALIGN (0x4)
 *(.isr_vector)
 .isr_vector    0x08000000      0x1ac ./Core/Startup/startup_stm32f429zitx.o
                0x08000000                g_pfnVectors
                0x080001ac                        . = ALIGN (0x4)

.text           0x080001b0     0xea28
                0x080001b0                        . = ALIGN (0x4)
 *(.text)
 .text          0x080001b0       0x40 /opt/st/stm32cubeide_1.19.0/plugins/com.st.stm32cube.ide.mcu.externaltools.gnu-tools-for-stm32.13.3.rel1.linux64_1.0.0.202410170706/tools/bin/../lib/gcc/arm-none-eabi/13.3.1/thumb/v7e-m+fp/hard/crtbegin.o
 .text          0x080001f0       0xa0 /opt/st/stm32cubeide_1.19.0/plugins/com.st.stm32cube.ide.mcu.externaltools.gnu-tools-for-stm32.13.3.rel1.linux64_1.0.0.202410170706/tools/bin/../lib/gcc/arm-none-eabi/13.3.1/../../../../arm-none-eabi/lib/thumb/v7e-m+fp/hard/libc_nano.a(libc_a-memchr.o)
                0x080001f0                memchr
 .text          0x08000290       0x30 /opt/st/stm32cubeide_1.19.0/plugins/com.st.stm32cube.ide.mcu.externaltools.gnu-tools-for-stm32.13.3.rel1.linux64_1.0.0.202410170706/tools/bin/../lib/gcc/arm-none-eabi/13.3.1/thumb/v7e-m+fp/hard/libgcc.a(_aeabi_uldivmod.o)
                0x08000290                __aeabi_uldivmod
 .text          0x080002c0      0x2f8 /opt/st/stm32cubeide_1.19.0/plugins/com.st.stm32cube.ide.mcu.externaltools.gnu-tools-for-stm32.13.3.rel1.linux64_1.0.0.202410170706/tools/bin/../lib/gcc/arm-none-eabi/13.3.1/thumb/v7e-m+fp/hard/libgcc.a(_udivmoddi4.o)
                0x080002c0                __udivmoddi4
 .text          0x080005b8        0x4 /opt/st/stm32cubeide_1.19.0/plugins/com.st.stm32cube.ide.mcu.externaltools.gnu-tools-for-stm32.13.3.rel1.linux64_1.0.0.202410170706/tools/bin/../lib/gcc/arm-none-eabi/13.3.1/thumb/v7e-m+fp/hard/libgcc.a(_dvmd_tls.o)
                0x080005b8                __aeabi_ldiv0
                0x080005b8                __aeabi_idiv0
 *(.text*)
 .text.__io_putchar
                0x080005bc       0x38 ./Core/Src/dbgu.o
                0x080005bc                __io_putchar
 .text.debug_init
                0x080005f4       0x20 ./Core/Src/dbgu.o
                0x080005f4                debug_init
 .text.debug_chr
                0x08000614       0x1a ./Core/Src/dbgu.o
                0x08000614                debug_chr
 .text.vApplicationIdleHook
                0x0800062e        0xe ./Core/Src/freertos.o
                0x0800062e                vApplicationIdleHook
 .text.vApplicationTickHook
                0x0800063c        0xe ./Core/Src/freertos.o
                0x0800063c                vApplicationTickHook
 *fill*         0x0800064a        0x2 
 .text.semTaskA
                0x0800064c       0x54 ./Core/Src/main.o
                0x0800064c                semTaskA
 .text.semTaskB
                0x080006a0       0x5c ./Core/Src/main.o
                0x080006a0                semTaskB
 .text.main     0x080006fc       0x7c ./Core/Src/main.o
                0x080006fc                main
 .text.SystemClock_Config
                0x08000778       0xd4 ./Core/Src/main.o
                0x08000778                SystemClock_Config
 .text.MX_ADC3_Init
                0x0800084c       0xa4 ./Core/Src/main.o
 .text.MX_I2C1_Init
                0x080008f0       0x80 ./Core/Src/main.o
 .text.MX_RNG_Init
                0x08000970       0x28 ./Core/Src/main.o
 .text.MX_SPI1_Init
                0x08000998       0x6c ./Core/Src/main.o
 .text.MX_TIM1_Init
                0x08000a04      0x140 ./Core/Src/main.o
 .text.MX_TIM4_Init
                0x08000b44       0xb0 ./Core/Src/main.o
 .text.MX_USART3_UART_Init
                0x08000bf4       0x54 ./Core/Src/main.o
 .text.MX_USART6_UART_Init
                0x08000c48       0x54 ./Core/Src/main.o
 .text.MX_DMA_Init
                0x08000c9c       0x60 ./Core/Src/main.o
 .text.MX_GPIO_Init
                0x08000cfc      0x31c ./Core/Src/main.o
 .text.cdc_tx_complete_cb
                0x08001018        0xe ./Core/Src/main.o
                0x08001018                cdc_tx_complete_cb
 *fill*         0x08001026        0x2 
 .text.cdc_rxed_cb
                0x08001028       0x2c ./Core/Src/main.o
                0x08001028                cdc_rxed_cb
 .text.StartDefaultTask
                0x08001054       0xa8 ./Core/Src/main.o
                0x08001054                StartDefaultTask
 .text.HAL_TIM_PeriodElapsedCallback
                0x080010fc       0x24 ./Core/Src/main.o
                0x080010fc                HAL_TIM_PeriodElapsedCallback
 .text.Error_Handler
                0x08001120        0xc ./Core/Src/main.o
                0x08001120                Error_Handler
 .text.probe_output_init
                0x0800112c       0x94 ./Core/Src/probe.o
                0x0800112c                probe_output_init
 .text.probe_output_set
                0x080011c0       0xc0 ./Core/Src/probe.o
                0x080011c0                probe_output_set
 .text.HAL_MspInit
                0x08001280       0x58 ./Core/Src/stm32f4xx_hal_msp.o
                0x08001280                HAL_MspInit
 .text.HAL_ADC_MspInit
                0x080012d8      0x100 ./Core/Src/stm32f4xx_hal_msp.o
                0x080012d8                HAL_ADC_MspInit
 .text.HAL_I2C_MspInit
                0x080013d8       0x90 ./Core/Src/stm32f4xx_hal_msp.o
                0x080013d8                HAL_I2C_MspInit
 .text.HAL_RNG_MspInit
                0x08001468       0x44 ./Core/Src/stm32f4xx_hal_msp.o
                0x08001468                HAL_RNG_MspInit
 .text.HAL_SPI_MspInit
                0x080014ac       0xf4 ./Core/Src/stm32f4xx_hal_msp.o
                0x080014ac                HAL_SPI_MspInit
 .text.HAL_TIM_Base_MspInit
                0x080015a0       0xa8 ./Core/Src/stm32f4xx_hal_msp.o
                0x080015a0                HAL_TIM_Base_MspInit
 .text.HAL_TIM_PWM_MspInit
                0x08001648       0x44 ./Core/Src/stm32f4xx_hal_msp.o
                0x08001648                HAL_TIM_PWM_MspInit
 .text.HAL_TIM_MspPostInit
                0x0800168c       0xc8 ./Core/Src/stm32f4xx_hal_msp.o
                0x0800168c                HAL_TIM_MspPostInit
 .text.HAL_UART_MspInit
                0x08001754      0x100 ./Core/Src/stm32f4xx_hal_msp.o
                0x08001754                HAL_UART_MspInit
 .text.HAL_InitTick
                0x08001854       0xf8 ./Core/Src/stm32f4xx_hal_timebase_tim.o
                0x08001854                HAL_InitTick
 .text.NMI_Handler
                0x0800194c        0x8 ./Core/Src/stm32f4xx_it.o
                0x0800194c                NMI_Handler
 .text.HardFault_Handler
                0x08001954        0x8 ./Core/Src/stm32f4xx_it.o
                0x08001954                HardFault_Handler
 .text.MemManage_Handler
                0x0800195c        0x8 ./Core/Src/stm32f4xx_it.o
                0x0800195c                MemManage_Handler
 .text.BusFault_Handler
                0x08001964        0x8 ./Core/Src/stm32f4xx_it.o
                0x08001964                BusFault_Handler
 .text.UsageFault_Handler
                0x0800196c        0x8 ./Core/Src/stm32f4xx_it.o
                0x0800196c                UsageFault_Handler
 .text.DebugMon_Handler
                0x08001974        0xe ./Core/Src/stm32f4xx_it.o
                0x08001974                DebugMon_Handler
 *fill*         0x08001982        0x2 
 .text.ADC_IRQHandler
                0x08001984       0x14 ./Core/Src/stm32f4xx_it.o
                0x08001984                ADC_IRQHandler
 .text.TIM6_DAC_IRQHandler
                0x08001998       0x14 ./Core/Src/stm32f4xx_it.o
                0x08001998                TIM6_DAC_IRQHandler
 .text.DMA2_Stream0_IRQHandler
                0x080019ac       0x14 ./Core/Src/stm32f4xx_it.o
                0x080019ac                DMA2_Stream0_IRQHandler
 .text.DMA2_Stream2_IRQHandler
                0x080019c0       0x14 ./Core/Src/stm32f4xx_it.o
                0x080019c0                DMA2_Stream2_IRQHandler
 .text.DMA2_Stream3_IRQHandler
                0x080019d4       0x14 ./Core/Src/stm32f4xx_it.o
                0x080019d4                DMA2_Stream3_IRQHandler
 .text.OTG_FS_IRQHandler
                0x080019e8       0x14 ./Core/Src/stm32f4xx_it.o
                0x080019e8                OTG_FS_IRQHandler
 .text._read    0x080019fc       0x3a ./Core/Src/syscalls.o
                0x080019fc                _read
 .text._write   0x08001a36       0x38 ./Core/Src/syscalls.o
                0x08001a36                _write
 .text._close   0x08001a6e       0x18 ./Core/Src/syscalls.o
                0x08001a6e                _close
 .text._fstat   0x08001a86       0x20 ./Core/Src/syscalls.o
                0x08001a86                _fstat
 .text._isatty  0x08001aa6       0x16 ./Core/Src/syscalls.o
                0x08001aa6                _isatty
 .text._lseek   0x08001abc       0x1a ./Core/Src/syscalls.o
                0x08001abc                _lseek
 *fill*         0x08001ad6        0x2 
 .text._sbrk    0x08001ad8       0x6c ./Core/Src/sysmem.o
                0x08001ad8                _sbrk
 .text.SystemInit
                0x08001b44       0x24 ./Core/Src/system_stm32f4xx.o
                0x08001b44                SystemInit
 .text.xputc    0x08001b68       0x1a ./Core/Src/term_io.o
                0x08001b68                xputc
 .text.xputs    0x08001b82       0x2a ./Core/Src/term_io.o
                0x08001b82                xputs
 .text.xitoa    0x08001bac      0x124 ./Core/Src/term_io.o
                0x08001bac                xitoa
 .text.xprintf  0x08001cd0      0x178 ./Core/Src/term_io.o
                0x08001cd0                xprintf
 .text.Reset_Handler
                0x08001e48       0x50 ./Core/Startup/startup_stm32f429zitx.o
                0x08001e48                Reset_Handler
 .text.Default_Handler
                0x08001e98        0x2 ./Core/Startup/startup_stm32f429zitx.o
                0x08001e98                RTC_Alarm_IRQHandler
                0x08001e98                HASH_RNG_IRQHandler
                0x08001e98                EXTI2_IRQHandler
                0x08001e98                TIM8_CC_IRQHandler
                0x08001e98                UART8_IRQHandler
                0x08001e98                SPI4_IRQHandler
                0x08001e98                TIM1_CC_IRQHandler
                0x08001e98                DMA2_Stream5_IRQHandler
                0x08001e98                DMA1_Stream5_IRQHandler
                0x08001e98                PVD_IRQHandler
                0x08001e98                SDIO_IRQHandler
                0x08001e98                TAMP_STAMP_IRQHandler
                0x08001e98                CAN2_RX1_IRQHandler
                0x08001e98                EXTI3_IRQHandler
                0x08001e98                TIM8_TRG_COM_TIM14_IRQHandler
                0x08001e98                TIM1_UP_TIM10_IRQHandler
                0x08001e98                TIM8_UP_TIM13_IRQHandler
                0x08001e98                I2C3_ER_IRQHandler
                0x08001e98                EXTI0_IRQHandler
                0x08001e98                I2C2_EV_IRQHandler
                0x08001e98                DMA1_Stream2_IRQHandler
                0x08001e98                CAN1_RX0_IRQHandler
                0x08001e98                FPU_IRQHandler
                0x08001e98                OTG_HS_WKUP_IRQHandler
                0x08001e98                LTDC_ER_IRQHandler
                0x08001e98                CAN2_SCE_IRQHandler
                0x08001e98                SPI1_IRQHandler
                0x08001e98                TIM1_BRK_TIM9_IRQHandler
                0x08001e98                DCMI_IRQHandler
                0x08001e98                CAN2_RX0_IRQHandler
                0x08001e98                USART6_IRQHandler
                0x08001e98                USART3_IRQHandler
                0x08001e98                CAN1_RX1_IRQHandler
                0x08001e98                UART5_IRQHandler
                0x08001e98                TIM4_IRQHandler
                0x08001e98                I2C1_EV_IRQHandler
                0x08001e98                DMA1_Stream6_IRQHandler
                0x08001e98                DMA1_Stream1_IRQHandler
                0x08001e98                UART4_IRQHandler
                0x08001e98                TIM3_IRQHandler
                0x08001e98                RCC_IRQHandler
                0x08001e98                TIM8_BRK_TIM12_IRQHandler
                0x08001e98                Default_Handler
                0x08001e98                EXTI15_10_IRQHandler
                0x08001e98                DMA1_Stream7_IRQHandler
                0x08001e98                SPI5_IRQHandler
                0x08001e98                TIM7_IRQHandler
                0x08001e98                CAN2_TX_IRQHandler
                0x08001e98                TIM5_IRQHandler
                0x08001e98                DMA2_Stream7_IRQHandler
                0x08001e98                I2C3_EV_IRQHandler
                0x08001e98                EXTI9_5_IRQHandler
                0x08001e98                RTC_WKUP_IRQHandler
                0x08001e98                LTDC_IRQHandler
                0x08001e98                ETH_WKUP_IRQHandler
                0x08001e98                SPI2_IRQHandler
                0x08001e98                OTG_HS_EP1_IN_IRQHandler
                0x08001e98                DMA1_Stream0_IRQHandler
                0x08001e98                CAN1_TX_IRQHandler
                0x08001e98                EXTI4_IRQHandler
                0x08001e98                ETH_IRQHandler
                0x08001e98                OTG_HS_EP1_OUT_IRQHandler
                0x08001e98                WWDG_IRQHandler
                0x08001e98                SPI6_IRQHandler
                0x08001e98                TIM2_IRQHandler
                0x08001e98                OTG_FS_WKUP_IRQHandler
                0x08001e98                TIM1_TRG_COM_TIM11_IRQHandler
                0x08001e98                OTG_HS_IRQHandler
                0x08001e98                DMA2D_IRQHandler
                0x08001e98                EXTI1_IRQHandler
                0x08001e98                UART7_IRQHandler
                0x08001e98                USART2_IRQHandler
                0x08001e98                I2C2_ER_IRQHandler
                0x08001e98                DMA2_Stream1_IRQHandler
                0x08001e98                CAN1_SCE_IRQHandler
                0x08001e98                FLASH_IRQHandler
                0x08001e98                DMA2_Stream4_IRQHandler
                0x08001e98                USART1_IRQHandler
                0x08001e98                SPI3_IRQHandler
                0x08001e98                DMA1_Stream4_IRQHandler
                0x08001e98                I2C1_ER_IRQHandler
                0x08001e98                FMC_IRQHandler
                0x08001e98                DMA2_Stream6_IRQHandler
                0x08001e98                SAI1_IRQHandler
                0x08001e98                DMA1_Stream3_IRQHandler
 *fill*         0x08001e9a        0x2 
 .text.HAL_Init
                0x08001e9c       0x44 ./Drivers/STM32F4xx_HAL_Driver/Src/stm32f4xx_hal.o
                0x08001e9c                HAL_Init
 .text.HAL_IncTick
                0x08001ee0       0x28 ./Drivers/STM32F4xx_HAL_Driver/Src/stm32f4xx_hal.o
                0x08001ee0                HAL_IncTick
 .text.HAL_GetTick
                0x08001f08       0x18 ./Drivers/STM32F4xx_HAL_Driver/Src/stm32f4xx_hal.o
                0x08001f08                HAL_GetTick
 .text.HAL_Delay
                0x08001f20       0x48 ./Drivers/STM32F4xx_HAL_Driver/Src/stm32f4xx_hal.o
                0x08001f20                HAL_Delay
 .text.HAL_ADC_Init
                0x08001f68       0x86 ./Drivers/STM32F4xx_HAL_Driver/Src/stm32f4xx_hal_adc.o
                0x08001f68                HAL_ADC_Init
 .text.HAL_ADC_IRQHandler
                0x08001fee      0x220 ./Drivers/STM32F4xx_HAL_Driver/Src/stm32f4xx_hal_adc.o
                0x08001fee                HAL_ADC_IRQHandler
 .text.HAL_ADC_ConvCpltCallback
                0x0800220e       0x14 ./Drivers/STM32F4xx_HAL_Driver/Src/stm32f4xx_hal_adc.o
                0x0800220e                HAL_ADC_ConvCpltCallback
 .text.HAL_ADC_LevelOutOfWindowCallback
                0x08002222       0x14 ./Drivers/STM32F4xx_HAL_Driver/Src/stm32f4xx_hal_adc.o
                0x08002222                HAL_ADC_LevelOutOfWindowCallback
 .text.HAL_ADC_ErrorCallback
                0x08002236       0x14 ./Drivers/STM32F4xx_HAL_Driver/Src/stm32f4xx_hal_adc.o
                0x08002236                HAL_ADC_ErrorCallback
 *fill*         0x0800224a        0x2 
 .text.HAL_ADC_ConfigChannel
                0x0800224c      0x264 ./Drivers/STM32F4xx_HAL_Driver/Src/stm32f4xx_hal_adc.o
                0x0800224c                HAL_ADC_ConfigChannel
 .text.ADC_Init
                0x080024b0      0x1f8 ./Drivers/STM32F4xx_HAL_Driver/Src/stm32f4xx_hal_adc.o
 .text.HAL_ADCEx_InjectedConvCpltCallback
                0x080026a8       0x14 ./Drivers/STM32F4xx_HAL_Driver/Src/stm32f4xx_hal_adc_ex.o
                0x080026a8                HAL_ADCEx_InjectedConvCpltCallback
 .text.__NVIC_SetPriorityGrouping
                0x080026bc       0x48 ./Drivers/STM32F4xx_HAL_Driver/Src/stm32f4xx_hal_cortex.o
 .text.__NVIC_GetPriorityGrouping
                0x08002704       0x1c ./Drivers/STM32F4xx_HAL_Driver/Src/stm32f4xx_hal_cortex.o
 .text.__NVIC_EnableIRQ
                0x08002720       0x3c ./Drivers/STM32F4xx_HAL_Driver/Src/stm32f4xx_hal_cortex.o
 .text.__NVIC_SetPriority
                0x0800275c       0x54 ./Drivers/STM32F4xx_HAL_Driver/Src/stm32f4xx_hal_cortex.o
 .text.NVIC_EncodePriority
                0x080027b0       0x66 ./Drivers/STM32F4xx_HAL_Driver/Src/stm32f4xx_hal_cortex.o
 .text.HAL_NVIC_SetPriorityGrouping
                0x08002816       0x16 ./Drivers/STM32F4xx_HAL_Driver/Src/stm32f4xx_hal_cortex.o
                0x08002816                HAL_NVIC_SetPriorityGrouping
 .text.HAL_NVIC_SetPriority
                0x0800282c       0x38 ./Drivers/STM32F4xx_HAL_Driver/Src/stm32f4xx_hal_cortex.o
                0x0800282c                HAL_NVIC_SetPriority
 .text.HAL_NVIC_EnableIRQ
                0x08002864       0x1c ./Drivers/STM32F4xx_HAL_Driver/Src/stm32f4xx_hal_cortex.o
                0x08002864                HAL_NVIC_EnableIRQ
 .text.HAL_DMA_Init
                0x08002880      0x15c ./Drivers/STM32F4xx_HAL_Driver/Src/stm32f4xx_hal_dma.o
                0x08002880                HAL_DMA_Init
 .text.HAL_DMA_IRQHandler
                0x080029dc      0x314 ./Drivers/STM32F4xx_HAL_Driver/Src/stm32f4xx_hal_dma.o
                0x080029dc                HAL_DMA_IRQHandler
 .text.DMA_CalcBaseAndBitshift
                0x08002cf0       0x6c ./Drivers/STM32F4xx_HAL_Driver/Src/stm32f4xx_hal_dma.o
 .text.DMA_CheckFifoParam
                0x08002d5c       0xf8 ./Drivers/STM32F4xx_HAL_Driver/Src/stm32f4xx_hal_dma.o
 .text.HAL_GPIO_Init
                0x08002e54      0x358 ./Drivers/STM32F4xx_HAL_Driver/Src/stm32f4xx_hal_gpio.o
                0x08002e54                HAL_GPIO_Init
 .text.HAL_GPIO_WritePin
                0x080031ac       0x32 ./Drivers/STM32F4xx_HAL_Driver/Src/stm32f4xx_hal_gpio.o
                0x080031ac                HAL_GPIO_WritePin
 .text.HAL_GPIO_TogglePin
                0x080031de       0x34 ./Drivers/STM32F4xx_HAL_Driver/Src/stm32f4xx_hal_gpio.o
                0x080031de                HAL_GPIO_TogglePin
 *fill*         0x08003212        0x2 
 .text.HAL_I2C_Init
                0x08003214      0x288 ./Drivers/STM32F4xx_HAL_Driver/Src/stm32f4xx_hal_i2c.o
                0x08003214                HAL_I2C_Init
 .text.HAL_I2CEx_ConfigAnalogFilter
                0x0800349c       0x78 ./Drivers/STM32F4xx_HAL_Driver/Src/stm32f4xx_hal_i2c_ex.o
                0x0800349c                HAL_I2CEx_ConfigAnalogFilter
 .text.HAL_I2CEx_ConfigDigitalFilter
                0x08003514       0x7e ./Drivers/STM32F4xx_HAL_Driver/Src/stm32f4xx_hal_i2c_ex.o
                0x08003514                HAL_I2CEx_ConfigDigitalFilter
 .text.HAL_PCD_Init
                0x08003592      0x21e ./Drivers/STM32F4xx_HAL_Driver/Src/stm32f4xx_hal_pcd.o
                0x08003592                HAL_PCD_Init
 .text.HAL_PCD_Start
                0x080037b0       0x6a ./Drivers/STM32F4xx_HAL_Driver/Src/stm32f4xx_hal_pcd.o
                0x080037b0                HAL_PCD_Start
 .text.HAL_PCD_IRQHandler
                0x0800381a      0x942 ./Drivers/STM32F4xx_HAL_Driver/Src/stm32f4xx_hal_pcd.o
                0x0800381a                HAL_PCD_IRQHandler
 .text.HAL_PCD_SetAddress
                0x0800415c       0x48 ./Drivers/STM32F4xx_HAL_Driver/Src/stm32f4xx_hal_pcd.o
                0x0800415c                HAL_PCD_SetAddress
 .text.HAL_PCD_EP_Open
                0x080041a4       0xd4 ./Drivers/STM32F4xx_HAL_Driver/Src/stm32f4xx_hal_pcd.o
                0x080041a4                HAL_PCD_EP_Open
 .text.HAL_PCD_EP_Close
                0x08004278       0x94 ./Drivers/STM32F4xx_HAL_Driver/Src/stm32f4xx_hal_pcd.o
                0x08004278                HAL_PCD_EP_Close
 .text.HAL_PCD_EP_Receive
                0x0800430c       0x76 ./Drivers/STM32F4xx_HAL_Driver/Src/stm32f4xx_hal_pcd.o
                0x0800430c                HAL_PCD_EP_Receive
 .text.HAL_PCD_EP_GetRxCount
                0x08004382       0x30 ./Drivers/STM32F4xx_HAL_Driver/Src/stm32f4xx_hal_pcd.o
                0x08004382                HAL_PCD_EP_GetRxCount
 .text.HAL_PCD_EP_Transmit
                0x080043b2       0x74 ./Drivers/STM32F4xx_HAL_Driver/Src/stm32f4xx_hal_pcd.o
                0x080043b2                HAL_PCD_EP_Transmit
 .text.HAL_PCD_EP_SetStall
                0x08004426       0xc6 ./Drivers/STM32F4xx_HAL_Driver/Src/stm32f4xx_hal_pcd.o
                0x08004426                HAL_PCD_EP_SetStall
 .text.HAL_PCD_EP_ClrStall
                0x080044ec       0xac ./Drivers/STM32F4xx_HAL_Driver/Src/stm32f4xx_hal_pcd.o
                0x080044ec                HAL_PCD_EP_ClrStall
 .text.HAL_PCD_EP_Abort
                0x08004598       0x62 ./Drivers/STM32F4xx_HAL_Driver/Src/stm32f4xx_hal_pcd.o
                0x08004598                HAL_PCD_EP_Abort
 .text.PCD_WriteEmptyTxFifo
                0x080045fa      0x118 ./Drivers/STM32F4xx_HAL_Driver/Src/stm32f4xx_hal_pcd.o
 *fill*         0x08004712        0x2 
 .text.PCD_EP_OutXfrComplete_int
                0x08004714      0x1d0 ./Drivers/STM32F4xx_HAL_Driver/Src/stm32f4xx_hal_pcd.o
 .text.PCD_EP_OutSetupPacket_int
                0x080048e4       0x8c ./Drivers/STM32F4xx_HAL_Driver/Src/stm32f4xx_hal_pcd.o
 .text.HAL_PCDEx_SetTxFiFo
                0x08004970       0x8e ./Drivers/STM32F4xx_HAL_Driver/Src/stm32f4xx_hal_pcd_ex.o
                0x08004970                HAL_PCDEx_SetTxFiFo
 .text.HAL_PCDEx_SetRxFiFo
                0x080049fe       0x22 ./Drivers/STM32F4xx_HAL_Driver/Src/stm32f4xx_hal_pcd_ex.o
                0x080049fe                HAL_PCDEx_SetRxFiFo
 .text.HAL_PCDEx_LPM_Callback
                0x08004a20       0x18 ./Drivers/STM32F4xx_HAL_Driver/Src/stm32f4xx_hal_pcd_ex.o
                0x08004a20                HAL_PCDEx_LPM_Callback
 .text.HAL_RCC_OscConfig
                0x08004a38      0x4f0 ./Drivers/STM32F4xx_HAL_Driver/Src/stm32f4xx_hal_rcc.o
                0x08004a38                HAL_RCC_OscConfig
 .text.HAL_RCC_ClockConfig
                0x08004f28      0x1cc ./Drivers/STM32F4xx_HAL_Driver/Src/stm32f4xx_hal_rcc.o
                0x08004f28                HAL_RCC_ClockConfig
 .text.HAL_RCC_GetSysClockFreq
                0x080050f4      0x20c ./Drivers/STM32F4xx_HAL_Driver/Src/stm32f4xx_hal_rcc.o
                0x080050f4                HAL_RCC_GetSysClockFreq
 .text.HAL_RCC_GetHCLKFreq
                0x08005300       0x18 ./Drivers/STM32F4xx_HAL_Driver/Src/stm32f4xx_hal_rcc.o
                0x08005300                HAL_RCC_GetHCLKFreq
 .text.HAL_RCC_GetPCLK1Freq
                0x08005318       0x28 ./Drivers/STM32F4xx_HAL_Driver/Src/stm32f4xx_hal_rcc.o
                0x08005318                HAL_RCC_GetPCLK1Freq
 .text.HAL_RCC_GetPCLK2Freq
                0x08005340       0x28 ./Drivers/STM32F4xx_HAL_Driver/Src/stm32f4xx_hal_rcc.o
                0x08005340                HAL_RCC_GetPCLK2Freq
 .text.HAL_RCC_GetClockConfig
                0x08005368       0x64 ./Drivers/STM32F4xx_HAL_Driver/Src/stm32f4xx_hal_rcc.o
                0x08005368                HAL_RCC_GetClockConfig
 .text.HAL_RNG_Init
                0x080053cc       0x54 ./Drivers/STM32F4xx_HAL_Driver/Src/stm32f4xx_hal_rng.o
                0x080053cc                HAL_RNG_Init
 .text.HAL_SPI_Init
                0x08005420      0x112 ./Drivers/STM32F4xx_HAL_Driver/Src/stm32f4xx_hal_spi.o
                0x08005420                HAL_SPI_Init
 .text.HAL_TIM_Base_Init
                0x08005532       0x9e ./Drivers/STM32F4xx_HAL_Driver/Src/stm32f4xx_hal_tim.o
                0x08005532                HAL_TIM_Base_Init
 .text.HAL_TIM_Base_Start_IT
                0x080055d0       0xe0 ./Drivers/STM32F4xx_HAL_Driver/Src/stm32f4xx_hal_tim.o
                0x080055d0                HAL_TIM_Base_Start_IT
 .text.HAL_TIM_PWM_Init
                0x080056b0       0x9e ./Drivers/STM32F4xx_HAL_Driver/Src/stm32f4xx_hal_tim.o
                0x080056b0                HAL_TIM_PWM_Init
 .text.HAL_TIM_IRQHandler
                0x0800574e      0x1e0 ./Drivers/STM32F4xx_HAL_Driver/Src/stm32f4xx_hal_tim.o
                0x0800574e                HAL_TIM_IRQHandler
 *fill*         0x0800592e        0x2 
 .text.HAL_TIM_PWM_ConfigChannel
                0x08005930      0x184 ./Drivers/STM32F4xx_HAL_Driver/Src/stm32f4xx_hal_tim.o
                0x08005930                HAL_TIM_PWM_ConfigChannel
 .text.HAL_TIM_ConfigClockSource
                0x08005ab4      0x18e ./Drivers/STM32F4xx_HAL_Driver/Src/stm32f4xx_hal_tim.o
                0x08005ab4                HAL_TIM_ConfigClockSource
 .text.HAL_TIM_OC_DelayElapsedCallback
                0x08005c42       0x14 ./Drivers/STM32F4xx_HAL_Driver/Src/stm32f4xx_hal_tim.o
                0x08005c42                HAL_TIM_OC_DelayElapsedCallback
 .text.HAL_TIM_IC_CaptureCallback
                0x08005c56       0x14 ./Drivers/STM32F4xx_HAL_Driver/Src/stm32f4xx_hal_tim.o
                0x08005c56                HAL_TIM_IC_CaptureCallback
 .text.HAL_TIM_PWM_PulseFinishedCallback
                0x08005c6a       0x14 ./Drivers/STM32F4xx_HAL_Driver/Src/stm32f4xx_hal_tim.o
                0x08005c6a                HAL_TIM_PWM_PulseFinishedCallback
 .text.HAL_TIM_TriggerCallback
                0x08005c7e       0x14 ./Drivers/STM32F4xx_HAL_Driver/Src/stm32f4xx_hal_tim.o
                0x08005c7e                HAL_TIM_TriggerCallback
 *fill*         0x08005c92        0x2 
 .text.TIM_Base_SetConfig
                0x08005c94      0x14c ./Drivers/STM32F4xx_HAL_Driver/Src/stm32f4xx_hal_tim.o
                0x08005c94                TIM_Base_SetConfig
 .text.TIM_OC1_SetConfig
                0x08005de0       0xe0 ./Drivers/STM32F4xx_HAL_Driver/Src/stm32f4xx_hal_tim.o
 .text.TIM_OC2_SetConfig
                0x08005ec0       0xec ./Drivers/STM32F4xx_HAL_Driver/Src/stm32f4xx_hal_tim.o
                0x08005ec0                TIM_OC2_SetConfig
 .text.TIM_OC3_SetConfig
                0x08005fac       0xe8 ./Drivers/STM32F4xx_HAL_Driver/Src/stm32f4xx_hal_tim.o
 .text.TIM_OC4_SetConfig
                0x08006094       0xac ./Drivers/STM32F4xx_HAL_Driver/Src/stm32f4xx_hal_tim.o
 .text.TIM_TI1_ConfigInputStage
                0x08006140       0x5e ./Drivers/STM32F4xx_HAL_Driver/Src/stm32f4xx_hal_tim.o
 .text.TIM_TI2_ConfigInputStage
                0x0800619e       0x60 ./Drivers/STM32F4xx_HAL_Driver/Src/stm32f4xx_hal_tim.o
 .text.TIM_ITRx_SetConfig
                0x080061fe       0x36 ./Drivers/STM32F4xx_HAL_Driver/Src/stm32f4xx_hal_tim.o
 .text.TIM_ETR_SetConfig
                0x08006234       0x40 ./Drivers/STM32F4xx_HAL_Driver/Src/stm32f4xx_hal_tim.o
                0x08006234                TIM_ETR_SetConfig
 .text.HAL_TIMEx_MasterConfigSynchronization
                0x08006274       0xf8 ./Drivers/STM32F4xx_HAL_Driver/Src/stm32f4xx_hal_tim_ex.o
                0x08006274                HAL_TIMEx_MasterConfigSynchronization
 .text.HAL_TIMEx_ConfigBreakDeadTime
                0x0800636c       0xa4 ./Drivers/STM32F4xx_HAL_Driver/Src/stm32f4xx_hal_tim_ex.o
                0x0800636c                HAL_TIMEx_ConfigBreakDeadTime
 .text.HAL_TIMEx_CommutCallback
                0x08006410       0x14 ./Drivers/STM32F4xx_HAL_Driver/Src/stm32f4xx_hal_tim_ex.o
                0x08006410                HAL_TIMEx_CommutCallback
 .text.HAL_TIMEx_BreakCallback
                0x08006424       0x14 ./Drivers/STM32F4xx_HAL_Driver/Src/stm32f4xx_hal_tim_ex.o
                0x08006424                HAL_TIMEx_BreakCallback
 .text.HAL_UART_Init
                0x08006438       0xa0 ./Drivers/STM32F4xx_HAL_Driver/Src/stm32f4xx_hal_uart.o
                0x08006438                HAL_UART_Init
 .text.UART_SetConfig
                0x080064d8      0x4e8 ./Drivers/STM32F4xx_HAL_Driver/Src/stm32f4xx_hal_uart.o
 .text.USB_CoreInit
                0x080069c0       0xc8 ./Drivers/STM32F4xx_HAL_Driver/Src/stm32f4xx_ll_usb.o
                0x080069c0                USB_CoreInit
 .text.USB_SetTurnaroundTime
                0x08006a88      0x144 ./Drivers/STM32F4xx_HAL_Driver/Src/stm32f4xx_ll_usb.o
                0x08006a88                USB_SetTurnaroundTime
 .text.USB_EnableGlobalInt
                0x08006bcc       0x22 ./Drivers/STM32F4xx_HAL_Driver/Src/stm32f4xx_ll_usb.o
                0x08006bcc                USB_EnableGlobalInt
 .text.USB_DisableGlobalInt
                0x08006bee       0x22 ./Drivers/STM32F4xx_HAL_Driver/Src/stm32f4xx_ll_usb.o
                0x08006bee                USB_DisableGlobalInt
 .text.USB_SetCurrentMode
                0x08006c10       0x98 ./Drivers/STM32F4xx_HAL_Driver/Src/stm32f4xx_ll_usb.o
                0x08006c10                USB_SetCurrentMode
 .text.USB_DevInit
                0x08006ca8      0x2c8 ./Drivers/STM32F4xx_HAL_Driver/Src/stm32f4xx_ll_usb.o
                0x08006ca8                USB_DevInit
 .text.USB_FlushTxFifo
                0x08006f70       0x64 ./Drivers/STM32F4xx_HAL_Driver/Src/stm32f4xx_ll_usb.o
                0x08006f70                USB_FlushTxFifo
 .text.USB_FlushRxFifo
                0x08006fd4       0x5c ./Drivers/STM32F4xx_HAL_Driver/Src/stm32f4xx_ll_usb.o
                0x08006fd4                USB_FlushRxFifo
 .text.USB_SetDevSpeed
                0x08007030       0x32 ./Drivers/STM32F4xx_HAL_Driver/Src/stm32f4xx_ll_usb.o
                0x08007030                USB_SetDevSpeed
 .text.USB_GetDevSpeed
                0x08007062       0x4a ./Drivers/STM32F4xx_HAL_Driver/Src/stm32f4xx_ll_usb.o
                0x08007062                USB_GetDevSpeed
 .text.USB_ActivateEndpoint
                0x080070ac      0x10e ./Drivers/STM32F4xx_HAL_Driver/Src/stm32f4xx_ll_usb.o
                0x080070ac                USB_ActivateEndpoint
 *fill*         0x080071ba        0x2 
 .text.USB_DeactivateEndpoint
                0x080071bc      0x1b8 ./Drivers/STM32F4xx_HAL_Driver/Src/stm32f4xx_ll_usb.o
                0x080071bc                USB_DeactivateEndpoint
 .text.USB_EPStartXfer
                0x08007374      0x53c ./Drivers/STM32F4xx_HAL_Driver/Src/stm32f4xx_ll_usb.o
                0x08007374                USB_EPStartXfer
 .text.USB_EPStopXfer
                0x080078b0      0x154 ./Drivers/STM32F4xx_HAL_Driver/Src/stm32f4xx_ll_usb.o
                0x080078b0                USB_EPStopXfer
 .text.USB_WritePacket
                0x08007a04       0x7c ./Drivers/STM32F4xx_HAL_Driver/Src/stm32f4xx_ll_usb.o
                0x08007a04                USB_WritePacket
 .text.USB_ReadPacket
                0x08007a80       0xb0 ./Drivers/STM32F4xx_HAL_Driver/Src/stm32f4xx_ll_usb.o
                0x08007a80                USB_ReadPacket
 .text.USB_EPSetStall
                0x08007b30       0xdc ./Drivers/STM32F4xx_HAL_Driver/Src/stm32f4xx_ll_usb.o
                0x08007b30                USB_EPSetStall
 .text.USB_EPClearStall
                0x08007c0c       0xcc ./Drivers/STM32F4xx_HAL_Driver/Src/stm32f4xx_ll_usb.o
                0x08007c0c                USB_EPClearStall
 .text.USB_SetDevAddress
                0x08007cd8       0x4c ./Drivers/STM32F4xx_HAL_Driver/Src/stm32f4xx_ll_usb.o
                0x08007cd8                USB_SetDevAddress
 .text.USB_DevConnect
                0x08007d24       0x42 ./Drivers/STM32F4xx_HAL_Driver/Src/stm32f4xx_ll_usb.o
                0x08007d24                USB_DevConnect
 .text.USB_DevDisconnect
                0x08007d66       0x42 ./Drivers/STM32F4xx_HAL_Driver/Src/stm32f4xx_ll_usb.o
                0x08007d66                USB_DevDisconnect
 .text.USB_ReadInterrupts
                0x08007da8       0x26 ./Drivers/STM32F4xx_HAL_Driver/Src/stm32f4xx_ll_usb.o
                0x08007da8                USB_ReadInterrupts
 .text.USB_ReadDevAllOutEpInterrupt
                0x08007dce       0x34 ./Drivers/STM32F4xx_HAL_Driver/Src/stm32f4xx_ll_usb.o
                0x08007dce                USB_ReadDevAllOutEpInterrupt
 .text.USB_ReadDevAllInEpInterrupt
                0x08007e02       0x34 ./Drivers/STM32F4xx_HAL_Driver/Src/stm32f4xx_ll_usb.o
                0x08007e02                USB_ReadDevAllInEpInterrupt
 .text.USB_ReadDevOutEPInterrupt
                0x08007e36       0x3c ./Drivers/STM32F4xx_HAL_Driver/Src/stm32f4xx_ll_usb.o
                0x08007e36                USB_ReadDevOutEPInterrupt
 .text.USB_ReadDevInEPInterrupt
                0x08007e72       0x5c ./Drivers/STM32F4xx_HAL_Driver/Src/stm32f4xx_ll_usb.o
                0x08007e72                USB_ReadDevInEPInterrupt
 .text.USB_GetMode
                0x08007ece       0x1c ./Drivers/STM32F4xx_HAL_Driver/Src/stm32f4xx_ll_usb.o
                0x08007ece                USB_GetMode
 .text.USB_ActivateSetup
                0x08007eea       0x46 ./Drivers/STM32F4xx_HAL_Driver/Src/stm32f4xx_ll_usb.o
                0x08007eea                USB_ActivateSetup
 .text.USB_EP0_OutStart
                0x08007f30       0xbc ./Drivers/STM32F4xx_HAL_Driver/Src/stm32f4xx_ll_usb.o
                0x08007f30                USB_EP0_OutStart
 .text.USB_CoreReset
                0x08007fec       0x70 ./Drivers/STM32F4xx_HAL_Driver/Src/stm32f4xx_ll_usb.o
 .text.USBD_CDC_Init
                0x0800805c      0x1f0 ./Middlewares/ST/STM32_USB_Device_Library/Class/CDC/Src/usbd_cdc.o
 .text.USBD_CDC_DeInit
                0x0800824c      0x104 ./Middlewares/ST/STM32_USB_Device_Library/Class/CDC/Src/usbd_cdc.o
 .text.USBD_CDC_Setup
                0x08008350      0x1b8 ./Middlewares/ST/STM32_USB_Device_Library/Class/CDC/Src/usbd_cdc.o
 .text.USBD_CDC_DataIn
                0x08008508       0xfe ./Middlewares/ST/STM32_USB_Device_Library/Class/CDC/Src/usbd_cdc.o
 .text.USBD_CDC_DataOut
                0x08008606       0x70 ./Middlewares/ST/STM32_USB_Device_Library/Class/CDC/Src/usbd_cdc.o
 .text.USBD_CDC_EP0_RxReady
                0x08008676       0x74 ./Middlewares/ST/STM32_USB_Device_Library/Class/CDC/Src/usbd_cdc.o
 *fill*         0x080086ea        0x2 
 .text.USBD_CDC_GetFSCfgDesc
                0x080086ec       0x70 ./Middlewares/ST/STM32_USB_Device_Library/Class/CDC/Src/usbd_cdc.o
 .text.USBD_CDC_GetHSCfgDesc
                0x0800875c       0x70 ./Middlewares/ST/STM32_USB_Device_Library/Class/CDC/Src/usbd_cdc.o
 .text.USBD_CDC_GetOtherSpeedCfgDesc
                0x080087cc       0x70 ./Middlewares/ST/STM32_USB_Device_Library/Class/CDC/Src/usbd_cdc.o
 .text.USBD_CDC_GetDeviceQualifierDescriptor
                0x0800883c       0x20 ./Middlewares/ST/STM32_USB_Device_Library/Class/CDC/Src/usbd_cdc.o
                0x0800883c                USBD_CDC_GetDeviceQualifierDescriptor
 .text.USBD_CDC_RegisterInterface
                0x0800885c       0x34 ./Middlewares/ST/STM32_USB_Device_Library/Class/CDC/Src/usbd_cdc.o
                0x0800885c                USBD_CDC_RegisterInterface
 .text.USBD_CDC_SetTxBuffer
                0x08008890       0x44 ./Middlewares/ST/STM32_USB_Device_Library/Class/CDC/Src/usbd_cdc.o
                0x08008890                USBD_CDC_SetTxBuffer
 .text.USBD_CDC_SetRxBuffer
                0x080088d4       0x3a ./Middlewares/ST/STM32_USB_Device_Library/Class/CDC/Src/usbd_cdc.o
                0x080088d4                USBD_CDC_SetRxBuffer
 *fill*         0x0800890e        0x2 
 .text.USBD_CDC_ReceivePacket
                0x08008910       0x6c ./Middlewares/ST/STM32_USB_Device_Library/Class/CDC/Src/usbd_cdc.o
                0x08008910                USBD_CDC_ReceivePacket
 .text.USBD_Init
                0x0800897c       0x7c ./Middlewares/ST/STM32_USB_Device_Library/Core/Src/usbd_core.o
                0x0800897c                USBD_Init
 .text.USBD_RegisterClass
                0x080089f8       0x88 ./Middlewares/ST/STM32_USB_Device_Library/Core/Src/usbd_core.o
                0x080089f8                USBD_RegisterClass
 .text.USBD_Start
                0x08008a80       0x18 ./Middlewares/ST/STM32_USB_Device_Library/Core/Src/usbd_core.o
                0x08008a80                USBD_Start
 .text.USBD_RunTestMode
                0x08008a98       0x16 ./Middlewares/ST/STM32_USB_Device_Library/Core/Src/usbd_core.o
                0x08008a98                USBD_RunTestMode
 .text.USBD_SetClassConfig
                0x08008aae       0x38 ./Middlewares/ST/STM32_USB_Device_Library/Core/Src/usbd_core.o
                0x08008aae                USBD_SetClassConfig
 .text.USBD_ClrClassConfig
                0x08008ae6       0x34 ./Middlewares/ST/STM32_USB_Device_Library/Core/Src/usbd_core.o
                0x08008ae6                USBD_ClrClassConfig
 .text.USBD_LL_SetupStage
                0x08008b1a       0xaa ./Middlewares/ST/STM32_USB_Device_Library/Core/Src/usbd_core.o
                0x08008b1a                USBD_LL_SetupStage
 .text.USBD_LL_DataOutStage
                0x08008bc4      0x178 ./Middlewares/ST/STM32_USB_Device_Library/Core/Src/usbd_core.o
                0x08008bc4                USBD_LL_DataOutStage
 .text.USBD_LL_DataInStage
                0x08008d3c      0x176 ./Middlewares/ST/STM32_USB_Device_Library/Core/Src/usbd_core.o
                0x08008d3c                USBD_LL_DataInStage
 .text.USBD_LL_Reset
                0x08008eb2       0xa6 ./Middlewares/ST/STM32_USB_Device_Library/Core/Src/usbd_core.o
                0x08008eb2                USBD_LL_Reset
 .text.USBD_LL_SetSpeed
                0x08008f58       0x20 ./Middlewares/ST/STM32_USB_Device_Library/Core/Src/usbd_core.o
                0x08008f58                USBD_LL_SetSpeed
 .text.USBD_LL_Suspend
                0x08008f78       0x38 ./Middlewares/ST/STM32_USB_Device_Library/Core/Src/usbd_core.o
                0x08008f78                USBD_LL_Suspend
 .text.USBD_LL_Resume
                0x08008fb0       0x30 ./Middlewares/ST/STM32_USB_Device_Library/Core/Src/usbd_core.o
                0x08008fb0                USBD_LL_Resume
 .text.USBD_LL_SOF
                0x08008fe0       0x40 ./Middlewares/ST/STM32_USB_Device_Library/Core/Src/usbd_core.o
                0x08008fe0                USBD_LL_SOF
 .text.USBD_LL_IsoINIncomplete
                0x08009020       0x64 ./Middlewares/ST/STM32_USB_Device_Library/Core/Src/usbd_core.o
                0x08009020                USBD_LL_IsoINIncomplete
 .text.USBD_LL_IsoOUTIncomplete
                0x08009084       0x64 ./Middlewares/ST/STM32_USB_Device_Library/Core/Src/usbd_core.o
                0x08009084                USBD_LL_IsoOUTIncomplete
 .text.USBD_LL_DevConnected
                0x080090e8       0x16 ./Middlewares/ST/STM32_USB_Device_Library/Core/Src/usbd_core.o
                0x080090e8                USBD_LL_DevConnected
 .text.USBD_LL_DevDisconnected
                0x080090fe       0x46 ./Middlewares/ST/STM32_USB_Device_Library/Core/Src/usbd_core.o
                0x080090fe                USBD_LL_DevDisconnected
 .text.USBD_CoreFindIF
                0x08009144       0x1a ./Middlewares/ST/STM32_USB_Device_Library/Core/Src/usbd_core.o
                0x08009144                USBD_CoreFindIF
 .text.USBD_CoreFindEP
                0x0800915e       0x1a ./Middlewares/ST/STM32_USB_Device_Library/Core/Src/usbd_core.o
                0x0800915e                USBD_CoreFindEP
 .text.USBD_GetEpDesc
                0x08009178       0x70 ./Middlewares/ST/STM32_USB_Device_Library/Core/Src/usbd_core.o
                0x08009178                USBD_GetEpDesc
 .text.USBD_GetNextDesc
                0x080091e8       0x38 ./Middlewares/ST/STM32_USB_Device_Library/Core/Src/usbd_core.o
                0x080091e8                USBD_GetNextDesc
 .text.SWAPBYTE
                0x08009220       0x3e ./Middlewares/ST/STM32_USB_Device_Library/Core/Src/usbd_ctlreq.o
 *fill*         0x0800925e        0x2 
 .text.USBD_StdDevReq
                0x08009260       0xe4 ./Middlewares/ST/STM32_USB_Device_Library/Core/Src/usbd_ctlreq.o
                0x08009260                USBD_StdDevReq
 .text.USBD_StdItfReq
                0x08009344       0xd8 ./Middlewares/ST/STM32_USB_Device_Library/Core/Src/usbd_ctlreq.o
                0x08009344                USBD_StdItfReq
 .text.USBD_StdEPReq
                0x0800941c      0x33e ./Middlewares/ST/STM32_USB_Device_Library/Core/Src/usbd_ctlreq.o
                0x0800941c                USBD_StdEPReq
 *fill*         0x0800975a        0x2 
 .text.USBD_GetDescriptor
                0x0800975c      0x2d4 ./Middlewares/ST/STM32_USB_Device_Library/Core/Src/usbd_ctlreq.o
 .text.USBD_SetAddress
                0x08009a30       0x88 ./Middlewares/ST/STM32_USB_Device_Library/Core/Src/usbd_ctlreq.o
 .text.USBD_SetConfig
                0x08009ab8      0x154 ./Middlewares/ST/STM32_USB_Device_Library/Core/Src/usbd_ctlreq.o
 .text.USBD_GetConfig
                0x08009c0c       0x6c ./Middlewares/ST/STM32_USB_Device_Library/Core/Src/usbd_ctlreq.o
 .text.USBD_GetStatus
                0x08009c78       0x68 ./Middlewares/ST/STM32_USB_Device_Library/Core/Src/usbd_ctlreq.o
 .text.USBD_SetFeature
                0x08009ce0       0x52 ./Middlewares/ST/STM32_USB_Device_Library/Core/Src/usbd_ctlreq.o
 .text.USBD_ClrFeature
                0x08009d32       0x44 ./Middlewares/ST/STM32_USB_Device_Library/Core/Src/usbd_ctlreq.o
 .text.USBD_ParseSetupRequest
                0x08009d76       0x74 ./Middlewares/ST/STM32_USB_Device_Library/Core/Src/usbd_ctlreq.o
                0x08009d76                USBD_ParseSetupRequest
 .text.USBD_CtlError
                0x08009dea       0x22 ./Middlewares/ST/STM32_USB_Device_Library/Core/Src/usbd_ctlreq.o
                0x08009dea                USBD_CtlError
 .text.USBD_GetString
                0x08009e0c       0xa4 ./Middlewares/ST/STM32_USB_Device_Library/Core/Src/usbd_ctlreq.o
                0x08009e0c                USBD_GetString
 .text.USBD_GetLen
                0x08009eb0       0x34 ./Middlewares/ST/STM32_USB_Device_Library/Core/Src/usbd_ctlreq.o
 .text.USBD_CtlSendData
                0x08009ee4       0x3c ./Middlewares/ST/STM32_USB_Device_Library/Core/Src/usbd_ioreq.o
                0x08009ee4                USBD_CtlSendData
 .text.USBD_CtlContinueSendData
                0x08009f20       0x22 ./Middlewares/ST/STM32_USB_Device_Library/Core/Src/usbd_ioreq.o
                0x08009f20                USBD_CtlContinueSendData
 .text.USBD_CtlPrepareRx
                0x08009f42       0x42 ./Middlewares/ST/STM32_USB_Device_Library/Core/Src/usbd_ioreq.o
                0x08009f42                USBD_CtlPrepareRx
 .text.USBD_CtlContinueRx
                0x08009f84       0x22 ./Middlewares/ST/STM32_USB_Device_Library/Core/Src/usbd_ioreq.o
                0x08009f84                USBD_CtlContinueRx
 .text.USBD_CtlSendStatus
                0x08009fa6       0x26 ./Middlewares/ST/STM32_USB_Device_Library/Core/Src/usbd_ioreq.o
                0x08009fa6                USBD_CtlSendStatus
 .text.USBD_CtlReceiveStatus
                0x08009fcc       0x26 ./Middlewares/ST/STM32_USB_Device_Library/Core/Src/usbd_ioreq.o
                0x08009fcc                USBD_CtlReceiveStatus
 *fill*         0x08009ff2        0x2 
 .text.__NVIC_SetPriority
                0x08009ff4       0x54 ./Middlewares/Third_Party/FreeRTOS/Source/CMSIS_RTOS_V2/cmsis_os2.o
 .text.SysTick_Handler
                0x0800a048       0x20 ./Middlewares/Third_Party/FreeRTOS/Source/CMSIS_RTOS_V2/cmsis_os2.o
                0x0800a048                SysTick_Handler
 .text.SVC_Setup
                0x0800a068       0x12 ./Middlewares/Third_Party/FreeRTOS/Source/CMSIS_RTOS_V2/cmsis_os2.o
 *fill*         0x0800a07a        0x2 
 .text.osKernelInitialize
                0x0800a07c       0x48 ./Middlewares/Third_Party/FreeRTOS/Source/CMSIS_RTOS_V2/cmsis_os2.o
                0x0800a07c                osKernelInitialize
 .text.osKernelStart
                0x0800a0c4       0x4c ./Middlewares/Third_Party/FreeRTOS/Source/CMSIS_RTOS_V2/cmsis_os2.o
                0x0800a0c4                osKernelStart
 .text.osThreadNew
                0x0800a110      0x124 ./Middlewares/Third_Party/FreeRTOS/Source/CMSIS_RTOS_V2/cmsis_os2.o
                0x0800a110                osThreadNew
 .text.vApplicationGetIdleTaskMemory
                0x0800a234       0x34 ./Middlewares/Third_Party/FreeRTOS/Source/CMSIS_RTOS_V2/cmsis_os2.o
                0x0800a234                vApplicationGetIdleTaskMemory
 .text.vApplicationGetTimerTaskMemory
                0x0800a268       0x34 ./Middlewares/Third_Party/FreeRTOS/Source/CMSIS_RTOS_V2/cmsis_os2.o
                0x0800a268                vApplicationGetTimerTaskMemory
 .text.vListInitialise
                0x0800a29c       0x40 ./Middlewares/Third_Party/FreeRTOS/Source/list.o
                0x0800a29c                vListInitialise
 .text.vListInitialiseItem
                0x0800a2dc       0x1a ./Middlewares/Third_Party/FreeRTOS/Source/list.o
                0x0800a2dc                vListInitialiseItem
 .text.vListInsertEnd
                0x0800a2f6       0x48 ./Middlewares/Third_Party/FreeRTOS/Source/list.o
                0x0800a2f6                vListInsertEnd
 .text.vListInsert
                0x0800a33e       0x72 ./Middlewares/Third_Party/FreeRTOS/Source/list.o
                0x0800a33e                vListInsert
 .text.uxListRemove
                0x0800a3b0       0x54 ./Middlewares/Third_Party/FreeRTOS/Source/list.o
                0x0800a3b0                uxListRemove
 .text.xQueueGenericReset
                0x0800a404       0xd4 ./Middlewares/Third_Party/FreeRTOS/Source/queue.o
                0x0800a404                xQueueGenericReset
 .text.xQueueGenericCreateStatic
                0x0800a4d8       0xfa ./Middlewares/Third_Party/FreeRTOS/Source/queue.o
                0x0800a4d8                xQueueGenericCreateStatic
 .text.xQueueGenericCreate
                0x0800a5d2       0x76 ./Middlewares/Third_Party/FreeRTOS/Source/queue.o
                0x0800a5d2                xQueueGenericCreate
 .text.prvInitialiseNewQueue
                0x0800a648       0x46 ./Middlewares/Third_Party/FreeRTOS/Source/queue.o
 *fill*         0x0800a68e        0x2 
 .text.xQueueGenericSend
                0x0800a690      0x204 ./Middlewares/Third_Party/FreeRTOS/Source/queue.o
                0x0800a690                xQueueGenericSend
 .text.xQueueGenericSendFromISR
                0x0800a894      0x13c ./Middlewares/Third_Party/FreeRTOS/Source/queue.o
                0x0800a894                xQueueGenericSendFromISR
 .text.xQueueReceive
                0x0800a9d0      0x1c4 ./Middlewares/Third_Party/FreeRTOS/Source/queue.o
                0x0800a9d0                xQueueReceive
 .text.xQueueSemaphoreTake
                0x0800ab94      0x220 ./Middlewares/Third_Party/FreeRTOS/Source/queue.o
                0x0800ab94                xQueueSemaphoreTake
 .text.prvGetDisinheritPriorityAfterTimeout
                0x0800adb4       0x30 ./Middlewares/Third_Party/FreeRTOS/Source/queue.o
 .text.prvCopyDataToQueue
                0x0800ade4       0xd4 ./Middlewares/Third_Party/FreeRTOS/Source/queue.o
 .text.prvCopyDataFromQueue
                0x0800aeb8       0x4c ./Middlewares/Third_Party/FreeRTOS/Source/queue.o
 .text.prvUnlockQueue
                0x0800af04       0xa4 ./Middlewares/Third_Party/FreeRTOS/Source/queue.o
 .text.prvIsQueueEmpty
                0x0800afa8       0x2c ./Middlewares/Third_Party/FreeRTOS/Source/queue.o
 .text.prvIsQueueFull
                0x0800afd4       0x30 ./Middlewares/Third_Party/FreeRTOS/Source/queue.o
 .text.vQueueAddToRegistry
                0x0800b004       0x54 ./Middlewares/Third_Party/FreeRTOS/Source/queue.o
                0x0800b004                vQueueAddToRegistry
 .text.vQueueWaitForMessageRestricted
                0x0800b058       0x68 ./Middlewares/Third_Party/FreeRTOS/Source/queue.o
                0x0800b058                vQueueWaitForMessageRestricted
 .text.xTaskCreateStatic
                0x0800b0c0       0xc0 ./Middlewares/Third_Party/FreeRTOS/Source/tasks.o
                0x0800b0c0                xTaskCreateStatic
 .text.xTaskCreate
                0x0800b180       0x8a ./Middlewares/Third_Party/FreeRTOS/Source/tasks.o
                0x0800b180                xTaskCreate
 *fill*         0x0800b20a        0x2 
 .text.prvInitialiseNewTask
                0x0800b20c      0x150 ./Middlewares/Third_Party/FreeRTOS/Source/tasks.o
 .text.prvAddNewTaskToReadyList
                0x0800b35c       0xe0 ./Middlewares/Third_Party/FreeRTOS/Source/tasks.o
 .text.vTaskDelay
                0x0800b43c       0x6c ./Middlewares/Third_Party/FreeRTOS/Source/tasks.o
                0x0800b43c                vTaskDelay
 .text.vTaskStartScheduler
                0x0800b4a8       0xf4 ./Middlewares/Third_Party/FreeRTOS/Source/tasks.o
                0x0800b4a8                vTaskStartScheduler
 .text.vTaskSuspendAll
                0x0800b59c       0x1c ./Middlewares/Third_Party/FreeRTOS/Source/tasks.o
                0x0800b59c                vTaskSuspendAll
 .text.xTaskResumeAll
                0x0800b5b8      0x13c ./Middlewares/Third_Party/FreeRTOS/Source/tasks.o
                0x0800b5b8                xTaskResumeAll
 .text.xTaskGetTickCount
                0x0800b6f4       0x20 ./Middlewares/Third_Party/FreeRTOS/Source/tasks.o
                0x0800b6f4                xTaskGetTickCount
 .text.xTaskGetIdleTaskHandle
                0x0800b714       0x3c ./Middlewares/Third_Party/FreeRTOS/Source/tasks.o
                0x0800b714                xTaskGetIdleTaskHandle
 .text.xTaskIncrementTick
                0x0800b750      0x184 ./Middlewares/Third_Party/FreeRTOS/Source/tasks.o
                0x0800b750                xTaskIncrementTick
 .text.vTaskSwitchContext
                0x0800b8d4       0xec ./Middlewares/Third_Party/FreeRTOS/Source/tasks.o
                0x0800b8d4                vTaskSwitchContext
 .text.vTaskPlaceOnEventList
                0x0800b9c0       0x4c ./Middlewares/Third_Party/FreeRTOS/Source/tasks.o
                0x0800b9c0                vTaskPlaceOnEventList
 .text.vTaskPlaceOnEventListRestricted
                0x0800ba0c       0x58 ./Middlewares/Third_Party/FreeRTOS/Source/tasks.o
                0x0800ba0c                vTaskPlaceOnEventListRestricted
 .text.xTaskRemoveFromEventList
                0x0800ba64       0xc8 ./Middlewares/Third_Party/FreeRTOS/Source/tasks.o
                0x0800ba64                xTaskRemoveFromEventList
 .text.vTaskInternalSetTimeOutState
                0x0800bb2c       0x2c ./Middlewares/Third_Party/FreeRTOS/Source/tasks.o
                0x0800bb2c                vTaskInternalSetTimeOutState
 .text.xTaskCheckForTimeOut
                0x0800bb58       0xc8 ./Middlewares/Third_Party/FreeRTOS/Source/tasks.o
                0x0800bb58                xTaskCheckForTimeOut
 .text.vTaskMissedYield
                0x0800bc20       0x18 ./Middlewares/Third_Party/FreeRTOS/Source/tasks.o
                0x0800bc20                vTaskMissedYield
 .text.vTaskSetTaskNumber
                0x0800bc38       0x26 ./Middlewares/Third_Party/FreeRTOS/Source/tasks.o
                0x0800bc38                vTaskSetTaskNumber
 *fill*         0x0800bc5e        0x2 
 .text.prvIdleTask
                0x0800bc60       0x34 ./Middlewares/Third_Party/FreeRTOS/Source/tasks.o
 .text.prvInitialiseTaskLists
                0x0800bc94       0x80 ./Middlewares/Third_Party/FreeRTOS/Source/tasks.o
 .text.prvCheckTasksWaitingTermination
                0x0800bd14       0x5c ./Middlewares/Third_Party/FreeRTOS/Source/tasks.o
 .text.prvDeleteTCB
                0x0800bd70       0x6a ./Middlewares/Third_Party/FreeRTOS/Source/tasks.o
 *fill*         0x0800bdda        0x2 
 .text.prvResetNextTaskUnblockTime
                0x0800bddc       0x40 ./Middlewares/Third_Party/FreeRTOS/Source/tasks.o
 .text.xTaskGetSchedulerState
                0x0800be1c       0x3c ./Middlewares/Third_Party/FreeRTOS/Source/tasks.o
                0x0800be1c                xTaskGetSchedulerState
 .text.xTaskPriorityInherit
                0x0800be58       0xd0 ./Middlewares/Third_Party/FreeRTOS/Source/tasks.o
                0x0800be58                xTaskPriorityInherit
 .text.xTaskPriorityDisinherit
                0x0800bf28       0xe0 ./Middlewares/Third_Party/FreeRTOS/Source/tasks.o
                0x0800bf28                xTaskPriorityDisinherit
 .text.vTaskPriorityDisinheritAfterTimeout
                0x0800c008      0x108 ./Middlewares/Third_Party/FreeRTOS/Source/tasks.o
                0x0800c008                vTaskPriorityDisinheritAfterTimeout
 .text.pvTaskIncrementMutexHeldCount
                0x0800c110       0x28 ./Middlewares/Third_Party/FreeRTOS/Source/tasks.o
                0x0800c110                pvTaskIncrementMutexHeldCount
 .text.prvAddCurrentTaskToDelayedList
                0x0800c138       0xa8 ./Middlewares/Third_Party/FreeRTOS/Source/tasks.o
 .text.xTimerCreateTimerTask
                0x0800c1e0       0x94 ./Middlewares/Third_Party/FreeRTOS/Source/timers.o
                0x0800c1e0                xTimerCreateTimerTask
 .text.xTimerGenericCommand
                0x0800c274       0x9c ./Middlewares/Third_Party/FreeRTOS/Source/timers.o
                0x0800c274                xTimerGenericCommand
 .text.prvProcessExpiredTimer
                0x0800c310       0x9c ./Middlewares/Third_Party/FreeRTOS/Source/timers.o
 .text.prvTimerTask
                0x0800c3ac       0x26 ./Middlewares/Third_Party/FreeRTOS/Source/timers.o
 *fill*         0x0800c3d2        0x2 
 .text.prvProcessTimerOrBlockTask
                0x0800c3d4       0x9c ./Middlewares/Third_Party/FreeRTOS/Source/timers.o
 .text.prvGetNextExpireTime
                0x0800c470       0x48 ./Middlewares/Third_Party/FreeRTOS/Source/timers.o
 .text.prvSampleTimeNow
                0x0800c4b8       0x40 ./Middlewares/Third_Party/FreeRTOS/Source/timers.o
 .text.prvInsertTimerInActiveList
                0x0800c4f8       0x84 ./Middlewares/Third_Party/FreeRTOS/Source/timers.o
 .text.prvProcessReceivedCommands
                0x0800c57c      0x1cc ./Middlewares/Third_Party/FreeRTOS/Source/timers.o
 .text.prvSwitchTimerLists
                0x0800c748       0xcc ./Middlewares/Third_Party/FreeRTOS/Source/timers.o
 .text.prvCheckForValidListAndQueue
                0x0800c814       0x80 ./Middlewares/Third_Party/FreeRTOS/Source/timers.o
 .text.pxPortInitialiseStack
                0x0800c894       0x68 ./Middlewares/Third_Party/FreeRTOS/Source/portable/GCC/ARM_CM4F/port.o
                0x0800c894                pxPortInitialiseStack
 .text.prvTaskExitError
                0x0800c8fc       0x5c ./Middlewares/Third_Party/FreeRTOS/Source/portable/GCC/ARM_CM4F/port.o
 *fill*         0x0800c958        0x8 
 .text.SVC_Handler
                0x0800c960       0x28 ./Middlewares/Third_Party/FreeRTOS/Source/portable/GCC/ARM_CM4F/port.o
                0x0800c960                SVC_Handler
 .text.prvPortStartFirstTask
                0x0800c988       0x28 ./Middlewares/Third_Party/FreeRTOS/Source/portable/GCC/ARM_CM4F/port.o
 .text.xPortStartScheduler
                0x0800c9b0      0x16c ./Middlewares/Third_Party/FreeRTOS/Source/portable/GCC/ARM_CM4F/port.o
                0x0800c9b0                xPortStartScheduler
 .text.vPortEnterCritical
                0x0800cb1c       0x64 ./Middlewares/Third_Party/FreeRTOS/Source/portable/GCC/ARM_CM4F/port.o
                0x0800cb1c                vPortEnterCritical
 .text.vPortExitCritical
                0x0800cb80       0x54 ./Middlewares/Third_Party/FreeRTOS/Source/portable/GCC/ARM_CM4F/port.o
                0x0800cb80                vPortExitCritical
 *fill*         0x0800cbd4        0xc 
 .text.PendSV_Handler
                0x0800cbe0       0x68 ./Middlewares/Third_Party/FreeRTOS/Source/portable/GCC/ARM_CM4F/port.o
                0x0800cbe0                PendSV_Handler
 .text.xPortSysTickHandler
                0x0800cc48       0x44 ./Middlewares/Third_Party/FreeRTOS/Source/portable/GCC/ARM_CM4F/port.o
                0x0800cc48                xPortSysTickHandler
 .text.vPortSetupTimerInterrupt
                0x0800cc8c       0x48 ./Middlewares/Third_Party/FreeRTOS/Source/portable/GCC/ARM_CM4F/port.o
                0x0800cc8c                vPortSetupTimerInterrupt
 .text.vPortEnableVFP
                0x0800ccd4       0x14 ./Middlewares/Third_Party/FreeRTOS/Source/portable/GCC/ARM_CM4F/port.o
 .text.vPortValidateInterruptPriority
                0x0800cce8       0x84 ./Middlewares/Third_Party/FreeRTOS/Source/portable/GCC/ARM_CM4F/port.o
                0x0800cce8                vPortValidateInterruptPriority
 .text.pvPortMalloc
                0x0800cd6c      0x19c ./Middlewares/Third_Party/FreeRTOS/Source/portable/MemMang/heap_4.o
                0x0800cd6c                pvPortMalloc
 .text.vPortFree
                0x0800cf08       0xc8 ./Middlewares/Third_Party/FreeRTOS/Source/portable/MemMang/heap_4.o
                0x0800cf08                vPortFree
 .text.prvHeapInit
                0x0800cfd0       0xc4 ./Middlewares/Third_Party/FreeRTOS/Source/portable/MemMang/heap_4.o
 .text.prvInsertBlockIntoFreeList
                0x0800d094       0xb4 ./Middlewares/Third_Party/FreeRTOS/Source/portable/MemMang/heap_4.o
 .text.MX_USB_DEVICE_Init
                0x0800d148       0x60 ./USB_DEVICE/App/usb_device.o
                0x0800d148                MX_USB_DEVICE_Init
 .text.CDC_Init_FS
                0x0800d1a8       0x28 ./USB_DEVICE/App/usbd_cdc_if.o
 .text.CDC_DeInit_FS
                0x0800d1d0       0x10 ./USB_DEVICE/App/usbd_cdc_if.o
 .text.CDC_Control_FS
                0x0800d1e0       0xbc ./USB_DEVICE/App/usbd_cdc_if.o
 .text.CDC_Receive_FS
                0x0800d29c       0x34 ./USB_DEVICE/App/usbd_cdc_if.o
 .text.CDC_TransmitCplt_FS
                0x0800d2d0       0x22 ./USB_DEVICE/App/usbd_cdc_if.o
 *fill*         0x0800d2f2        0x2 
 .text.USBD_FS_DeviceDescriptor
                0x0800d2f4       0x24 ./USB_DEVICE/App/usbd_desc.o
                0x0800d2f4                USBD_FS_DeviceDescriptor
 .text.USBD_FS_LangIDStrDescriptor
                0x0800d318       0x24 ./USB_DEVICE/App/usbd_desc.o
                0x0800d318                USBD_FS_LangIDStrDescriptor
 .text.USBD_FS_ProductStrDescriptor
                0x0800d33c       0x3c ./USB_DEVICE/App/usbd_desc.o
                0x0800d33c                USBD_FS_ProductStrDescriptor
 .text.USBD_FS_ManufacturerStrDescriptor
                0x0800d378       0x28 ./USB_DEVICE/App/usbd_desc.o
                0x0800d378                USBD_FS_ManufacturerStrDescriptor
 .text.USBD_FS_SerialStrDescriptor
                0x0800d3a0       0x24 ./USB_DEVICE/App/usbd_desc.o
                0x0800d3a0                USBD_FS_SerialStrDescriptor
 .text.USBD_FS_ConfigStrDescriptor
                0x0800d3c4       0x3c ./USB_DEVICE/App/usbd_desc.o
                0x0800d3c4                USBD_FS_ConfigStrDescriptor
 .text.USBD_FS_InterfaceStrDescriptor
                0x0800d400       0x3c ./USB_DEVICE/App/usbd_desc.o
                0x0800d400                USBD_FS_InterfaceStrDescriptor
 .text.Get_SerialNum
                0x0800d43c       0x58 ./USB_DEVICE/App/usbd_desc.o
 .text.IntToUnicode
                0x0800d494       0x7e ./USB_DEVICE/App/usbd_desc.o
 *fill*         0x0800d512        0x2 
 .text.HAL_PCD_MspInit
                0x0800d514       0xc4 ./USB_DEVICE/Target/usbd_conf.o
                0x0800d514                HAL_PCD_MspInit
 .text.HAL_PCD_SetupStageCallback
                0x0800d5d8       0x24 ./USB_DEVICE/Target/usbd_conf.o
                0x0800d5d8                HAL_PCD_SetupStageCallback
 .text.HAL_PCD_DataOutStageCallback
                0x0800d5fc       0x36 ./USB_DEVICE/Target/usbd_conf.o
                0x0800d5fc                HAL_PCD_DataOutStageCallback
 .text.HAL_PCD_DataInStageCallback
                0x0800d632       0x34 ./USB_DEVICE/Target/usbd_conf.o
                0x0800d632                HAL_PCD_DataInStageCallback
 .text.HAL_PCD_SOFCallback
                0x0800d666       0x1c ./USB_DEVICE/Target/usbd_conf.o
                0x0800d666                HAL_PCD_SOFCallback
 .text.HAL_PCD_ResetCallback
                0x0800d682       0x50 ./USB_DEVICE/Target/usbd_conf.o
                0x0800d682                HAL_PCD_ResetCallback
 *fill*         0x0800d6d2        0x2 
 .text.HAL_PCD_SuspendCallback
                0x0800d6d4       0x4c ./USB_DEVICE/Target/usbd_conf.o
                0x0800d6d4                HAL_PCD_SuspendCallback
 .text.HAL_PCD_ResumeCallback
                0x0800d720       0x1c ./USB_DEVICE/Target/usbd_conf.o
                0x0800d720                HAL_PCD_ResumeCallback
 .text.HAL_PCD_ISOOUTIncompleteCallback
                0x0800d73c       0x24 ./USB_DEVICE/Target/usbd_conf.o
                0x0800d73c                HAL_PCD_ISOOUTIncompleteCallback
 .text.HAL_PCD_ISOINIncompleteCallback
                0x0800d760       0x24 ./USB_DEVICE/Target/usbd_conf.o
                0x0800d760                HAL_PCD_ISOINIncompleteCallback
 .text.HAL_PCD_ConnectCallback
                0x0800d784       0x1c ./USB_DEVICE/Target/usbd_conf.o
                0x0800d784                HAL_PCD_ConnectCallback
 .text.HAL_PCD_DisconnectCallback
                0x0800d7a0       0x1c ./USB_DEVICE/Target/usbd_conf.o
                0x0800d7a0                HAL_PCD_DisconnectCallback
 .text.USBD_LL_Init
                0x0800d7bc       0x98 ./USB_DEVICE/Target/usbd_conf.o
                0x0800d7bc                USBD_LL_Init
 .text.USBD_LL_Start
                0x0800d854       0x36 ./USB_DEVICE/Target/usbd_conf.o
                0x0800d854                USBD_LL_Start
 .text.USBD_LL_OpenEP
                0x0800d88a       0x4c ./USB_DEVICE/Target/usbd_conf.o
                0x0800d88a                USBD_LL_OpenEP
 .text.USBD_LL_CloseEP
                0x0800d8d6       0x3e ./USB_DEVICE/Target/usbd_conf.o
                0x0800d8d6                USBD_LL_CloseEP
 .text.USBD_LL_StallEP
                0x0800d914       0x3e ./USB_DEVICE/Target/usbd_conf.o
                0x0800d914                USBD_LL_StallEP
 .text.USBD_LL_ClearStallEP
                0x0800d952       0x3e ./USB_DEVICE/Target/usbd_conf.o
                0x0800d952                USBD_LL_ClearStallEP
 .text.USBD_LL_IsStallEP
                0x0800d990       0x58 ./USB_DEVICE/Target/usbd_conf.o
                0x0800d990                USBD_LL_IsStallEP
 .text.USBD_LL_SetUSBAddress
                0x0800d9e8       0x3e ./USB_DEVICE/Target/usbd_conf.o
                0x0800d9e8                USBD_LL_SetUSBAddress
 .text.USBD_LL_Transmit
                0x0800da26       0x42 ./USB_DEVICE/Target/usbd_conf.o
                0x0800da26                USBD_LL_Transmit
 .text.USBD_LL_PrepareReceive
                0x0800da68       0x42 ./USB_DEVICE/Target/usbd_conf.o
                0x0800da68                USBD_LL_PrepareReceive
 .text.USBD_LL_GetRxDataSize
                0x0800daaa       0x26 ./USB_DEVICE/Target/usbd_conf.o
                0x0800daaa                USBD_LL_GetRxDataSize
 .text.USBD_static_malloc
                0x0800dad0       0x1c ./USB_DEVICE/Target/usbd_conf.o
                0x0800dad0                USBD_static_malloc
 .text.USBD_static_free
                0x0800daec       0x14 ./USB_DEVICE/Target/usbd_conf.o
                0x0800daec                USBD_static_free
 .text.USBD_Get_USB_Status
                0x0800db00       0x58 ./USB_DEVICE/Target/usbd_conf.o
                0x0800db00                USBD_Get_USB_Status
 .text.std      0x0800db58       0x6c /opt/st/stm32cubeide_1.19.0/plugins/com.st.stm32cube.ide.mcu.externaltools.gnu-tools-for-stm32.13.3.rel1.linux64_1.0.0.202410170706/tools/bin/../lib/gcc/arm-none-eabi/13.3.1/../../../../arm-none-eabi/lib/thumb/v7e-m+fp/hard/libc_nano.a(libc_a-findfp.o)
 .text.stdio_exit_handler
                0x0800dbc4       0x18 /opt/st/stm32cubeide_1.19.0/plugins/com.st.stm32cube.ide.mcu.externaltools.gnu-tools-for-stm32.13.3.rel1.linux64_1.0.0.202410170706/tools/bin/../lib/gcc/arm-none-eabi/13.3.1/../../../../arm-none-eabi/lib/thumb/v7e-m+fp/hard/libc_nano.a(libc_a-findfp.o)
 .text.cleanup_stdio
                0x0800dbdc       0x40 /opt/st/stm32cubeide_1.19.0/plugins/com.st.stm32cube.ide.mcu.externaltools.gnu-tools-for-stm32.13.3.rel1.linux64_1.0.0.202410170706/tools/bin/../lib/gcc/arm-none-eabi/13.3.1/../../../../arm-none-eabi/lib/thumb/v7e-m+fp/hard/libc_nano.a(libc_a-findfp.o)
 .text.global_stdio_init.part.0
                0x0800dc1c       0x3c /opt/st/stm32cubeide_1.19.0/plugins/com.st.stm32cube.ide.mcu.externaltools.gnu-tools-for-stm32.13.3.rel1.linux64_1.0.0.202410170706/tools/bin/../lib/gcc/arm-none-eabi/13.3.1/../../../../arm-none-eabi/lib/thumb/v7e-m+fp/hard/libc_nano.a(libc_a-findfp.o)
 .text.__sfp_lock_acquire
                0x0800dc58        0xc /opt/st/stm32cubeide_1.19.0/plugins/com.st.stm32cube.ide.mcu.externaltools.gnu-tools-for-stm32.13.3.rel1.linux64_1.0.0.202410170706/tools/bin/../lib/gcc/arm-none-eabi/13.3.1/../../../../arm-none-eabi/lib/thumb/v7e-m+fp/hard/libc_nano.a(libc_a-findfp.o)
                0x0800dc58                __sfp_lock_acquire
 .text.__sfp_lock_release
                0x0800dc64        0xc /opt/st/stm32cubeide_1.19.0/plugins/com.st.stm32cube.ide.mcu.externaltools.gnu-tools-for-stm32.13.3.rel1.linux64_1.0.0.202410170706/tools/bin/../lib/gcc/arm-none-eabi/13.3.1/../../../../arm-none-eabi/lib/thumb/v7e-m+fp/hard/libc_nano.a(libc_a-findfp.o)
                0x0800dc64                __sfp_lock_release
 .text.__sinit  0x0800dc70       0x30 /opt/st/stm32cubeide_1.19.0/plugins/com.st.stm32cube.ide.mcu.externaltools.gnu-tools-for-stm32.13.3.rel1.linux64_1.0.0.202410170706/tools/bin/../lib/gcc/arm-none-eabi/13.3.1/../../../../arm-none-eabi/lib/thumb/v7e-m+fp/hard/libc_nano.a(libc_a-findfp.o)
                0x0800dc70                __sinit
 .text._fwalk_sglue
                0x0800dca0       0x3c /opt/st/stm32cubeide_1.19.0/plugins/com.st.stm32cube.ide.mcu.externaltools.gnu-tools-for-stm32.13.3.rel1.linux64_1.0.0.202410170706/tools/bin/../lib/gcc/arm-none-eabi/13.3.1/../../../../arm-none-eabi/lib/thumb/v7e-m+fp/hard/libc_nano.a(libc_a-fwalk.o)
                0x0800dca0                _fwalk_sglue
 .text.printf   0x0800dcdc       0x24 /opt/st/stm32cubeide_1.19.0/plugins/com.st.stm32cube.ide.mcu.externaltools.gnu-tools-for-stm32.13.3.rel1.linux64_1.0.0.202410170706/tools/bin/../lib/gcc/arm-none-eabi/13.3.1/../../../../arm-none-eabi/lib/thumb/v7e-m+fp/hard/libc_nano.a(libc_a-printf.o)
                0x0800dcdc                printf
                0x0800dcdc                iprintf
 .text.putchar  0x0800dd00       0x10 /opt/st/stm32cubeide_1.19.0/plugins/com.st.stm32cube.ide.mcu.externaltools.gnu-tools-for-stm32.13.3.rel1.linux64_1.0.0.202410170706/tools/bin/../lib/gcc/arm-none-eabi/13.3.1/../../../../arm-none-eabi/lib/thumb/v7e-m+fp/hard/libc_nano.a(libc_a-putchar.o)
                0x0800dd00                putchar
 .text._puts_r  0x0800dd10       0xaa /opt/st/stm32cubeide_1.19.0/plugins/com.st.stm32cube.ide.mcu.externaltools.gnu-tools-for-stm32.13.3.rel1.linux64_1.0.0.202410170706/tools/bin/../lib/gcc/arm-none-eabi/13.3.1/../../../../arm-none-eabi/lib/thumb/v7e-m+fp/hard/libc_nano.a(libc_a-puts.o)
                0x0800dd10                _puts_r
 *fill*         0x0800ddba        0x2 
 .text.puts     0x0800ddbc       0x10 /opt/st/stm32cubeide_1.19.0/plugins/com.st.stm32cube.ide.mcu.externaltools.gnu-tools-for-stm32.13.3.rel1.linux64_1.0.0.202410170706/tools/bin/../lib/gcc/arm-none-eabi/13.3.1/../../../../arm-none-eabi/lib/thumb/v7e-m+fp/hard/libc_nano.a(libc_a-puts.o)
                0x0800ddbc                puts
 .text.__sread  0x0800ddcc       0x22 /opt/st/stm32cubeide_1.19.0/plugins/com.st.stm32cube.ide.mcu.externaltools.gnu-tools-for-stm32.13.3.rel1.linux64_1.0.0.202410170706/tools/bin/../lib/gcc/arm-none-eabi/13.3.1/../../../../arm-none-eabi/lib/thumb/v7e-m+fp/hard/libc_nano.a(libc_a-stdio.o)
                0x0800ddcc                __sread
 .text.__swrite
                0x0800ddee       0x38 /opt/st/stm32cubeide_1.19.0/plugins/com.st.stm32cube.ide.mcu.externaltools.gnu-tools-for-stm32.13.3.rel1.linux64_1.0.0.202410170706/tools/bin/../lib/gcc/arm-none-eabi/13.3.1/../../../../arm-none-eabi/lib/thumb/v7e-m+fp/hard/libc_nano.a(libc_a-stdio.o)
                0x0800ddee                __swrite
 .text.__sseek  0x0800de26       0x24 /opt/st/stm32cubeide_1.19.0/plugins/com.st.stm32cube.ide.mcu.externaltools.gnu-tools-for-stm32.13.3.rel1.linux64_1.0.0.202410170706/tools/bin/../lib/gcc/arm-none-eabi/13.3.1/../../../../arm-none-eabi/lib/thumb/v7e-m+fp/hard/libc_nano.a(libc_a-stdio.o)
                0x0800de26                __sseek
 .text.__sclose
                0x0800de4a        0x8 /opt/st/stm32cubeide_1.19.0/plugins/com.st.stm32cube.ide.mcu.externaltools.gnu-tools-for-stm32.13.3.rel1.linux64_1.0.0.202410170706/tools/bin/../lib/gcc/arm-none-eabi/13.3.1/../../../../arm-none-eabi/lib/thumb/v7e-m+fp/hard/libc_nano.a(libc_a-stdio.o)
                0x0800de4a                __sclose
 .text.__swbuf_r
                0x0800de52       0x7c /opt/st/stm32cubeide_1.19.0/plugins/com.st.stm32cube.ide.mcu.externaltools.gnu-tools-for-stm32.13.3.rel1.linux64_1.0.0.202410170706/tools/bin/../lib/gcc/arm-none-eabi/13.3.1/../../../../arm-none-eabi/lib/thumb/v7e-m+fp/hard/libc_nano.a(libc_a-wbuf.o)
                0x0800de52                __swbuf_r
 *fill*         0x0800dece        0x2 
 .text.__swsetup_r
                0x0800ded0       0xac /opt/st/stm32cubeide_1.19.0/plugins/com.st.stm32cube.ide.mcu.externaltools.gnu-tools-for-stm32.13.3.rel1.linux64_1.0.0.202410170706/tools/bin/../lib/gcc/arm-none-eabi/13.3.1/../../../../arm-none-eabi/lib/thumb/v7e-m+fp/hard/libc_nano.a(libc_a-wsetup.o)
                0x0800ded0                __swsetup_r
 .text.memset   0x0800df7c       0x10 /opt/st/stm32cubeide_1.19.0/plugins/com.st.stm32cube.ide.mcu.externaltools.gnu-tools-for-stm32.13.3.rel1.linux64_1.0.0.202410170706/tools/bin/../lib/gcc/arm-none-eabi/13.3.1/../../../../arm-none-eabi/lib/thumb/v7e-m+fp/hard/libc_nano.a(libc_a-memset.o)
                0x0800df7c                memset
 .text._close_r
                0x0800df8c       0x20 /opt/st/stm32cubeide_1.19.0/plugins/com.st.stm32cube.ide.mcu.externaltools.gnu-tools-for-stm32.13.3.rel1.linux64_1.0.0.202410170706/tools/bin/../lib/gcc/arm-none-eabi/13.3.1/../../../../arm-none-eabi/lib/thumb/v7e-m+fp/hard/libc_nano.a(libc_a-closer.o)
                0x0800df8c                _close_r
 .text._reclaim_reent
                0x0800dfac       0xbc /opt/st/stm32cubeide_1.19.0/plugins/com.st.stm32cube.ide.mcu.externaltools.gnu-tools-for-stm32.13.3.rel1.linux64_1.0.0.202410170706/tools/bin/../lib/gcc/arm-none-eabi/13.3.1/../../../../arm-none-eabi/lib/thumb/v7e-m+fp/hard/libc_nano.a(libc_a-reent.o)
                0x0800dfac                _reclaim_reent
 .text._lseek_r
                0x0800e068       0x24 /opt/st/stm32cubeide_1.19.0/plugins/com.st.stm32cube.ide.mcu.externaltools.gnu-tools-for-stm32.13.3.rel1.linux64_1.0.0.202410170706/tools/bin/../lib/gcc/arm-none-eabi/13.3.1/../../../../arm-none-eabi/lib/thumb/v7e-m+fp/hard/libc_nano.a(libc_a-lseekr.o)
                0x0800e068                _lseek_r
 .text._read_r  0x0800e08c       0x24 /opt/st/stm32cubeide_1.19.0/plugins/com.st.stm32cube.ide.mcu.externaltools.gnu-tools-for-stm32.13.3.rel1.linux64_1.0.0.202410170706/tools/bin/../lib/gcc/arm-none-eabi/13.3.1/../../../../arm-none-eabi/lib/thumb/v7e-m+fp/hard/libc_nano.a(libc_a-readr.o)
                0x0800e08c                _read_r
 .text._write_r
                0x0800e0b0       0x24 /opt/st/stm32cubeide_1.19.0/plugins/com.st.stm32cube.ide.mcu.externaltools.gnu-tools-for-stm32.13.3.rel1.linux64_1.0.0.202410170706/tools/bin/../lib/gcc/arm-none-eabi/13.3.1/../../../../arm-none-eabi/lib/thumb/v7e-m+fp/hard/libc_nano.a(libc_a-writer.o)
                0x0800e0b0                _write_r
 .text.__errno  0x0800e0d4        0xc /opt/st/stm32cubeide_1.19.0/plugins/com.st.stm32cube.ide.mcu.externaltools.gnu-tools-for-stm32.13.3.rel1.linux64_1.0.0.202410170706/tools/bin/../lib/gcc/arm-none-eabi/13.3.1/../../../../arm-none-eabi/lib/thumb/v7e-m+fp/hard/libc_nano.a(libc_a-errno.o)
                0x0800e0d4                __errno
 .text.__libc_init_array
                0x0800e0e0       0x48 /opt/st/stm32cubeide_1.19.0/plugins/com.st.stm32cube.ide.mcu.externaltools.gnu-tools-for-stm32.13.3.rel1.linux64_1.0.0.202410170706/tools/bin/../lib/gcc/arm-none-eabi/13.3.1/../../../../arm-none-eabi/lib/thumb/v7e-m+fp/hard/libc_nano.a(libc_a-init.o)
                0x0800e0e0                __libc_init_array
 .text.__retarget_lock_init_recursive
                0x0800e128        0x2 /opt/st/stm32cubeide_1.19.0/plugins/com.st.stm32cube.ide.mcu.externaltools.gnu-tools-for-stm32.13.3.rel1.linux64_1.0.0.202410170706/tools/bin/../lib/gcc/arm-none-eabi/13.3.1/../../../../arm-none-eabi/lib/thumb/v7e-m+fp/hard/libc_nano.a(libc_a-lock.o)
                0x0800e128                __retarget_lock_init_recursive
 .text.__retarget_lock_acquire_recursive
                0x0800e12a        0x2 /opt/st/stm32cubeide_1.19.0/plugins/com.st.stm32cube.ide.mcu.externaltools.gnu-tools-for-stm32.13.3.rel1.linux64_1.0.0.202410170706/tools/bin/../lib/gcc/arm-none-eabi/13.3.1/../../../../arm-none-eabi/lib/thumb/v7e-m+fp/hard/libc_nano.a(libc_a-lock.o)
                0x0800e12a                __retarget_lock_acquire_recursive
 .text.__retarget_lock_release_recursive
                0x0800e12c        0x2 /opt/st/stm32cubeide_1.19.0/plugins/com.st.stm32cube.ide.mcu.externaltools.gnu-tools-for-stm32.13.3.rel1.linux64_1.0.0.202410170706/tools/bin/../lib/gcc/arm-none-eabi/13.3.1/../../../../arm-none-eabi/lib/thumb/v7e-m+fp/hard/libc_nano.a(libc_a-lock.o)
                0x0800e12c                __retarget_lock_release_recursive
 .text.memcpy   0x0800e12e       0x1c /opt/st/stm32cubeide_1.19.0/plugins/com.st.stm32cube.ide.mcu.externaltools.gnu-tools-for-stm32.13.3.rel1.linux64_1.0.0.202410170706/tools/bin/../lib/gcc/arm-none-eabi/13.3.1/../../../../arm-none-eabi/lib/thumb/v7e-m+fp/hard/libc_nano.a(libc_a-memcpy-stub.o)
                0x0800e12e                memcpy
 *fill*         0x0800e14a        0x2 
 .text._free_r  0x0800e14c       0x94 /opt/st/stm32cubeide_1.19.0/plugins/com.st.stm32cube.ide.mcu.externaltools.gnu-tools-for-stm32.13.3.rel1.linux64_1.0.0.202410170706/tools/bin/../lib/gcc/arm-none-eabi/13.3.1/../../../../arm-none-eabi/lib/thumb/v7e-m+fp/hard/libc_nano.a(libc_a-freer.o)
                0x0800e14c                _free_r
 .text.sbrk_aligned
                0x0800e1e0       0x44 /opt/st/stm32cubeide_1.19.0/plugins/com.st.stm32cube.ide.mcu.externaltools.gnu-tools-for-stm32.13.3.rel1.linux64_1.0.0.202410170706/tools/bin/../lib/gcc/arm-none-eabi/13.3.1/../../../../arm-none-eabi/lib/thumb/v7e-m+fp/hard/libc_nano.a(libc_a-mallocr.o)
 .text._malloc_r
                0x0800e224      0x100 /opt/st/stm32cubeide_1.19.0/plugins/com.st.stm32cube.ide.mcu.externaltools.gnu-tools-for-stm32.13.3.rel1.linux64_1.0.0.202410170706/tools/bin/../lib/gcc/arm-none-eabi/13.3.1/../../../../arm-none-eabi/lib/thumb/v7e-m+fp/hard/libc_nano.a(libc_a-mallocr.o)
                0x0800e224                _malloc_r
 .text.__malloc_lock
                0x0800e324        0xc /opt/st/stm32cubeide_1.19.0/plugins/com.st.stm32cube.ide.mcu.externaltools.gnu-tools-for-stm32.13.3.rel1.linux64_1.0.0.202410170706/tools/bin/../lib/gcc/arm-none-eabi/13.3.1/../../../../arm-none-eabi/lib/thumb/v7e-m+fp/hard/libc_nano.a(libc_a-mlock.o)
                0x0800e324                __malloc_lock
 .text.__malloc_unlock
                0x0800e330        0xc /opt/st/stm32cubeide_1.19.0/plugins/com.st.stm32cube.ide.mcu.externaltools.gnu-tools-for-stm32.13.3.rel1.linux64_1.0.0.202410170706/tools/bin/../lib/gcc/arm-none-eabi/13.3.1/../../../../arm-none-eabi/lib/thumb/v7e-m+fp/hard/libc_nano.a(libc_a-mlock.o)
                0x0800e330                __malloc_unlock
 .text.__sfputc_r
                0x0800e33c       0x2e /opt/st/stm32cubeide_1.19.0/plugins/com.st.stm32cube.ide.mcu.externaltools.gnu-tools-for-stm32.13.3.rel1.linux64_1.0.0.202410170706/tools/bin/../lib/gcc/arm-none-eabi/13.3.1/../../../../arm-none-eabi/lib/thumb/v7e-m+fp/hard/libc_nano.a(libc_a-nano-vfprintf.o)
 .text.__sfputs_r
                0x0800e36a       0x24 /opt/st/stm32cubeide_1.19.0/plugins/com.st.stm32cube.ide.mcu.externaltools.gnu-tools-for-stm32.13.3.rel1.linux64_1.0.0.202410170706/tools/bin/../lib/gcc/arm-none-eabi/13.3.1/../../../../arm-none-eabi/lib/thumb/v7e-m+fp/hard/libc_nano.a(libc_a-nano-vfprintf.o)
                0x0800e36a                __sfputs_r
 *fill*         0x0800e38e        0x2 
 .text._vfprintf_r
                0x0800e390      0x230 /opt/st/stm32cubeide_1.19.0/plugins/com.st.stm32cube.ide.mcu.externaltools.gnu-tools-for-stm32.13.3.rel1.linux64_1.0.0.202410170706/tools/bin/../lib/gcc/arm-none-eabi/13.3.1/../../../../arm-none-eabi/lib/thumb/v7e-m+fp/hard/libc_nano.a(libc_a-nano-vfprintf.o)
                0x0800e390                _vfiprintf_r
                0x0800e390                _vfprintf_r
 .text._printf_common
                0x0800e5c0       0xda /opt/st/stm32cubeide_1.19.0/plugins/com.st.stm32cube.ide.mcu.externaltools.gnu-tools-for-stm32.13.3.rel1.linux64_1.0.0.202410170706/tools/bin/../lib/gcc/arm-none-eabi/13.3.1/../../../../arm-none-eabi/lib/thumb/v7e-m+fp/hard/libc_nano.a(libc_a-nano-vfprintf_i.o)
                0x0800e5c0                _printf_common
 *fill*         0x0800e69a        0x2 
 .text._printf_i
                0x0800e69c      0x23c /opt/st/stm32cubeide_1.19.0/plugins/com.st.stm32cube.ide.mcu.externaltools.gnu-tools-for-stm32.13.3.rel1.linux64_1.0.0.202410170706/tools/bin/../lib/gcc/arm-none-eabi/13.3.1/../../../../arm-none-eabi/lib/thumb/v7e-m+fp/hard/libc_nano.a(libc_a-nano-vfprintf_i.o)
                0x0800e69c                _printf_i
 .text.__sflush_r
                0x0800e8d8      0x108 /opt/st/stm32cubeide_1.19.0/plugins/com.st.stm32cube.ide.mcu.externaltools.gnu-tools-for-stm32.13.3.rel1.linux64_1.0.0.202410170706/tools/bin/../lib/gcc/arm-none-eabi/13.3.1/../../../../arm-none-eabi/lib/thumb/v7e-m+fp/hard/libc_nano.a(libc_a-fflush.o)
                0x0800e8d8                __sflush_r
 .text._fflush_r
                0x0800e9e0       0x50 /opt/st/stm32cubeide_1.19.0/plugins/com.st.stm32cube.ide.mcu.externaltools.gnu-tools-for-stm32.13.3.rel1.linux64_1.0.0.202410170706/tools/bin/../lib/gcc/arm-none-eabi/13.3.1/../../../../arm-none-eabi/lib/thumb/v7e-m+fp/hard/libc_nano.a(libc_a-fflush.o)
                0x0800e9e0                _fflush_r
 .text.__swhatbuf_r
                0x0800ea30       0x4c /opt/st/stm32cubeide_1.19.0/plugins/com.st.stm32cube.ide.mcu.externaltools.gnu-tools-for-stm32.13.3.rel1.linux64_1.0.0.202410170706/tools/bin/../lib/gcc/arm-none-eabi/13.3.1/../../../../arm-none-eabi/lib/thumb/v7e-m+fp/hard/libc_nano.a(libc_a-makebuf.o)
                0x0800ea30                __swhatbuf_r
 .text.__smakebuf_r
                0x0800ea7c       0x78 /opt/st/stm32cubeide_1.19.0/plugins/com.st.stm32cube.ide.mcu.externaltools.gnu-tools-for-stm32.13.3.rel1.linux64_1.0.0.202410170706/tools/bin/../lib/gcc/arm-none-eabi/13.3.1/../../../../arm-none-eabi/lib/thumb/v7e-m+fp/hard/libc_nano.a(libc_a-makebuf.o)
                0x0800ea7c                __smakebuf_r
 .text._putc_r  0x0800eaf4       0x68 /opt/st/stm32cubeide_1.19.0/plugins/com.st.stm32cube.ide.mcu.externaltools.gnu-tools-for-stm32.13.3.rel1.linux64_1.0.0.202410170706/tools/bin/../lib/gcc/arm-none-eabi/13.3.1/../../../../arm-none-eabi/lib/thumb/v7e-m+fp/hard/libc_nano.a(libc_a-putc.o)
                0x0800eaf4                _putc_r
 .text._fstat_r
                0x0800eb5c       0x24 /opt/st/stm32cubeide_1.19.0/plugins/com.st.stm32cube.ide.mcu.externaltools.gnu-tools-for-stm32.13.3.rel1.linux64_1.0.0.202410170706/tools/bin/../lib/gcc/arm-none-eabi/13.3.1/../../../../arm-none-eabi/lib/thumb/v7e-m+fp/hard/libc_nano.a(libc_a-fstatr.o)
                0x0800eb5c                _fstat_r
 .text._isatty_r
                0x0800eb80       0x20 /opt/st/stm32cubeide_1.19.0/plugins/com.st.stm32cube.ide.mcu.externaltools.gnu-tools-for-stm32.13.3.rel1.linux64_1.0.0.202410170706/tools/bin/../lib/gcc/arm-none-eabi/13.3.1/../../../../arm-none-eabi/lib/thumb/v7e-m+fp/hard/libc_nano.a(libc_a-isattyr.o)
                0x0800eb80                _isatty_r
 .text._sbrk_r  0x0800eba0       0x20 /opt/st/stm32cubeide_1.19.0/plugins/com.st.stm32cube.ide.mcu.externaltools.gnu-tools-for-stm32.13.3.rel1.linux64_1.0.0.202410170706/tools/bin/../lib/gcc/arm-none-eabi/13.3.1/../../../../arm-none-eabi/lib/thumb/v7e-m+fp/hard/libc_nano.a(libc_a-sbrkr.o)
                0x0800eba0                _sbrk_r
 *(.glue_7)
 .glue_7        0x0800ebc0        0x0 linker stubs
 *(.glue_7t)
 .glue_7t       0x0800ebc0        0x0 linker stubs
 *(.eh_frame)
 .eh_frame      0x0800ebc0        0x0 /opt/st/stm32cubeide_1.19.0/plugins/com.st.stm32cube.ide.mcu.externaltools.gnu-tools-for-stm32.13.3.rel1.linux64_1.0.0.202410170706/tools/bin/../lib/gcc/arm-none-eabi/13.3.1/thumb/v7e-m+fp/hard/crtbegin.o
 *(.init)
 .init          0x0800ebc0        0x4 /opt/st/stm32cubeide_1.19.0/plugins/com.st.stm32cube.ide.mcu.externaltools.gnu-tools-for-stm32.13.3.rel1.linux64_1.0.0.202410170706/tools/bin/../lib/gcc/arm-none-eabi/13.3.1/thumb/v7e-m+fp/hard/crti.o
                0x0800ebc0                _init
 .init          0x0800ebc4        0x8 /opt/st/stm32cubeide_1.19.0/plugins/com.st.stm32cube.ide.mcu.externaltools.gnu-tools-for-stm32.13.3.rel1.linux64_1.0.0.202410170706/tools/bin/../lib/gcc/arm-none-eabi/13.3.1/thumb/v7e-m+fp/hard/crtn.o
 *(.fini)
 .fini          0x0800ebcc        0x4 /opt/st/stm32cubeide_1.19.0/plugins/com.st.stm32cube.ide.mcu.externaltools.gnu-tools-for-stm32.13.3.rel1.linux64_1.0.0.202410170706/tools/bin/../lib/gcc/arm-none-eabi/13.3.1/thumb/v7e-m+fp/hard/crti.o
                0x0800ebcc                _fini
 .fini          0x0800ebd0        0x8 /opt/st/stm32cubeide_1.19.0/plugins/com.st.stm32cube.ide.mcu.externaltools.gnu-tools-for-stm32.13.3.rel1.linux64_1.0.0.202410170706/tools/bin/../lib/gcc/arm-none-eabi/13.3.1/thumb/v7e-m+fp/hard/crtn.o
                0x0800ebd8                        . = ALIGN (0x4)
                0x0800ebd8                        _etext = .

.vfp11_veneer   0x0800ebd8        0x0
 .vfp11_veneer  0x0800ebd8        0x0 linker stubs

.v4_bx          0x0800ebd8        0x0
 .v4_bx         0x0800ebd8        0x0 linker stubs

.iplt           0x0800ebd8        0x0
 .iplt          0x0800ebd8        0x0 /opt/st/stm32cubeide_1.19.0/plugins/com.st.stm32cube.ide.mcu.externaltools.gnu-tools-for-stm32.13.3.rel1.linux64_1.0.0.202410170706/tools/bin/../lib/gcc/arm-none-eabi/13.3.1/thumb/v7e-m+fp/hard/crtbegin.o

.rodata         0x0800ebd8      0x194
                0x0800ebd8                        . = ALIGN (0x4)
 *(.rodata)
 .rodata        0x0800ebd8       0x79 ./Core/Src/main.o
 *fill*         0x0800ec51        0x3 
 .rodata        0x0800ec54       0x35 ./Middlewares/ST/STM32_USB_Device_Library/Core/Src/usbd_core.o
 *fill*         0x0800ec89        0x3 
 .rodata        0x0800ec8c        0x5 ./Middlewares/Third_Party/FreeRTOS/Source/tasks.o
 *fill*         0x0800ec91        0x3 
 .rodata        0x0800ec94        0xd ./Middlewares/Third_Party/FreeRTOS/Source/timers.o
 *fill*         0x0800eca1        0x3 
 .rodata        0x0800eca4       0x4e ./USB_DEVICE/App/usbd_desc.o
 *(.rodata*)
 *fill*         0x0800ecf2        0x2 
 .rodata.defaultTask_attributes
                0x0800ecf4       0x24 ./Core/Src/main.o
                0x0800ecf4                defaultTask_attributes
 .rodata.AHBPrescTable
                0x0800ed18       0x10 ./Core/Src/system_stm32f4xx.o
                0x0800ed18                AHBPrescTable
 .rodata.APBPrescTable
                0x0800ed28        0x8 ./Core/Src/system_stm32f4xx.o
                0x0800ed28                APBPrescTable
 .rodata.flagBitshiftOffset.0
                0x0800ed30        0x8 ./Drivers/STM32F4xx_HAL_Driver/Src/stm32f4xx_hal_dma.o
 .rodata._vfprintf_r.str1.1
                0x0800ed38       0x33 /opt/st/stm32cubeide_1.19.0/plugins/com.st.stm32cube.ide.mcu.externaltools.gnu-tools-for-stm32.13.3.rel1.linux64_1.0.0.202410170706/tools/bin/../lib/gcc/arm-none-eabi/13.3.1/../../../../arm-none-eabi/lib/thumb/v7e-m+fp/hard/libc_nano.a(libc_a-nano-vfprintf.o)
                                 0x11 (size before relaxing)
 .rodata._printf_i.str1.1
                0x0800ed6b       0x22 /opt/st/stm32cubeide_1.19.0/plugins/com.st.stm32cube.ide.mcu.externaltools.gnu-tools-for-stm32.13.3.rel1.linux64_1.0.0.202410170706/tools/bin/../lib/gcc/arm-none-eabi/13.3.1/../../../../arm-none-eabi/lib/thumb/v7e-m+fp/hard/libc_nano.a(libc_a-nano-vfprintf_i.o)
                0x0800ed90                        . = ALIGN (0x4)
 *fill*         0x0800ed6b        0x1 

.ARM.extab      0x0800ed6c        0x0
                0x0800ed6c                        . = ALIGN (0x4)
 *(.ARM.extab* .gnu.linkonce.armextab.*)
                0x0800ed6c                        . = ALIGN (0x4)

.ARM            0x0800ed6c        0x8
                0x0800ed6c                        . = ALIGN (0x4)
                0x0800ed6c                        __exidx_start = .
 *(.ARM.exidx*)
 .ARM.exidx     0x0800ed6c        0x8 /opt/st/stm32cubeide_1.19.0/plugins/com.st.stm32cube.ide.mcu.externaltools.gnu-tools-for-stm32.13.3.rel1.linux64_1.0.0.202410170706/tools/bin/../lib/gcc/arm-none-eabi/13.3.1/../../../../arm-none-eabi/lib/thumb/v7e-m+fp/hard/libc_nano.a(libc_a-memchr.o)
 .ARM.exidx     0x0800ed74        0x0 /opt/st/stm32cubeide_1.19.0/plugins/com.st.stm32cube.ide.mcu.externaltools.gnu-tools-for-stm32.13.3.rel1.linux64_1.0.0.202410170706/tools/bin/../lib/gcc/arm-none-eabi/13.3.1/thumb/v7e-m+fp/hard/libgcc.a(_udivmoddi4.o)
                                  0x8 (size before relaxing)
                0x0800ed74                        __exidx_end = .
                0x0800ed74                        . = ALIGN (0x4)

.preinit_array  0x0800ed74        0x0
                0x0800ed74                        . = ALIGN (0x4)
                0x0800ed74                        PROVIDE (__preinit_array_start = .)
 *(.preinit_array*)