../Middlewares/ST/STM32_USB_Host_Library/Class/MSC/Src/usbh_msc.c:511:27:USBH_MSC_SOFProcess	0	static
../Middlewares/ST/STM32_USB_Host_Library/Class/MSC/Src/usbh_msc.c:325:27:USBH_MSC_Process	16	static
../Middlewares/ST/STM32_USB_Host_Library/Class/MSC/Src/usbh_msc.c:269:27:USBH_MSC_ClassRequest	16	static
../Middlewares/ST/STM32_USB_Host_Library/Class/MSC/Src/usbh_msc.c:235:20:USBH_MSC_InterfaceDeInit	16	static
../Middlewares/ST/STM32_USB_Host_Library/Class/MSC/Src/usbh_msc.c:149:27:USBH_MSC_InterfaceInit	40	static
../Middlewares/ST/STM32_USB_Host_Library/Class/MSC/Src/usbh_msc.c:523:27:USBH_MSC_RdWrProcess	32	static
../Middlewares/ST/STM32_USB_Host_Library/Class/MSC/Src/usbh_msc.c:617:10:USBH_MSC_IsReady	0	static
../Middlewares/ST/STM32_USB_Host_Library/Class/MSC/Src/usbh_msc.c:637:9:USBH_MSC_GetMaxLUN	0	static
../Middlewares/ST/STM32_USB_Host_Library/Class/MSC/Src/usbh_msc.c:655:10:USBH_MSC_UnitIsReady	0	static
../Middlewares/ST/STM32_USB_Host_Library/Class/MSC/Src/usbh_msc.c:676:20:USBH_MSC_GetLUNInfo	8	static
../Middlewares/ST/STM32_USB_Host_Library/Class/MSC/Src/usbh_msc.c:700:20:USBH_MSC_Read	32	static
../Middlewares/ST/STM32_USB_Host_Library/Class/MSC/Src/usbh_msc.c:748:20:USBH_MSC_Write	32	static
