2025-11-25 13:19:58,181 [INFO] Activator:176 - 


2025-11-25 13:19:58,182 [INFO] Activator:177 - !SESSION log4j initialized
2025-11-25 13:19:59,530 [INFO] LogOutputStream:77 - [STDOUT_REDIRECT] 
2025-11-25 13:20:00,866 [INFO] ApplicationProperties:184 - Using Application install path: /opt/st/stm32cubeide_1.19.0/plugins/com.st.stm32cube.common.mx_6.15.0.202507011659
2025-11-25 13:20:00,878 [INFO] DbMcusXml:78 - Set database path to: /opt/st/stm32cubeide_1.19.0/plugins/com.st.stm32cube.common.mx_6.15.0.202507011659//db//mcu/
2025-11-25 13:20:00,878 [INFO] ApiDb:274 - Set plugin database path to: /opt/st/stm32cubeide_1.19.0/plugins/com.st.stm32cube.common.mx_6.15.0.202507011659//db//plugins/boardmanager/
2025-11-25 13:20:00,878 [WARN] ApiDb:259 - Overriding images path with different value:  => /opt/st/stm32cubeide_1.19.0/plugins/com.st.stm32cube.common.mx_6.15.0.202507011659//db//plugins/mcufinder/images/
2025-11-25 13:20:00,883 [INFO] ApiDb:250 - Set database path to: /home/student/.stmcufinder/plugins/mcufinder//mcu/
2025-11-25 13:20:00,884 [INFO] DbMcusAds:125 - Set database path to: /home/student/.stmcufinder/plugins/mcufinder//mcu/
2025-11-25 13:20:00,886 [INFO] CrossReferenceDbSqlite:203 - Set database path to: /home/student/.stmcufinder/plugins/mcufinder//mcu/cs/
2025-11-25 13:20:00,963 [INFO] RulesReader:64 - Compatibility file has been processed (317 Rules)
2025-11-25 13:20:01,001 [INFO] DbMcusXml:78 - Set database path to: /opt/st/stm32cubeide_1.19.0/plugins/com.st.stm32cube.common.mx_6.15.0.202507011659//db//mcu/
2025-11-25 13:20:01,002 [INFO] ApiDb:274 - Set plugin database path to: /opt/st/stm32cubeide_1.19.0/plugins/com.st.stm32cube.common.mx_6.15.0.202507011659//db//plugins/boardmanager/
2025-11-25 13:20:01,002 [INFO] ApiDb:261 - Set plugin images path to: /opt/st/stm32cubeide_1.19.0/plugins/com.st.stm32cube.common.mx_6.15.0.202507011659//db//plugins/mcufinder/images/
2025-11-25 13:20:01,002 [WARN] DbFile:41 - Overriding database path with different value: /home/student/.stmcufinder/plugins/mcufinder/ => /home/student/.stmcufinder/plugins/mcufinder
2025-11-25 13:20:01,002 [INFO] ApiDb:250 - Set database path to: /home/student/.stmcufinder/plugins/mcufinder//mcu/
2025-11-25 13:20:01,002 [WARN] DbFile:41 - Overriding database path with different value: /home/student/.stmcufinder/plugins/mcufinder/ => /home/student/.stmcufinder/plugins/mcufinder
2025-11-25 13:20:01,002 [INFO] DbMcusAds:125 - Set database path to: /home/student/.stmcufinder/plugins/mcufinder//mcu/
2025-11-25 13:20:01,002 [WARN] DbFile:41 - Overriding database path with different value: /home/student/.stmcufinder/plugins/mcufinder/ => /home/student/.stmcufinder/plugins/mcufinder
2025-11-25 13:20:01,002 [WARN] DbFile:41 - Overriding database path with different value: /home/student/.stmcufinder/plugins/mcufinder/ => /home/student/.stmcufinder/plugins/mcufinder
2025-11-25 13:20:01,002 [INFO] CrossReferenceDbSqlite:203 - Set database path to: /home/student/.stmcufinder/plugins/mcufinder//mcu/cs/
2025-11-25 13:20:01,045 [INFO] MainPanel:274 - HeapMemory: 268435456
2025-11-25 13:20:01,125 [INFO] DbMcusXml:78 - Set database path to: /opt/st/stm32cubeide_1.19.0/plugins/com.st.stm32cube.common.mx_6.15.0.202507011659//db//mcu/
2025-11-25 13:20:01,125 [INFO] ApiDb:274 - Set plugin database path to: /opt/st/stm32cubeide_1.19.0/plugins/com.st.stm32cube.common.mx_6.15.0.202507011659//db//plugins/boardmanager/
2025-11-25 13:20:01,125 [INFO] ApiDb:261 - Set plugin images path to: /opt/st/stm32cubeide_1.19.0/plugins/com.st.stm32cube.common.mx_6.15.0.202507011659//db//plugins/mcufinder/images/
2025-11-25 13:20:01,126 [WARN] DbFile:41 - Overriding database path with different value: /home/student/.stmcufinder/plugins/mcufinder/ => /home/student/.stmcufinder/plugins/mcufinder
2025-11-25 13:20:01,126 [INFO] ApiDb:250 - Set database path to: /home/student/.stmcufinder/plugins/mcufinder//mcu/
2025-11-25 13:20:01,126 [WARN] DbFile:41 - Overriding database path with different value: /home/student/.stmcufinder/plugins/mcufinder/ => /home/student/.stmcufinder/plugins/mcufinder
2025-11-25 13:20:01,126 [INFO] DbMcusAds:125 - Set database path to: /home/student/.stmcufinder/plugins/mcufinder//mcu/
2025-11-25 13:20:01,126 [WARN] DbFile:41 - Overriding database path with different value: /home/student/.stmcufinder/plugins/mcufinder/ => /home/student/.stmcufinder/plugins/mcufinder
2025-11-25 13:20:01,126 [WARN] DbFile:41 - Overriding database path with different value: /home/student/.stmcufinder/plugins/mcufinder/ => /home/student/.stmcufinder/plugins/mcufinder
2025-11-25 13:20:01,126 [INFO] CrossReferenceDbSqlite:203 - Set database path to: /home/student/.stmcufinder/plugins/mcufinder//mcu/cs/
2025-11-25 13:20:01,135 [INFO] ApplicationProperties:184 - Using Application install path: /opt/st/stm32cubeide_1.19.0/plugins/com.st.stm32cube.common.mx_6.15.0.202507011659
2025-11-25 13:20:01,136 [INFO] PluginManage:196 - Search for loadable plugins [exclusion list=, ]
2025-11-25 13:20:01,137 [INFO] PluginManage:310 - Check plugin analytics
2025-11-25 13:20:01,249 [INFO] AnalyticsPlugin:253 - Accepted Software Licenses: 
2025-11-25 13:20:01,249 [INFO] AnalyticsPlugin:255 - Accepted CMSIS Pack Licenses: 
2025-11-25 13:20:01,249 [INFO] AnalyticsPlugin:257 - Accepted Firmware Licenses: 
2025-11-25 13:20:01,251 [INFO] PluginManage:359 - Loaded plugin analytics (category:tool,tabindex:-1)
2025-11-25 13:20:01,251 [INFO] PluginManage:310 - Check plugin cadmodel
2025-11-25 13:20:01,254 [INFO] CADModel:105 - Init CAD model plugin
2025-11-25 13:20:01,255 [INFO] PluginManage:359 - Loaded plugin cadmodel (category:power,tabindex:5)
2025-11-25 13:20:01,255 [INFO] PluginManage:310 - Check plugin clock
2025-11-25 13:20:01,261 [INFO] PluginManage:359 - Loaded plugin clock (category:base,tabindex:2)
2025-11-25 13:20:01,261 [INFO] PluginManage:310 - Check plugin ddr
2025-11-25 13:20:01,263 [INFO] PluginManage:359 - Loaded plugin ddr (category:tool,tabindex:6)
2025-11-25 13:20:01,263 [INFO] PluginManage:310 - Check plugin filemanager
2025-11-25 13:20:01,363 [INFO] PluginManage:359 - Loaded plugin filemanager (category:base,tabindex:10)
2025-11-25 13:20:01,364 [INFO] PluginManage:310 - Check plugin ipmanager
2025-11-25 13:20:01,367 [INFO] PluginManage:359 - Loaded plugin ipmanager (category:base,tabindex:5)
2025-11-25 13:20:01,367 [INFO] PluginManage:310 - Check plugin lpbam
2025-11-25 13:20:01,373 [INFO] PluginManage:359 - Loaded plugin lpbam (category:base,tabindex:0)
2025-11-25 13:20:01,373 [INFO] PluginManage:310 - Check plugin memorymap
2025-11-25 13:20:01,382 [INFO] PluginManage:359 - Loaded plugin memorymap (category:base,tabindex:4)
2025-11-25 13:20:01,382 [INFO] PluginManage:310 - Check plugin pinoutandconfiguration
2025-11-25 13:20:01,407 [INFO] PluginManage:359 - Loaded plugin pinoutandconfiguration (category:base,tabindex:1)
2025-11-25 13:20:01,407 [INFO] PluginManage:310 - Check plugin pinoutconfig
2025-11-25 13:20:01,488 [WARN] SupportedApi:132 - Cannot load RTOS API schema: s4s-elt-must-match.1: The content of 'definitions' must match (annotation?, (simpleType | complexType)?, (unique | key | keyref)*)). A problem was found starting at: attribute.
2025-11-25 13:20:01,583 [INFO] PluginManage:359 - Loaded plugin pinoutconfig (category:base,tabindex:0)
2025-11-25 13:20:01,583 [INFO] PluginManage:310 - Check plugin power
2025-11-25 13:20:01,589 [INFO] PluginManage:359 - Loaded plugin power (category:power,tabindex:4)
2025-11-25 13:20:01,590 [INFO] PluginManage:310 - Check plugin projectmanager
2025-11-25 13:20:01,599 [INFO] PluginManage:359 - Loaded plugin projectmanager (category:projectmanager,tabindex:4)
2025-11-25 13:20:01,599 [INFO] PluginManage:310 - Check plugin rif
2025-11-25 13:20:01,605 [INFO] PluginManage:359 - Loaded plugin rif (category:base,tabindex:3)
2025-11-25 13:20:01,605 [INFO] PluginManage:310 - Check plugin thirdparty
2025-11-25 13:20:01,680 [INFO] PluginManage:359 - Loaded plugin thirdparty (category:base,tabindex:-1)
2025-11-25 13:20:01,680 [INFO] PluginManage:310 - Check plugin tools
2025-11-25 13:20:01,680 [WARN] IntegrityCheckThread:84 - waiting for thirdparty lock release [integrity check]
2025-11-25 13:20:01,680 [INFO] IntegrityCheckThread:86 - entering critical section [integrity check]
2025-11-25 13:20:01,681 [INFO] ThirdPartyUpdaterWithRetryManager:70 - Updater plugin not ready yet. [1/15]
2025-11-25 13:20:01,682 [INFO] PluginManage:359 - Loaded plugin tools (category:base,tabindex:7)
2025-11-25 13:20:01,682 [INFO] PluginManage:310 - Check plugin tutovideos
2025-11-25 13:20:01,802 [INFO] PluginManage:359 - Loaded plugin tutovideos (category:base,tabindex:-1)
2025-11-25 13:20:01,802 [INFO] PluginManage:310 - Check plugin updater
2025-11-25 13:20:01,816 [INFO] PluginManage:359 - Loaded plugin updater (category:base,tabindex:12)
2025-11-25 13:20:01,817 [INFO] PluginManage:310 - Check plugin userauth
2025-11-25 13:20:01,819 [INFO] UserAuth:118 - Init User Auth plugin
2025-11-25 13:20:01,820 [INFO] PluginManage:359 - Loaded plugin userauth (category:base,tabindex:14)
2025-11-25 13:20:01,820 [INFO] PluginManage:283 - PluginManage : Loaded plugins [18]
2025-11-25 13:20:01,927 [INFO] PinOutPanel:1589 - setPackage(No Configuration,No Configuration)
2025-11-25 13:20:01,968 [INFO] CADModel:165 - CPN selected for project level
2025-11-25 13:20:01,968 [INFO] CADModel:114 - Register for checkConnection events
2025-11-25 13:20:01,976 [INFO] IPUIPlugin:80 - create IPUIPlugin
2025-11-25 13:20:01,976 [INFO] PluginManager:220 - loadIPPluginJar : add resmgrutility
2025-11-25 13:20:01,979 [INFO] IPUIPlugin:80 - create IPUIPlugin
2025-11-25 13:20:01,979 [INFO] PluginManager:220 - loadIPPluginJar : add extmemmanager
2025-11-25 13:20:01,980 [INFO] IPUIPlugin:80 - create IPUIPlugin
2025-11-25 13:20:01,980 [INFO] PluginManager:220 - loadIPPluginJar : add hash
2025-11-25 13:20:01,981 [INFO] IPUIPlugin:80 - create IPUIPlugin
2025-11-25 13:20:01,981 [INFO] PluginManager:220 - loadIPPluginJar : add can
2025-11-25 13:20:01,984 [INFO] IPUIPlugin:80 - create IPUIPlugin
2025-11-25 13:20:01,984 [INFO] PluginManager:220 - loadIPPluginJar : add gic
2025-11-25 13:20:01,985 [INFO] IPUIPlugin:80 - create IPUIPlugin
2025-11-25 13:20:01,985 [INFO] PluginManager:220 - loadIPPluginJar : add pdm2pcm
2025-11-25 13:20:01,986 [INFO] IPUIPlugin:80 - create IPUIPlugin
2025-11-25 13:20:01,986 [INFO] PluginManager:220 - loadIPPluginJar : add genericplugin
2025-11-25 13:20:01,987 [INFO] IPUIPlugin:80 - create IPUIPlugin
2025-11-25 13:20:01,987 [INFO] PluginManager:220 - loadIPPluginJar : add i3c
2025-11-25 13:20:01,988 [INFO] IPUIPlugin:80 - create IPUIPlugin
2025-11-25 13:20:01,988 [INFO] PluginManager:220 - loadIPPluginJar : add comp
2025-11-25 13:20:01,991 [INFO] IPUIPlugin:80 - create IPUIPlugin
2025-11-25 13:20:01,991 [INFO] PluginManager:220 - loadIPPluginJar : add dma
2025-11-25 13:20:01,992 [INFO] IPUIPlugin:80 - create IPUIPlugin
2025-11-25 13:20:01,993 [INFO] PluginManager:220 - loadIPPluginJar : add opamp
2025-11-25 13:20:01,994 [INFO] IPUIPlugin:80 - create IPUIPlugin
2025-11-25 13:20:01,994 [INFO] PluginManager:220 - loadIPPluginJar : add lorawan
2025-11-25 13:20:01,995 [INFO] IPUIPlugin:80 - create IPUIPlugin
2025-11-25 13:20:01,995 [INFO] PluginManager:220 - loadIPPluginJar : add cryp
2025-11-25 13:20:01,996 [INFO] IPUIPlugin:80 - create IPUIPlugin
2025-11-25 13:20:01,996 [INFO] PluginManager:220 - loadIPPluginJar : add i2c
2025-11-25 13:20:01,997 [INFO] IPUIPlugin:80 - create IPUIPlugin
2025-11-25 13:20:01,997 [INFO] PluginManager:220 - loadIPPluginJar : add radio
2025-11-25 13:20:02,000 [INFO] IPUIPlugin:80 - create IPUIPlugin
2025-11-25 13:20:02,000 [INFO] PluginManager:220 - loadIPPluginJar : add gpio
2025-11-25 13:20:02,001 [INFO] IPUIPlugin:80 - create IPUIPlugin
2025-11-25 13:20:02,001 [INFO] PluginManager:220 - loadIPPluginJar : add ddr_ctrl_phy
2025-11-25 13:20:02,003 [INFO] IPUIPlugin:80 - create IPUIPlugin
2025-11-25 13:20:02,003 [INFO] PluginManager:220 - loadIPPluginJar : add usart
2025-11-25 13:20:02,004 [INFO] IPUIPlugin:80 - create IPUIPlugin
2025-11-25 13:20:02,004 [INFO] PluginManager:220 - loadIPPluginJar : add tracer_emb
2025-11-25 13:20:02,005 [INFO] IPUIPlugin:80 - create IPUIPlugin
2025-11-25 13:20:02,005 [INFO] PluginManager:220 - loadIPPluginJar : add i2s
2025-11-25 13:20:02,006 [INFO] IPUIPlugin:80 - create IPUIPlugin
2025-11-25 13:20:02,006 [INFO] PluginManager:220 - loadIPPluginJar : add gtzc
2025-11-25 13:20:02,009 [INFO] IPUIPlugin:80 - create IPUIPlugin
2025-11-25 13:20:02,010 [INFO] PluginManager:220 - loadIPPluginJar : add freertos
2025-11-25 13:20:02,012 [INFO] IPUIPlugin:80 - create IPUIPlugin
2025-11-25 13:20:02,012 [INFO] PluginManager:220 - loadIPPluginJar : add nvic
2025-11-25 13:20:02,012 [INFO] IPUIPlugin:80 - create IPUIPlugin
2025-11-25 13:20:02,013 [INFO] PluginManager:220 - loadIPPluginJar : add fatfs
2025-11-25 13:20:02,014 [INFO] IPUIPlugin:80 - create IPUIPlugin
2025-11-25 13:20:02,014 [INFO] PluginManager:220 - loadIPPluginJar : add aes
2025-11-25 13:20:02,015 [INFO] IPUIPlugin:80 - create IPUIPlugin
2025-11-25 13:20:02,015 [INFO] PluginManager:220 - loadIPPluginJar : add tsc
2025-11-25 13:20:02,016 [INFO] IPUIPlugin:80 - create IPUIPlugin
2025-11-25 13:20:02,016 [INFO] PluginManager:220 - loadIPPluginJar : add dfsdm
2025-11-25 13:20:02,017 [INFO] IPUIPlugin:80 - create IPUIPlugin
2025-11-25 13:20:02,017 [INFO] PluginManager:220 - loadIPPluginJar : add sai
2025-11-25 13:20:02,019 [INFO] IPUIPlugin:80 - create IPUIPlugin
2025-11-25 13:20:02,019 [INFO] PluginManager:220 - loadIPPluginJar : add usbx
2025-11-25 13:20:02,023 [INFO] IPUIPlugin:80 - create IPUIPlugin
2025-11-25 13:20:02,023 [INFO] PluginManager:220 - loadIPPluginJar : add stm32_wpan
2025-11-25 13:20:02,024 [INFO] IPUIPlugin:80 - create IPUIPlugin
2025-11-25 13:20:02,024 [INFO] PluginManager:220 - loadIPPluginJar : add quadspi
2025-11-25 13:20:02,025 [INFO] IPUIPlugin:80 - create IPUIPlugin
2025-11-25 13:20:02,025 [INFO] PluginManager:220 - loadIPPluginJar : add ucpd
2025-11-25 13:20:02,027 [INFO] IPUIPlugin:80 - create IPUIPlugin
2025-11-25 13:20:02,027 [INFO] PluginManager:220 - loadIPPluginJar : add fmc
2025-11-25 13:20:02,028 [INFO] IPUIPlugin:80 - create IPUIPlugin
2025-11-25 13:20:02,028 [INFO] PluginManager:220 - loadIPPluginJar : add spi
2025-11-25 13:20:02,029 [INFO] IPUIPlugin:80 - create IPUIPlugin
2025-11-25 13:20:02,029 [INFO] PluginManager:220 - loadIPPluginJar : add tim
2025-11-25 13:20:02,032 [INFO] IPUIPlugin:80 - create IPUIPlugin
2025-11-25 13:20:02,032 [INFO] PluginManager:220 - loadIPPluginJar : add mdma
2025-11-25 13:20:02,036 [INFO] IPUIPlugin:80 - create IPUIPlugin
2025-11-25 13:20:02,036 [INFO] PluginManager:220 - loadIPPluginJar : add adc
2025-11-25 13:20:02,037 [INFO] IPUIPlugin:80 - create IPUIPlugin
2025-11-25 13:20:02,037 [INFO] PluginManager:220 - loadIPPluginJar : add dma3
2025-11-25 13:20:02,041 [INFO] IPUIPlugin:80 - create IPUIPlugin
2025-11-25 13:20:02,042 [INFO] PluginManager:220 - loadIPPluginJar : add plateformsettings
2025-11-25 13:20:02,043 [INFO] IPUIPlugin:80 - create IPUIPlugin
2025-11-25 13:20:02,043 [INFO] PluginManager:220 - loadIPPluginJar : add openamp
2025-11-25 13:20:02,044 [INFO] IPUIPlugin:80 - create IPUIPlugin
2025-11-25 13:20:02,044 [INFO] PluginManager:220 - loadIPPluginJar : add ts
2025-11-25 13:20:02,046 [INFO] IPUIPlugin:80 - create IPUIPlugin
2025-11-25 13:20:02,046 [INFO] PluginManager:220 - loadIPPluginJar : add touchsensing
2025-11-25 13:20:02,047 [INFO] IPUIPlugin:80 - create IPUIPlugin
2025-11-25 13:20:02,047 [INFO] PluginManager:220 - loadIPPluginJar : add ltdc
2025-11-25 13:20:02,050 [INFO] IPUIPlugin:80 - create IPUIPlugin
2025-11-25 13:20:02,050 [INFO] PluginManager:220 - loadIPPluginJar : add linkedlist
2025-11-25 13:20:02,052 [INFO] IPUIPlugin:80 - create IPUIPlugin
2025-11-25 13:20:02,052 [INFO] PluginManager:220 - loadIPPluginJar : add ipddr
2025-11-25 13:20:02,053 [INFO] IPUIPlugin:80 - create IPUIPlugin
2025-11-25 13:20:02,053 [INFO] PluginManager:220 - loadIPPluginJar : add gfxmmu
2025-11-25 13:20:02,142 [FATAL] Updater:351 - Updater called before beeing initialized
2025-11-25 13:20:02,173 [INFO] RulesReader:64 - Compatibility file has been processed (317 Rules)
2025-11-25 13:20:02,183 [INFO] RulesReader:64 - Compatibility file has been processed (317 Rules)
2025-11-25 13:20:02,188 [INFO] CADModel:165 - CPN selected for project level
2025-11-25 13:20:02,188 [INFO] CADModel:114 - Register for checkConnection events
2025-11-25 13:20:02,188 [FATAL] Updater:351 - Updater called before beeing initialized
2025-11-25 13:20:02,188 [ERROR] CADModel:125 - Updater not yet initialized, retry later 
2025-11-25 13:20:02,260 [FATAL] Updater:351 - Updater called before beeing initialized
2025-11-25 13:20:02,261 [INFO] CADModel:165 - CPN selected for project level
2025-11-25 13:20:02,261 [INFO] CADModel:114 - Register for checkConnection events
2025-11-25 13:20:02,261 [FATAL] Updater:351 - Updater called before beeing initialized
2025-11-25 13:20:02,261 [ERROR] CADModel:125 - Updater not yet initialized, retry later 
2025-11-25 13:20:02,263 [FATAL] Updater:351 - Updater called before beeing initialized
2025-11-25 13:20:02,314 [FATAL] Updater:351 - Updater called before beeing initialized
2025-11-25 13:20:02,316 [INFO] DbMcusAds:53 - JSON generation date=Mon Nov 10 11:43:01 CET 2025 (1762771381096)
2025-11-25 13:20:02,317 [FATAL] Updater:351 - Updater called before beeing initialized
2025-11-25 13:20:02,340 [WARN] DetailPanel:346 - Failed to get advertising image, set to default
2025-11-25 13:20:02,395 [FATAL] Updater:351 - Updater called before beeing initialized
2025-11-25 13:20:02,396 [FATAL] Updater:351 - Updater called before beeing initialized
2025-11-25 13:20:02,396 [FATAL] Updater:351 - Updater called before beeing initialized
2025-11-25 13:20:02,396 [WARN] DetailPanel:346 - Failed to get advertising image, set to default
2025-11-25 13:20:02,397 [FATAL] Updater:351 - Updater called before beeing initialized
2025-11-25 13:20:02,417 [ERROR] Updater:1198 - MainUpdater not yet initialized. External WinMGr cannot be set.
2025-11-25 13:20:02,418 [INFO] Updater:1134 - Updater Version found : 6.15.0
2025-11-25 13:20:02,429 [INFO] ApplicationProperties:184 - Using Application install path: /opt/st/stm32cubeide_1.19.0/plugins/com.st.stm32cube.common.mx_6.15.0.202507011659
2025-11-25 13:20:02,652 [INFO] MainUpdater:2872 - connection check result : 10
2025-11-25 13:20:02,653 [INFO] MainUpdater:289 - Updater Check For Update Now.
2025-11-25 13:20:02,653 [INFO] MicroXplorer:498 - Change Database Version : DB.6.0.150
2025-11-25 13:20:02,657 [INFO] McuFinderGlobals:63 - Set McuFinder mode to 2 (CubeIDE integrated)
2025-11-25 13:20:02,657 [INFO] UserAuth:171 - activating auth plugin
2025-11-25 13:20:02,659 [INFO] UserAuth:487 - Internet connection configuration mode: 1
2025-11-25 13:20:02,672 [INFO] JxBrowserEngine:152 - Initiate JxBrowser Engine with user profile folder
2025-11-25 13:20:02,813 [INFO] CheckServerUpdateThread:120 - End of CheckServer Thread
2025-11-25 13:20:03,363 [INFO] WebApp:169 - Instantiating new browser for Auth
2025-11-25 13:20:03,982 [INFO] WebApp:463 - Apply proxy settings
2025-11-25 13:20:03,983 [INFO] WebApp:548 - Chromium requires no authentication
2025-11-25 13:20:03,989 [INFO] WebApp:491 - Direct internet connection detected
2025-11-25 13:20:04,002 [INFO] WebApp:900 - Register for checkConnection events
2025-11-25 13:20:04,002 [INFO] WebApp:463 - Apply proxy settings
2025-11-25 13:20:04,002 [INFO] WebApp:548 - Chromium requires no authentication
2025-11-25 13:20:04,002 [INFO] WebApp:491 - Direct internet connection detected
2025-11-25 13:20:04,101 [INFO] WebApp:225 - Starting web application
2025-11-25 13:20:04,101 [INFO] WebApp:593 - Web application path used /opt/st/stm32cubeide_1.19.0/plugins/com.st.stm32cube.common.mx_6.15.0.202507011659/db/plugins/mcufinder/reactClient1/index.html
2025-11-25 13:20:04,320 [INFO] WebApp:191 - Connection restablished
2025-11-25 13:20:04,804 [WARN] PackLoader:240 - Cannot read IP mode file for STMicroelectronics.FP-SNS-MOTENVWB1.1.4.0
2025-11-25 13:20:04,816 [WARN] PackLoader:240 - Cannot read IP mode file for STMicroelectronics.FP-ATR-ASTRA1.2.0.2
2025-11-25 13:20:04,818 [WARN] PackLoader:240 - Cannot read IP mode file for STMicroelectronics.FP-ATR-ASTRA1.2.0.1
2025-11-25 13:20:04,822 [WARN] PackLoader:240 - Cannot read IP mode file for STMicroelectronics.X-CUBE-SMBUS.2.1.0
2025-11-25 13:20:04,827 [WARN] PackLoader:240 - Cannot read IP mode file for STMicroelectronics.X-CUBE-WB05N.1.1.0
2025-11-25 13:20:04,830 [WARN] PackLoader:240 - Cannot read IP mode file for STMicroelectronics.X-CUBE-TOUCHGFX.4.23.0
2025-11-25 13:20:04,850 [WARN] PackLoader:240 - Cannot read IP mode file for STMicroelectronics.X-CUBE-AZRTOS-F7.1.1.0
2025-11-25 13:20:04,857 [WARN] PackLoader:240 - Cannot read IP mode file for STMicroelectronics.FP-SNS-MOTENV1.4.3.2
2025-11-25 13:20:04,899 [WARN] PackLoader:240 - Cannot read IP mode file for STMicroelectronics.X-CUBE-MEMS1.11.0.0
2025-11-25 13:20:05,023 [WARN] PackLoader:240 - Cannot read IP mode file for STMicroelectronics.FP-SNS-MOTENV1.5.1.0
2025-11-25 13:20:05,026 [WARN] PackLoader:240 - Cannot read IP mode file for STMicroelectronics.FP-SNS-FLIGHT1.5.0.2
2025-11-25 13:20:05,041 [WARN] PackLoader:240 - Cannot read IP mode file for STMicroelectronics.X-CUBE-AZRTOS-H7.3.4.0
2025-11-25 13:20:05,048 [WARN] PackLoader:240 - Cannot read IP mode file for STMicroelectronics.X-CUBE-DISPLAY.3.0.0
2025-11-25 13:20:05,053 [WARN] PackLoader:240 - Cannot read IP mode file for STMicroelectronics.X-CUBE-BLE1.7.0.0
2025-11-25 13:20:05,056 [WARN] PackLoader:240 - Cannot read IP mode file for STMicroelectronics.X-CUBE-NFC10.1.0.0
2025-11-25 13:20:05,064 [WARN] PackLoader:240 - Cannot read IP mode file for STMicroelectronics.X-CUBE-BLEMGR.4.0.0
2025-11-25 13:20:05,068 [WARN] PackLoader:240 - Cannot read IP mode file for STMicroelectronics.X-CUBE-ST60.1.1.0
2025-11-25 13:20:05,072 [WARN] PackLoader:240 - Cannot read IP mode file for emotas.I-CUBE-CANOPEN.1.3.0
2025-11-25 13:20:05,075 [WARN] PackLoader:240 - Cannot read IP mode file for STMicroelectronics.X-CUBE-GNSS1.7.1.0
2025-11-25 13:20:05,081 [WARN] PackLoader:240 - Cannot read IP mode file for STMicroelectronics.X-CUBE-BLEMGR.3.1.0
2025-11-25 13:20:05,087 [WARN] PackLoader:240 - Cannot read IP mode file for STMicroelectronics.FP-SNS-STBOX1.2.1.0
2025-11-25 13:20:05,091 [WARN] PackLoader:240 - Cannot read IP mode file for STMicroelectronics.FP-SNS-SMARTAG2.1.2.0
2025-11-25 13:20:05,093 [WARN] PackLoader:240 - Cannot read IP mode file for STMicroelectronics.FP-SNS-FLIGHT1.5.1.0
2025-11-25 13:20:05,136 [WARN] PackLoader:240 - Cannot read IP mode file for STMicroelectronics.X-CUBE-MEMS1.11.1.0
2025-11-25 13:20:05,245 [INFO] LogOutputStream:77 - [STDOUT_REDIRECT] 1 : Invalid condition id : UX_CORESTACK_Condition cause : null
2025-11-25 13:20:05,246 [INFO] LogOutputStream:77 - [STDOUT_REDIRECT] 1 : Invalid condition id : UX_CORESTACK_Condition cause : null
2025-11-25 13:20:05,246 [INFO] LogOutputStream:77 - [STDOUT_REDIRECT] 1 : Invalid condition id : UX_CORESTACK_Condition cause : null
2025-11-25 13:20:05,246 [INFO] LogOutputStream:77 - [STDOUT_REDIRECT] 1 : Invalid condition id : UX_CORESTACK_Condition cause : null
2025-11-25 13:20:05,246 [INFO] LogOutputStream:77 - [STDOUT_REDIRECT] 1 : Invalid condition id : UX_CORESTACK_Condition cause : null
2025-11-25 13:20:05,248 [WARN] PackLoader:240 - Cannot read IP mode file for STMicroelectronics.X-CUBE-AZRTOS-WL.2.0.0
2025-11-25 13:20:05,252 [WARN] PackLoader:240 - Cannot read IP mode file for STMicroelectronics.FP-SNS-MOTENV1.5.0.0
2025-11-25 13:20:05,266 [WARN] PackLoader:240 - Cannot read IP mode file for STMicroelectronics.X-CUBE-AZRTOS-H7RS.1.2.0
2025-11-25 13:20:05,270 [WARN] PackLoader:240 - Cannot read IP mode file for wolfSSL.I-CUBE-wolfMQTT.1.19.0
2025-11-25 13:20:05,275 [WARN] PackLoader:240 - Cannot read IP mode file for WES.I-CUBE-Cesium.1.3.0
2025-11-25 13:20:05,278 [WARN] PackLoader:240 - Cannot read IP mode file for STMicroelectronics.X-CUBE-BLE2.3.3.0
2025-11-25 13:20:05,292 [WARN] PackLoader:240 - Cannot read IP mode file for STMicroelectronics.X-CUBE-NFC9.1.0.0
2025-11-25 13:20:05,296 [WARN] PackLoader:240 - Cannot read IP mode file for STMicroelectronics.X-CUBE-BLE1.7.1.0
2025-11-25 13:20:05,299 [WARN] PackLoader:240 - Cannot read IP mode file for STMicroelectronics.X-CUBE-TCPP.4.1.0
2025-11-25 13:20:05,303 [WARN] PackLoader:240 - Cannot read IP mode file for STMicroelectronics.X-CUBE-FREERTOS.1.4.0
2025-11-25 13:20:05,306 [WARN] PackLoader:240 - Cannot read IP mode file for STMicroelectronics.X-CUBE-EEPRMA1.5.2.0
2025-11-25 13:20:05,311 [WARN] PackLoader:240 - Cannot read IP mode file for STMicroelectronics.X-CUBE-ST67W61.1.1.0
2025-11-25 13:20:05,343 [WARN] PackLoader:240 - Cannot read IP mode file for STMicroelectronics.X-CUBE-MEMS1.12.0.0
2025-11-25 13:20:05,397 [WARN] PackLoader:240 - Cannot read IP mode file for STMicroelectronics.X-CUBE-ALGOBUILD.1.3.0
2025-11-25 13:20:05,407 [WARN] PackLoader:240 - Cannot read IP mode file for STMicroelectronics.X-CUBE-AZRTOS-G0.1.1.0
2025-11-25 13:20:05,411 [WARN] PackLoader:240 - Cannot read IP mode file for STMicroelectronics.X-CUBE-SAFEA1.1.2.2
2025-11-25 13:20:05,414 [WARN] PackLoader:240 - Cannot read IP mode file for STMicroelectronics.X-CUBE-NFC4.3.0.0
2025-11-25 13:20:05,419 [WARN] PackLoader:240 - Cannot read IP mode file for EmbeddedOffice.I-CUBE-FS-RTOS.1.0.1
2025-11-25 13:20:05,422 [WARN] PackLoader:240 - Cannot read IP mode file for STMicroelectronics.X-CUBE-WB05N.2.0.0
2025-11-25 13:20:05,428 [WARN] PackLoader:240 - Cannot read IP mode file for STMicroelectronics.X-CUBE-BLEMGR.3.0.0
2025-11-25 13:20:05,432 [WARN] PackLoader:240 - Cannot read IP mode file for STMicroelectronics.X-CUBE-TCPP.4.2.0
2025-11-25 13:20:05,435 [WARN] PackLoader:240 - Cannot read IP mode file for RealThread.X-CUBE-RT-Thread_Nano.4.1.1
2025-11-25 13:20:05,437 [WARN] PackLoader:240 - Cannot read IP mode file for STMicroelectronics.FP-ATR-SIGFOX1.3.2.0
2025-11-25 13:20:05,439 [WARN] ConditionMgr:438 - getConditionDescription Invalid condition id : Cortex-A Device cause : null
2025-11-25 13:20:05,443 [WARN] ConditionMgr:1044 - genDependencies : Invalid condition id : Cortex-A Device cause : null
2025-11-25 13:20:05,443 [WARN] ConditionMgr:1044 - genDependencies : Invalid condition id : Cortex-A Device cause : null
2025-11-25 13:20:05,443 [WARN] ConditionMgr:1044 - genDependencies : Invalid condition id : Cortex-A Device cause : null
2025-11-25 13:20:05,446 [WARN] PackLoader:240 - Cannot read IP mode file for STMicroelectronics.X-CUBE-EEPRMA1.5.1.0
2025-11-25 13:20:05,449 [WARN] PackLoader:240 - Cannot read IP mode file for STMicroelectronics.X-CUBE-AI.10.2.0
2025-11-25 13:20:05,474 [WARN] PackLoader:240 - Cannot read IP mode file for SEGGER.I-CUBE-embOS.1.3.1
2025-11-25 13:20:05,496 [WARN] PackLoader:240 - Cannot read IP mode file for STMicroelectronics.X-CUBE-ALGOBUILD.1.4.0
2025-11-25 13:20:05,523 [WARN] PackLoader:240 - Cannot read IP mode file for STMicroelectronics.X-CUBE-MEMS1.11.3.0
2025-11-25 13:20:05,591 [WARN] PackLoader:240 - Cannot read IP mode file for STMicroelectronics.X-CUBE-AI.9.1.0
2025-11-25 13:20:05,595 [WARN] PackLoader:240 - Cannot read IP mode file for STMicroelectronics.X-CUBE-PM33A1.1.0.0
2025-11-25 13:20:05,601 [WARN] PackLoader:240 - Cannot read IP mode file for STMicroelectronics.X-CUBE-GNSS1.6.0.0
2025-11-25 13:20:05,613 [WARN] PackLoader:240 - Cannot read IP mode file for STMicroelectronics.X-CUBE-AZRTOS-F4.1.1.0
2025-11-25 13:20:05,616 [WARN] PackLoader:240 - Cannot read IP mode file for wolfSSL.I-CUBE-wolfSSL.5.6.4
2025-11-25 13:20:05,618 [WARN] PackLoader:240 - Cannot read IP mode file for STMicroelectronics.X-CUBE-ISPU.2.1.0
2025-11-25 13:20:05,626 [WARN] PackLoader:240 - Cannot read IP mode file for STMicroelectronics.X-CUBE-IPS.3.2.0
2025-11-25 13:20:05,632 [WARN] PackLoader:240 - Cannot read IP mode file for STMicroelectronics.X-CUBE-FREERTOS.1.2.0
2025-11-25 13:20:05,635 [WARN] PackLoader:240 - Cannot read IP mode file for STMicroelectronics.X-CUBE-NFC12.1.0.0
2025-11-25 13:20:05,658 [WARN] PackLoader:240 - Cannot read IP mode file for STMicroelectronics.X-CUBE-AZRTOS-L5.2.0.0
2025-11-25 13:20:05,663 [WARN] PackLoader:240 - Cannot read IP mode file for STMicroelectronics.X-CUBE-EEPRMA1.4.2.0
2025-11-25 13:20:05,666 [WARN] PackLoader:240 - Cannot read IP mode file for STMicroelectronics.X-CUBE-NFC6.3.1.0
2025-11-25 13:20:05,669 [WARN] PackLoader:240 - Cannot read IP mode file for ITTIA_DB.I-CUBE-ITTIADB.8.8.0
2025-11-25 13:20:05,672 [WARN] PackLoader:240 - Cannot read IP mode file for STMicroelectronics.X-CUBE-DPower.1.2.0
2025-11-25 13:20:05,675 [WARN] PackLoader:240 - Cannot read IP mode file for STMicroelectronics.X-CUBE-FREERTOS.1.3.1
2025-11-25 13:20:05,678 [WARN] PackLoader:240 - Cannot read IP mode file for STMicroelectronics.X-CUBE-FREERTOS.1.3.0
2025-11-25 13:20:05,681 [WARN] PackLoader:240 - Cannot read IP mode file for STMicroelectronics.X-CUBE-NFC7.1.0.1
2025-11-25 13:20:05,682 [WARN] PackLoader:240 - Cannot read IP mode file for STMicroelectronics.X-CUBE-TOUCHGFX.4.26.0
2025-11-25 13:20:05,686 [WARN] PackLoader:240 - Cannot read IP mode file for STMicroelectronics.X-CUBE-NFC6.3.0.0
2025-11-25 13:20:05,689 [WARN] PackLoader:240 - Cannot read IP mode file for STMicroelectronics.FP-SNS-STAIOTCFT.1.0.0
2025-11-25 13:20:05,692 [WARN] PackLoader:240 - Cannot read IP mode file for STMicroelectronics.X-CUBE-DPower.1.3.0
2025-11-25 13:20:05,693 [WARN] PackLoader:240 - Cannot read IP mode file for STMicroelectronics.X-CUBE-AI.8.1.0
2025-11-25 13:20:05,702 [WARN] ConditionMgr:438 - getConditionDescription Invalid condition id : LAN8742 Phy interface Condition cause : null
2025-11-25 13:20:05,703 [WARN] PackLoader:240 - Cannot read IP mode file for STMicroelectronics.X-CUBE-AZRTOS-L4.2.0.0
2025-11-25 13:20:05,703 [WARN] ConditionMgr:1044 - genDependencies : Invalid condition id : LAN8742 Phy interface Condition cause : null
2025-11-25 13:20:05,703 [WARN] ConditionMgr:1044 - genDependencies : Invalid condition id : LAN8742 Phy interface Condition cause : null
2025-11-25 13:20:05,704 [WARN] ConditionMgr:1044 - genDependencies : Invalid condition id : LAN8742 Phy interface Condition cause : null
2025-11-25 13:20:05,707 [WARN] PackLoader:240 - Cannot read IP mode file for STMicroelectronics.X-CUBE-SFXS2LP1.4.0.0
2025-11-25 13:20:05,718 [WARN] PackLoader:240 - Cannot read IP mode file for STMicroelectronics.X-CUBE-AZRTOS-H7.3.3.0
2025-11-25 13:20:05,724 [WARN] PackLoader:240 - Cannot read IP mode file for STMicroelectronics.X-CUBE-BLEMGR.4.1.0
2025-11-25 13:20:05,731 [WARN] PackLoader:240 - Cannot read IP mode file for STMicroelectronics.X-CUBE-IPS.3.0.0
2025-11-25 13:20:05,739 [WARN] ConditionMgr:438 - getConditionDescription Invalid condition id : UX DEVICE CLASS RTOS Condition cause : null
2025-11-25 13:20:05,739 [WARN] ConditionMgr:438 - getConditionDescription Invalid condition id : UX DEVICE CLASS RTOS Condition cause : null
2025-11-25 13:20:05,746 [WARN] PackLoader:240 - Cannot read IP mode file for STMicroelectronics.X-CUBE-AZRTOS-WB.2.0.0
2025-11-25 13:20:05,746 [WARN] ConditionMgr:1044 - genDependencies : Invalid condition id : UX DEVICE CLASS RTOS Condition cause : null
2025-11-25 13:20:05,746 [WARN] ConditionMgr:1044 - genDependencies : Invalid condition id : UX DEVICE CLASS RTOS Condition cause : null
2025-11-25 13:20:05,747 [WARN] ConditionMgr:1044 - genDependencies : Invalid condition id : UX DEVICE CLASS RTOS Condition cause : null
2025-11-25 13:20:05,747 [WARN] ConditionMgr:1044 - genDependencies : Invalid condition id : UX DEVICE CLASS RTOS Condition cause : null
2025-11-25 13:20:05,747 [WARN] ConditionMgr:1044 - genDependencies : Invalid condition id : UX DEVICE CLASS RTOS Condition cause : null
2025-11-25 13:20:05,749 [WARN] PackLoader:240 - Cannot read IP mode file for STMicroelectronics.X-CUBE-GNSS1.7.0.0
2025-11-25 13:20:05,752 [WARN] PackLoader:240 - Cannot read IP mode file for STMicroelectronics.X-CUBE-GNSS1.7.0.1
2025-11-25 13:20:05,755 [WARN] PackLoader:240 - Cannot read IP mode file for STMicroelectronics.FP-SNS-STBOX1.2.0.0
2025-11-25 13:20:05,762 [WARN] PackLoader:240 - Cannot read IP mode file for STMicroelectronics.X-CUBE-SUBG2.5.0.0
2025-11-25 13:20:05,772 [WARN] PackLoader:240 - Cannot read IP mode file for STMicroelectronics.X-CUBE-AZRTOS-H7RS.1.1.0
2025-11-25 13:20:05,776 [WARN] PackLoader:240 - Cannot read IP mode file for Cesanta.I-CUBE-Mongoose.7.13.0
2025-11-25 13:20:05,782 [WARN] PackLoader:240 - Cannot read IP mode file for STMicroelectronics.X-CUBE-AZRTOS-G4.2.0.0
2025-11-25 13:20:05,789 [WARN] PackLoader:240 - Cannot read IP mode file for Infineon.AIROC-Wi-Fi-Bluetooth-STM32.1.5.1
2025-11-25 13:20:05,793 [WARN] PackLoader:240 - Cannot read IP mode file for STMicroelectronics.X-CUBE-NFC7.2.0.0
2025-11-25 13:20:05,795 [WARN] PackLoader:240 - Cannot read IP mode file for STMicroelectronics.FP-SNS-MOTENVWB1.1.3.1
2025-11-25 13:20:05,796 [WARN] PackLoader:240 - Cannot read IP mode file for STMicroelectronics.X-CUBE-ISPU.2.0.0
2025-11-25 13:20:05,803 [WARN] PackLoader:240 - Cannot read IP mode file for STMicroelectronics.X-CUBE-IPS.3.1.0
2025-11-25 13:20:05,808 [WARN] PackLoader:240 - Cannot read IP mode file for STMicroelectronics.X-CUBE-ALS.1.0.2
2025-11-25 13:20:05,828 [WARN] PackLoader:240 - Cannot read IP mode file for STMicroelectronics.X-CUBE-MEMS1.10.0.0
2025-11-25 13:20:05,887 [WARN] PackLoader:240 - Cannot read IP mode file for STMicroelectronics.X-CUBE-FREERTOS.1.1.0
2025-11-25 13:20:05,889 [WARN] PackLoader:240 - Cannot read IP mode file for STMicroelectronics.X-CUBE-TOUCHGFX.4.24.2
2025-11-25 13:20:05,890 [WARN] PackLoader:240 - Cannot read IP mode file for STMicroelectronics.X-CUBE-TOUCHGFX.4.24.1
2025-11-25 13:20:05,894 [WARN] PackLoader:240 - Cannot read IP mode file for STMicroelectronics.X-CUBE-STSE01.1.0.0
2025-11-25 13:20:05,895 [WARN] PackLoader:240 - Cannot read IP mode file for wolfSSL.I-CUBE-wolfTPM.3.4.0
2025-11-25 13:20:05,897 [WARN] PackLoader:240 - Cannot read IP mode file for portGmbH.I-Cube-SoM-uGOAL.1.1.0
2025-11-25 13:20:05,899 [WARN] PackLoader:240 - Cannot read IP mode file for STMicroelectronics.X-CUBE-ALS.1.0.1
2025-11-25 13:20:05,908 [WARN] PackLoader:240 - Cannot read IP mode file for STMicroelectronics.X-CUBE-AZRTOS-H7RS.1.0.0
2025-11-25 13:20:05,911 [WARN] PackLoader:240 - Cannot read IP mode file for STMicroelectronics.FP-ATR-ASTRA1.2.0.0
2025-11-25 13:20:05,915 [WARN] PackLoader:240 - Cannot read IP mode file for STMicroelectronics.X-CUBE-TOF1.3.4.2
2025-11-25 13:20:05,924 [WARN] PackLoader:240 - Cannot read IP mode file for STMicroelectronics.X-CUBE-TOF1.3.4.3
2025-11-25 13:20:05,934 [WARN] PackLoader:240 - Cannot read IP mode file for STMicroelectronics.X-CUBE-TOF1.3.4.0
2025-11-25 13:20:05,948 [WARN] PackLoader:240 - Cannot read IP mode file for STMicroelectronics.X-CUBE-AZRTOS-H7.3.2.0
2025-11-25 13:20:05,950 [WARN] PackLoader:240 - Cannot read IP mode file for wolfSSL.I-CUBE-wolfSSH.1.4.17
2025-11-25 13:20:05,951 [INFO] ThirdParty:978 - Integrity check success = true
2025-11-25 13:20:05,951 [INFO] IntegrityCheckThread:100 - exiting critical section [integrity check]
2025-11-25 13:20:05,951 [INFO] IntegrityCheckThread:103 - End integrity checks thread
2025-11-25 13:21:23,165 [ERROR] LogOutputStream:75 - [STDERR_REDIRECT] 
