2026-01-21 11:36:59,406 [INFO] Activator:176 - 


2026-01-21 11:36:59,408 [INFO] Activator:177 - !SESSION log4j initialized
2026-01-21 11:37:02,781 [INFO] LogOutputStream:77 - [STDOUT_REDIRECT] 
2026-01-21 11:37:03,219 [INFO] ApplicationProperties:184 - Using Application install path: /opt/st/stm32cubeide_1.19.0/plugins/com.st.stm32cube.common.mx_6.15.0.202507011659
2026-01-21 11:37:03,232 [INFO] DbMcusXml:78 - Set database path to: /opt/st/stm32cubeide_1.19.0/plugins/com.st.stm32cube.common.mx_6.15.0.202507011659//db//mcu/
2026-01-21 11:37:03,232 [INFO] ApiDb:274 - Set plugin database path to: /opt/st/stm32cubeide_1.19.0/plugins/com.st.stm32cube.common.mx_6.15.0.202507011659//db//plugins/boardmanager/
2026-01-21 11:37:03,233 [WARN] ApiDb:259 - Overriding images path with different value:  => /opt/st/stm32cubeide_1.19.0/plugins/com.st.stm32cube.common.mx_6.15.0.202507011659//db//plugins/mcufinder/images/
2026-01-21 11:37:03,237 [INFO] ApiDb:250 - Set database path to: /home/student/.stmcufinder/plugins/mcufinder//mcu/
2026-01-21 11:37:03,238 [INFO] DbMcusAds:125 - Set database path to: /home/student/.stmcufinder/plugins/mcufinder//mcu/
2026-01-21 11:37:03,240 [INFO] CrossReferenceDbSqlite:203 - Set database path to: /home/student/.stmcufinder/plugins/mcufinder//mcu/cs/
2026-01-21 11:37:03,324 [INFO] RulesReader:64 - Compatibility file has been processed (317 Rules)
2026-01-21 11:37:03,370 [INFO] DbMcusXml:78 - Set database path to: /opt/st/stm32cubeide_1.19.0/plugins/com.st.stm32cube.common.mx_6.15.0.202507011659//db//mcu/
2026-01-21 11:37:03,370 [INFO] ApiDb:274 - Set plugin database path to: /opt/st/stm32cubeide_1.19.0/plugins/com.st.stm32cube.common.mx_6.15.0.202507011659//db//plugins/boardmanager/
2026-01-21 11:37:03,370 [INFO] ApiDb:261 - Set plugin images path to: /opt/st/stm32cubeide_1.19.0/plugins/com.st.stm32cube.common.mx_6.15.0.202507011659//db//plugins/mcufinder/images/
2026-01-21 11:37:03,370 [WARN] DbFile:41 - Overriding database path with different value: /home/student/.stmcufinder/plugins/mcufinder/ => /home/student/.stmcufinder/plugins/mcufinder
2026-01-21 11:37:03,370 [INFO] ApiDb:250 - Set database path to: /home/student/.stmcufinder/plugins/mcufinder//mcu/
2026-01-21 11:37:03,370 [WARN] DbFile:41 - Overriding database path with different value: /home/student/.stmcufinder/plugins/mcufinder/ => /home/student/.stmcufinder/plugins/mcufinder
2026-01-21 11:37:03,371 [INFO] DbMcusAds:125 - Set database path to: /home/student/.stmcufinder/plugins/mcufinder//mcu/
2026-01-21 11:37:03,371 [WARN] DbFile:41 - Overriding database path with different value: /home/student/.stmcufinder/plugins/mcufinder/ => /home/student/.stmcufinder/plugins/mcufinder
2026-01-21 11:37:03,371 [WARN] DbFile:41 - Overriding database path with different value: /home/student/.stmcufinder/plugins/mcufinder/ => /home/student/.stmcufinder/plugins/mcufinder
2026-01-21 11:37:03,371 [INFO] CrossReferenceDbSqlite:203 - Set database path to: /home/student/.stmcufinder/plugins/mcufinder//mcu/cs/
2026-01-21 11:37:03,417 [INFO] MainPanel:274 - HeapMemory: 268435456
2026-01-21 11:37:03,504 [INFO] DbMcusXml:78 - Set database path to: /opt/st/stm32cubeide_1.19.0/plugins/com.st.stm32cube.common.mx_6.15.0.202507011659//db//mcu/
2026-01-21 11:37:03,504 [INFO] ApiDb:274 - Set plugin database path to: /opt/st/stm32cubeide_1.19.0/plugins/com.st.stm32cube.common.mx_6.15.0.202507011659//db//plugins/boardmanager/
2026-01-21 11:37:03,505 [INFO] ApiDb:261 - Set plugin images path to: /opt/st/stm32cubeide_1.19.0/plugins/com.st.stm32cube.common.mx_6.15.0.202507011659//db//plugins/mcufinder/images/
2026-01-21 11:37:03,505 [WARN] DbFile:41 - Overriding database path with different value: /home/student/.stmcufinder/plugins/mcufinder/ => /home/student/.stmcufinder/plugins/mcufinder
2026-01-21 11:37:03,505 [INFO] ApiDb:250 - Set database path to: /home/student/.stmcufinder/plugins/mcufinder//mcu/
2026-01-21 11:37:03,505 [WARN] DbFile:41 - Overriding database path with different value: /home/student/.stmcufinder/plugins/mcufinder/ => /home/student/.stmcufinder/plugins/mcufinder
2026-01-21 11:37:03,505 [INFO] DbMcusAds:125 - Set database path to: /home/student/.stmcufinder/plugins/mcufinder//mcu/
2026-01-21 11:37:03,505 [WARN] DbFile:41 - Overriding database path with different value: /home/student/.stmcufinder/plugins/mcufinder/ => /home/student/.stmcufinder/plugins/mcufinder
2026-01-21 11:37:03,505 [WARN] DbFile:41 - Overriding database path with different value: /home/student/.stmcufinder/plugins/mcufinder/ => /home/student/.stmcufinder/plugins/mcufinder
2026-01-21 11:37:03,505 [INFO] CrossReferenceDbSqlite:203 - Set database path to: /home/student/.stmcufinder/plugins/mcufinder//mcu/cs/
2026-01-21 11:37:03,515 [INFO] ApplicationProperties:184 - Using Application install path: /opt/st/stm32cubeide_1.19.0/plugins/com.st.stm32cube.common.mx_6.15.0.202507011659
2026-01-21 11:37:03,517 [INFO] PluginManage:196 - Search for loadable plugins [exclusion list=, ]
2026-01-21 11:37:03,517 [INFO] PluginManage:310 - Check plugin analytics
2026-01-21 11:37:03,632 [INFO] AnalyticsPlugin:253 - Accepted Software Licenses: 
2026-01-21 11:37:03,632 [INFO] AnalyticsPlugin:255 - Accepted CMSIS Pack Licenses: 
2026-01-21 11:37:03,632 [INFO] AnalyticsPlugin:257 - Accepted Firmware Licenses: 
2026-01-21 11:37:03,634 [INFO] PluginManage:359 - Loaded plugin analytics (category:tool,tabindex:-1)
2026-01-21 11:37:03,634 [INFO] PluginManage:310 - Check plugin cadmodel
2026-01-21 11:37:03,637 [INFO] CADModel:105 - Init CAD model plugin
2026-01-21 11:37:03,637 [INFO] PluginManage:359 - Loaded plugin cadmodel (category:power,tabindex:5)
2026-01-21 11:37:03,637 [INFO] PluginManage:310 - Check plugin clock
2026-01-21 11:37:03,644 [INFO] PluginManage:359 - Loaded plugin clock (category:base,tabindex:2)
2026-01-21 11:37:03,644 [INFO] PluginManage:310 - Check plugin ddr
2026-01-21 11:37:03,646 [INFO] PluginManage:359 - Loaded plugin ddr (category:tool,tabindex:6)
2026-01-21 11:37:03,646 [INFO] PluginManage:310 - Check plugin filemanager
2026-01-21 11:37:03,762 [INFO] PluginManage:359 - Loaded plugin filemanager (category:base,tabindex:10)
2026-01-21 11:37:03,762 [INFO] PluginManage:310 - Check plugin ipmanager
2026-01-21 11:37:03,765 [INFO] PluginManage:359 - Loaded plugin ipmanager (category:base,tabindex:5)
2026-01-21 11:37:03,766 [INFO] PluginManage:310 - Check plugin lpbam
2026-01-21 11:37:03,772 [INFO] PluginManage:359 - Loaded plugin lpbam (category:base,tabindex:0)
2026-01-21 11:37:03,773 [INFO] PluginManage:310 - Check plugin memorymap
2026-01-21 11:37:03,781 [INFO] PluginManage:359 - Loaded plugin memorymap (category:base,tabindex:4)
2026-01-21 11:37:03,781 [INFO] PluginManage:310 - Check plugin pinoutandconfiguration
2026-01-21 11:37:03,787 [INFO] PluginManage:359 - Loaded plugin pinoutandconfiguration (category:base,tabindex:1)
2026-01-21 11:37:03,787 [INFO] PluginManage:310 - Check plugin pinoutconfig
2026-01-21 11:37:03,846 [WARN] SupportedApi:132 - Cannot load RTOS API schema: s4s-elt-must-match.1: The content of 'definitions' must match (annotation?, (simpleType | complexType)?, (unique | key | keyref)*)). A problem was found starting at: attribute.
2026-01-21 11:37:03,936 [INFO] PluginManage:359 - Loaded plugin pinoutconfig (category:base,tabindex:0)
2026-01-21 11:37:03,936 [INFO] PluginManage:310 - Check plugin power
2026-01-21 11:37:03,943 [INFO] PluginManage:359 - Loaded plugin power (category:power,tabindex:4)
2026-01-21 11:37:03,943 [INFO] PluginManage:310 - Check plugin projectmanager
2026-01-21 11:37:03,953 [INFO] PluginManage:359 - Loaded plugin projectmanager (category:projectmanager,tabindex:4)
2026-01-21 11:37:03,953 [INFO] PluginManage:310 - Check plugin rif
2026-01-21 11:37:03,960 [INFO] PluginManage:359 - Loaded plugin rif (category:base,tabindex:3)
2026-01-21 11:37:03,960 [INFO] PluginManage:310 - Check plugin thirdparty
2026-01-21 11:37:04,042 [INFO] PluginManage:359 - Loaded plugin thirdparty (category:base,tabindex:-1)
2026-01-21 11:37:04,042 [WARN] IntegrityCheckThread:84 - waiting for thirdparty lock release [integrity check]
2026-01-21 11:37:04,042 [INFO] PluginManage:310 - Check plugin tools
2026-01-21 11:37:04,042 [INFO] IntegrityCheckThread:86 - entering critical section [integrity check]
2026-01-21 11:37:04,043 [INFO] ThirdPartyUpdaterWithRetryManager:70 - Updater plugin not ready yet. [1/15]
2026-01-21 11:37:04,044 [INFO] PluginManage:359 - Loaded plugin tools (category:base,tabindex:7)
2026-01-21 11:37:04,044 [INFO] PluginManage:310 - Check plugin tutovideos
2026-01-21 11:37:04,177 [INFO] PluginManage:359 - Loaded plugin tutovideos (category:base,tabindex:-1)
2026-01-21 11:37:04,177 [INFO] PluginManage:310 - Check plugin updater
2026-01-21 11:37:04,192 [INFO] PluginManage:359 - Loaded plugin updater (category:base,tabindex:12)
2026-01-21 11:37:04,192 [INFO] PluginManage:310 - Check plugin userauth
2026-01-21 11:37:04,195 [INFO] UserAuth:118 - Init User Auth plugin
2026-01-21 11:37:04,195 [INFO] PluginManage:359 - Loaded plugin userauth (category:base,tabindex:14)
2026-01-21 11:37:04,196 [INFO] PluginManage:283 - PluginManage : Loaded plugins [18]
2026-01-21 11:37:04,306 [INFO] PinOutPanel:1589 - setPackage(No Configuration,No Configuration)
2026-01-21 11:37:04,349 [INFO] CADModel:165 - CPN selected for project level
2026-01-21 11:37:04,350 [INFO] CADModel:114 - Register for checkConnection events
2026-01-21 11:37:04,358 [INFO] IPUIPlugin:80 - create IPUIPlugin
2026-01-21 11:37:04,358 [INFO] PluginManager:220 - loadIPPluginJar : add resmgrutility
2026-01-21 11:37:04,361 [INFO] IPUIPlugin:80 - create IPUIPlugin
2026-01-21 11:37:04,361 [INFO] PluginManager:220 - loadIPPluginJar : add extmemmanager
2026-01-21 11:37:04,363 [INFO] IPUIPlugin:80 - create IPUIPlugin
2026-01-21 11:37:04,363 [INFO] PluginManager:220 - loadIPPluginJar : add hash
2026-01-21 11:37:04,364 [INFO] IPUIPlugin:80 - create IPUIPlugin
2026-01-21 11:37:04,364 [INFO] PluginManager:220 - loadIPPluginJar : add can
2026-01-21 11:37:04,368 [INFO] IPUIPlugin:80 - create IPUIPlugin
2026-01-21 11:37:04,368 [INFO] PluginManager:220 - loadIPPluginJar : add gic
2026-01-21 11:37:04,370 [INFO] IPUIPlugin:80 - create IPUIPlugin
2026-01-21 11:37:04,370 [INFO] PluginManager:220 - loadIPPluginJar : add pdm2pcm
2026-01-21 11:37:04,371 [INFO] IPUIPlugin:80 - create IPUIPlugin
2026-01-21 11:37:04,371 [INFO] PluginManager:220 - loadIPPluginJar : add genericplugin
2026-01-21 11:37:04,372 [INFO] IPUIPlugin:80 - create IPUIPlugin
2026-01-21 11:37:04,372 [INFO] PluginManager:220 - loadIPPluginJar : add i3c
2026-01-21 11:37:04,373 [INFO] IPUIPlugin:80 - create IPUIPlugin
2026-01-21 11:37:04,373 [INFO] PluginManager:220 - loadIPPluginJar : add comp
2026-01-21 11:37:04,377 [INFO] IPUIPlugin:80 - create IPUIPlugin
2026-01-21 11:37:04,377 [INFO] PluginManager:220 - loadIPPluginJar : add dma
2026-01-21 11:37:04,378 [INFO] IPUIPlugin:80 - create IPUIPlugin
2026-01-21 11:37:04,378 [INFO] PluginManager:220 - loadIPPluginJar : add opamp
2026-01-21 11:37:04,380 [INFO] IPUIPlugin:80 - create IPUIPlugin
2026-01-21 11:37:04,380 [INFO] PluginManager:220 - loadIPPluginJar : add lorawan
2026-01-21 11:37:04,382 [INFO] IPUIPlugin:80 - create IPUIPlugin
2026-01-21 11:37:04,382 [INFO] PluginManager:220 - loadIPPluginJar : add cryp
2026-01-21 11:37:04,383 [INFO] IPUIPlugin:80 - create IPUIPlugin
2026-01-21 11:37:04,383 [INFO] PluginManager:220 - loadIPPluginJar : add i2c
2026-01-21 11:37:04,384 [INFO] IPUIPlugin:80 - create IPUIPlugin
2026-01-21 11:37:04,385 [INFO] PluginManager:220 - loadIPPluginJar : add radio
2026-01-21 11:37:04,388 [INFO] IPUIPlugin:80 - create IPUIPlugin
2026-01-21 11:37:04,388 [INFO] PluginManager:220 - loadIPPluginJar : add gpio
2026-01-21 11:37:04,390 [INFO] IPUIPlugin:80 - create IPUIPlugin
2026-01-21 11:37:04,390 [INFO] PluginManager:220 - loadIPPluginJar : add ddr_ctrl_phy
2026-01-21 11:37:04,391 [INFO] IPUIPlugin:80 - create IPUIPlugin
2026-01-21 11:37:04,392 [INFO] PluginManager:220 - loadIPPluginJar : add usart
2026-01-21 11:37:04,393 [INFO] IPUIPlugin:80 - create IPUIPlugin
2026-01-21 11:37:04,393 [INFO] PluginManager:220 - loadIPPluginJar : add tracer_emb
2026-01-21 11:37:04,394 [INFO] IPUIPlugin:80 - create IPUIPlugin
2026-01-21 11:37:04,394 [INFO] PluginManager:220 - loadIPPluginJar : add i2s
2026-01-21 11:37:04,396 [INFO] IPUIPlugin:80 - create IPUIPlugin
2026-01-21 11:37:04,396 [INFO] PluginManager:220 - loadIPPluginJar : add gtzc
2026-01-21 11:37:04,400 [INFO] IPUIPlugin:80 - create IPUIPlugin
2026-01-21 11:37:04,400 [INFO] PluginManager:220 - loadIPPluginJar : add freertos
2026-01-21 11:37:04,403 [INFO] IPUIPlugin:80 - create IPUIPlugin
2026-01-21 11:37:04,403 [INFO] PluginManager:220 - loadIPPluginJar : add nvic
2026-01-21 11:37:04,404 [INFO] IPUIPlugin:80 - create IPUIPlugin
2026-01-21 11:37:04,404 [INFO] PluginManager:220 - loadIPPluginJar : add fatfs
2026-01-21 11:37:04,406 [INFO] IPUIPlugin:80 - create IPUIPlugin
2026-01-21 11:37:04,406 [INFO] PluginManager:220 - loadIPPluginJar : add aes
2026-01-21 11:37:04,407 [INFO] IPUIPlugin:80 - create IPUIPlugin
2026-01-21 11:37:04,407 [INFO] PluginManager:220 - loadIPPluginJar : add tsc
2026-01-21 11:37:04,408 [INFO] IPUIPlugin:80 - create IPUIPlugin
2026-01-21 11:37:04,408 [INFO] PluginManager:220 - loadIPPluginJar : add dfsdm
2026-01-21 11:37:04,410 [INFO] IPUIPlugin:80 - create IPUIPlugin
2026-01-21 11:37:04,410 [INFO] PluginManager:220 - loadIPPluginJar : add sai
2026-01-21 11:37:04,412 [INFO] IPUIPlugin:80 - create IPUIPlugin
2026-01-21 11:37:04,412 [INFO] PluginManager:220 - loadIPPluginJar : add usbx
2026-01-21 11:37:04,417 [INFO] IPUIPlugin:80 - create IPUIPlugin
2026-01-21 11:37:04,417 [INFO] PluginManager:220 - loadIPPluginJar : add stm32_wpan
2026-01-21 11:37:04,418 [INFO] IPUIPlugin:80 - create IPUIPlugin
2026-01-21 11:37:04,418 [INFO] PluginManager:220 - loadIPPluginJar : add quadspi
2026-01-21 11:37:04,419 [INFO] IPUIPlugin:80 - create IPUIPlugin
2026-01-21 11:37:04,419 [INFO] PluginManager:220 - loadIPPluginJar : add ucpd
2026-01-21 11:37:04,422 [INFO] IPUIPlugin:80 - create IPUIPlugin
2026-01-21 11:37:04,422 [INFO] PluginManager:220 - loadIPPluginJar : add fmc
2026-01-21 11:37:04,423 [INFO] IPUIPlugin:80 - create IPUIPlugin
2026-01-21 11:37:04,423 [INFO] PluginManager:220 - loadIPPluginJar : add spi
2026-01-21 11:37:04,424 [INFO] IPUIPlugin:80 - create IPUIPlugin
2026-01-21 11:37:04,424 [INFO] PluginManager:220 - loadIPPluginJar : add tim
2026-01-21 11:37:04,428 [INFO] IPUIPlugin:80 - create IPUIPlugin
2026-01-21 11:37:04,428 [INFO] PluginManager:220 - loadIPPluginJar : add mdma
2026-01-21 11:37:04,433 [INFO] IPUIPlugin:80 - create IPUIPlugin
2026-01-21 11:37:04,433 [INFO] PluginManager:220 - loadIPPluginJar : add adc
2026-01-21 11:37:04,435 [INFO] IPUIPlugin:80 - create IPUIPlugin
2026-01-21 11:37:04,435 [INFO] PluginManager:220 - loadIPPluginJar : add dma3
2026-01-21 11:37:04,439 [INFO] IPUIPlugin:80 - create IPUIPlugin
2026-01-21 11:37:04,441 [INFO] PluginManager:220 - loadIPPluginJar : add plateformsettings
2026-01-21 11:37:04,443 [INFO] IPUIPlugin:80 - create IPUIPlugin
2026-01-21 11:37:04,443 [INFO] PluginManager:220 - loadIPPluginJar : add openamp
2026-01-21 11:37:04,444 [INFO] IPUIPlugin:80 - create IPUIPlugin
2026-01-21 11:37:04,444 [INFO] PluginManager:220 - loadIPPluginJar : add ts
2026-01-21 11:37:04,447 [INFO] IPUIPlugin:80 - create IPUIPlugin
2026-01-21 11:37:04,447 [INFO] PluginManager:220 - loadIPPluginJar : add touchsensing
2026-01-21 11:37:04,448 [INFO] IPUIPlugin:80 - create IPUIPlugin
2026-01-21 11:37:04,448 [INFO] PluginManager:220 - loadIPPluginJar : add ltdc
2026-01-21 11:37:04,453 [INFO] IPUIPlugin:80 - create IPUIPlugin
2026-01-21 11:37:04,453 [INFO] PluginManager:220 - loadIPPluginJar : add linkedlist
2026-01-21 11:37:04,455 [INFO] IPUIPlugin:80 - create IPUIPlugin
2026-01-21 11:37:04,455 [INFO] PluginManager:220 - loadIPPluginJar : add ipddr
2026-01-21 11:37:04,457 [INFO] IPUIPlugin:80 - create IPUIPlugin
2026-01-21 11:37:04,457 [INFO] PluginManager:220 - loadIPPluginJar : add gfxmmu
2026-01-21 11:37:04,549 [FATAL] Updater:351 - Updater called before beeing initialized
2026-01-21 11:37:04,569 [INFO] RulesReader:64 - Compatibility file has been processed (317 Rules)
2026-01-21 11:37:04,577 [INFO] RulesReader:64 - Compatibility file has been processed (317 Rules)
2026-01-21 11:37:04,583 [INFO] CADModel:165 - CPN selected for project level
2026-01-21 11:37:04,583 [INFO] CADModel:114 - Register for checkConnection events
2026-01-21 11:37:04,583 [FATAL] Updater:351 - Updater called before beeing initialized
2026-01-21 11:37:04,583 [ERROR] CADModel:125 - Updater not yet initialized, retry later 
2026-01-21 11:37:04,668 [FATAL] Updater:351 - Updater called before beeing initialized
2026-01-21 11:37:04,669 [INFO] CADModel:165 - CPN selected for project level
2026-01-21 11:37:04,669 [INFO] CADModel:114 - Register for checkConnection events
2026-01-21 11:37:04,669 [FATAL] Updater:351 - Updater called before beeing initialized
2026-01-21 11:37:04,669 [ERROR] CADModel:125 - Updater not yet initialized, retry later 
2026-01-21 11:37:04,671 [FATAL] Updater:351 - Updater called before beeing initialized
2026-01-21 11:37:04,727 [FATAL] Updater:351 - Updater called before beeing initialized
2026-01-21 11:37:04,730 [INFO] DbMcusAds:53 - JSON generation date=Tue Dec 16 00:11:46 CET 2025 (1765840306612)
2026-01-21 11:37:04,731 [FATAL] Updater:351 - Updater called before beeing initialized
2026-01-21 11:37:04,756 [WARN] DetailPanel:346 - Failed to get advertising image, set to default
2026-01-21 11:37:04,814 [FATAL] Updater:351 - Updater called before beeing initialized
2026-01-21 11:37:04,816 [FATAL] Updater:351 - Updater called before beeing initialized
2026-01-21 11:37:04,816 [FATAL] Updater:351 - Updater called before beeing initialized
2026-01-21 11:37:04,816 [WARN] DetailPanel:346 - Failed to get advertising image, set to default
2026-01-21 11:37:04,817 [FATAL] Updater:351 - Updater called before beeing initialized
2026-01-21 11:37:04,854 [ERROR] Updater:1198 - MainUpdater not yet initialized. External WinMGr cannot be set.
2026-01-21 11:37:04,855 [INFO] Updater:1134 - Updater Version found : 6.15.0
2026-01-21 11:37:04,871 [INFO] ApplicationProperties:184 - Using Application install path: /opt/st/stm32cubeide_1.19.0/plugins/com.st.stm32cube.common.mx_6.15.0.202507011659
2026-01-21 11:37:05,113 [INFO] MainUpdater:2872 - connection check result : 10
2026-01-21 11:37:05,114 [INFO] MainUpdater:289 - Updater Check For Update Now.
2026-01-21 11:37:05,114 [INFO] MicroXplorer:498 - Change Database Version : DB.6.0.150
2026-01-21 11:37:05,117 [INFO] McuFinderGlobals:63 - Set McuFinder mode to 2 (CubeIDE integrated)
2026-01-21 11:37:05,117 [INFO] UserAuth:171 - activating auth plugin
2026-01-21 11:37:05,119 [INFO] UserAuth:487 - Internet connection configuration mode: 1
2026-01-21 11:37:05,134 [INFO] JxBrowserEngine:152 - Initiate JxBrowser Engine with user profile folder
2026-01-21 11:37:05,264 [INFO] CheckServerUpdateThread:120 - End of CheckServer Thread
2026-01-21 11:37:05,826 [INFO] WebApp:169 - Instantiating new browser for Auth
2026-01-21 11:37:06,391 [INFO] WebApp:463 - Apply proxy settings
2026-01-21 11:37:06,391 [INFO] WebApp:548 - Chromium requires no authentication
2026-01-21 11:37:06,397 [INFO] WebApp:491 - Direct internet connection detected
2026-01-21 11:37:06,411 [INFO] WebApp:900 - Register for checkConnection events
2026-01-21 11:37:06,411 [INFO] WebApp:463 - Apply proxy settings
2026-01-21 11:37:06,411 [INFO] WebApp:548 - Chromium requires no authentication
2026-01-21 11:37:06,411 [INFO] WebApp:491 - Direct internet connection detected
2026-01-21 11:37:06,514 [INFO] WebApp:225 - Starting web application
2026-01-21 11:37:06,514 [INFO] WebApp:593 - Web application path used /opt/st/stm32cubeide_1.19.0/plugins/com.st.stm32cube.common.mx_6.15.0.202507011659/db/plugins/mcufinder/reactClient1/index.html
2026-01-21 11:37:06,718 [INFO] WebApp:191 - Connection restablished
2026-01-21 11:37:07,154 [WARN] PackLoader:240 - Cannot read IP mode file for STMicroelectronics.FP-SNS-MOTENVWB1.1.4.0
2026-01-21 11:37:07,159 [WARN] PackLoader:240 - Cannot read IP mode file for STMicroelectronics.FP-ATR-ASTRA1.2.0.2
2026-01-21 11:37:07,162 [WARN] PackLoader:240 - Cannot read IP mode file for STMicroelectronics.FP-ATR-ASTRA1.2.0.1
2026-01-21 11:37:07,167 [WARN] PackLoader:240 - Cannot read IP mode file for STMicroelectronics.X-CUBE-SMBUS.2.1.0
2026-01-21 11:37:07,171 [WARN] PackLoader:240 - Cannot read IP mode file for STMicroelectronics.X-CUBE-WB05N.1.1.0
2026-01-21 11:37:07,174 [WARN] PackLoader:240 - Cannot read IP mode file for STMicroelectronics.X-CUBE-TOUCHGFX.4.23.0
2026-01-21 11:37:07,192 [WARN] PackLoader:240 - Cannot read IP mode file for STMicroelectronics.X-CUBE-AZRTOS-F7.1.1.0
2026-01-21 11:37:07,199 [WARN] PackLoader:240 - Cannot read IP mode file for STMicroelectronics.FP-SNS-MOTENV1.4.3.2
2026-01-21 11:37:07,239 [WARN] PackLoader:240 - Cannot read IP mode file for STMicroelectronics.X-CUBE-MEMS1.11.0.0
2026-01-21 11:37:07,359 [WARN] PackLoader:240 - Cannot read IP mode file for STMicroelectronics.FP-SNS-MOTENV1.5.1.0
2026-01-21 11:37:07,362 [WARN] PackLoader:240 - Cannot read IP mode file for STMicroelectronics.FP-SNS-FLIGHT1.5.0.2
2026-01-21 11:37:07,378 [WARN] PackLoader:240 - Cannot read IP mode file for STMicroelectronics.X-CUBE-AZRTOS-H7.3.4.0
2026-01-21 11:37:07,385 [WARN] PackLoader:240 - Cannot read IP mode file for STMicroelectronics.X-CUBE-DISPLAY.3.0.0
2026-01-21 11:37:07,390 [WARN] PackLoader:240 - Cannot read IP mode file for STMicroelectronics.X-CUBE-BLE1.7.0.0
2026-01-21 11:37:07,395 [WARN] PackLoader:240 - Cannot read IP mode file for STMicroelectronics.X-CUBE-NFC10.1.0.0
2026-01-21 11:37:07,401 [WARN] PackLoader:240 - Cannot read IP mode file for STMicroelectronics.X-CUBE-BLEMGR.4.0.0
2026-01-21 11:37:07,405 [WARN] PackLoader:240 - Cannot read IP mode file for STMicroelectronics.X-CUBE-ST60.1.1.0
2026-01-21 11:37:07,410 [WARN] PackLoader:240 - Cannot read IP mode file for emotas.I-CUBE-CANOPEN.1.3.0
2026-01-21 11:37:07,413 [WARN] PackLoader:240 - Cannot read IP mode file for STMicroelectronics.X-CUBE-GNSS1.7.1.0
2026-01-21 11:37:07,428 [WARN] PackLoader:240 - Cannot read IP mode file for STMicroelectronics.X-CUBE-BLEMGR.3.1.0
2026-01-21 11:37:07,433 [WARN] PackLoader:240 - Cannot read IP mode file for STMicroelectronics.FP-SNS-STBOX1.2.1.0
2026-01-21 11:37:07,437 [WARN] PackLoader:240 - Cannot read IP mode file for STMicroelectronics.FP-SNS-SMARTAG2.1.2.0
2026-01-21 11:37:07,439 [WARN] PackLoader:240 - Cannot read IP mode file for STMicroelectronics.FP-SNS-FLIGHT1.5.1.0
2026-01-21 11:37:07,470 [WARN] PackLoader:240 - Cannot read IP mode file for STMicroelectronics.X-CUBE-MEMS1.11.1.0
2026-01-21 11:37:07,597 [INFO] LogOutputStream:77 - [STDOUT_REDIRECT] 1 : Invalid condition id : UX_CORESTACK_Condition cause : null
2026-01-21 11:37:07,598 [INFO] LogOutputStream:77 - [STDOUT_REDIRECT] 1 : Invalid condition id : UX_CORESTACK_Condition cause : null
2026-01-21 11:37:07,598 [INFO] LogOutputStream:77 - [STDOUT_REDIRECT] 1 : Invalid condition id : UX_CORESTACK_Condition cause : null
2026-01-21 11:37:07,598 [INFO] LogOutputStream:77 - [STDOUT_REDIRECT] 1 : Invalid condition id : UX_CORESTACK_Condition cause : null
2026-01-21 11:37:07,598 [INFO] LogOutputStream:77 - [STDOUT_REDIRECT] 1 : Invalid condition id : UX_CORESTACK_Condition cause : null
2026-01-21 11:37:07,600 [WARN] PackLoader:240 - Cannot read IP mode file for STMicroelectronics.X-CUBE-AZRTOS-WL.2.0.0
2026-01-21 11:37:07,603 [WARN] PackLoader:240 - Cannot read IP mode file for STMicroelectronics.FP-SNS-MOTENV1.5.0.0
2026-01-21 11:37:07,617 [WARN] PackLoader:240 - Cannot read IP mode file for STMicroelectronics.X-CUBE-AZRTOS-H7RS.1.2.0
2026-01-21 11:37:07,620 [WARN] PackLoader:240 - Cannot read IP mode file for wolfSSL.I-CUBE-wolfMQTT.1.19.0
2026-01-21 11:37:07,653 [WARN] PackLoader:240 - Cannot read IP mode file for WES.I-CUBE-Cesium.1.3.0
2026-01-21 11:37:07,660 [WARN] PackLoader:240 - Cannot read IP mode file for STMicroelectronics.X-CUBE-BLE2.3.3.0
2026-01-21 11:37:07,694 [WARN] PackLoader:240 - Cannot read IP mode file for STMicroelectronics.X-CUBE-NFC9.1.0.0
2026-01-21 11:37:07,706 [WARN] PackLoader:240 - Cannot read IP mode file for STMicroelectronics.X-CUBE-BLE1.7.1.0
2026-01-21 11:37:07,712 [WARN] PackLoader:240 - Cannot read IP mode file for STMicroelectronics.X-CUBE-TCPP.4.1.0
2026-01-21 11:37:07,717 [WARN] PackLoader:240 - Cannot read IP mode file for STMicroelectronics.X-CUBE-FREERTOS.1.4.0
2026-01-21 11:37:07,723 [WARN] PackLoader:240 - Cannot read IP mode file for STMicroelectronics.X-CUBE-EEPRMA1.5.2.0
2026-01-21 11:37:07,729 [WARN] PackLoader:240 - Cannot read IP mode file for STMicroelectronics.X-CUBE-ST67W61.1.1.0
2026-01-21 11:37:07,767 [WARN] PackLoader:240 - Cannot read IP mode file for STMicroelectronics.X-CUBE-MEMS1.12.0.0
2026-01-21 11:37:07,836 [WARN] PackLoader:240 - Cannot read IP mode file for STMicroelectronics.X-CUBE-ALGOBUILD.1.3.0
2026-01-21 11:37:07,847 [WARN] PackLoader:240 - Cannot read IP mode file for STMicroelectronics.X-CUBE-AZRTOS-G0.1.1.0
2026-01-21 11:37:07,853 [WARN] PackLoader:240 - Cannot read IP mode file for STMicroelectronics.X-CUBE-SAFEA1.1.2.2
2026-01-21 11:37:07,856 [WARN] PackLoader:240 - Cannot read IP mode file for STMicroelectronics.X-CUBE-NFC4.3.0.0
2026-01-21 11:37:07,862 [WARN] PackLoader:240 - Cannot read IP mode file for EmbeddedOffice.I-CUBE-FS-RTOS.1.0.1
2026-01-21 11:37:07,865 [WARN] PackLoader:240 - Cannot read IP mode file for STMicroelectronics.X-CUBE-WB05N.2.0.0
2026-01-21 11:37:07,870 [WARN] PackLoader:240 - Cannot read IP mode file for STMicroelectronics.X-CUBE-BLEMGR.3.0.0
2026-01-21 11:37:07,874 [WARN] PackLoader:240 - Cannot read IP mode file for STMicroelectronics.X-CUBE-TCPP.4.2.0
2026-01-21 11:37:07,877 [WARN] PackLoader:240 - Cannot read IP mode file for RealThread.X-CUBE-RT-Thread_Nano.4.1.1
2026-01-21 11:37:07,879 [WARN] PackLoader:240 - Cannot read IP mode file for STMicroelectronics.FP-ATR-SIGFOX1.3.2.0
2026-01-21 11:37:07,881 [WARN] ConditionMgr:438 - getConditionDescription Invalid condition id : Cortex-A Device cause : null
2026-01-21 11:37:07,884 [WARN] ConditionMgr:1044 - genDependencies : Invalid condition id : Cortex-A Device cause : null
2026-01-21 11:37:07,885 [WARN] ConditionMgr:1044 - genDependencies : Invalid condition id : Cortex-A Device cause : null
2026-01-21 11:37:07,885 [WARN] ConditionMgr:1044 - genDependencies : Invalid condition id : Cortex-A Device cause : null
2026-01-21 11:37:07,887 [WARN] PackLoader:240 - Cannot read IP mode file for STMicroelectronics.X-CUBE-EEPRMA1.5.1.0
2026-01-21 11:37:07,890 [WARN] PackLoader:240 - Cannot read IP mode file for STMicroelectronics.X-CUBE-AI.10.2.0
2026-01-21 11:37:07,906 [WARN] PackLoader:240 - Cannot read IP mode file for SEGGER.I-CUBE-embOS.1.3.1
2026-01-21 11:37:07,930 [WARN] PackLoader:240 - Cannot read IP mode file for STMicroelectronics.X-CUBE-ALGOBUILD.1.4.0
2026-01-21 11:37:07,965 [WARN] PackLoader:240 - Cannot read IP mode file for STMicroelectronics.X-CUBE-MEMS1.11.3.0
2026-01-21 11:37:08,035 [WARN] PackLoader:240 - Cannot read IP mode file for STMicroelectronics.X-CUBE-AI.9.1.0
2026-01-21 11:37:08,036 [WARN] PackLoader:240 - Cannot read IP mode file for STMicroelectronics.X-CUBE-PM33A1.1.0.0
2026-01-21 11:37:08,039 [WARN] PackLoader:240 - Cannot read IP mode file for STMicroelectronics.X-CUBE-GNSS1.6.0.0
2026-01-21 11:37:08,048 [WARN] PackLoader:240 - Cannot read IP mode file for STMicroelectronics.X-CUBE-AZRTOS-F4.1.1.0
2026-01-21 11:37:08,051 [WARN] PackLoader:240 - Cannot read IP mode file for wolfSSL.I-CUBE-wolfSSL.5.6.4
2026-01-21 11:37:08,053 [WARN] PackLoader:240 - Cannot read IP mode file for STMicroelectronics.X-CUBE-ISPU.2.1.0
2026-01-21 11:37:08,060 [WARN] PackLoader:240 - Cannot read IP mode file for STMicroelectronics.X-CUBE-IPS.3.2.0
2026-01-21 11:37:08,065 [WARN] PackLoader:240 - Cannot read IP mode file for STMicroelectronics.X-CUBE-FREERTOS.1.2.0
2026-01-21 11:37:08,068 [WARN] PackLoader:240 - Cannot read IP mode file for STMicroelectronics.X-CUBE-NFC12.1.0.0
2026-01-21 11:37:08,077 [WARN] PackLoader:240 - Cannot read IP mode file for STMicroelectronics.X-CUBE-AZRTOS-L5.2.0.0
2026-01-21 11:37:08,081 [WARN] PackLoader:240 - Cannot read IP mode file for STMicroelectronics.X-CUBE-EEPRMA1.4.2.0
2026-01-21 11:37:08,085 [WARN] PackLoader:240 - Cannot read IP mode file for STMicroelectronics.X-CUBE-NFC6.3.1.0
2026-01-21 11:37:08,087 [WARN] PackLoader:240 - Cannot read IP mode file for ITTIA_DB.I-CUBE-ITTIADB.8.8.0
2026-01-21 11:37:08,090 [WARN] PackLoader:240 - Cannot read IP mode file for STMicroelectronics.X-CUBE-DPower.1.2.0
2026-01-21 11:37:08,092 [WARN] PackLoader:240 - Cannot read IP mode file for STMicroelectronics.X-CUBE-FREERTOS.1.3.1
2026-01-21 11:37:08,095 [WARN] PackLoader:240 - Cannot read IP mode file for STMicroelectronics.X-CUBE-FREERTOS.1.3.0
2026-01-21 11:37:08,097 [WARN] PackLoader:240 - Cannot read IP mode file for STMicroelectronics.X-CUBE-NFC7.1.0.1
2026-01-21 11:37:08,099 [WARN] PackLoader:240 - Cannot read IP mode file for STMicroelectronics.X-CUBE-TOUCHGFX.4.26.0
2026-01-21 11:37:08,101 [WARN] PackLoader:240 - Cannot read IP mode file for STMicroelectronics.X-CUBE-NFC6.3.0.0
2026-01-21 11:37:08,104 [WARN] PackLoader:240 - Cannot read IP mode file for STMicroelectronics.FP-SNS-STAIOTCFT.1.0.0
2026-01-21 11:37:08,107 [WARN] PackLoader:240 - Cannot read IP mode file for STMicroelectronics.X-CUBE-DPower.1.3.0
2026-01-21 11:37:08,109 [WARN] PackLoader:240 - Cannot read IP mode file for STMicroelectronics.X-CUBE-AI.8.1.0
2026-01-21 11:37:08,118 [WARN] ConditionMgr:438 - getConditionDescription Invalid condition id : LAN8742 Phy interface Condition cause : null
2026-01-21 11:37:08,119 [WARN] PackLoader:240 - Cannot read IP mode file for STMicroelectronics.X-CUBE-AZRTOS-L4.2.0.0
2026-01-21 11:37:08,119 [WARN] ConditionMgr:1044 - genDependencies : Invalid condition id : LAN8742 Phy interface Condition cause : null
2026-01-21 11:37:08,119 [WARN] ConditionMgr:1044 - genDependencies : Invalid condition id : LAN8742 Phy interface Condition cause : null
2026-01-21 11:37:08,120 [WARN] ConditionMgr:1044 - genDependencies : Invalid condition id : LAN8742 Phy interface Condition cause : null
2026-01-21 11:37:08,123 [WARN] PackLoader:240 - Cannot read IP mode file for STMicroelectronics.X-CUBE-SFXS2LP1.4.0.0
2026-01-21 11:37:08,128 [WARN] PackLoader:240 - Cannot read IP mode file for STMicroelectronics.X-CUBE-ST67W61.1.2.0
2026-01-21 11:37:08,144 [WARN] PackLoader:240 - Cannot read IP mode file for STMicroelectronics.X-CUBE-AZRTOS-H7.3.3.0
2026-01-21 11:37:08,153 [WARN] PackLoader:240 - Cannot read IP mode file for STMicroelectronics.X-CUBE-BLEMGR.4.1.0
2026-01-21 11:37:08,160 [WARN] PackLoader:240 - Cannot read IP mode file for STMicroelectronics.X-CUBE-IPS.3.0.0
2026-01-21 11:37:08,169 [WARN] ConditionMgr:438 - getConditionDescription Invalid condition id : UX DEVICE CLASS RTOS Condition cause : null
2026-01-21 11:37:08,169 [WARN] ConditionMgr:438 - getConditionDescription Invalid condition id : UX DEVICE CLASS RTOS Condition cause : null
2026-01-21 11:37:08,171 [WARN] PackLoader:240 - Cannot read IP mode file for STMicroelectronics.X-CUBE-AZRTOS-WB.2.0.0
2026-01-21 11:37:08,171 [WARN] ConditionMgr:1044 - genDependencies : Invalid condition id : UX DEVICE CLASS RTOS Condition cause : null
2026-01-21 11:37:08,171 [WARN] ConditionMgr:1044 - genDependencies : Invalid condition id : UX DEVICE CLASS RTOS Condition cause : null
2026-01-21 11:37:08,171 [WARN] ConditionMgr:1044 - genDependencies : Invalid condition id : UX DEVICE CLASS RTOS Condition cause : null
2026-01-21 11:37:08,172 [WARN] ConditionMgr:1044 - genDependencies : Invalid condition id : UX DEVICE CLASS RTOS Condition cause : null
2026-01-21 11:37:08,172 [WARN] ConditionMgr:1044 - genDependencies : Invalid condition id : UX DEVICE CLASS RTOS Condition cause : null
2026-01-21 11:37:08,174 [WARN] PackLoader:240 - Cannot read IP mode file for STMicroelectronics.X-CUBE-GNSS1.7.0.0
2026-01-21 11:37:08,178 [WARN] PackLoader:240 - Cannot read IP mode file for STMicroelectronics.X-CUBE-GNSS1.7.0.1
2026-01-21 11:37:08,181 [WARN] PackLoader:240 - Cannot read IP mode file for STMicroelectronics.FP-SNS-STBOX1.2.0.0
2026-01-21 11:37:08,187 [WARN] PackLoader:240 - Cannot read IP mode file for STMicroelectronics.X-CUBE-SUBG2.5.0.0
2026-01-21 11:37:08,206 [WARN] PackLoader:240 - Cannot read IP mode file for STMicroelectronics.X-CUBE-AZRTOS-H7RS.1.1.0
2026-01-21 11:37:08,210 [WARN] PackLoader:240 - Cannot read IP mode file for Cesanta.I-CUBE-Mongoose.7.13.0
2026-01-21 11:37:08,217 [WARN] PackLoader:240 - Cannot read IP mode file for STMicroelectronics.X-CUBE-AZRTOS-G4.2.0.0
2026-01-21 11:37:08,223 [WARN] PackLoader:240 - Cannot read IP mode file for Infineon.AIROC-Wi-Fi-Bluetooth-STM32.1.5.1
2026-01-21 11:37:08,227 [WARN] PackLoader:240 - Cannot read IP mode file for STMicroelectronics.X-CUBE-NFC7.2.0.0
2026-01-21 11:37:08,229 [WARN] PackLoader:240 - Cannot read IP mode file for STMicroelectronics.FP-SNS-MOTENVWB1.1.3.1
2026-01-21 11:37:08,231 [WARN] PackLoader:240 - Cannot read IP mode file for STMicroelectronics.X-CUBE-ISPU.2.0.0
2026-01-21 11:37:08,237 [WARN] PackLoader:240 - Cannot read IP mode file for STMicroelectronics.X-CUBE-IPS.3.1.0
2026-01-21 11:37:08,241 [WARN] PackLoader:240 - Cannot read IP mode file for STMicroelectronics.X-CUBE-ALS.1.0.2
2026-01-21 11:37:08,260 [WARN] PackLoader:240 - Cannot read IP mode file for STMicroelectronics.X-CUBE-MEMS1.10.0.0
2026-01-21 11:37:08,314 [WARN] PackLoader:240 - Cannot read IP mode file for STMicroelectronics.X-CUBE-FREERTOS.1.1.0
2026-01-21 11:37:08,315 [WARN] PackLoader:240 - Cannot read IP mode file for STMicroelectronics.X-CUBE-TOUCHGFX.4.24.2
2026-01-21 11:37:08,316 [WARN] PackLoader:240 - Cannot read IP mode file for STMicroelectronics.X-CUBE-TOUCHGFX.4.24.1
2026-01-21 11:37:08,324 [WARN] PackLoader:240 - Cannot read IP mode file for STMicroelectronics.X-CUBE-STSE01.1.0.0
2026-01-21 11:37:08,327 [WARN] PackLoader:240 - Cannot read IP mode file for wolfSSL.I-CUBE-wolfTPM.3.4.0
2026-01-21 11:37:08,329 [WARN] PackLoader:240 - Cannot read IP mode file for portGmbH.I-Cube-SoM-uGOAL.1.1.0
2026-01-21 11:37:08,331 [WARN] PackLoader:240 - Cannot read IP mode file for STMicroelectronics.X-CUBE-ALS.1.0.1
2026-01-21 11:37:08,339 [WARN] PackLoader:240 - Cannot read IP mode file for STMicroelectronics.X-CUBE-AZRTOS-H7RS.1.0.0
2026-01-21 11:37:08,342 [WARN] PackLoader:240 - Cannot read IP mode file for STMicroelectronics.FP-ATR-ASTRA1.2.0.0
2026-01-21 11:37:08,348 [WARN] PackLoader:240 - Cannot read IP mode file for STMicroelectronics.X-CUBE-TOF1.3.4.2
2026-01-21 11:37:08,357 [WARN] PackLoader:240 - Cannot read IP mode file for STMicroelectronics.X-CUBE-TOF1.3.4.3
2026-01-21 11:37:08,367 [WARN] PackLoader:240 - Cannot read IP mode file for STMicroelectronics.X-CUBE-TOF1.3.4.0
2026-01-21 11:37:08,381 [WARN] PackLoader:240 - Cannot read IP mode file for STMicroelectronics.X-CUBE-AZRTOS-H7.3.2.0
2026-01-21 11:37:08,384 [WARN] PackLoader:240 - Cannot read IP mode file for wolfSSL.I-CUBE-wolfSSH.1.4.17
2026-01-21 11:37:08,385 [INFO] ThirdParty:978 - Integrity check success = true
2026-01-21 11:37:08,385 [INFO] IntegrityCheckThread:100 - exiting critical section [integrity check]
2026-01-21 11:37:08,385 [INFO] IntegrityCheckThread:103 - End integrity checks thread
2026-01-21 12:59:03,324 [ERROR] LogOutputStream:75 - [STDERR_REDIRECT] 
2026-01-21 13:21:03,238 [INFO] Activator:176 - 


2026-01-21 13:21:03,239 [INFO] Activator:177 - !SESSION log4j initialized
2026-01-21 13:21:06,506 [INFO] LogOutputStream:77 - [STDOUT_REDIRECT] 
2026-01-21 13:21:06,976 [INFO] ApplicationProperties:184 - Using Application install path: /opt/st/stm32cubeide_1.19.0/plugins/com.st.stm32cube.common.mx_6.15.0.202507011659
2026-01-21 13:21:06,988 [INFO] DbMcusXml:78 - Set database path to: /opt/st/stm32cubeide_1.19.0/plugins/com.st.stm32cube.common.mx_6.15.0.202507011659//db//mcu/
2026-01-21 13:21:06,988 [INFO] ApiDb:274 - Set plugin database path to: /opt/st/stm32cubeide_1.19.0/plugins/com.st.stm32cube.common.mx_6.15.0.202507011659//db//plugins/boardmanager/
2026-01-21 13:21:06,988 [WARN] ApiDb:259 - Overriding images path with different value:  => /opt/st/stm32cubeide_1.19.0/plugins/com.st.stm32cube.common.mx_6.15.0.202507011659//db//plugins/mcufinder/images/
2026-01-21 13:21:06,992 [INFO] ApiDb:250 - Set database path to: /home/student/.stmcufinder/plugins/mcufinder//mcu/
2026-01-21 13:21:06,993 [INFO] DbMcusAds:125 - Set database path to: /home/student/.stmcufinder/plugins/mcufinder//mcu/
2026-01-21 13:21:06,995 [INFO] CrossReferenceDbSqlite:203 - Set database path to: /home/student/.stmcufinder/plugins/mcufinder//mcu/cs/
2026-01-21 13:21:07,076 [INFO] RulesReader:64 - Compatibility file has been processed (317 Rules)
2026-01-21 13:21:07,147 [INFO] DbMcusXml:78 - Set database path to: /opt/st/stm32cubeide_1.19.0/plugins/com.st.stm32cube.common.mx_6.15.0.202507011659//db//mcu/
2026-01-21 13:21:07,147 [INFO] ApiDb:274 - Set plugin database path to: /opt/st/stm32cubeide_1.19.0/plugins/com.st.stm32cube.common.mx_6.15.0.202507011659//db//plugins/boardmanager/
2026-01-21 13:21:07,147 [INFO] ApiDb:261 - Set plugin images path to: /opt/st/stm32cubeide_1.19.0/plugins/com.st.stm32cube.common.mx_6.15.0.202507011659//db//plugins/mcufinder/images/
2026-01-21 13:21:07,147 [WARN] DbFile:41 - Overriding database path with different value: /home/student/.stmcufinder/plugins/mcufinder/ => /home/student/.stmcufinder/plugins/mcufinder
2026-01-21 13:21:07,147 [INFO] ApiDb:250 - Set database path to: /home/student/.stmcufinder/plugins/mcufinder//mcu/
2026-01-21 13:21:07,147 [WARN] DbFile:41 - Overriding database path with different value: /home/student/.stmcufinder/plugins/mcufinder/ => /home/student/.stmcufinder/plugins/mcufinder
2026-01-21 13:21:07,147 [INFO] DbMcusAds:125 - Set database path to: /home/student/.stmcufinder/plugins/mcufinder//mcu/
2026-01-21 13:21:07,147 [WARN] DbFile:41 - Overriding database path with different value: /home/student/.stmcufinder/plugins/mcufinder/ => /home/student/.stmcufinder/plugins/mcufinder
2026-01-21 13:21:07,147 [WARN] DbFile:41 - Overriding database path with different value: /home/student/.stmcufinder/plugins/mcufinder/ => /home/student/.stmcufinder/plugins/mcufinder
2026-01-21 13:21:07,148 [INFO] CrossReferenceDbSqlite:203 - Set database path to: /home/student/.stmcufinder/plugins/mcufinder//mcu/cs/
2026-01-21 13:21:07,195 [INFO] MainPanel:274 - HeapMemory: 268435456
2026-01-21 13:21:07,291 [INFO] DbMcusXml:78 - Set database path to: /opt/st/stm32cubeide_1.19.0/plugins/com.st.stm32cube.common.mx_6.15.0.202507011659//db//mcu/
2026-01-21 13:21:07,291 [INFO] ApiDb:274 - Set plugin database path to: /opt/st/stm32cubeide_1.19.0/plugins/com.st.stm32cube.common.mx_6.15.0.202507011659//db//plugins/boardmanager/
2026-01-21 13:21:07,291 [INFO] ApiDb:261 - Set plugin images path to: /opt/st/stm32cubeide_1.19.0/plugins/com.st.stm32cube.common.mx_6.15.0.202507011659//db//plugins/mcufinder/images/
2026-01-21 13:21:07,291 [WARN] DbFile:41 - Overriding database path with different value: /home/student/.stmcufinder/plugins/mcufinder/ => /home/student/.stmcufinder/plugins/mcufinder
2026-01-21 13:21:07,291 [INFO] ApiDb:250 - Set database path to: /home/student/.stmcufinder/plugins/mcufinder//mcu/
2026-01-21 13:21:07,291 [WARN] DbFile:41 - Overriding database path with different value: /home/student/.stmcufinder/plugins/mcufinder/ => /home/student/.stmcufinder/plugins/mcufinder
2026-01-21 13:21:07,291 [INFO] DbMcusAds:125 - Set database path to: /home/student/.stmcufinder/plugins/mcufinder//mcu/
2026-01-21 13:21:07,291 [WARN] DbFile:41 - Overriding database path with different value: /home/student/.stmcufinder/plugins/mcufinder/ => /home/student/.stmcufinder/plugins/mcufinder
2026-01-21 13:21:07,291 [WARN] DbFile:41 - Overriding database path with different value: /home/student/.stmcufinder/plugins/mcufinder/ => /home/student/.stmcufinder/plugins/mcufinder
2026-01-21 13:21:07,291 [INFO] CrossReferenceDbSqlite:203 - Set database path to: /home/student/.stmcufinder/plugins/mcufinder//mcu/cs/
2026-01-21 13:21:07,304 [INFO] ApplicationProperties:184 - Using Application install path: /opt/st/stm32cubeide_1.19.0/plugins/com.st.stm32cube.common.mx_6.15.0.202507011659
2026-01-21 13:21:07,305 [INFO] PluginManage:196 - Search for loadable plugins [exclusion list=, ]
2026-01-21 13:21:07,306 [INFO] PluginManage:310 - Check plugin analytics
2026-01-21 13:21:07,438 [INFO] AnalyticsPlugin:253 - Accepted Software Licenses: 
2026-01-21 13:21:07,438 [INFO] AnalyticsPlugin:255 - Accepted CMSIS Pack Licenses: 
2026-01-21 13:21:07,438 [INFO] AnalyticsPlugin:257 - Accepted Firmware Licenses: 
2026-01-21 13:21:07,440 [INFO] PluginManage:359 - Loaded plugin analytics (category:tool,tabindex:-1)
2026-01-21 13:21:07,440 [INFO] PluginManage:310 - Check plugin cadmodel
2026-01-21 13:21:07,444 [INFO] CADModel:105 - Init CAD model plugin
2026-01-21 13:21:07,444 [INFO] PluginManage:359 - Loaded plugin cadmodel (category:power,tabindex:5)
2026-01-21 13:21:07,444 [INFO] PluginManage:310 - Check plugin clock
2026-01-21 13:21:07,451 [INFO] PluginManage:359 - Loaded plugin clock (category:base,tabindex:2)
2026-01-21 13:21:07,451 [INFO] PluginManage:310 - Check plugin ddr
2026-01-21 13:21:07,453 [INFO] PluginManage:359 - Loaded plugin ddr (category:tool,tabindex:6)
2026-01-21 13:21:07,453 [INFO] PluginManage:310 - Check plugin filemanager
2026-01-21 13:21:07,573 [INFO] PluginManage:359 - Loaded plugin filemanager (category:base,tabindex:10)
2026-01-21 13:21:07,573 [INFO] PluginManage:310 - Check plugin ipmanager
2026-01-21 13:21:07,577 [INFO] PluginManage:359 - Loaded plugin ipmanager (category:base,tabindex:5)
2026-01-21 13:21:07,577 [INFO] PluginManage:310 - Check plugin lpbam
2026-01-21 13:21:07,584 [INFO] PluginManage:359 - Loaded plugin lpbam (category:base,tabindex:0)
2026-01-21 13:21:07,584 [INFO] PluginManage:310 - Check plugin memorymap
2026-01-21 13:21:07,593 [INFO] PluginManage:359 - Loaded plugin memorymap (category:base,tabindex:4)
2026-01-21 13:21:07,593 [INFO] PluginManage:310 - Check plugin pinoutandconfiguration
2026-01-21 13:21:07,599 [INFO] PluginManage:359 - Loaded plugin pinoutandconfiguration (category:base,tabindex:1)
2026-01-21 13:21:07,599 [INFO] PluginManage:310 - Check plugin pinoutconfig
2026-01-21 13:21:07,664 [WARN] SupportedApi:132 - Cannot load RTOS API schema: s4s-elt-must-match.1: The content of 'definitions' must match (annotation?, (simpleType | complexType)?, (unique | key | keyref)*)). A problem was found starting at: attribute.
2026-01-21 13:21:07,755 [INFO] PluginManage:359 - Loaded plugin pinoutconfig (category:base,tabindex:0)
2026-01-21 13:21:07,755 [INFO] PluginManage:310 - Check plugin power
2026-01-21 13:21:07,761 [INFO] PluginManage:359 - Loaded plugin power (category:power,tabindex:4)
2026-01-21 13:21:07,761 [INFO] PluginManage:310 - Check plugin projectmanager
2026-01-21 13:21:07,771 [INFO] PluginManage:359 - Loaded plugin projectmanager (category:projectmanager,tabindex:4)
2026-01-21 13:21:07,772 [INFO] PluginManage:310 - Check plugin rif
2026-01-21 13:21:07,778 [INFO] PluginManage:359 - Loaded plugin rif (category:base,tabindex:3)
2026-01-21 13:21:07,778 [INFO] PluginManage:310 - Check plugin thirdparty
2026-01-21 13:21:07,859 [INFO] PluginManage:359 - Loaded plugin thirdparty (category:base,tabindex:-1)
2026-01-21 13:21:07,859 [INFO] PluginManage:310 - Check plugin tools
2026-01-21 13:21:07,859 [WARN] IntegrityCheckThread:84 - waiting for thirdparty lock release [integrity check]
2026-01-21 13:21:07,859 [INFO] IntegrityCheckThread:86 - entering critical section [integrity check]
2026-01-21 13:21:07,859 [INFO] ThirdPartyUpdaterWithRetryManager:70 - Updater plugin not ready yet. [1/15]
2026-01-21 13:21:07,860 [INFO] PluginManage:359 - Loaded plugin tools (category:base,tabindex:7)
2026-01-21 13:21:07,861 [INFO] PluginManage:310 - Check plugin tutovideos
2026-01-21 13:21:07,999 [INFO] PluginManage:359 - Loaded plugin tutovideos (category:base,tabindex:-1)
2026-01-21 13:21:07,999 [INFO] PluginManage:310 - Check plugin updater
2026-01-21 13:21:08,014 [INFO] PluginManage:359 - Loaded plugin updater (category:base,tabindex:12)
2026-01-21 13:21:08,014 [INFO] PluginManage:310 - Check plugin userauth
2026-01-21 13:21:08,017 [INFO] UserAuth:118 - Init User Auth plugin
2026-01-21 13:21:08,018 [INFO] PluginManage:359 - Loaded plugin userauth (category:base,tabindex:14)
2026-01-21 13:21:08,018 [INFO] PluginManage:283 - PluginManage : Loaded plugins [18]
2026-01-21 13:21:08,132 [INFO] PinOutPanel:1589 - setPackage(No Configuration,No Configuration)
2026-01-21 13:21:08,177 [INFO] CADModel:165 - CPN selected for project level
2026-01-21 13:21:08,177 [INFO] CADModel:114 - Register for checkConnection events
2026-01-21 13:21:08,187 [INFO] IPUIPlugin:80 - create IPUIPlugin
2026-01-21 13:21:08,187 [INFO] PluginManager:220 - loadIPPluginJar : add resmgrutility
2026-01-21 13:21:08,190 [INFO] IPUIPlugin:80 - create IPUIPlugin
2026-01-21 13:21:08,190 [INFO] PluginManager:220 - loadIPPluginJar : add extmemmanager
2026-01-21 13:21:08,192 [INFO] IPUIPlugin:80 - create IPUIPlugin
2026-01-21 13:21:08,192 [INFO] PluginManager:220 - loadIPPluginJar : add hash
2026-01-21 13:21:08,194 [INFO] IPUIPlugin:80 - create IPUIPlugin
2026-01-21 13:21:08,194 [INFO] PluginManager:220 - loadIPPluginJar : add can
2026-01-21 13:21:08,197 [INFO] IPUIPlugin:80 - create IPUIPlugin
2026-01-21 13:21:08,197 [INFO] PluginManager:220 - loadIPPluginJar : add gic
2026-01-21 13:21:08,199 [INFO] IPUIPlugin:80 - create IPUIPlugin
2026-01-21 13:21:08,199 [INFO] PluginManager:220 - loadIPPluginJar : add pdm2pcm
2026-01-21 13:21:08,200 [INFO] IPUIPlugin:80 - create IPUIPlugin
2026-01-21 13:21:08,200 [INFO] PluginManager:220 - loadIPPluginJar : add genericplugin
2026-01-21 13:21:08,202 [INFO] IPUIPlugin:80 - create IPUIPlugin
2026-01-21 13:21:08,202 [INFO] PluginManager:220 - loadIPPluginJar : add i3c
2026-01-21 13:21:08,203 [INFO] IPUIPlugin:80 - create IPUIPlugin
2026-01-21 13:21:08,203 [INFO] PluginManager:220 - loadIPPluginJar : add comp
2026-01-21 13:21:08,207 [INFO] IPUIPlugin:80 - create IPUIPlugin
2026-01-21 13:21:08,207 [INFO] PluginManager:220 - loadIPPluginJar : add dma
2026-01-21 13:21:08,208 [INFO] IPUIPlugin:80 - create IPUIPlugin
2026-01-21 13:21:08,208 [INFO] PluginManager:220 - loadIPPluginJar : add opamp
2026-01-21 13:21:08,210 [INFO] IPUIPlugin:80 - create IPUIPlugin
2026-01-21 13:21:08,210 [INFO] PluginManager:220 - loadIPPluginJar : add lorawan
2026-01-21 13:21:08,211 [INFO] IPUIPlugin:80 - create IPUIPlugin
2026-01-21 13:21:08,211 [INFO] PluginManager:220 - loadIPPluginJar : add cryp
2026-01-21 13:21:08,212 [INFO] IPUIPlugin:80 - create IPUIPlugin
2026-01-21 13:21:08,212 [INFO] PluginManager:220 - loadIPPluginJar : add i2c
2026-01-21 13:21:08,213 [INFO] IPUIPlugin:80 - create IPUIPlugin
2026-01-21 13:21:08,214 [INFO] PluginManager:220 - loadIPPluginJar : add radio
2026-01-21 13:21:08,216 [INFO] IPUIPlugin:80 - create IPUIPlugin
2026-01-21 13:21:08,217 [INFO] PluginManager:220 - loadIPPluginJar : add gpio
2026-01-21 13:21:08,218 [INFO] IPUIPlugin:80 - create IPUIPlugin
2026-01-21 13:21:08,219 [INFO] PluginManager:220 - loadIPPluginJar : add ddr_ctrl_phy
2026-01-21 13:21:08,220 [INFO] IPUIPlugin:80 - create IPUIPlugin
2026-01-21 13:21:08,220 [INFO] PluginManager:220 - loadIPPluginJar : add usart
2026-01-21 13:21:08,222 [INFO] IPUIPlugin:80 - create IPUIPlugin
2026-01-21 13:21:08,222 [INFO] PluginManager:220 - loadIPPluginJar : add tracer_emb
2026-01-21 13:21:08,223 [INFO] IPUIPlugin:80 - create IPUIPlugin
2026-01-21 13:21:08,223 [INFO] PluginManager:220 - loadIPPluginJar : add i2s
2026-01-21 13:21:08,225 [INFO] IPUIPlugin:80 - create IPUIPlugin
2026-01-21 13:21:08,225 [INFO] PluginManager:220 - loadIPPluginJar : add gtzc
2026-01-21 13:21:08,229 [INFO] IPUIPlugin:80 - create IPUIPlugin
2026-01-21 13:21:08,229 [INFO] PluginManager:220 - loadIPPluginJar : add freertos
2026-01-21 13:21:08,232 [INFO] IPUIPlugin:80 - create IPUIPlugin
2026-01-21 13:21:08,232 [INFO] PluginManager:220 - loadIPPluginJar : add nvic
2026-01-21 13:21:08,233 [INFO] IPUIPlugin:80 - create IPUIPlugin
2026-01-21 13:21:08,233 [INFO] PluginManager:220 - loadIPPluginJar : add fatfs
2026-01-21 13:21:08,235 [INFO] IPUIPlugin:80 - create IPUIPlugin
2026-01-21 13:21:08,235 [INFO] PluginManager:220 - loadIPPluginJar : add aes
2026-01-21 13:21:08,236 [INFO] IPUIPlugin:80 - create IPUIPlugin
2026-01-21 13:21:08,236 [INFO] PluginManager:220 - loadIPPluginJar : add tsc
2026-01-21 13:21:08,237 [INFO] IPUIPlugin:80 - create IPUIPlugin
2026-01-21 13:21:08,238 [INFO] PluginManager:220 - loadIPPluginJar : add dfsdm
2026-01-21 13:21:08,240 [INFO] IPUIPlugin:80 - create IPUIPlugin
2026-01-21 13:21:08,240 [INFO] PluginManager:220 - loadIPPluginJar : add sai
2026-01-21 13:21:08,242 [INFO] IPUIPlugin:80 - create IPUIPlugin
2026-01-21 13:21:08,242 [INFO] PluginManager:220 - loadIPPluginJar : add usbx
2026-01-21 13:21:08,247 [INFO] IPUIPlugin:80 - create IPUIPlugin
2026-01-21 13:21:08,247 [INFO] PluginManager:220 - loadIPPluginJar : add stm32_wpan
2026-01-21 13:21:08,248 [INFO] IPUIPlugin:80 - create IPUIPlugin
2026-01-21 13:21:08,248 [INFO] PluginManager:220 - loadIPPluginJar : add quadspi
2026-01-21 13:21:08,249 [INFO] IPUIPlugin:80 - create IPUIPlugin
2026-01-21 13:21:08,249 [INFO] PluginManager:220 - loadIPPluginJar : add ucpd
2026-01-21 13:21:08,252 [INFO] IPUIPlugin:80 - create IPUIPlugin
2026-01-21 13:21:08,252 [INFO] PluginManager:220 - loadIPPluginJar : add fmc
2026-01-21 13:21:08,254 [INFO] IPUIPlugin:80 - create IPUIPlugin
2026-01-21 13:21:08,254 [INFO] PluginManager:220 - loadIPPluginJar : add spi
2026-01-21 13:21:08,255 [INFO] IPUIPlugin:80 - create IPUIPlugin
2026-01-21 13:21:08,255 [INFO] PluginManager:220 - loadIPPluginJar : add tim
2026-01-21 13:21:08,260 [INFO] IPUIPlugin:80 - create IPUIPlugin
2026-01-21 13:21:08,260 [INFO] PluginManager:220 - loadIPPluginJar : add mdma
2026-01-21 13:21:08,264 [INFO] IPUIPlugin:80 - create IPUIPlugin
2026-01-21 13:21:08,264 [INFO] PluginManager:220 - loadIPPluginJar : add adc
2026-01-21 13:21:08,266 [INFO] IPUIPlugin:80 - create IPUIPlugin
2026-01-21 13:21:08,266 [INFO] PluginManager:220 - loadIPPluginJar : add dma3
2026-01-21 13:21:08,270 [INFO] IPUIPlugin:80 - create IPUIPlugin
2026-01-21 13:21:08,272 [INFO] PluginManager:220 - loadIPPluginJar : add plateformsettings
2026-01-21 13:21:08,274 [INFO] IPUIPlugin:80 - create IPUIPlugin
2026-01-21 13:21:08,274 [INFO] PluginManager:220 - loadIPPluginJar : add openamp
2026-01-21 13:21:08,275 [INFO] IPUIPlugin:80 - create IPUIPlugin
2026-01-21 13:21:08,276 [INFO] PluginManager:220 - loadIPPluginJar : add ts
2026-01-21 13:21:08,277 [INFO] IPUIPlugin:80 - create IPUIPlugin
2026-01-21 13:21:08,278 [INFO] PluginManager:220 - loadIPPluginJar : add touchsensing
2026-01-21 13:21:08,278 [INFO] IPUIPlugin:80 - create IPUIPlugin
2026-01-21 13:21:08,279 [INFO] PluginManager:220 - loadIPPluginJar : add ltdc
2026-01-21 13:21:08,283 [INFO] IPUIPlugin:80 - create IPUIPlugin
2026-01-21 13:21:08,284 [INFO] PluginManager:220 - loadIPPluginJar : add linkedlist
2026-01-21 13:21:08,286 [INFO] IPUIPlugin:80 - create IPUIPlugin
2026-01-21 13:21:08,286 [INFO] PluginManager:220 - loadIPPluginJar : add ipddr
2026-01-21 13:21:08,287 [INFO] IPUIPlugin:80 - create IPUIPlugin
2026-01-21 13:21:08,287 [INFO] PluginManager:220 - loadIPPluginJar : add gfxmmu
2026-01-21 13:21:08,380 [FATAL] Updater:351 - Updater called before beeing initialized
2026-01-21 13:21:08,416 [INFO] RulesReader:64 - Compatibility file has been processed (317 Rules)
2026-01-21 13:21:08,424 [INFO] RulesReader:64 - Compatibility file has been processed (317 Rules)
2026-01-21 13:21:08,429 [INFO] CADModel:165 - CPN selected for project level
2026-01-21 13:21:08,429 [INFO] CADModel:114 - Register for checkConnection events
2026-01-21 13:21:08,429 [FATAL] Updater:351 - Updater called before beeing initialized
2026-01-21 13:21:08,429 [ERROR] CADModel:125 - Updater not yet initialized, retry later 
2026-01-21 13:21:08,515 [FATAL] Updater:351 - Updater called before beeing initialized
2026-01-21 13:21:08,516 [INFO] CADModel:165 - CPN selected for project level
2026-01-21 13:21:08,516 [INFO] CADModel:114 - Register for checkConnection events
2026-01-21 13:21:08,516 [FATAL] Updater:351 - Updater called before beeing initialized
2026-01-21 13:21:08,516 [ERROR] CADModel:125 - Updater not yet initialized, retry later 
2026-01-21 13:21:08,518 [FATAL] Updater:351 - Updater called before beeing initialized
2026-01-21 13:21:08,571 [FATAL] Updater:351 - Updater called before beeing initialized
2026-01-21 13:21:08,574 [INFO] DbMcusAds:53 - JSON generation date=Tue Dec 16 00:11:46 CET 2025 (1765840306612)
2026-01-21 13:21:08,574 [FATAL] Updater:351 - Updater called before beeing initialized
2026-01-21 13:21:08,599 [WARN] DetailPanel:346 - Failed to get advertising image, set to default
2026-01-21 13:21:08,667 [FATAL] Updater:351 - Updater called before beeing initialized
2026-01-21 13:21:08,668 [FATAL] Updater:351 - Updater called before beeing initialized
2026-01-21 13:21:08,668 [FATAL] Updater:351 - Updater called before beeing initialized
2026-01-21 13:21:08,669 [WARN] DetailPanel:346 - Failed to get advertising image, set to default
2026-01-21 13:21:08,670 [FATAL] Updater:351 - Updater called before beeing initialized
2026-01-21 13:21:08,707 [ERROR] Updater:1198 - MainUpdater not yet initialized. External WinMGr cannot be set.
2026-01-21 13:21:08,709 [INFO] Updater:1134 - Updater Version found : 6.15.0
2026-01-21 13:21:08,724 [INFO] ApplicationProperties:184 - Using Application install path: /opt/st/stm32cubeide_1.19.0/plugins/com.st.stm32cube.common.mx_6.15.0.202507011659
2026-01-21 13:21:08,976 [INFO] MainUpdater:2872 - connection check result : 10
2026-01-21 13:21:08,977 [INFO] MainUpdater:289 - Updater Check For Update Now.
2026-01-21 13:21:08,977 [INFO] MicroXplorer:498 - Change Database Version : DB.6.0.150
2026-01-21 13:21:08,983 [INFO] McuFinderGlobals:63 - Set McuFinder mode to 2 (CubeIDE integrated)
2026-01-21 13:21:08,983 [INFO] UserAuth:171 - activating auth plugin
2026-01-21 13:21:08,986 [INFO] UserAuth:487 - Internet connection configuration mode: 1
2026-01-21 13:21:09,001 [INFO] JxBrowserEngine:152 - Initiate JxBrowser Engine with user profile folder
2026-01-21 13:21:09,157 [INFO] CheckServerUpdateThread:120 - End of CheckServer Thread
2026-01-21 13:21:09,692 [INFO] WebApp:169 - Instantiating new browser for Auth
2026-01-21 13:21:10,254 [INFO] WebApp:463 - Apply proxy settings
2026-01-21 13:21:10,255 [INFO] WebApp:548 - Chromium requires no authentication
2026-01-21 13:21:10,261 [INFO] WebApp:491 - Direct internet connection detected
2026-01-21 13:21:10,281 [INFO] WebApp:900 - Register for checkConnection events
2026-01-21 13:21:10,281 [INFO] WebApp:463 - Apply proxy settings
2026-01-21 13:21:10,281 [INFO] WebApp:548 - Chromium requires no authentication
2026-01-21 13:21:10,282 [INFO] WebApp:491 - Direct internet connection detected
2026-01-21 13:21:10,385 [INFO] WebApp:225 - Starting web application
2026-01-21 13:21:10,385 [INFO] WebApp:593 - Web application path used /opt/st/stm32cubeide_1.19.0/plugins/com.st.stm32cube.common.mx_6.15.0.202507011659/db/plugins/mcufinder/reactClient1/index.html
2026-01-21 13:21:10,605 [INFO] WebApp:191 - Connection restablished
2026-01-21 13:21:10,999 [WARN] PackLoader:240 - Cannot read IP mode file for STMicroelectronics.FP-SNS-MOTENVWB1.1.4.0
2026-01-21 13:21:11,004 [WARN] PackLoader:240 - Cannot read IP mode file for STMicroelectronics.FP-ATR-ASTRA1.2.0.2
2026-01-21 13:21:11,006 [WARN] PackLoader:240 - Cannot read IP mode file for STMicroelectronics.FP-ATR-ASTRA1.2.0.1
2026-01-21 13:21:11,010 [WARN] PackLoader:240 - Cannot read IP mode file for STMicroelectronics.X-CUBE-SMBUS.2.1.0
2026-01-21 13:21:11,016 [WARN] PackLoader:240 - Cannot read IP mode file for STMicroelectronics.X-CUBE-WB05N.1.1.0
2026-01-21 13:21:11,019 [WARN] PackLoader:240 - Cannot read IP mode file for STMicroelectronics.X-CUBE-TOUCHGFX.4.23.0
2026-01-21 13:21:11,039 [WARN] PackLoader:240 - Cannot read IP mode file for STMicroelectronics.X-CUBE-AZRTOS-F7.1.1.0
2026-01-21 13:21:11,045 [WARN] PackLoader:240 - Cannot read IP mode file for STMicroelectronics.FP-SNS-MOTENV1.4.3.2
2026-01-21 13:21:11,086 [WARN] PackLoader:240 - Cannot read IP mode file for STMicroelectronics.X-CUBE-MEMS1.11.0.0
2026-01-21 13:21:11,201 [WARN] PackLoader:240 - Cannot read IP mode file for STMicroelectronics.FP-SNS-MOTENV1.5.1.0
2026-01-21 13:21:11,204 [WARN] PackLoader:240 - Cannot read IP mode file for STMicroelectronics.FP-SNS-FLIGHT1.5.0.2
2026-01-21 13:21:11,217 [WARN] PackLoader:240 - Cannot read IP mode file for STMicroelectronics.X-CUBE-AZRTOS-H7.3.4.0
2026-01-21 13:21:11,223 [WARN] PackLoader:240 - Cannot read IP mode file for STMicroelectronics.X-CUBE-DISPLAY.3.0.0
2026-01-21 13:21:11,227 [WARN] PackLoader:240 - Cannot read IP mode file for STMicroelectronics.X-CUBE-BLE1.7.0.0
2026-01-21 13:21:11,231 [WARN] PackLoader:240 - Cannot read IP mode file for STMicroelectronics.X-CUBE-NFC10.1.0.0
2026-01-21 13:21:11,237 [WARN] PackLoader:240 - Cannot read IP mode file for STMicroelectronics.X-CUBE-BLEMGR.4.0.0
2026-01-21 13:21:11,241 [WARN] PackLoader:240 - Cannot read IP mode file for STMicroelectronics.X-CUBE-ST60.1.1.0
2026-01-21 13:21:11,244 [WARN] PackLoader:240 - Cannot read IP mode file for emotas.I-CUBE-CANOPEN.1.3.0
2026-01-21 13:21:11,247 [WARN] PackLoader:240 - Cannot read IP mode file for STMicroelectronics.X-CUBE-GNSS1.7.1.0
2026-01-21 13:21:11,253 [WARN] PackLoader:240 - Cannot read IP mode file for STMicroelectronics.X-CUBE-BLEMGR.3.1.0
2026-01-21 13:21:11,258 [WARN] PackLoader:240 - Cannot read IP mode file for STMicroelectronics.FP-SNS-STBOX1.2.1.0
2026-01-21 13:21:11,262 [WARN] PackLoader:240 - Cannot read IP mode file for STMicroelectronics.FP-SNS-SMARTAG2.1.2.0
2026-01-21 13:21:11,265 [WARN] PackLoader:240 - Cannot read IP mode file for STMicroelectronics.FP-SNS-FLIGHT1.5.1.0
2026-01-21 13:21:11,300 [WARN] PackLoader:240 - Cannot read IP mode file for STMicroelectronics.X-CUBE-MEMS1.11.1.0
2026-01-21 13:21:11,429 [INFO] LogOutputStream:77 - [STDOUT_REDIRECT] 1 : Invalid condition id : UX_CORESTACK_Condition cause : null
2026-01-21 13:21:11,429 [INFO] LogOutputStream:77 - [STDOUT_REDIRECT] 1 : Invalid condition id : UX_CORESTACK_Condition cause : null
2026-01-21 13:21:11,430 [INFO] LogOutputStream:77 - [STDOUT_REDIRECT] 1 : Invalid condition id : UX_CORESTACK_Condition cause : null
2026-01-21 13:21:11,430 [INFO] LogOutputStream:77 - [STDOUT_REDIRECT] 1 : Invalid condition id : UX_CORESTACK_Condition cause : null
2026-01-21 13:21:11,430 [INFO] LogOutputStream:77 - [STDOUT_REDIRECT] 1 : Invalid condition id : UX_CORESTACK_Condition cause : null
2026-01-21 13:21:11,432 [WARN] PackLoader:240 - Cannot read IP mode file for STMicroelectronics.X-CUBE-AZRTOS-WL.2.0.0
2026-01-21 13:21:11,435 [WARN] PackLoader:240 - Cannot read IP mode file for STMicroelectronics.FP-SNS-MOTENV1.5.0.0
2026-01-21 13:21:11,447 [WARN] PackLoader:240 - Cannot read IP mode file for STMicroelectronics.X-CUBE-AZRTOS-H7RS.1.2.0
2026-01-21 13:21:11,451 [WARN] PackLoader:240 - Cannot read IP mode file for wolfSSL.I-CUBE-wolfMQTT.1.19.0
2026-01-21 13:21:11,454 [WARN] PackLoader:240 - Cannot read IP mode file for WES.I-CUBE-Cesium.1.3.0
2026-01-21 13:21:11,456 [WARN] PackLoader:240 - Cannot read IP mode file for STMicroelectronics.X-CUBE-BLE2.3.3.0
2026-01-21 13:21:11,469 [WARN] PackLoader:240 - Cannot read IP mode file for STMicroelectronics.X-CUBE-NFC9.1.0.0
2026-01-21 13:21:11,472 [WARN] PackLoader:240 - Cannot read IP mode file for STMicroelectronics.X-CUBE-BLE1.7.1.0
2026-01-21 13:21:11,476 [WARN] PackLoader:240 - Cannot read IP mode file for STMicroelectronics.X-CUBE-TCPP.4.1.0
2026-01-21 13:21:11,480 [WARN] PackLoader:240 - Cannot read IP mode file for STMicroelectronics.X-CUBE-FREERTOS.1.4.0
2026-01-21 13:21:11,484 [WARN] PackLoader:240 - Cannot read IP mode file for STMicroelectronics.X-CUBE-EEPRMA1.5.2.0
2026-01-21 13:21:11,489 [WARN] PackLoader:240 - Cannot read IP mode file for STMicroelectronics.X-CUBE-ST67W61.1.1.0
2026-01-21 13:21:11,536 [WARN] PackLoader:240 - Cannot read IP mode file for STMicroelectronics.X-CUBE-MEMS1.12.0.0
2026-01-21 13:21:11,589 [WARN] PackLoader:240 - Cannot read IP mode file for STMicroelectronics.X-CUBE-ALGOBUILD.1.3.0
2026-01-21 13:21:11,599 [WARN] PackLoader:240 - Cannot read IP mode file for STMicroelectronics.X-CUBE-AZRTOS-G0.1.1.0
2026-01-21 13:21:11,603 [WARN] PackLoader:240 - Cannot read IP mode file for STMicroelectronics.X-CUBE-SAFEA1.1.2.2
2026-01-21 13:21:11,606 [WARN] PackLoader:240 - Cannot read IP mode file for STMicroelectronics.X-CUBE-NFC4.3.0.0
2026-01-21 13:21:11,611 [WARN] PackLoader:240 - Cannot read IP mode file for EmbeddedOffice.I-CUBE-FS-RTOS.1.0.1
2026-01-21 13:21:11,614 [WARN] PackLoader:240 - Cannot read IP mode file for STMicroelectronics.X-CUBE-WB05N.2.0.0
2026-01-21 13:21:11,628 [WARN] PackLoader:240 - Cannot read IP mode file for STMicroelectronics.X-CUBE-BLEMGR.3.0.0
2026-01-21 13:21:11,633 [WARN] PackLoader:240 - Cannot read IP mode file for STMicroelectronics.X-CUBE-TCPP.4.2.0
2026-01-21 13:21:11,635 [WARN] PackLoader:240 - Cannot read IP mode file for RealThread.X-CUBE-RT-Thread_Nano.4.1.1
2026-01-21 13:21:11,637 [WARN] PackLoader:240 - Cannot read IP mode file for STMicroelectronics.FP-ATR-SIGFOX1.3.2.0
2026-01-21 13:21:11,639 [WARN] ConditionMgr:438 - getConditionDescription Invalid condition id : Cortex-A Device cause : null
2026-01-21 13:21:11,643 [WARN] ConditionMgr:1044 - genDependencies : Invalid condition id : Cortex-A Device cause : null
2026-01-21 13:21:11,644 [WARN] ConditionMgr:1044 - genDependencies : Invalid condition id : Cortex-A Device cause : null
2026-01-21 13:21:11,644 [WARN] ConditionMgr:1044 - genDependencies : Invalid condition id : Cortex-A Device cause : null
2026-01-21 13:21:11,647 [WARN] PackLoader:240 - Cannot read IP mode file for STMicroelectronics.X-CUBE-EEPRMA1.5.1.0
2026-01-21 13:21:11,649 [WARN] PackLoader:240 - Cannot read IP mode file for STMicroelectronics.X-CUBE-AI.10.2.0
2026-01-21 13:21:11,666 [WARN] PackLoader:240 - Cannot read IP mode file for SEGGER.I-CUBE-embOS.1.3.1
2026-01-21 13:21:11,688 [WARN] PackLoader:240 - Cannot read IP mode file for STMicroelectronics.X-CUBE-ALGOBUILD.1.4.0
2026-01-21 13:21:11,717 [WARN] PackLoader:240 - Cannot read IP mode file for STMicroelectronics.X-CUBE-MEMS1.11.3.0
2026-01-21 13:21:11,798 [WARN] PackLoader:240 - Cannot read IP mode file for STMicroelectronics.X-CUBE-AI.9.1.0
2026-01-21 13:21:11,800 [WARN] PackLoader:240 - Cannot read IP mode file for STMicroelectronics.X-CUBE-PM33A1.1.0.0
2026-01-21 13:21:11,803 [WARN] PackLoader:240 - Cannot read IP mode file for STMicroelectronics.X-CUBE-GNSS1.6.0.0
2026-01-21 13:21:11,811 [WARN] PackLoader:240 - Cannot read IP mode file for STMicroelectronics.X-CUBE-AZRTOS-F4.1.1.0
2026-01-21 13:21:11,815 [WARN] PackLoader:240 - Cannot read IP mode file for wolfSSL.I-CUBE-wolfSSL.5.6.4
2026-01-21 13:21:11,817 [WARN] PackLoader:240 - Cannot read IP mode file for STMicroelectronics.X-CUBE-ISPU.2.1.0
2026-01-21 13:21:11,823 [WARN] PackLoader:240 - Cannot read IP mode file for STMicroelectronics.X-CUBE-IPS.3.2.0
2026-01-21 13:21:11,829 [WARN] PackLoader:240 - Cannot read IP mode file for STMicroelectronics.X-CUBE-FREERTOS.1.2.0
2026-01-21 13:21:11,832 [WARN] PackLoader:240 - Cannot read IP mode file for STMicroelectronics.X-CUBE-NFC12.1.0.0
2026-01-21 13:21:11,841 [WARN] PackLoader:240 - Cannot read IP mode file for STMicroelectronics.X-CUBE-AZRTOS-L5.2.0.0
2026-01-21 13:21:11,845 [WARN] PackLoader:240 - Cannot read IP mode file for STMicroelectronics.X-CUBE-EEPRMA1.4.2.0
2026-01-21 13:21:11,849 [WARN] PackLoader:240 - Cannot read IP mode file for STMicroelectronics.X-CUBE-NFC6.3.1.0
2026-01-21 13:21:11,852 [WARN] PackLoader:240 - Cannot read IP mode file for ITTIA_DB.I-CUBE-ITTIADB.8.8.0
2026-01-21 13:21:11,855 [WARN] PackLoader:240 - Cannot read IP mode file for STMicroelectronics.X-CUBE-DPower.1.2.0
2026-01-21 13:21:11,857 [WARN] PackLoader:240 - Cannot read IP mode file for STMicroelectronics.X-CUBE-FREERTOS.1.3.1
2026-01-21 13:21:11,859 [WARN] PackLoader:240 - Cannot read IP mode file for STMicroelectronics.X-CUBE-FREERTOS.1.3.0
2026-01-21 13:21:11,861 [WARN] PackLoader:240 - Cannot read IP mode file for STMicroelectronics.X-CUBE-NFC7.1.0.1
2026-01-21 13:21:11,864 [WARN] PackLoader:240 - Cannot read IP mode file for STMicroelectronics.X-CUBE-TOUCHGFX.4.26.0
2026-01-21 13:21:11,867 [WARN] PackLoader:240 - Cannot read IP mode file for STMicroelectronics.X-CUBE-NFC6.3.0.0
2026-01-21 13:21:11,870 [WARN] PackLoader:240 - Cannot read IP mode file for STMicroelectronics.FP-SNS-STAIOTCFT.1.0.0
2026-01-21 13:21:11,873 [WARN] PackLoader:240 - Cannot read IP mode file for STMicroelectronics.X-CUBE-DPower.1.3.0
2026-01-21 13:21:11,874 [WARN] PackLoader:240 - Cannot read IP mode file for STMicroelectronics.X-CUBE-AI.8.1.0
2026-01-21 13:21:11,884 [WARN] ConditionMgr:438 - getConditionDescription Invalid condition id : LAN8742 Phy interface Condition cause : null
2026-01-21 13:21:11,884 [WARN] PackLoader:240 - Cannot read IP mode file for STMicroelectronics.X-CUBE-AZRTOS-L4.2.0.0
2026-01-21 13:21:11,885 [WARN] ConditionMgr:1044 - genDependencies : Invalid condition id : LAN8742 Phy interface Condition cause : null
2026-01-21 13:21:11,885 [WARN] ConditionMgr:1044 - genDependencies : Invalid condition id : LAN8742 Phy interface Condition cause : null
2026-01-21 13:21:11,885 [WARN] ConditionMgr:1044 - genDependencies : Invalid condition id : LAN8742 Phy interface Condition cause : null
2026-01-21 13:21:11,888 [WARN] PackLoader:240 - Cannot read IP mode file for STMicroelectronics.X-CUBE-SFXS2LP1.4.0.0
2026-01-21 13:21:11,892 [WARN] PackLoader:240 - Cannot read IP mode file for STMicroelectronics.X-CUBE-ST67W61.1.2.0
2026-01-21 13:21:11,902 [WARN] PackLoader:240 - Cannot read IP mode file for STMicroelectronics.X-CUBE-AZRTOS-H7.3.3.0
2026-01-21 13:21:11,909 [WARN] PackLoader:240 - Cannot read IP mode file for STMicroelectronics.X-CUBE-BLEMGR.4.1.0
2026-01-21 13:21:11,916 [WARN] PackLoader:240 - Cannot read IP mode file for STMicroelectronics.X-CUBE-IPS.3.0.0
2026-01-21 13:21:11,924 [WARN] ConditionMgr:438 - getConditionDescription Invalid condition id : UX DEVICE CLASS RTOS Condition cause : null
2026-01-21 13:21:11,924 [WARN] ConditionMgr:438 - getConditionDescription Invalid condition id : UX DEVICE CLASS RTOS Condition cause : null
2026-01-21 13:21:11,925 [WARN] PackLoader:240 - Cannot read IP mode file for STMicroelectronics.X-CUBE-AZRTOS-WB.2.0.0
2026-01-21 13:21:11,925 [WARN] ConditionMgr:1044 - genDependencies : Invalid condition id : UX DEVICE CLASS RTOS Condition cause : null
2026-01-21 13:21:11,925 [WARN] ConditionMgr:1044 - genDependencies : Invalid condition id : UX DEVICE CLASS RTOS Condition cause : null
2026-01-21 13:21:11,925 [WARN] ConditionMgr:1044 - genDependencies : Invalid condition id : UX DEVICE CLASS RTOS Condition cause : null
2026-01-21 13:21:11,926 [WARN] ConditionMgr:1044 - genDependencies : Invalid condition id : UX DEVICE CLASS RTOS Condition cause : null
2026-01-21 13:21:11,926 [WARN] ConditionMgr:1044 - genDependencies : Invalid condition id : UX DEVICE CLASS RTOS Condition cause : null
2026-01-21 13:21:11,928 [WARN] PackLoader:240 - Cannot read IP mode file for STMicroelectronics.X-CUBE-GNSS1.7.0.0
2026-01-21 13:21:11,931 [WARN] PackLoader:240 - Cannot read IP mode file for STMicroelectronics.X-CUBE-GNSS1.7.0.1
2026-01-21 13:21:11,934 [WARN] PackLoader:240 - Cannot read IP mode file for STMicroelectronics.FP-SNS-STBOX1.2.0.0
2026-01-21 13:21:11,955 [WARN] PackLoader:240 - Cannot read IP mode file for STMicroelectronics.X-CUBE-SUBG2.5.0.0
2026-01-21 13:21:11,969 [WARN] PackLoader:240 - Cannot read IP mode file for STMicroelectronics.X-CUBE-AZRTOS-H7RS.1.1.0
2026-01-21 13:21:11,972 [WARN] PackLoader:240 - Cannot read IP mode file for Cesanta.I-CUBE-Mongoose.7.13.0
2026-01-21 13:21:11,980 [WARN] PackLoader:240 - Cannot read IP mode file for STMicroelectronics.X-CUBE-AZRTOS-G4.2.0.0
2026-01-21 13:21:11,988 [WARN] PackLoader:240 - Cannot read IP mode file for Infineon.AIROC-Wi-Fi-Bluetooth-STM32.1.5.1
2026-01-21 13:21:11,992 [WARN] PackLoader:240 - Cannot read IP mode file for STMicroelectronics.X-CUBE-NFC7.2.0.0
2026-01-21 13:21:11,994 [WARN] PackLoader:240 - Cannot read IP mode file for STMicroelectronics.FP-SNS-MOTENVWB1.1.3.1
2026-01-21 13:21:11,996 [WARN] PackLoader:240 - Cannot read IP mode file for STMicroelectronics.X-CUBE-ISPU.2.0.0
2026-01-21 13:21:12,003 [WARN] PackLoader:240 - Cannot read IP mode file for STMicroelectronics.X-CUBE-IPS.3.1.0
2026-01-21 13:21:12,008 [WARN] PackLoader:240 - Cannot read IP mode file for STMicroelectronics.X-CUBE-ALS.1.0.2
2026-01-21 13:21:12,045 [WARN] PackLoader:240 - Cannot read IP mode file for STMicroelectronics.X-CUBE-MEMS1.10.0.0
2026-01-21 13:21:12,100 [WARN] PackLoader:240 - Cannot read IP mode file for STMicroelectronics.X-CUBE-FREERTOS.1.1.0
2026-01-21 13:21:12,102 [WARN] PackLoader:240 - Cannot read IP mode file for STMicroelectronics.X-CUBE-TOUCHGFX.4.24.2
2026-01-21 13:21:12,103 [WARN] PackLoader:240 - Cannot read IP mode file for STMicroelectronics.X-CUBE-TOUCHGFX.4.24.1
2026-01-21 13:21:12,106 [WARN] PackLoader:240 - Cannot read IP mode file for STMicroelectronics.X-CUBE-STSE01.1.0.0
2026-01-21 13:21:12,107 [WARN] PackLoader:240 - Cannot read IP mode file for wolfSSL.I-CUBE-wolfTPM.3.4.0
2026-01-21 13:21:12,110 [WARN] PackLoader:240 - Cannot read IP mode file for portGmbH.I-Cube-SoM-uGOAL.1.1.0
2026-01-21 13:21:12,111 [WARN] PackLoader:240 - Cannot read IP mode file for STMicroelectronics.X-CUBE-ALS.1.0.1
2026-01-21 13:21:12,120 [WARN] PackLoader:240 - Cannot read IP mode file for STMicroelectronics.X-CUBE-AZRTOS-H7RS.1.0.0
2026-01-21 13:21:12,122 [WARN] PackLoader:240 - Cannot read IP mode file for STMicroelectronics.FP-ATR-ASTRA1.2.0.0
2026-01-21 13:21:12,132 [WARN] PackLoader:240 - Cannot read IP mode file for STMicroelectronics.X-CUBE-TOF1.3.4.2
2026-01-21 13:21:12,141 [WARN] PackLoader:240 - Cannot read IP mode file for STMicroelectronics.X-CUBE-TOF1.3.4.3
2026-01-21 13:21:12,152 [WARN] PackLoader:240 - Cannot read IP mode file for STMicroelectronics.X-CUBE-TOF1.3.4.0
2026-01-21 13:21:12,166 [WARN] PackLoader:240 - Cannot read IP mode file for STMicroelectronics.X-CUBE-AZRTOS-H7.3.2.0
2026-01-21 13:21:12,169 [WARN] PackLoader:240 - Cannot read IP mode file for wolfSSL.I-CUBE-wolfSSH.1.4.17
2026-01-21 13:21:12,169 [INFO] ThirdParty:978 - Integrity check success = true
2026-01-21 13:21:12,169 [INFO] IntegrityCheckThread:100 - exiting critical section [integrity check]
2026-01-21 13:21:12,169 [INFO] IntegrityCheckThread:103 - End integrity checks thread
