14:10:25 **** Incremental Build of configuration Debug for project nucleo-basic-irq ****
make all 
arm-none-eabi-gcc -c "../Src/main.c" -mcpu=cortex-m4 -std=gnu11 -g3 '-D__weak=__attribute__((weak))' '-D__packed="__attribute__((__packed__))"' -DUSE_HAL_DRIVER -DSTM32F429xx -c -I../Inc -I../Middlewares/Third_Party/LwIP/src/include -I../Middlewares/Third_Party/LwIP/system -I../Drivers/STM32F4xx_HAL_Driver/Inc -I../Drivers/STM32F4xx_HAL_Driver/Inc/Legacy -I../Middlewares/Third_Party/FreeRTOS/Source/portable/GCC/ARM_CM4F -I../Middlewares/Third_Party/LwIP/src/include/netif/ppp -I../Middlewares/ST/STM32_USB_Host_Library/Core/Inc -I../Middlewares/ST/STM32_USB_Host_Library/Class/MSC/Inc -I../Drivers/CMSIS/Device/ST/STM32F4xx/Include -I../Middlewares/Third_Party/FatFs/src -I../Middlewares/Third_Party/FreeRTOS/Source/include -I../Middlewares/Third_Party/FreeRTOS/Source/CMSIS_RTOS -I../Middlewares/Third_Party/LwIP/src/include/lwip -I../Middlewares/Third_Party/LwIP/src/include/lwip/apps -I../Middlewares/Third_Party/LwIP/src/include/lwip/priv -I../Middlewares/Third_Party/LwIP/src/include/lwip/prot -I../Middlewares/Third_Party/LwIP/src/include/netif -I../Middlewares/Third_Party/LwIP/src/include/posix -I../Middlewares/Third_Party/LwIP/src/include/posix/sys -I../Middlewares/Third_Party/LwIP/system/arch -I../Drivers/CMSIS/Include -Os -ffunction-sections -fdata-sections -Wall -fstack-usage -fcyclomatic-complexity -MMD -MP -MF"Src/main.d" -MT"Src/main.o" --specs=nano.specs -mfpu=fpv4-sp-d16 -mfloat-abi=hard -mthumb -o "Src/main.o"
../Src/main.c: In function 'messageTask':
../Src/main.c:466:15: warning: format '%d' expects argument of type 'int', but argument 2 has type 'uint32_t' {aka 'long unsigned int'} [-Wformat=]
  466 |     xprintf("%d chars to fill buffer\n", __HAL_DMA_GET_COUNTER(&hdma_usart3_rx));
      |              ~^
      |               |
      |               int
      |              %ld
arm-none-eabi-gcc -o "nucleo-basic-irq.elf" @"objects.list"   -mcpu=cortex-m4 -T"../STM32F429ZI_FLASH.ld" --specs=nosys.specs -Wl,-Map="nucleo-basic-irq.map" -Wl,--gc-sections -static --specs=nano.specs -mfpu=fpv4-sp-d16 -mfloat-abi=hard -mthumb -Wl,--start-group -lc -lm -Wl,--end-group
/opt/st/stm32cubeide_1.19.0/plugins/com.st.stm32cube.ide.mcu.externaltools.gnu-tools-for-stm32.13.3.rel1.linux64_1.0.0.202410170706/tools/bin/../lib/gcc/arm-none-eabi/13.3.1/../../../../arm-none-eabi/bin/ld: warning: nucleo-basic-irq.elf has a LOAD segment with RWX permissions
Finished building target: nucleo-basic-irq.elf
 
arm-none-eabi-size  nucleo-basic-irq.elf 
   text	   data	    bss	    dec	    hex	filename
  70116	    152	  64272	 134540	  20d8c	nucleo-basic-irq.elf
Finished building: default.size.stdout
 
arm-none-eabi-objdump -h -S nucleo-basic-irq.elf  > "nucleo-basic-irq.list"
Finished building: nucleo-basic-irq.list
 
arm-none-eabi-objcopy -O ihex "nucleo-basic-irq.elf" "nucleo-basic-irq.hex"
 

14:10:26 Build Finished. 0 errors, 2 warnings. (took 767ms)

