../Src/stm32f4xx_it.c:60:6:SysTick_Handler	0	static
../Src/stm32f4xx_it.c:77:6:My_Default_Handler	8	static
../Src/stm32f4xx_it.c:98:6:DMA1_Stream1_IRQHandler	0	static
../Src/stm32f4xx_it.c:112:6:DMA1_Stream3_IRQHandler	0	static
../Src/stm32f4xx_it.c:126:6:USART3_IRQHandler	0	static
../Src/stm32f4xx_it.c:140:6:EXTI15_10_IRQHandler	0	static
../Src/stm32f4xx_it.c:154:6:TIM6_DAC_IRQHandler	0	static
../Src/stm32f4xx_it.c:168:6:ETH_IRQHandler	0	static
../Src/stm32f4xx_it.c:182:6:OTG_FS_IRQHandler	0	static
