../Src/usbh_conf.c:90:6:HAL_HCD_MspInit	32	static
../Src/usbh_conf.c:130:6:HAL_HCD_MspDeInit	8	static
../Src/usbh_conf.c:164:6:HAL_HCD_SOF_Callback	0	static
../Src/usbh_conf.c:174:6:HAL_HCD_Connect_Callback	0	static
../Src/usbh_conf.c:184:6:HAL_HCD_Disconnect_Callback	0	static
../Src/usbh_conf.c:196:6:HAL_HCD_HC_NotifyURBChange_Callback	0	static
../Src/usbh_conf.c:213:20:USBH_LL_Init	8	static
../Src/usbh_conf.c:242:20:USBH_LL_DeInit	8	static
../Src/usbh_conf.c:274:20:USBH_LL_Start	8	static
../Src/usbh_conf.c:306:20:USBH_LL_Stop	8	static
../Src/usbh_conf.c:338:19:USBH_LL_GetSpeed	8	static
../Src/usbh_conf.c:368:20:USBH_LL_ResetPort	8	static
../Src/usbh_conf.c:400:10:USBH_LL_GetLastXferSize	0	static
../Src/usbh_conf.c:416:20:USBH_LL_OpenPipe	24	static
../Src/usbh_conf.c:451:20:USBH_LL_ClosePipe	8	static
../Src/usbh_conf.c:505:20:USBH_LL_SubmitURB	24	static
../Src/usbh_conf.c:550:22:USBH_LL_GetURBState	0	static
../Src/usbh_conf.c:564:20:USBH_LL_DriverVBUS	8	static
../Src/usbh_conf.c:585:20:USBH_LL_SetToggle	0	static
../Src/usbh_conf.c:608:9:USBH_LL_GetToggle	0	static
../Src/usbh_conf.c:630:6:USBH_Delay	0	static
