../Src/main.c:83:5:main	48	static
../Src/main.c:160:6:SystemClock_Config	88	static
../Src/main.c:204:13:MX_RNG_Init	8	static
../Src/main.c:230:13:MX_USART3_UART_Init	8	static
../Src/main.c:263:13:MX_GPIO_Init	56	static
../Src/main.c:316:6:displayOwnIp	16	static
../Src/main.c:331:13:http_server_serve	56	static
../Src/main.c:379:13:http_server_netconn_thread	32	static
../Src/main.c:426:6:StartDefaultTask	664	dynamic
../Src/main.c:520:6:HAL_TIM_PeriodElapsedCallback	16	static
../Src/main.c:537:6:Error_Handler	4	static,ignoring_inline_asm
