../Middlewares/Third_Party/LwIP/system/OS/sys_arch.c:47:7:sys_mbox_new	32	static
../Middlewares/Third_Party/LwIP/system/OS/sys_arch.c:74:6:sys_mbox_free	16	static
../Middlewares/Third_Party/LwIP/system/OS/sys_arch.c:101:6:sys_mbox_post	16	static
../Middlewares/Third_Party/LwIP/system/OS/sys_arch.c:113:7:sys_mbox_trypost	24	static
../Middlewares/Third_Party/LwIP/system/OS/sys_arch.c:140:7:sys_mbox_trypost_fromisr	16	static
../Middlewares/Third_Party/LwIP/system/OS/sys_arch.c:161:7:sys_arch_mbox_fetch	56	static
../Middlewares/Third_Party/LwIP/system/OS/sys_arch.c:210:7:sys_arch_mbox_tryfetch	32	static
../Middlewares/Third_Party/LwIP/system/OS/sys_arch.c:232:5:sys_mbox_valid	16	static
../Middlewares/Third_Party/LwIP/system/OS/sys_arch.c:240:6:sys_mbox_set_invalid	16	static
../Middlewares/Third_Party/LwIP/system/OS/sys_arch.c:248:7:sys_sem_new	24	static
../Middlewares/Third_Party/LwIP/system/OS/sys_arch.c:300:7:sys_arch_sem_wait	24	static
../Middlewares/Third_Party/LwIP/system/OS/sys_arch.c:338:6:sys_sem_signal	16	static
../Middlewares/Third_Party/LwIP/system/OS/sys_arch.c:345:6:sys_sem_free	16	static
../Middlewares/Third_Party/LwIP/system/OS/sys_arch.c:354:5:sys_sem_valid	16	static
../Middlewares/Third_Party/LwIP/system/OS/sys_arch.c:363:6:sys_sem_set_invalid	16	static
../Middlewares/Third_Party/LwIP/system/OS/sys_arch.c:376:6:sys_init	8	static
../Middlewares/Third_Party/LwIP/system/OS/sys_arch.c:390:7:sys_mutex_new	24	static
../Middlewares/Third_Party/LwIP/system/OS/sys_arch.c:417:6:sys_mutex_free	16	static
../Middlewares/Third_Party/LwIP/system/OS/sys_arch.c:427:6:sys_mutex_lock	16	static
../Middlewares/Third_Party/LwIP/system/OS/sys_arch.c:438:6:sys_mutex_unlock	16	static
../Middlewares/Third_Party/LwIP/system/OS/sys_arch.c:452:14:sys_thread_new	56	static
../Middlewares/Third_Party/LwIP/system/OS/sys_arch.c:483:12:sys_arch_protect	8	static
../Middlewares/Third_Party/LwIP/system/OS/sys_arch.c:503:6:sys_arch_unprotect	16	static
