../Core/Src/lcd/lcd.c:55:6:lcdInit	8	static
../Core/Src/lcd/lcd.c:70:6:lcdClear	16	static
../Core/Src/lcd/lcd.c:82:6:lcdUpdate	8	static
../Core/Src/lcd/lcd.c:87:6:lcdInvertPixel	24	static
../Core/Src/lcd/lcd.c:100:6:lcdPixel	24	static
../Core/Src/lcd/lcd.c:109:6:lcdRectangle	32	static
../Core/Src/lcd/lcd.c:128:6:lcdHorizontalByte	32	static
../Core/Src/lcd/lcd.c:166:6:lcdVerticalByte	32	static
../Core/Src/lcd/lcd.c:204:6:lcdVerticalLine	32	static
../Core/Src/lcd/lcd.c:214:6:lcdHorizontalLine	32	static
../Core/Src/lcd/lcd.c:228:6:lcdInvertArea	32	static
../Core/Src/lcd/lcd.c:239:6:lcdClearArea	32	static
../Core/Src/lcd/lcd.c:250:6:lcdSetTransparent	16	static
../Core/Src/lcd/lcd.c:255:9:lcdGetTransparent	4	static
../Core/Src/lcd/lcd.c:261:6:lcdSetColor	16	static
../Core/Src/lcd/lcd.c:267:10:lcdGetColor	4	static
../Core/Src/lcd/lcd.c:273:6:lcdSetFont	16	static
../Core/Src/lcd/lcd.c:279:10:lcdGetFont	4	static
../Core/Src/lcd/lcd.c:284:10:lcdGetFontSize	16	static
../Core/Src/lcd/lcd.c:303:6:lcdWidthTest	16	static
../Core/Src/lcd/lcd.c:308:9:lcdWidthTestStatus	4	static
../Core/Src/lcd/lcd.c:314:5:lcdSetTextCursor	16	static
../Core/Src/lcd/lcd.c:321:5:lcdGetTextCursor	16	static
../Core/Src/lcd/lcd.c:328:6:lcdMoveTextCursorX	16	static
../Core/Src/lcd/lcd.c:333:6:lcdMoveTextCursorY	16	static
../Core/Src/lcd/lcd.c:338:5:lcdGetCursorX	4	static
../Core/Src/lcd/lcd.c:343:5:lcdGetCursorY	4	static
../Core/Src/lcd/lcd.c:348:6:lcdSetCursorX	16	static
../Core/Src/lcd/lcd.c:353:6:lcdSetCursorY	16	static
../Core/Src/lcd/lcd.c:358:5:lcdSetTextLeftAlignX	16	static
../Core/Src/lcd/lcd.c:364:13:lcd_chr_raw	24	static
../Core/Src/lcd/lcd.c:380:13:lcd_string_raw	16	static
../Core/Src/lcd/lcd.c:388:13:lcdxitoa	56	static
../Core/Src/lcd/lcd.c:424:6:lcd	32	static
../Core/Src/lcd/lcd.c:477:6:lcdSetBackgroundColor	16	static
../Core/Src/lcd/lcd.c:483:9:lcdGetBackgroundColor	4	static
../Core/Src/lcd/lcd.c:488:9:lcdCentered	32	static
